******************************************************************************
               TMS320C6x Linker Unix v7.3.3                    
******************************************************************************
>> Linked Sun Nov 23 23:59:40 2014

OUTPUT FILE NAME:   <bin/debug/dsp.xe674>
ENTRY POINT SYMBOL: "ti_sysbios_family_c64p_Hwi0"  address: c302d800


MEMORY CONFIGURATION

         name            origin    length      used     unused   attr    fill
----------------------  --------  ---------  --------  --------  ----  --------
  IROM                  11700000   00100000  00000000  00100000  R  X
  IRAM                  11800000   00038000  00000000  00038000  RW X
  L3_CBA_RAM            80000000   00020000  00000000  00020000  RW X
  SR_0                  c2000000   00010000  00010000  00000000  RW X
  DSP_PROG              c3000000   00800000  0002db1a  007d24e6  RW X


SEGMENT ALLOCATION MAP

run origin  load origin   length   init length attrs members
----------  ----------- ---------- ----------- ----- -------
c3000000    c3000000    0001ebe0   0001ebe0    r-x
  c3000000    c3000000    0001ebe0   0001ebe0    r-x .text
c301ebe0    c301ebe0    00008b58   00000000    rw-
  c301ebe0    c301ebe0    00008b58   00000000    rw- .far
c3027738    c3027738    00003e3e   00003e3e    r--
  c3027738    c3027738    00003e3e   00003e3e    r-- .const
c302b578    c302b578    000011bc   000011bc    rw-
  c302b578    c302b578    000011bc   000011bc    rw- .fardata
c302c738    c302c738    00001000   00000000    rw-
  c302c738    c302c738    00001000   00000000    rw- .stack
c302d738    c302d738    00000078   00000064    rw-
  c302d738    c302d738    00000064   00000064    rw- .args
  c302d79c    c302d79c    00000014   00000000    rw- .bss
c302d7b0    c302d7b0    0000000c   0000000c    rw-
  c302d7b0    c302d7b0    0000000c   0000000c    rw- .neardata
c302d7bc    c302d7bc    00000010   00000010    r--
  c302d7bc    c302d7bc    00000010   00000010    r-- .switch
c302d800    c302d800    00000200   00000200    r-x
  c302d800    c302d800    00000200   00000200    r-x .vecs
c302da00    c302da00    00000120   00000000    rw-
  c302da00    c302da00    00000120   00000000    rw- .cio
c302dc00    c302dc00    00000034   00000034    r--
  c302dc00    c302dc00    00000034   00000034    r-- ti_sdo_ipc_init


SECTION ALLOCATION MAP

 output                                  attributes/
section   page    origin      length       input sections
--------  ----  ----------  ----------   ----------------
.cinit     0    c3000000    00000000     UNINITIALIZED

.init_array 
*          0    c3000000    00000000     UNINITIALIZED

ti.sdo.ipc.SharedRegion_0 
*          0    c2000000    00010000     NOLOAD SECTION
                  c2000000    00010000     --HOLE--

xdc.meta   0    c3000000    000000e0     COPY SECTION
                  c3000000    000000e0     Dsp_pe674.oe674 (xdc.meta)

.text      0    c3000000    0001ebe0     
                  c3000000    00000b80     ipc.lib : Ipc.obj (.text:ti_sdo_ipc_GateMP_Instance_init__F)
                  c3000b80    000009a0     ti.targets.rts6000.ae674 : System.oe674 (.text:xdc_runtime_System_doPrint__I)
                  c3001520    000007a0     syslink.oe674 (.text)
                  c3001cc0    00000780     sysbios.lib : BIOS.obj (.text:ti_sysbios_family_c64p_Exception_handler__I)
                  c3002440    00000760     ipc.lib : Ipc.obj (.text:Ipc_detach)
                  c3002ba0    00000740             : Ipc.obj (.text:Ipc_attach)
                  c30032e0    00000700             : Ipc.obj (.text:ti_sdo_ipc_transports_TransportShm_Instance_init__F)
                  c30039e0    000005c0     rts6740_elf.lib : _printfi.obj (.text:_getarg_diouxp)
                  c3003fa0    000005a0                     : divd.obj (.text:__c6xabi_divd)
                  c3004540    000004e0     main.oe674 (.text)
                  c3004a20    00000480     rts6740_elf.lib : _printfi.obj (.text:_setfield)
                  c3004ea0    00000460                     : _printfi.obj (.text:_printfi)
                  c3005300    00000460     ipc.lib : Ipc.obj (.text:ti_sdo_ipc_GateMP_setRegion0Reserved__F)
                  c3005760    00000460             : Ipc.obj (.text:ti_sdo_ipc_heaps_HeapMemMP_Instance_init__F)
                  c3005bc0    00000460             : Ipc.obj (.text:ti_sdo_ipc_nsremote_NameServerRemoteNotify_get__F)
                  c3006020    00000440             : Ipc.obj (.text:ti_sdo_ipc_ListMP_Instance_init__F)
                  c3006460    000003e0             : Ipc.obj (.text:ti_sdo_ipc_GateMP_Instance_finalize__F)
                  c3006840    000003c0     spi.oe674 (.text)
                  c3006c00    000003c0     ipc.lib : Ipc.obj (.text:ti_sdo_ipc_heaps_HeapMemMP_alloc__E)
                  c3006fc0    000003a0             : Ipc.obj (.text:NameServer_add)
                  c3007360    000003a0             : Ipc.obj (.text:ti_sdo_ipc_MessageQ_Instance_init__F)
                  c3007700    00000380             : Ipc.obj (.text:ti_sdo_ipc_heaps_HeapMemMP_free__E)
                  c3007a80    00000320     sysbios.lib : BIOS.obj (.text:ti_sysbios_timers_timer64_Timer_Module_startup__F)
                  c3007da0    000002e0     rts6740_elf.lib : _printfi.obj (.text:_pproc_fwp)
                  c3008080    000002e0     ipc.lib : Ipc.obj (.text:ti_sdo_ipc_nsremote_NameServerRemoteNotify_Instance_init__F)
                  c3008360    000002c0             : Ipc.obj (.text:NameServer_get)
                  c3008620    000002c0     rts6740_elf.lib : _printfi.obj (.text:_pproc_fge)
                  c30088e0    000002a0                     : _printfi.obj (.text:ecvt)
                  c3008b80    000002a0                     : _printfi.obj (.text:fcvt)
                  c3008e20    000002a0     ipc.lib : Ipc.obj (.text:ti_sdo_ipc_Ipc_procSyncStart__I)
                  c30090c0    000002a0             : Ipc.obj (.text:ti_sdo_ipc_transports_TransportShm_Instance_finalize__F)
                  c3009360    00000280             : Ipc.obj (.text:Ipc_start)
                  c30095e0    00000280             : Ipc.obj (.text:ListMP_putTail)
                  c3009860    00000280             : Ipc.obj (.text:ListMP_remove)
                  c3009ae0    00000280     sysbios.lib : BIOS.obj (.text:deviceConfig$44)
                  c3009d60    00000280     ipc.lib : Ipc.obj (.text:ti_sdo_ipc_gates_GatePeterson_Instance_init__F)
                  c3009fe0    00000280     ti.targets.rts6000.ae674 : Core-mem.oe674 (.text:xdc_runtime_Core_createObject__I)
                  c300a260    00000280                              : Error.oe674 (.text:xdc_runtime_Error_raiseX__F)
                  c300a4e0    00000280     Dsp_pe674.oe674 (.text:xdc_runtime_System_printfExtend__I)
                  c300a760    00000260     rts6740_elf.lib : imath64.obj (.text:__c6xabi_divull)
                  c300a9c0    00000260                     : _printfi.obj (.text:_pconv_e)
                  c300ac20    00000260     sysbios.lib : BIOS.obj (.text:ti_sysbios_timers_timer64_Timer_setPeriodMicroSecs__E)
                  c300ae80    00000260     ti.targets.rts6000.ae674 : Startup.oe674 (.text:xdc_runtime_Startup_startMods__I)
                  c300b0e0    00000240     ipc.lib : Ipc.obj (.text:GateMP_openByAddr)
                  c300b320    00000240     rts6740_elf.lib : _printfi.obj (.text:_pproc_diouxp)
                  c300b560    00000240     ipc.lib : Ipc.obj (.text:ti_sdo_ipc_family_da830_NotifySetup_attach__E)
                  c300b7a0    00000240             : Ipc.obj (.text:ti_sdo_ipc_heaps_HeapMemMP_getStats__E)
                  c300b9e0    00000240     sysbios.lib : BIOS.obj (.text:ti_sysbios_family_c64p_Exception_internalHandler__I)
                  c300bc20    00000240                 : BIOS.obj (.text:ti_sysbios_knl_Semaphore_pend__E)
                  c300be60    00000240     ti.targets.rts6000.ae674 : LoggerBuf.oe674 (.text:xdc_runtime_LoggerBuf_write8__F)
                  c300c0a0    00000220     rts6740_elf.lib : _printfi.obj (.text:_pproc_str)
                  c300c2c0    00000220     ipc.lib : Ipc.obj (.text:ti_sdo_ipc_nsremote_NameServerRemoteNotify_swiFxn__I)
                  c300c4e0    00000220     sysbios.lib : BIOS.obj (.text:ti_sysbios_knl_Task_exit__E)
                  c300c700    00000200     ipc.lib : Ipc.obj (.text:ListMP_getHead)
                  c300c900    00000200     rts6740_elf.lib : _printfi.obj (.text:_pconv_g)
                  c300cb00    00000200     sysbios.lib : c64p_Hwi_disp_always.obj (.text:_ti_sysbios_family_c64p_Hwi_dispatchAlways)
                  c300cd00    00000200     ipc.lib : Ipc.obj (.text:ti_sdo_ipc_Ipc_procSyncFinish__I)
                  c300cf00    00000200             : Ipc.obj (.text:ti_sdo_ipc_notifyDrivers_NotifyDriverShm_Instance_init__F)
                  c300d100    00000200             : Ipc.obj (.text:ti_sdo_ipc_notifyDrivers_NotifyDriverShm_sendEvent__E)
                  c300d300    00000200     sysbios.lib : BIOS.obj (.text:ti_sysbios_gates_GateMutexPri_enter__E)
                  c300d500    00000200                 : BIOS.obj (.text:ti_sysbios_knl_Task_Instance_finalize__F)
                  c300d700    000001e0     ipc.lib : Ipc.obj (.text:GateMP_sharedMemReq)
                  c300d8e0    000001e0             : Ipc.obj (.text:ListMP_openByAddr)
                  c300dac0    000001e0     sysbios.lib : BIOS.obj (.text:ti_sysbios_knl_Task_postInit__I)
                  c300dca0    000001c0     rts6740_elf.lib : _printfi.obj (.text:_mcpy)
                  c300de60    000001c0     sysbios.lib : BIOS.obj (.text:block$55)
                  c300e020    000001c0     ipc.lib : Ipc.obj (.text:ti_sdo_ipc_GateMP_getFreeResource__I)
                  c300e1e0    000001c0             : Ipc.obj (.text:ti_sdo_ipc_heaps_HeapMemMP_postInit__I)
                  c300e3a0    000001c0     sysbios.lib : BIOS.obj (.text:ti_sysbios_family_c64p_Hwi_reconfig__E)
                  c300e560    000001c0                 : BIOS.obj (.text:ti_sysbios_knl_Task_checkStacks__E)
                  c300e720    000001a0     ipc.lib : Ipc.obj (.text:Ipc_writeConfig)
                  c300e8c0    000001a0     rts6740_elf.lib : imath40.obj (.text:__c6xabi_divul)
                  c300ea60    000001a0     ipc.lib : Ipc.obj (.text:ti_sdo_ipc_notifyDrivers_NotifyDriverShm_registerEvent__E)
                  c300ec00    000001a0             : Ipc.obj (.text:ti_sdo_ipc_notifyDrivers_NotifyDriverShm_unregisterEvent__E)
                  c300eda0    000001a0     sysbios.lib : BIOS.obj (.text:ti_sysbios_knl_Task_Instance_init__F)
                  c300ef40    000001a0                 : BIOS.obj (.text:ti_sysbios_timers_timer64_Timer_start__E)
                  c300f0e0    000001a0     ti.targets.rts6000.ae674 : LoggerBuf.oe674 (.text:xdc_runtime_LoggerBuf_write4__F)
                  c300f280    00000180     ipc.lib : Ipc.obj (.text:NameServer_getHandle)
                  c300f400    00000180     sysbios.lib : c64p_Exception_asm.obj (.text)
                  c300f580    00000180     ipc.lib : Ipc.obj (.text:ti_sdo_ipc_gates_GatePeterson_enter__E)
                  c300f700    00000180             : Ipc.obj (.text:ti_sdo_ipc_notifyDrivers_NotifyDriverShm_isr__I)
                  c300f880    00000180     sysbios.lib : BIOS.obj (.text:ti_sysbios_heaps_HeapMem_alloc__E)
                  c300fa00    00000180                 : BIOS.obj (.text:ti_sysbios_knl_Swi_schedule__I)
                  c300fb80    00000180                 : BIOS.obj (.text:ti_sysbios_knl_Task_schedule__I)
                  c300fd00    00000180                 : BIOS.obj (.text:ti_sysbios_knl_Task_setPri__E)
                  c300fe80    00000180     ti.targets.rts6000.ae674 : Text.oe674 (.text:xdc_runtime_Text_putSite__F)
                  c3010000    00000160     ipc.lib : Ipc.obj (.text:ti_sdo_ipc_GateMP_openRegion0Reserved__F)
                  c3010160    00000160             : Ipc.obj (.text:ti_sdo_ipc_ListMP_Instance_finalize__F)
                  c30102c0    00000160             : Ipc.obj (.text:ti_sdo_ipc_Notify_Instance_init__F)
                  c3010420    00000160             : Ipc.obj (.text:ti_sdo_ipc_heaps_HeapMemMP_Instance_finalize__F)
                  c3010580    00000160             : Ipc.obj (.text:ti_sdo_utils_NameServer_removeLocal__I)
                  c30106e0    00000160     sysbios.lib : BIOS.obj (.text:ti_sysbios_family_c64p_Hwi_dispatchC__I)
                  c3010840    00000160                 : BIOS.obj (.text:ti_sysbios_heaps_HeapMem_free__E)
                  c30109a0    00000160                 : BIOS.obj (.text:ti_sysbios_knl_Task_startup__E)
                  c3010b00    00000140     ipc.lib : Ipc.obj (.text:HeapMemMP_openByAddr)
                  c3010c40    00000140             : Ipc.obj (.text:MessageQ_put)
                  c3010d80    00000140     boot.ae674 : autoinit.oe674 (.text:_auto_init_elf)
                  c3010ec0    00000140     rts6740_elf.lib : _printfi.obj (.text:_pproc_fflags)
                  c3011000    00000140     psc.oe674 (.text)
                  c3011140    00000140     ipc.lib : Ipc.obj (.text:ti_sdo_ipc_SharedRegion_start__F)
                  c3011280    00000140             : Ipc.obj (.text:ti_sdo_ipc_notifyDrivers_NotifyDriverShm_disableEvent__E)
                  c30113c0    00000140             : Ipc.obj (.text:ti_sdo_ipc_transports_TransportShm_openByAddr__F)
                  c3011500    00000140             : Ipc.obj (.text:ti_sdo_ipc_transports_TransportShm_put__E)
                  c3011640    00000140     sysbios.lib : BIOS.obj (.text:ti_sysbios_family_c64p_Hwi_Module_startup__F)
                  c3011780    00000140                 : BIOS.obj (.text:ti_sysbios_knl_Task_Module_startup__F)
                  c30118c0    00000140                 : BIOS.obj (.text:ti_sysbios_knl_Task_sleep__E)
                  c3011a00    00000120     ipc.lib : Ipc.obj (.text:HeapMemMP_sharedMemReq)
                  c3011b20    00000120     rts6740_elf.lib : imath64.obj (.text:__c6xabi_divlli)
                  c3011c40    00000120     ipc.lib : Ipc.obj (.text:ti_sdo_ipc_MessageQ_Module_startup__F)
                  c3011d60    00000120     Dsp_pe674.oe674 (.text:ti_sdo_ipc_MessageQ_Object__create__S)
                  c3011e80    00000120     Dsp_pe674.oe674 (.text:ti_sdo_ipc_Notify_Object__create__S)
                  c3011fa0    00000120     Dsp_pe674.oe674 (.text:ti_sdo_ipc_gates_GatePeterson_Object__create__S)
                  c30120c0    00000120     Dsp_pe674.oe674 (.text:ti_sdo_ipc_nsremote_NameServerRemoteNotify_Object__create__S)
                  c30121e0    00000120     Dsp_pe674.oe674 (.text:ti_sdo_ipc_transports_TransportShm_Object__create__S)
                  c3012300    00000120     ipc.lib : Ipc.obj (.text:ti_sdo_ipc_transports_TransportShm_sharedMemReq__F)
                  c3012420    00000120     sysbios.lib : BIOS.obj (.text:ti_sysbios_family_c64p_Cache_Module_startup__F)
                  c3012540    00000120     Dsp_pe674.oe674 (.text:ti_sysbios_family_c64p_Hwi_Object__create__S)
                  c3012660    00000120     Dsp_pe674.oe674 (.text:ti_sysbios_hal_Hwi_Object__create__S)
                  c3012780    00000120     sysbios.lib : BIOS.obj (.text:ti_sysbios_knl_Clock_workFunc__E)
                  c30128a0    00000120     Dsp_pe674.oe674 (.text:ti_sysbios_knl_Swi_Object__create__S)
                  c30129c0    00000120     Dsp_pe674.oe674 (.text:ti_sysbios_knl_Task_Object__create__S)
                  c3012ae0    00000120     ti.targets.rts6000.ae674 : LoggerBuf.oe674 (.text:xdc_runtime_LoggerBuf_setFilterLevel__F)
                  c3012c00    00000120                              : Text.oe674 (.text:xdc_runtime_Text_putLab__F)
                  c3012d20    00000100     ipc.lib : Ipc.obj (.text:ListMP_sharedMemReq)
                  c3012e20    00000100             : Ipc.obj (.text:Notify_registerEventSingle)
                  c3012f20    00000100             : Ipc.obj (.text:Notify_sendEvent)
                  c3013020    00000100             : Ipc.obj (.text:Notify_unregisterEventSingle)
                  c3013120    00000100     rts6740_elf.lib : _printfi.obj (.text:_ltostr)
                  c3013220    00000100     sysbios.lib : BIOS.obj (.text:initDevice$44)
                  c3013320    00000100     Dsp_pe674.oe674 (.text:ti_sdo_ipc_GateMP_Object__create__S)
                  c3013420    00000100     ipc.lib : Ipc.obj (.text:ti_sdo_ipc_GateMP_start__F)
                  c3013520    00000100     Dsp_pe674.oe674 (.text:ti_sdo_ipc_ListMP_Object__create__S)
                  c3013620    00000100     ipc.lib : Ipc.obj (.text:ti_sdo_ipc_MessageQ_Instance_finalize__F)
                  c3013720    00000100             : Ipc.obj (.text:ti_sdo_ipc_Notify_Instance_finalize__F)
                  c3013820    00000100             : Ipc.obj (.text:ti_sdo_ipc_SharedRegion_attach__F)
                  c3013920    00000100             : Ipc.obj (.text:ti_sdo_ipc_SharedRegion_clearReservedMemory__F)
                  c3013a20    00000100     Dsp_pe674.oe674 (.text:ti_sdo_ipc_heaps_HeapMemMP_Object__create__S)
                  c3013b20    00000100     Dsp_pe674.oe674 (.text:ti_sdo_ipc_notifyDrivers_NotifyDriverShm_Object__create__S)
                  c3013c20    00000100     ipc.lib : Ipc.obj (.text:ti_sdo_ipc_nsremote_NameServerRemoteNotify_Instance_finalize__F)
                  c3013d20    00000100             : Ipc.obj (.text:ti_sdo_ipc_transports_TransportShmSetup_attach__E)
                  c3013e20    00000100             : Ipc.obj (.text:ti_sdo_utils_NameServer_findLocal__I)
                  c3013f20    00000100     sysbios.lib : BIOS.obj (.text:ti_sysbios_gates_GateMutexPri_leave__E)
                  c3014020    00000100                 : BIOS.obj (.text:ti_sysbios_knl_Swi_restoreHwi__E)
                  c3014120    00000100     Dsp_pe674.oe674 (.text:ti_sysbios_syncs_SyncSem_Object__create__S)
                  c3014220    00000100     ti.targets.rts6000.ae674 : Core-mem.oe674 (.text:xdc_runtime_Core_deleteObject__I)
                  c3014320    00000100     Dsp_pe674.oe674 (.text:xdc_runtime_LoggerBuf_Object__create__S)
                  c3014420    00000100     ti.targets.rts6000.ae674 : LoggerBuf.oe674 (.text:xdc_runtime_LoggerBuf_getFilterLevel__F)
                  c3014520    00000100                              : Startup.oe674 (.text:xdc_runtime_Startup_exec__F)
                  c3014620    00000100                              : Text.oe674 (.text:xdc_runtime_Text_putMod__F)
                  c3014720    00000100                              : Text.oe674 (.text:xdc_runtime_Text_visitRope2__I)
                  c3014820    00000100     Dsp_pe674.oe674 (.text:xdc_runtime_knl_GateThread_Object__create__S)
                  c3014920    000000e0     ipc.lib : Ipc.obj (.text:MessageQ_get)
                  c3014a00    000000e0             : Ipc.obj (.text:NameServer_getLocal)
                  c3014ae0    000000e0     rts6740_elf.lib : atoi.obj (.text:atoi)
                  c3014bc0    000000e0                     : exit.obj (.text:exit)
                  c3014ca0    000000e0                     : ltoa.obj (.text:ltoa)
                  c3014d80    000000e0                     : memset.obj (.text:memset)
                  c3014e60    000000e0     ipc.lib : Ipc.obj (.text:ti_sdo_ipc_Ipc_getMasterAddr__I)
                  c3014f40    000000e0             : Ipc.obj (.text:ti_sdo_ipc_Ipc_getSlaveAddr__I)
                  c3015020    000000e0             : Ipc.obj (.text:ti_sdo_ipc_MessageQ_grow__I)
                  c3015100    000000e0             : Ipc.obj (.text:ti_sdo_ipc_Notify_detach__F)
                  c30151e0    000000e0             : Ipc.obj (.text:ti_sdo_ipc_SharedRegion_reserveMemory__F)
                  c30152c0    000000e0             : Ipc.obj (.text:ti_sdo_ipc_gates_GatePeterson_sharedMemReq__E)
                  c30153a0    000000e0             : Ipc.obj (.text:ti_sdo_utils_NameServer_Module_startup__F)
                  c3015480    000000e0     sysbios.lib : BIOS.obj (.text:ti_sysbios_knl_Clock_startI__E)
                  c3015560    000000e0                 : BIOS.obj (.text:ti_sysbios_knl_Task_unblockI__E)
                  c3015640    000000e0                 : BIOS.obj (.text:ti_sysbios_timers_timer64_Timer_startup__E)
                  c3015720    000000e0     ti.targets.rts6000.ae674 : Error.oe674 (.text:xdc_runtime_Error_print__F)
                  c3015800    000000e0                              : Memory.oe674 (.text:xdc_runtime_Memory_alloc__F)
                  c30158e0    000000e0     Dsp_pe674.oe674 (.text:xdc_runtime_Registry_findById__E)
                  c30159c0    000000c0     rts6740_elf.lib : trgdrv.obj (.text:HOSTwrite)
                  c3015a80    000000c0     ipc.lib : Ipc.obj (.text:HeapMemMP_create)
                  c3015b40    000000c0             : Ipc.obj (.text:ListMP_create)
                  c3015c00    000000c0             : Ipc.obj (.text:SharedRegion_getId)
                  c3015cc0    000000c0     rts6740_elf.lib : dtor_list.obj (.text:__cxa_finalize)
                  c3015d80    000000c0                     : divu.obj (.text:__divu)
                  c3015e40    000000c0                     : _printfi.obj (.text:_div)
                  c3015f00    000000c0     ipc.lib : Ipc.obj (.text:ti_sdo_ipc_GateMP_attach__F)
                  c3015fc0    000000c0             : Ipc.obj (.text:ti_sdo_ipc_ListMP_elemClear__I)
                  c3016080    000000c0             : Ipc.obj (.text:ti_sdo_ipc_family_da830_InterruptDsp_intRegister__E)
                  c3016140    000000c0             : Ipc.obj (.text:ti_sdo_ipc_gates_GatePeterson_postInit__I)
                  c3016200    000000c0             : Ipc.obj (.text:ti_sdo_ipc_nsremote_NameServerRemoteNotify_attach__E)
                  c30162c0    000000c0             : Ipc.obj (.text:ti_sdo_utils_NameServer_postInit__I)
                  c3016380    000000c0     sysbios.lib : BIOS.obj (.text:ti_sysbios_BIOS_errorRaiseHook__I)
                  c3016440    000000c0                 : BIOS.obj (.text:ti_sysbios_family_c64p_Hwi_Instance_init__F)
                  c3016500    000000c0                 : BIOS.obj (.text:ti_sysbios_heaps_HeapMem_getStats__E)
                  c30165c0    000000c0                 : BIOS.obj (.text:ti_sysbios_knl_Idle_loop__E)
                  c3016680    000000c0                 : BIOS.obj (.text:ti_sysbios_knl_Semaphore_post__E)
                  c3016740    000000c0                 : BIOS.obj (.text:ti_sysbios_knl_Swi_run__I)
                  c3016800    000000c0                 : BIOS.obj (.text:ti_sysbios_timers_timer64_Timer_stop__E)
                  c30168c0    000000c0     ti.targets.rts6000.ae674 : LoggerBuf.oe674 (.text:xdc_runtime_LoggerBuf_Instance_init__F)
                  c3016980    000000c0                              : System.oe674 (.text:xdc_runtime_System_formatNum__I)
                  c3016a40    000000a0     ipc.lib : Ipc.obj (.text:HeapMemMP_open)
                  c3016ae0    000000a0             : Ipc.obj (.text:MessageQ_create)
                  c3016b80    000000a0             : Ipc.obj (.text:SharedRegion_getPtr)
                  c3016c20    000000a0             : Ipc.obj (.text:SharedRegion_getSRPtr)
                  c3016cc0    000000a0     rts6740_elf.lib : remu.obj (.text:__remu)
                  c3016d60    000000a0     boot.ae674 : boot.oe674 (.text:_c_int00)
                  c3016e00    000000a0     rts6740_elf.lib : _printfi.obj (.text:_ecpy)
                  c3016ea0    000000a0                     : _printfi.obj (.text:_fcpy)
                  c3016f40    000000a0                     : _printfi.obj (.text:_pconv_f)
                  c3016fe0    000000a0     sysbios.lib : c64p_Hwi_asm.obj (.text:_ti_sysbios_family_c64p_Hwi_plug__E)
                  c3017080    000000a0     Dsp_pe674.oe674 (.text:malloc)
                  c3017120    000000a0     rts6740_elf.lib : memcpy64.obj (.text:memcpy)
                  c30171c0    000000a0     ipc.lib : Ipc.obj (.text:ti_sdo_ipc_GateMP_getRegion0ReservedSize__F)
                  c3017260    000000a0     Dsp_pe674.oe674 (.text:ti_sdo_ipc_gates_GateMPSupportNull_Object__create__S)
                  c3017300    000000a0     ipc.lib : Ipc.obj (.text:ti_sdo_ipc_gates_GatePeterson_leave__E)
                  c30173a0    000000a0             : Ipc.obj (.text:ti_sdo_ipc_notifyDrivers_NotifyDriverShm_Instance_finalize__F)
                  c3017440    000000a0             : Ipc.obj (.text:ti_sdo_ipc_transports_TransportShmSetup_detach__E)
                  c30174e0    000000a0     sysbios.lib : BIOS.obj (.text:ti_sysbios_heaps_HeapMem_init__I)
                  c3017580    000000a0                 : BIOS.obj (.text:ti_sysbios_knl_Clock_Instance_init__F)
                  c3017620    000000a0     Dsp_pe674.oe674 (.text:ti_sysbios_knl_Clock_Object__create__S)
                  c30176c0    000000a0     Dsp_pe674.oe674 (.text:ti_sysbios_knl_Clock_doTick__I)
                  c3017760    000000a0     Dsp_pe674.oe674 (.text:ti_sysbios_knl_Semaphore_Object__create__S)
                  c3017800    000000a0     sysbios.lib : BIOS.obj (.text:ti_sysbios_knl_Swi_Instance_init__F)
                  c30178a0    000000a0                 : BIOS.obj (.text:ti_sysbios_knl_Swi_post__E)
                  c3017940    000000a0                 : BIOS.obj (.text:ti_sysbios_syncs_SyncSem_Instance_init__F)
                  c30179e0    000000a0                 : BIOS.obj (.text:ti_sysbios_syncs_SyncSem_wait__F)
                  c3017a80    000000a0     ti.targets.rts6000.ae674 : Assert.oe674 (.text:xdc_runtime_Assert_raise__I)
                  c3017b20    000000a0                              : LoggerBuf.oe674 (.text:xdc_runtime_LoggerBuf_Module_startup__F)
                  c3017bc0    000000a0                              : SysMin.oe674 (.text:xdc_runtime_SysMin_abort__F)
                  c3017c60    000000a0                              : SysMin.oe674 (.text:xdc_runtime_SysMin_flush__F)
                  c3017d00    000000a0                              : SysMin.oe674 (.text:xdc_runtime_SysMin_putch__F)
                  c3017da0    00000080     ipc.lib : Ipc.obj (.text:GateMP_close)
                  c3017e20    00000080             : Ipc.obj (.text:HeapMemMP_restore)
                  c3017ea0    00000080             : Ipc.obj (.text:Ipc_stop)
                  c3017f20    00000080             : Ipc.obj (.text:MessageQ_alloc)
                  c3017fa0    00000080     rts6740_elf.lib : dtor_list.obj (.text:_Z11__TI_atexitPFYvPvES_S_)
                  c3018020    00000080                     : llshift.obj (.text:__c6xabi_llshl)
                  c30180a0    00000080     sysbios.lib : c62_TaskSupport_asm.obj (.text:_ti_sysbios_family_c62_TaskSupport_swap__E)
                  c3018120    00000080     rts6740_elf.lib : trgmsg.obj (.text:readmsg)
                  c30181a0    00000080     ipc.lib : Ipc.obj (.text:ti_sdo_ipc_Notify_Module_startup__F)
                  c3018220    00000080             : Ipc.obj (.text:ti_sdo_ipc_family_da830_NotifySetup_sharedMemReq__E)
                  c30182a0    00000080             : Ipc.obj (.text:ti_sdo_ipc_notifyDrivers_NotifyDriverShm_sharedMemReq__F)
                  c3018320    00000080             : Ipc.obj (.text:ti_sdo_ipc_nsremote_NameServerRemoteNotify_detach__E)
                  c30183a0    00000080             : Ipc.obj (.text:ti_sdo_ipc_transports_TransportShm_swiFxn__I)
                  c3018420    00000080     Dsp_pe674.oe674 (.text:ti_sdo_utils_List_Object__create__S)
                  c30184a0    00000080     Dsp_pe674.oe674 (.text:ti_sysbios_BIOS_exitFunc__I)
                  c3018520    00000080     sysbios.lib : BIOS.obj (.text:ti_sysbios_family_c62_TaskSupport_start__E)
                  c30185a0    00000080                 : BIOS.obj (.text:ti_sysbios_family_c64p_Hwi_Instance_finalize__F)
                  c3018620    00000080                 : BIOS.obj (.text:ti_sysbios_family_c64p_Hwi_eventMap__E)
                  c30186a0    00000080     Dsp_pe674.oe674 (.text:ti_sysbios_gates_GateAll_Object__create__S)
                  c3018720    00000080     Dsp_pe674.oe674 (.text:ti_sysbios_gates_GateHwi_Object__create__S)
                  c30187a0    00000080     Dsp_pe674.oe674 (.text:ti_sysbios_gates_GateMutexPri_Object__create__S)
                  c3018820    00000080     Dsp_pe674.oe674 (.text:ti_sysbios_gates_GateMutex_Object__create__S)
                  c30188a0    00000080     sysbios.lib : BIOS.obj (.text:ti_sysbios_gates_GateMutex_enter__E)
                  c3018920    00000080     Dsp_pe674.oe674 (.text:ti_sysbios_gates_GateSwi_Object__create__S)
                  c30189a0    00000080     sysbios.lib : BIOS.obj (.text:ti_sysbios_heaps_HeapMem_Instance_init__F)
                  c3018a20    00000080     Dsp_pe674.oe674 (.text:ti_sysbios_heaps_HeapMem_Object__create__S)
                  c3018aa0    00000080     sysbios.lib : BIOS.obj (.text:ti_sysbios_knl_Clock_Module_startup__F)
                  c3018b20    00000080                 : BIOS.obj (.text:ti_sysbios_knl_Clock_getTicks__E)
                  c3018ba0    00000080     Dsp_pe674.oe674 (.text:ti_sysbios_knl_Queue_Object__create__S)
                  c3018c20    00000080     sysbios.lib : BIOS.obj (.text:ti_sysbios_knl_Swi_restore__E)
                  c3018ca0    00000080                 : BIOS.obj (.text:ti_sysbios_knl_Swi_startup__E)
                  c3018d20    00000080                 : BIOS.obj (.text:ti_sysbios_knl_Task_restore__E)
                  c3018da0    00000080                 : BIOS.obj (.text:ti_sysbios_knl_Task_yield__E)
                  c3018e20    00000080                 : BIOS.obj (.text:ti_sysbios_timers_timer64_Timer_getExpiredCounts__E)
                  c3018ea0    00000080                 : BIOS.obj (.text:ti_sysbios_timers_timer64_Timer_getPeriod__E)
                  c3018f20    00000080     Dsp_pe674.oe674 (.text:ti_sysbios_xdcruntime_GateThreadSupport_Object__create__S)
                  c3018fa0    00000080     ti.targets.rts6000.ae674 : Core-label.oe674 (.text:xdc_runtime_Core_assignLabel__I)
                  c3019020    00000080                              : Core-params.oe674 (.text:xdc_runtime_Core_assignParams__I)
                  c30190a0    00000080                              : LoggerBuf.oe674 (.text:xdc_runtime_LoggerBuf_filterOutEvent__I)
                  c3019120    00000080     Dsp_pe674.oe674 (.text:xdc_runtime_SysMin_output__I)
                  c30191a0    00000080     ti.targets.rts6000.ae674 : System.oe674 (.text:xdc_runtime_System_atexit__F)
                  c3019220    00000080                              : System.oe674 (.text:xdc_runtime_System_rtsExit__I)
                  c30192a0    00000080                              : Text.oe674 (.text:xdc_runtime_Text_printVisFxn__I)
                  c3019320    00000080                              : Text.oe674 (.text:xdc_runtime_Text_xprintf__I)
                  c30193a0    00000060     ipc.lib : Ipc.obj (.text:GateMP_Params_init)
                  c3019400    00000060             : Ipc.obj (.text:HeapMemMP_Params_init)
                  c3019460    00000060             : Ipc.obj (.text:MessageQ_free)
                  c30194c0    00000060             : Ipc.obj (.text:MessageQ_msgInit$4)
                  c3019520    00000060             : Ipc.obj (.text:MessageQ_open)
                  c3019580    00000060             : Ipc.obj (.text:Notify_numIntLines)
                  c30195e0    00000060             : Ipc.obj (.text:Notify_sharedMemReq)
                  c3019640    00000060     rts6740_elf.lib : imath64.obj (.text:_subcull)
                  c30196a0    00000060     sysbios.lib : BIOS.obj (.text:all$55)
                  c3019700    00000060                 : BIOS.obj (.text:marInit$55)
                  c3019760    00000060     rts6740_elf.lib : memccpy.obj (.text:memccpy)
                  c30197c0    00000060     sysbios.lib : BIOS.obj (.text:rtsUnlock$0)
                  c3019820    00000060     Dsp_pe674.oe674 (.text:ti_sdo_ipc_GateMP_Object__delete__S)
                  c3019880    00000060     ipc.lib : Ipc.obj (.text:ti_sdo_ipc_GateMP_createLocal__F)
                  c30198e0    00000060             : Ipc.obj (.text:ti_sdo_ipc_Ipc_getRegion0ReservedSize__I)
                  c3019940    00000060     Dsp_pe674.oe674 (.text:ti_sdo_ipc_ListMP_Object__delete__S)
                  c30199a0    00000060     Dsp_pe674.oe674 (.text:ti_sdo_ipc_MessageQ_Object__delete__S)
                  c3019a00    00000060     Dsp_pe674.oe674 (.text:ti_sdo_ipc_Notify_Object__delete__S)
                  c3019a60    00000060     Dsp_pe674.oe674 (.text:ti_sdo_ipc_gates_GateMPSupportNull_Handle__label__S)
                  c3019ac0    00000060     Dsp_pe674.oe674 (.text:ti_sdo_ipc_gates_GateMPSupportNull_Object__delete__S)
                  c3019b20    00000060     Dsp_pe674.oe674 (.text:ti_sdo_ipc_gates_GatePeterson_Handle__label__S)
                  c3019b80    00000060     ipc.lib : Ipc.obj (.text:ti_sdo_ipc_gates_GatePeterson_Instance_finalize__F)
                  c3019be0    00000060     Dsp_pe674.oe674 (.text:ti_sdo_ipc_gates_GatePeterson_Object__delete__S)
                  c3019c40    00000060     Dsp_pe674.oe674 (.text:ti_sdo_ipc_heaps_HeapMemMP_Handle__label__S)
                  c3019ca0    00000060     Dsp_pe674.oe674 (.text:ti_sdo_ipc_heaps_HeapMemMP_Object__delete__S)
                  c3019d00    00000060     Dsp_pe674.oe674 (.text:ti_sdo_ipc_notifyDrivers_NotifyDriverShm_Handle__label__S)
                  c3019d60    00000060     Dsp_pe674.oe674 (.text:ti_sdo_ipc_notifyDrivers_NotifyDriverShm_Object__delete__S)
                  c3019dc0    00000060     ipc.lib : Ipc.obj (.text:ti_sdo_ipc_notifyDrivers_NotifyDriverShm_enableEvent__E)
                  c3019e20    00000060             : Ipc.obj (.text:ti_sdo_ipc_notifyDrivers_NotifyDriverShm_setNotifyHandle__E)
                  c3019e80    00000060     Dsp_pe674.oe674 (.text:ti_sdo_ipc_nsremote_NameServerRemoteNotify_Handle__label__S)
                  c3019ee0    00000060     Dsp_pe674.oe674 (.text:ti_sdo_ipc_nsremote_NameServerRemoteNotify_Object__delete__S)
                  c3019f40    00000060     ipc.lib : Ipc.obj (.text:ti_sdo_ipc_transports_TransportShmSetup_sharedMemReq__E)
                  c3019fa0    00000060     Dsp_pe674.oe674 (.text:ti_sdo_ipc_transports_TransportShm_Handle__label__S)
                  c301a000    00000060     Dsp_pe674.oe674 (.text:ti_sdo_ipc_transports_TransportShm_Object__delete__S)
                  c301a060    00000060     sysbios.lib : BIOS.obj (.text:ti_sysbios_BIOS_registerRTSLock__I)
                  c301a0c0    00000060                 : BIOS.obj (.text:ti_sysbios_family_c64p_Cache_setMar__E)
                  c301a120    00000060                 : BIOS.obj (.text:ti_sysbios_family_c64p_Cache_wait__E)
                  c301a180    00000060                 : BIOS.obj (.text:ti_sysbios_family_c64p_Exception_Module_startup__F)
                  c301a1e0    00000060     Dsp_pe674.oe674 (.text:ti_sysbios_family_c64p_Hwi_Object__delete__S)
                  c301a240    00000060     sysbios.lib : BIOS.obj (.text:ti_sysbios_family_c64p_primus_TimerSupport_enable__E)
                  c301a2a0    00000060     Dsp_pe674.oe674 (.text:ti_sysbios_gates_GateAll_Handle__label__S)
                  c301a300    00000060     Dsp_pe674.oe674 (.text:ti_sysbios_gates_GateAll_Object__delete__S)
                  c301a360    00000060     sysbios.lib : BIOS.obj (.text:ti_sysbios_gates_GateAll_enter__E)
                  c301a3c0    00000060     Dsp_pe674.oe674 (.text:ti_sysbios_gates_GateHwi_Handle__label__S)
                  c301a420    00000060     Dsp_pe674.oe674 (.text:ti_sysbios_gates_GateHwi_Object__delete__S)
                  c301a480    00000060     Dsp_pe674.oe674 (.text:ti_sysbios_gates_GateMutexPri_Handle__label__S)
                  c301a4e0    00000060     Dsp_pe674.oe674 (.text:ti_sysbios_gates_GateMutexPri_Object__delete__S)
                  c301a540    00000060     Dsp_pe674.oe674 (.text:ti_sysbios_gates_GateMutex_Handle__label__S)
                  c301a5a0    00000060     sysbios.lib : BIOS.obj (.text:ti_sysbios_gates_GateMutex_Instance_init__F)
                  c301a600    00000060     Dsp_pe674.oe674 (.text:ti_sysbios_gates_GateMutex_Object__delete__S)
                  c301a660    00000060     Dsp_pe674.oe674 (.text:ti_sysbios_gates_GateSwi_Handle__label__S)
                  c301a6c0    00000060     Dsp_pe674.oe674 (.text:ti_sysbios_gates_GateSwi_Object__delete__S)
                  c301a720    00000060     sysbios.lib : BIOS.obj (.text:ti_sysbios_hal_Hwi_Instance_init__F)
                  c301a780    00000060                 : BIOS.obj (.text:ti_sysbios_hal_Hwi_checkStack:ti_sysbios_hal_Hwi_checkStack)
                  c301a7e0    00000060                 : BIOS.obj (.text:ti_sysbios_hal_Hwi_initStack:ti_sysbios_hal_Hwi_initStack)
                  c301a840    00000060     Dsp_pe674.oe674 (.text:ti_sysbios_heaps_HeapMem_Handle__label__S)
                  c301a8a0    00000060     Dsp_pe674.oe674 (.text:ti_sysbios_heaps_HeapMem_Object__delete__S)
                  c301a900    00000060     sysbios.lib : BIOS.obj (.text:ti_sysbios_knl_Clock_setupTimerToSkipTicks__E)
                  c301a960    00000060                 : BIOS.obj (.text:ti_sysbios_knl_Semaphore_Instance_init__F)
                  c301a9c0    00000060     Dsp_pe674.oe674 (.text:ti_sysbios_knl_Semaphore_Object__delete__S)
                  c301aa20    00000060     sysbios.lib : BIOS.obj (.text:ti_sysbios_knl_Semaphore_pendTimeout__I)
                  c301aa80    00000060                 : BIOS.obj (.text:ti_sysbios_knl_Swi_Module_startup__F)
                  c301aae0    00000060                 : BIOS.obj (.text:ti_sysbios_knl_Task_allBlockedFunction__I)
                  c301ab40    00000060                 : BIOS.obj (.text:ti_sysbios_knl_Task_enter__I)
                  c301aba0    00000060     Dsp_pe674.oe674 (.text:ti_sysbios_syncs_SyncSem_Handle__label__S)
                  c301ac00    00000060     Dsp_pe674.oe674 (.text:ti_sysbios_syncs_SyncSem_Object__delete__S)
                  c301ac60    00000060     Dsp_pe674.oe674 (.text:ti_sysbios_xdcruntime_GateThreadSupport_Object__delete__S)
                  c301acc0    00000060     rts6740_elf.lib : vsprintf.obj (.text:vsprintf)
                  c301ad20    00000060                     : trgmsg.obj (.text:writemsg)
                  c301ad80    00000060     Dsp_pe674.oe674 (.text:xdc_runtime_GateNull_Handle__label__S)
                  c301ade0    00000060     Dsp_pe674.oe674 (.text:xdc_runtime_GateNull_Object__create__S)
                  c301ae40    00000060     Dsp_pe674.oe674 (.text:xdc_runtime_GateNull_Object__delete__S)
                  c301aea0    00000060     Dsp_pe674.oe674 (.text:xdc_runtime_LoggerBuf_Handle__label__S)
                  c301af00    00000060     Dsp_pe674.oe674 (.text:xdc_runtime_LoggerBuf_Object__delete__S)
                  c301af60    00000060     ti.targets.rts6000.ae674 : Memory.oe674 (.text:xdc_runtime_Memory_calloc__F)
                  c301afc0    00000060                              : Memory.oe674 (.text:xdc_runtime_Memory_valloc__F)
                  c301b020    00000060                              : SysMin.oe674 (.text:xdc_runtime_SysMin_Module_startup__F)
                  c301b080    00000060                              : SysMin.oe674 (.text:xdc_runtime_SysMin_exit__F)
                  c301b0e0    00000060                              : System.oe674 (.text:xdc_runtime_System_aprintf_va__F)
                  c301b140    00000060                              : System.oe674 (.text:xdc_runtime_System_printf_va__F)
                  c301b1a0    00000060                              : Text.oe674 (.text:xdc_runtime_Text_cordText__F)
                  c301b200    00000060     Dsp_pe674.oe674 (.text:xdc_runtime_knl_GateThread_Handle__label__S)
                  c301b260    00000060     Dsp_pe674.oe674 (.text:xdc_runtime_knl_GateThread_Object__delete__S)
                  c301b2c0    00000040     ipc.lib : Ipc.obj (.text:MessageQ_registerHeap)
                  c301b300    00000040             : Ipc.obj (.text:MessageQ_unregisterHeap)
                  c301b340    00000040             : Ipc.obj (.text:Notify_intLineRegistered)
                  c301b380    00000040     rts6740_elf.lib : frcmpyd_div.obj (.text:__c6xabi_frcmpyd_div)
                  c301b3c0    00000040                     : isinf.obj (.text:__c6xabi_isinf)
                  c301b400    00000040                     : _printfi.obj (.text:__c6xabi_isnan)
                  c301b440    00000040                     : llshift.obj (.text:__c6xabi_llshru)
                  c301b480    00000040                     : args_main.obj (.text:_args_main)
                  c301b4c0    00000040                     : vsprintf.obj (.text:_outs)
                  c301b500    00000040     sysbios.lib : c62_TaskSupport_asm.obj (.text:_ti_sysbios_family_c62_TaskSupport_buildTaskStack)
                  c301b540    00000040                 : c64p_Hwi_asm_switch.obj (.text:_ti_sysbios_family_xxx_Hwi_switchToIsrStack)
                  c301b580    00000040     Dsp_pe674.oe674 (.text:free)
                  c301b5c0    00000040     rts6740_elf.lib : abs.obj (.text:llabs)
                  c301b600    00000040     sysbios.lib : BIOS.obj (.text:rtsLock$0)
                  c301b640    00000040     ipc.lib : Ipc.obj (.text:ti_sdo_ipc_MessageQ_registerTransport__F)
                  c301b680    00000040             : Ipc.obj (.text:ti_sdo_ipc_MessageQ_unregisterTransport__F)
                  c301b6c0    00000040             : Ipc.obj (.text:ti_sdo_ipc_Notify_exec__F)
                  c301b700    00000040             : Ipc.obj (.text:ti_sdo_ipc_SharedRegion_resetInternalFields__F)
                  c301b740    00000040             : Ipc.obj (.text:ti_sdo_ipc_family_da830_InterruptDsp_intClear__E)
                  c301b780    00000040             : Ipc.obj (.text:ti_sdo_ipc_family_da830_InterruptDsp_intSend__E)
                  c301b7c0    00000040             : Ipc.obj (.text:ti_sdo_ipc_nsremote_NameServerRemoteNotify_sharedMemReq__E)
                  c301b800    00000040             : Ipc.obj (.text:ti_sdo_utils_List_get__E)
                  c301b840    00000040             : Ipc.obj (.text:ti_sdo_utils_List_putHead__E)
                  c301b880    00000040             : Ipc.obj (.text:ti_sdo_utils_List_put__E)
                  c301b8c0    00000040     Dsp_pe674.oe674 (.text:ti_sdo_utils_NameServer_Module__startupDone__F)
                  c301b900    00000040     Dsp_pe674.oe674 (.text:ti_sdo_utils_NameServer_Object__get__S)
                  c301b940    00000040     ipc.lib : Ipc.obj (.text:ti_sdo_utils_NameServer_registerRemoteDriver__E)
                  c301b980    00000040             : Ipc.obj (.text:ti_sdo_utils_NameServer_unregisterRemoteDriver__E)
                  c301b9c0    00000040     Dsp_pe674.oe674 (.text:ti_sysbios_BIOS_startFunc__I)
                  c301ba00    00000040     Dsp_pe674.oe674 (.text:ti_sysbios_family_c64p_Hwi_Module__startupDone__F)
                  c301ba40    00000040     sysbios.lib : BIOS.obj (.text:ti_sysbios_family_c64p_Hwi_disableInterrupt__E)
                  c301ba80    00000040                 : BIOS.obj (.text:ti_sysbios_family_c64p_Hwi_enableInterrupt__E)
                  c301bac0    00000040                 : BIOS.obj (.text:ti_sysbios_gates_GateAll_leave__E)
                  c301bb00    00000040                 : BIOS.obj (.text:ti_sysbios_gates_GateMutexPri_Instance_init__F)
                  c301bb40    00000040     Dsp_pe674.oe674 (.text:ti_sysbios_gates_GateMutexPri_Object__destruct__S)
                  c301bb80    00000040     sysbios.lib : BIOS.obj (.text:ti_sysbios_gates_GateMutex_leave__E)
                  c301bbc0    00000040                 : BIOS.obj (.text:ti_sysbios_hal_Hwi_Instance_finalize__F)
                  c301bc00    00000040     Dsp_pe674.oe674 (.text:ti_sysbios_hal_Timer_Module__startupDone__F)
                  c301bc40    00000040     Dsp_pe674.oe674 (.text:ti_sysbios_heaps_HeapMem_Object__get__S)
                  c301bc80    00000040     sysbios.lib : BIOS.obj (.text:ti_sysbios_knl_Clock_Instance_finalize__F)
                  c301bcc0    00000040     Dsp_pe674.oe674 (.text:ti_sysbios_knl_Clock_Object__destruct__S)
                  c301bd00    00000040     Dsp_pe674.oe674 (.text:ti_sysbios_knl_Semaphore_Object__destruct__S)
                  c301bd40    00000040     Dsp_pe674.oe674 (.text:ti_sysbios_knl_Swi_Object__destruct__S)
                  c301bd80    00000040     Dsp_pe674.oe674 (.text:ti_sysbios_knl_Swi_Object__get__S)
                  c301bdc0    00000040     Dsp_pe674.oe674 (.text:ti_sysbios_knl_Task_Object__get__S)
                  c301be00    00000040     sysbios.lib : BIOS.obj (.text:ti_sysbios_knl_Task_sleepTimeout__I)
                  c301be40    00000040                 : BIOS.obj (.text:ti_sysbios_syncs_SyncSem_Instance_finalize__F)
                  c301be80    00000040     Dsp_pe674.oe674 (.text:ti_sysbios_timers_timer64_Timer_Module__startupDone__F)
                  c301bec0    00000040     sysbios.lib : BIOS.obj (.text:ti_sysbios_xdcruntime_GateThreadSupport_Instance_init__F)
                  c301bf00    00000040     ti.syslink.ipc.rtos.ae674 : Syslink.oe674 (.text:ti_syslink_ipc_rtos_Syslink_attach)
                  c301bf40    00000040     ti.targets.rts6000.ae674 : Error.oe674 (.text:xdc_runtime_Error_check__F)
                  c301bf80    00000040                              : Error.oe674 (.text:xdc_runtime_Error_init__F)
                  c301bfc0    00000040                              : LoggerBuf.oe674 (.text:xdc_runtime_LoggerBuf_Instance_finalize__F)
                  c301c000    00000040     Dsp_pe674.oe674 (.text:xdc_runtime_LoggerBuf_Object__get__S)
                  c301c040    00000040     ti.targets.rts6000.ae674 : LoggerBuf.oe674 (.text:xdc_runtime_LoggerBuf_write0__F)
                  c301c080    00000040     Dsp_pe674.oe674 (.text:xdc_runtime_LoggerBuf_write8__E)
                  c301c0c0    00000040     ti.targets.rts6000.ae674 : Memory.oe674 (.text:xdc_runtime_Memory_free__F)
                  c301c100    00000040                              : Registry.oe674 (.text:xdc_runtime_Registry_findById__F)
                  c301c140    00000040                              : System.oe674 (.text:xdc_runtime_System_abort__F)
                  c301c180    00000040     Dsp_pe674.oe674 (.text:xdc_runtime_System_aprintf__E)
                  c301c1c0    00000040     Dsp_pe674.oe674 (.text:xdc_runtime_System_printf__E)
                  c301c200    00000040     Dsp_pe674.oe674 (.text:xdc_runtime_System_sprintf__E)
                  c301c240    00000040     ti.targets.rts6000.ae674 : Text.oe674 (.text:xdc_runtime_Text_ropeText__F)
                  c301c280    00000040                              : GateThread.oe674 (.text:xdc_runtime_knl_GateThread_Instance_finalize__F)
                  c301c2c0    00000040                              : GateThread.oe674 (.text:xdc_runtime_knl_GateThread_Instance_init__F)
                  c301c300    00000020     ipc.lib : Ipc.obj (.text:GateMP_enter)
                  c301c320    00000020             : Ipc.obj (.text:GateMP_leave)
                  c301c340    00000020             : Ipc.obj (.text:HeapMemMP_close)
                  c301c360    00000020             : Ipc.obj (.text:MessageQ_close)
                  c301c380    00000020             : Ipc.obj (.text:MessageQ_delete)
                  c301c3a0    00000020             : Ipc.obj (.text:MultiProc_self)
                  c301c3c0    00000020             : Ipc.obj (.text:NameServer_addUInt32)
                  c301c3e0    00000020             : Ipc.obj (.text:NameServer_getUInt32)
                  c301c400    00000020             : Ipc.obj (.text:NameServer_removeEntry)
                  c301c420    00000020     rts6740_elf.lib : negll.obj (.text:__c6xabi_negll)
                  c301c440    00000020                     : dtor_list.obj (.text:__cxa_atexit)
                  c301c460    00000020                     : dtor_list.obj (.text:__cxa_ia64_exit)
                  c301c480    00000020     ti.targets.rts6000.ae674 : xdc_noinit.oe674 (.text:__xdc__init)
                  c301c4a0    00000020     rts6740_elf.lib : _lock.obj (.text:_nop)
                  c301c4c0    00000020                     : vsprintf.obj (.text:_outc)
                  c301c4e0    00000020                     : _lock.obj (.text:_register_lock)
                  c301c500    00000020                     : _lock.obj (.text:_register_unlock)
                  c301c520    00000020     sysbios.lib : c62_TaskSupport_asm.obj (.text:_ti_sysbios_family_c62_TaskSupport_glue)
                  c301c540    00000020                 : c64p_Hwi_asm_switch.obj (.text:_ti_sysbios_family_xxx_Hwi_switchToTaskStack)
                  c301c560    00000020     rts6740_elf.lib : exit.obj (.text:abort)
                  c301c580    00000020                     : dtor_list.obj (.text:atexit)
                  c301c5a0    00000020     sysbios.lib : BIOS.obj (.text:nullFunc$0)
                  c301c5c0    00000020     Dsp_pe674.oe674 (.text:ti_sdo_ipc_GateMP_Params__init__S)
                  c301c5e0    00000020     Dsp_pe674.oe674 (.text:ti_sdo_ipc_GateMP_RemoteCustom1Proxy_Object__create__S)
                  c301c600    00000020     Dsp_pe674.oe674 (.text:ti_sdo_ipc_GateMP_RemoteCustom1Proxy_Object__delete__S)
                  c301c620    00000020     Dsp_pe674.oe674 (.text:ti_sdo_ipc_GateMP_RemoteCustom1Proxy_Params__init__S)
                  c301c640    00000020     Dsp_pe674.oe674 (.text:ti_sdo_ipc_GateMP_RemoteCustom1Proxy_Proxy__abstract__S)
                  c301c660    00000020     Dsp_pe674.oe674 (.text:ti_sdo_ipc_GateMP_RemoteCustom1Proxy_Proxy__delegate__S)
                  c301c680    00000020     Dsp_pe674.oe674 (.text:ti_sdo_ipc_GateMP_RemoteCustom1Proxy_getReservedMask__E)
                  c301c6a0    00000020     Dsp_pe674.oe674 (.text:ti_sdo_ipc_GateMP_RemoteCustom1Proxy_sharedMemReq__E)
                  c301c6c0    00000020     Dsp_pe674.oe674 (.text:ti_sdo_ipc_GateMP_RemoteCustom2Proxy_Object__create__S)
                  c301c6e0    00000020     Dsp_pe674.oe674 (.text:ti_sdo_ipc_GateMP_RemoteCustom2Proxy_Object__delete__S)
                  c301c700    00000020     Dsp_pe674.oe674 (.text:ti_sdo_ipc_GateMP_RemoteCustom2Proxy_Params__init__S)
                  c301c720    00000020     Dsp_pe674.oe674 (.text:ti_sdo_ipc_GateMP_RemoteCustom2Proxy_Proxy__abstract__S)
                  c301c740    00000020     Dsp_pe674.oe674 (.text:ti_sdo_ipc_GateMP_RemoteCustom2Proxy_Proxy__delegate__S)
                  c301c760    00000020     Dsp_pe674.oe674 (.text:ti_sdo_ipc_GateMP_RemoteCustom2Proxy_getReservedMask__E)
                  c301c780    00000020     Dsp_pe674.oe674 (.text:ti_sdo_ipc_GateMP_RemoteCustom2Proxy_sharedMemReq__E)
                  c301c7a0    00000020     Dsp_pe674.oe674 (.text:ti_sdo_ipc_GateMP_RemoteSystemProxy_Object__create__S)
                  c301c7c0    00000020     Dsp_pe674.oe674 (.text:ti_sdo_ipc_GateMP_RemoteSystemProxy_Object__delete__S)
                  c301c7e0    00000020     Dsp_pe674.oe674 (.text:ti_sdo_ipc_GateMP_RemoteSystemProxy_Params__init__S)
                  c301c800    00000020     Dsp_pe674.oe674 (.text:ti_sdo_ipc_GateMP_RemoteSystemProxy_Proxy__abstract__S)
                  c301c820    00000020     Dsp_pe674.oe674 (.text:ti_sdo_ipc_GateMP_RemoteSystemProxy_Proxy__delegate__S)
                  c301c840    00000020     Dsp_pe674.oe674 (.text:ti_sdo_ipc_GateMP_RemoteSystemProxy_getReservedMask__E)
                  c301c860    00000020     Dsp_pe674.oe674 (.text:ti_sdo_ipc_GateMP_RemoteSystemProxy_sharedMemReq__E)
                  c301c880    00000020     Dsp_pe674.oe674 (.text:ti_sdo_ipc_GateMP_attach__E)
                  c301c8a0    00000020     Dsp_pe674.oe674 (.text:ti_sdo_ipc_GateMP_getRegion0ReservedSize__E)
                  c301c8c0    00000020     Dsp_pe674.oe674 (.text:ti_sdo_ipc_GateMP_getSharedAddr__E)
                  c301c8e0    00000020     ipc.lib : Ipc.obj (.text:ti_sdo_ipc_GateMP_getSharedAddr__F)
                  c301c900    00000020     Dsp_pe674.oe674 (.text:ti_sdo_ipc_GateMP_start__E)
                  c301c920    00000020     Dsp_pe674.oe674 (.text:ti_sdo_ipc_ListMP_Params__init__S)
                  c301c940    00000020     Dsp_pe674.oe674 (.text:ti_sdo_ipc_MessageQ_Module_startup__E)
                  c301c960    00000020     Dsp_pe674.oe674 (.text:ti_sdo_ipc_MessageQ_Object__get__S)
                  c301c980    00000020     Dsp_pe674.oe674 (.text:ti_sdo_ipc_MessageQ_Params__init__S)
                  c301c9a0    00000020     Dsp_pe674.oe674 (.text:ti_sdo_ipc_MessageQ_SetupTransportProxy_attach__E)
                  c301c9c0    00000020     Dsp_pe674.oe674 (.text:ti_sdo_ipc_MessageQ_SetupTransportProxy_detach__E)
                  c301c9e0    00000020     Dsp_pe674.oe674 (.text:ti_sdo_ipc_MessageQ_SetupTransportProxy_isRegistered__E)
                  c301ca00    00000020     Dsp_pe674.oe674 (.text:ti_sdo_ipc_MessageQ_SetupTransportProxy_sharedMemReq__E)
                  c301ca20    00000020     Dsp_pe674.oe674 (.text:ti_sdo_ipc_MessageQ_registerTransport__E)
                  c301ca40    00000020     Dsp_pe674.oe674 (.text:ti_sdo_ipc_MessageQ_unregisterTransport__E)
                  c301ca60    00000020     Dsp_pe674.oe674 (.text:ti_sdo_ipc_Notify_Module_GateProxy_enter__E)
                  c301ca80    00000020     Dsp_pe674.oe674 (.text:ti_sdo_ipc_Notify_Module_GateProxy_leave__E)
                  c301caa0    00000020     Dsp_pe674.oe674 (.text:ti_sdo_ipc_Notify_Module_startup__E)
                  c301cac0    00000020     Dsp_pe674.oe674 (.text:ti_sdo_ipc_Notify_SetupProxy_attach__E)
                  c301cae0    00000020     Dsp_pe674.oe674 (.text:ti_sdo_ipc_Notify_SetupProxy_numIntLines__E)
                  c301cb00    00000020     Dsp_pe674.oe674 (.text:ti_sdo_ipc_Notify_SetupProxy_sharedMemReq__E)
                  c301cb20    00000020     Dsp_pe674.oe674 (.text:ti_sdo_ipc_Notify_detach__E)
                  c301cb40    00000020     Dsp_pe674.oe674 (.text:ti_sdo_ipc_Notify_exec__E)
                  c301cb60    00000020     Dsp_pe674.oe674 (.text:ti_sdo_ipc_SharedRegion_attach__E)
                  c301cb80    00000020     Dsp_pe674.oe674 (.text:ti_sdo_ipc_SharedRegion_clearReservedMemory__E)
                  c301cba0    00000020     Dsp_pe674.oe674 (.text:ti_sdo_ipc_SharedRegion_reserveMemory__E)
                  c301cbc0    00000020     Dsp_pe674.oe674 (.text:ti_sdo_ipc_SharedRegion_resetInternalFields__E)
                  c301cbe0    00000020     Dsp_pe674.oe674 (.text:ti_sdo_ipc_SharedRegion_start__E)
                  c301cc00    00000020     ipc.lib : Ipc.obj (.text:ti_sdo_ipc_family_da830_InterruptDsp_intDisable__E)
                  c301cc20    00000020             : Ipc.obj (.text:ti_sdo_ipc_family_da830_InterruptDsp_intEnable__E)
                  c301cc40    00000020             : Ipc.obj (.text:ti_sdo_ipc_family_da830_InterruptDsp_intUnregister__E)
                  c301cc60    00000020             : Ipc.obj (.text:ti_sdo_ipc_family_da830_NotifySetup_numIntLines__E)
                  c301cc80    00000020             : Ipc.obj (.text:ti_sdo_ipc_gates_GateMPSupportNull_Instance_init__F)
                  c301cca0    00000020     Dsp_pe674.oe674 (.text:ti_sdo_ipc_gates_GateMPSupportNull_Params__init__S)
                  c301ccc0    00000020     ipc.lib : Ipc.obj (.text:ti_sdo_ipc_gates_GateMPSupportNull_enter__E)
                  c301cce0    00000020             : Ipc.obj (.text:ti_sdo_ipc_gates_GateMPSupportNull_getReservedMask__E)
                  c301cd00    00000020             : Ipc.obj (.text:ti_sdo_ipc_gates_GateMPSupportNull_leave__E)
                  c301cd20    00000020     Dsp_pe674.oe674 (.text:ti_sdo_ipc_gates_GateMPSupportNull_query__E)
                  c301cd40    00000020     ipc.lib : Ipc.obj (.text:ti_sdo_ipc_gates_GateMPSupportNull_query__F)
                  c301cd60    00000020             : Ipc.obj (.text:ti_sdo_ipc_gates_GateMPSupportNull_sharedMemReq__E)
                  c301cd80    00000020     Dsp_pe674.oe674 (.text:ti_sdo_ipc_gates_GatePeterson_Params__init__S)
                  c301cda0    00000020     ipc.lib : Ipc.obj (.text:ti_sdo_ipc_gates_GatePeterson_getReservedMask__E)
                  c301cdc0    00000020     Dsp_pe674.oe674 (.text:ti_sdo_ipc_gates_GatePeterson_query__E)
                  c301cde0    00000020     ipc.lib : Ipc.obj (.text:ti_sdo_ipc_gates_GatePeterson_query__F)
                  c301ce00    00000020     Dsp_pe674.oe674 (.text:ti_sdo_ipc_heaps_HeapMemMP_Params__init__S)
                  c301ce20    00000020     Dsp_pe674.oe674 (.text:ti_sdo_ipc_heaps_HeapMemMP_isBlocking__E)
                  c301ce40    00000020     ipc.lib : Ipc.obj (.text:ti_sdo_ipc_heaps_HeapMemMP_isBlocking__F)
                  c301ce60    00000020     Dsp_pe674.oe674 (.text:ti_sdo_ipc_notifyDrivers_NotifyDriverShm_InterruptProxy_intClear__E)
                  c301ce80    00000020     Dsp_pe674.oe674 (.text:ti_sdo_ipc_notifyDrivers_NotifyDriverShm_InterruptProxy_intDisable__E)
                  c301cea0    00000020     Dsp_pe674.oe674 (.text:ti_sdo_ipc_notifyDrivers_NotifyDriverShm_InterruptProxy_intEnable__E)
                  c301cec0    00000020     Dsp_pe674.oe674 (.text:ti_sdo_ipc_notifyDrivers_NotifyDriverShm_InterruptProxy_intRegister__E)
                  c301cee0    00000020     Dsp_pe674.oe674 (.text:ti_sdo_ipc_notifyDrivers_NotifyDriverShm_InterruptProxy_intSend__E)
                  c301cf00    00000020     Dsp_pe674.oe674 (.text:ti_sdo_ipc_notifyDrivers_NotifyDriverShm_InterruptProxy_intUnregister__E)
                  c301cf20    00000020     Dsp_pe674.oe674 (.text:ti_sdo_ipc_notifyDrivers_NotifyDriverShm_Params__init__S)
                  c301cf40    00000020     ipc.lib : Ipc.obj (.text:ti_sdo_ipc_notifyDrivers_NotifyDriverShm_disable__E)
                  c301cf60    00000020             : Ipc.obj (.text:ti_sdo_ipc_notifyDrivers_NotifyDriverShm_enable__E)
                  c301cf80    00000020     Dsp_pe674.oe674 (.text:ti_sdo_ipc_notifyDrivers_NotifyDriverShm_sharedMemReq__E)
                  c301cfa0    00000020     Dsp_pe674.oe674 (.text:ti_sdo_ipc_nsremote_NameServerRemoteNotify_Object__first__S)
                  c301cfc0    00000020     Dsp_pe674.oe674 (.text:ti_sdo_ipc_nsremote_NameServerRemoteNotify_Object__next__S)
                  c301cfe0    00000020     Dsp_pe674.oe674 (.text:ti_sdo_ipc_nsremote_NameServerRemoteNotify_Params__init__S)
                  c301d000    00000020     ipc.lib : Ipc.obj (.text:ti_sdo_ipc_nsremote_NameServerRemoteNotify_cbFxn__I)
                  c301d020    00000020     Dsp_pe674.oe674 (.text:ti_sdo_ipc_nsremote_NameServerRemoteNotify_get__E)
                  c301d040    00000020     ipc.lib : Ipc.obj (.text:ti_sdo_ipc_transports_TransportShmSetup_isRegistered__E)
                  c301d060    00000020     Dsp_pe674.oe674 (.text:ti_sdo_ipc_transports_TransportShm_Params__init__S)
                  c301d080    00000020     Dsp_pe674.oe674 (.text:ti_sdo_ipc_transports_TransportShm_close__E)
                  c301d0a0    00000020     ipc.lib : Ipc.obj (.text:ti_sdo_ipc_transports_TransportShm_close__F)
                  c301d0c0    00000020             : Ipc.obj (.text:ti_sdo_ipc_transports_TransportShm_control__E)
                  c301d0e0    00000020             : Ipc.obj (.text:ti_sdo_ipc_transports_TransportShm_getStatus__E)
                  c301d100    00000020             : Ipc.obj (.text:ti_sdo_ipc_transports_TransportShm_notifyFxn__I)
                  c301d120    00000020     Dsp_pe674.oe674 (.text:ti_sdo_ipc_transports_TransportShm_openByAddr__E)
                  c301d140    00000020     Dsp_pe674.oe674 (.text:ti_sdo_ipc_transports_TransportShm_setErrFxn__E)
                  c301d160    00000020     ipc.lib : Ipc.obj (.text:ti_sdo_ipc_transports_TransportShm_setErrFxn__F)
                  c301d180    00000020     Dsp_pe674.oe674 (.text:ti_sdo_ipc_transports_TransportShm_sharedMemReq__E)
                  c301d1a0    00000020     ipc.lib : Ipc.obj (.text:ti_sdo_utils_List_Instance_init__F)
                  c301d1c0    00000020     Dsp_pe674.oe674 (.text:ti_sdo_utils_List_Object__destruct__S)
                  c301d1e0    00000020     Dsp_pe674.oe674 (.text:ti_sdo_utils_List_Object__get__S)
                  c301d200    00000020     Dsp_pe674.oe674 (.text:ti_sdo_utils_MultiProc_getClusterId__E)
                  c301d220    00000020     ipc.lib : Ipc.obj (.text:ti_sdo_utils_MultiProc_getClusterId__F)
                  c301d240    00000020     Dsp_pe674.oe674 (.text:ti_sdo_utils_NameServer_Module__startupDone__S)
                  c301d260    00000020     Dsp_pe674.oe674 (.text:ti_sdo_utils_NameServer_Module_startup__E)
                  c301d280    00000020     Dsp_pe674.oe674 (.text:ti_sdo_utils_NameServer_Object__first__S)
                  c301d2a0    00000020     Dsp_pe674.oe674 (.text:ti_sdo_utils_NameServer_Object__next__S)
                  c301d2c0    00000020     Dsp_pe674.oe674 (.text:ti_sdo_utils_NameServer_SetupProxy_attach__E)
                  c301d2e0    00000020     Dsp_pe674.oe674 (.text:ti_sdo_utils_NameServer_SetupProxy_detach__E)
                  c301d300    00000020     Dsp_pe674.oe674 (.text:ti_sdo_utils_NameServer_SetupProxy_sharedMemReq__E)
                  c301d320    00000020     Dsp_pe674.oe674 (.text:ti_sysbios_BIOS_RtsGateProxy_enter__E)
                  c301d340    00000020     Dsp_pe674.oe674 (.text:ti_sysbios_BIOS_RtsGateProxy_leave__E)
                  c301d360    00000020     sysbios.lib : BIOS.obj (.text:ti_sysbios_BIOS_getThreadType__E)
                  c301d380    00000020                 : BIOS.obj (.text:ti_sysbios_BIOS_setThreadType__E)
                  c301d3a0    00000020                 : BIOS.obj (.text:ti_sysbios_BIOS_start__E)
                  c301d3c0    00000020     Dsp_pe674.oe674 (.text:ti_sysbios_family_c62_TaskSupport_Module__startupDone__S)
                  c301d3e0    00000020     sysbios.lib : BIOS.obj (.text:ti_sysbios_family_c62_TaskSupport_checkStack__E)
                  c301d400    00000020                 : BIOS.obj (.text:ti_sysbios_family_c62_TaskSupport_getStackAlignment__E)
                  c301d420    00000020     Dsp_pe674.oe674 (.text:ti_sysbios_family_c64p_Cache_Module_startup__E)
                  c301d440    00000020     sysbios.lib : BIOS.obj (.text:ti_sysbios_family_c64p_Cache_invL1pAll__E)
                  c301d460    00000020                 : BIOS.obj (.text:ti_sysbios_family_c64p_Cache_inv__E)
                  c301d480    00000020                 : BIOS.obj (.text:ti_sysbios_family_c64p_Cache_wbInv__E)
                  c301d4a0    00000020     Dsp_pe674.oe674 (.text:ti_sysbios_family_c64p_Exception_Module_startup__E)
                  c301d4c0    00000020     Dsp_pe674.oe674 (.text:ti_sysbios_family_c64p_Hwi_Module__startupDone__S)
                  c301d4e0    00000020     Dsp_pe674.oe674 (.text:ti_sysbios_family_c64p_Hwi_Module_startup__E)
                  c301d500    00000020     Dsp_pe674.oe674 (.text:ti_sysbios_family_c64p_Hwi_Params__init__S)
                  c301d520    00000020     sysbios.lib : BIOS.obj (.text:ti_sysbios_family_c64p_Hwi_clearInterrupt__E)
                  c301d540    00000020                 : BIOS.obj (.text:ti_sysbios_family_c64p_Hwi_getHandle__E)
                  c301d560    00000020                 : BIOS.obj (.text:ti_sysbios_family_c64p_Hwi_startup__E)
                  c301d580    00000020                 : BIOS.obj (.text:ti_sysbios_family_c64p_Hwi_switchFromBootStack__E)
                  c301d5a0    00000020                 : BIOS.obj (.text:ti_sysbios_family_c64p_Hwi_unPluggedInterrupt__I)
                  c301d5c0    00000020     Dsp_pe674.oe674 (.text:ti_sysbios_family_c64p_TimestampProvider_Module_startup__E)
                  c301d5e0    00000020     sysbios.lib : BIOS.obj (.text:ti_sysbios_family_c64p_TimestampProvider_Module_startup__F)
                  c301d600    00000020                 : BIOS.obj (.text:ti_sysbios_family_c64p_TimestampProvider_get64__E)
                  c301d620    00000020                 : BIOS.obj (.text:ti_sysbios_gates_GateAll_Instance_init__F)
                  c301d640    00000020     Dsp_pe674.oe674 (.text:ti_sysbios_gates_GateAll_query__E)
                  c301d660    00000020     sysbios.lib : BIOS.obj (.text:ti_sysbios_gates_GateAll_query__F)
                  c301d680    00000020                 : BIOS.obj (.text:ti_sysbios_gates_GateHwi_Instance_init__F)
                  c301d6a0    00000020                 : BIOS.obj (.text:ti_sysbios_gates_GateHwi_enter__E)
                  c301d6c0    00000020                 : BIOS.obj (.text:ti_sysbios_gates_GateHwi_leave__E)
                  c301d6e0    00000020     Dsp_pe674.oe674 (.text:ti_sysbios_gates_GateHwi_query__E)
                  c301d700    00000020     sysbios.lib : BIOS.obj (.text:ti_sysbios_gates_GateHwi_query__F)
                  c301d720    00000020                 : BIOS.obj (.text:ti_sysbios_gates_GateMutexPri_Instance_finalize__F)
                  c301d740    00000020     Dsp_pe674.oe674 (.text:ti_sysbios_gates_GateMutexPri_query__E)
                  c301d760    00000020     sysbios.lib : BIOS.obj (.text:ti_sysbios_gates_GateMutexPri_query__F)
                  c301d780    00000020                 : BIOS.obj (.text:ti_sysbios_gates_GateMutex_Instance_finalize__F)
                  c301d7a0    00000020     Dsp_pe674.oe674 (.text:ti_sysbios_gates_GateMutex_query__E)
                  c301d7c0    00000020     sysbios.lib : BIOS.obj (.text:ti_sysbios_gates_GateMutex_query__F)
                  c301d7e0    00000020                 : BIOS.obj (.text:ti_sysbios_gates_GateSwi_Instance_init__F)
                  c301d800    00000020                 : BIOS.obj (.text:ti_sysbios_gates_GateSwi_enter__E)
                  c301d820    00000020                 : BIOS.obj (.text:ti_sysbios_gates_GateSwi_leave__E)
                  c301d840    00000020     Dsp_pe674.oe674 (.text:ti_sysbios_gates_GateSwi_query__E)
                  c301d860    00000020     sysbios.lib : BIOS.obj (.text:ti_sysbios_gates_GateSwi_query__F)
                  c301d880    00000020     Dsp_pe674.oe674 (.text:ti_sysbios_hal_Cache_CacheProxy_inv__E)
                  c301d8a0    00000020     Dsp_pe674.oe674 (.text:ti_sysbios_hal_Cache_CacheProxy_wbInv__E)
                  c301d8c0    00000020     sysbios.lib : BIOS.obj (.text:ti_sysbios_hal_Cache_inv__E)
                  c301d8e0    00000020                 : BIOS.obj (.text:ti_sysbios_hal_Cache_wbInv__E)
                  c301d900    00000020     Dsp_pe674.oe674 (.text:ti_sysbios_hal_Hwi_HwiProxy_Module__startupDone__S)
                  c301d920    00000020     Dsp_pe674.oe674 (.text:ti_sysbios_hal_Hwi_HwiProxy_Object__create__S)
                  c301d940    00000020     Dsp_pe674.oe674 (.text:ti_sysbios_hal_Hwi_HwiProxy_Object__delete__S)
                  c301d960    00000020     Dsp_pe674.oe674 (.text:ti_sysbios_hal_Hwi_HwiProxy_clearInterrupt__E)
                  c301d980    00000020     Dsp_pe674.oe674 (.text:ti_sysbios_hal_Hwi_HwiProxy_disableInterrupt__E)
                  c301d9a0    00000020     Dsp_pe674.oe674 (.text:ti_sysbios_hal_Hwi_HwiProxy_enableInterrupt__E)
                  c301d9c0    00000020     Dsp_pe674.oe674 (.text:ti_sysbios_hal_Hwi_HwiProxy_startup__E)
                  c301d9e0    00000020     Dsp_pe674.oe674 (.text:ti_sysbios_hal_Hwi_HwiProxy_switchFromBootStack__E)
                  c301da00    00000020     Dsp_pe674.oe674 (.text:ti_sysbios_hal_Hwi_Module_startup__E)
                  c301da20    00000020     sysbios.lib : BIOS.obj (.text:ti_sysbios_hal_Hwi_Module_startup__F)
                  c301da40    00000020     Dsp_pe674.oe674 (.text:ti_sysbios_hal_Hwi_Params__init__S)
                  c301da60    00000020     sysbios.lib : BIOS.obj (.text:ti_sysbios_hal_Hwi_clearInterrupt__E)
                  c301da80    00000020                 : BIOS.obj (.text:ti_sysbios_hal_Hwi_enableInterrupt__E)
                  c301daa0    00000020                 : BIOS.obj (.text:ti_sysbios_hal_Hwi_startup__E)
                  c301dac0    00000020     Dsp_pe674.oe674 (.text:ti_sysbios_hal_Timer_Module__startupDone__S)
                  c301dae0    00000020     Dsp_pe674.oe674 (.text:ti_sysbios_hal_Timer_Module_startup__E)
                  c301db00    00000020     sysbios.lib : BIOS.obj (.text:ti_sysbios_hal_Timer_Module_startup__F)
                  c301db20    00000020     Dsp_pe674.oe674 (.text:ti_sysbios_hal_Timer_TimerProxy_Module__startupDone__S)
                  c301db40    00000020     Dsp_pe674.oe674 (.text:ti_sysbios_hal_Timer_TimerProxy_getExpiredCounts__E)
                  c301db60    00000020     Dsp_pe674.oe674 (.text:ti_sysbios_hal_Timer_TimerProxy_getPeriod__E)
                  c301db80    00000020     Dsp_pe674.oe674 (.text:ti_sysbios_hal_Timer_TimerProxy_setNextTick__E)
                  c301dba0    00000020     Dsp_pe674.oe674 (.text:ti_sysbios_hal_Timer_TimerProxy_startup__E)
                  c301dbc0    00000020     sysbios.lib : BIOS.obj (.text:ti_sysbios_hal_Timer_startup__E)
                  c301dbe0    00000020     Dsp_pe674.oe674 (.text:ti_sysbios_heaps_HeapMem_Module_GateProxy_enter__E)
                  c301dc00    00000020     Dsp_pe674.oe674 (.text:ti_sysbios_heaps_HeapMem_Module_GateProxy_leave__E)
                  c301dc20    00000020     Dsp_pe674.oe674 (.text:ti_sysbios_heaps_HeapMem_Module_GateProxy_query__E)
                  c301dc40    00000020     sysbios.lib : BIOS.obj (.text:ti_sysbios_heaps_HeapMem_isBlocking__E)
                  c301dc60    00000020     Dsp_pe674.oe674 (.text:ti_sysbios_knl_Clock_Module_startup__E)
                  c301dc80    00000020     Dsp_pe674.oe674 (.text:ti_sysbios_knl_Clock_Params__init__S)
                  c301dca0    00000020     sysbios.lib : BIOS.obj (.text:ti_sysbios_knl_Clock_logTick__E)
                  c301dcc0    00000020                 : BIOS.obj (.text:ti_sysbios_knl_Queue_Instance_init__F)
                  c301dce0    00000020     Dsp_pe674.oe674 (.text:ti_sysbios_knl_Queue_Object__destruct__S)
                  c301dd00    00000020     Dsp_pe674.oe674 (.text:ti_sysbios_knl_Queue_Object__get__S)
                  c301dd20    00000020     sysbios.lib : BIOS.obj (.text:ti_sysbios_knl_Queue_empty__E)
                  c301dd40    00000020                 : BIOS.obj (.text:ti_sysbios_knl_Semaphore_Instance_finalize__F)
                  c301dd60    00000020     Dsp_pe674.oe674 (.text:ti_sysbios_knl_Semaphore_Params__init__S)
                  c301dd80    00000020     sysbios.lib : BIOS.obj (.text:ti_sysbios_knl_Swi_Instance_finalize__F)
                  c301dda0    00000020     Dsp_pe674.oe674 (.text:ti_sysbios_knl_Swi_Module_startup__E)
                  c301ddc0    00000020     Dsp_pe674.oe674 (.text:ti_sysbios_knl_Swi_Params__init__S)
                  c301dde0    00000020     sysbios.lib : BIOS.obj (.text:ti_sysbios_knl_Swi_disable__E)
                  c301de00    00000020     Dsp_pe674.oe674 (.text:ti_sysbios_knl_Task_Module_startup__E)
                  c301de20    00000020     Dsp_pe674.oe674 (.text:ti_sysbios_knl_Task_Object__first__S)
                  c301de40    00000020     Dsp_pe674.oe674 (.text:ti_sysbios_knl_Task_Object__next__S)
                  c301de60    00000020     Dsp_pe674.oe674 (.text:ti_sysbios_knl_Task_Params__init__S)
                  c301de80    00000020     Dsp_pe674.oe674 (.text:ti_sysbios_knl_Task_SupportProxy_Module__startupDone__S)
                  c301dea0    00000020     Dsp_pe674.oe674 (.text:ti_sysbios_knl_Task_SupportProxy_checkStack__E)
                  c301dec0    00000020     Dsp_pe674.oe674 (.text:ti_sysbios_knl_Task_SupportProxy_getStackAlignment__E)
                  c301dee0    00000020     Dsp_pe674.oe674 (.text:ti_sysbios_knl_Task_SupportProxy_start__E)
                  c301df00    00000020     Dsp_pe674.oe674 (.text:ti_sysbios_knl_Task_SupportProxy_swap__E)
                  c301df20    00000020     sysbios.lib : BIOS.obj (.text:ti_sysbios_knl_Task_disable__E)
                  c301df40    00000020                 : BIOS.obj (.text:ti_sysbios_knl_Task_getPri__E)
                  c301df60    00000020                 : BIOS.obj (.text:ti_sysbios_knl_Task_self__E)
                  c301df80    00000020     Dsp_pe674.oe674 (.text:ti_sysbios_syncs_SyncSem_query__E)
                  c301dfa0    00000020     sysbios.lib : BIOS.obj (.text:ti_sysbios_syncs_SyncSem_query__F)
                  c301dfc0    00000020     Dsp_pe674.oe674 (.text:ti_sysbios_syncs_SyncSem_signal__E)
                  c301dfe0    00000020     sysbios.lib : BIOS.obj (.text:ti_sysbios_syncs_SyncSem_signal__F)
                  c301e000    00000020     Dsp_pe674.oe674 (.text:ti_sysbios_syncs_SyncSem_wait__E)
                  c301e020    00000020     Dsp_pe674.oe674 (.text:ti_sysbios_timers_timer64_Timer_Module__startupDone__S)
                  c301e040    00000020     Dsp_pe674.oe674 (.text:ti_sysbios_timers_timer64_Timer_Module_startup__E)
                  c301e060    00000020     Dsp_pe674.oe674 (.text:ti_sysbios_timers_timer64_Timer_TimerSupportProxy_enable__E)
                  c301e080    00000020     sysbios.lib : BIOS.obj (.text:ti_sysbios_timers_timer64_Timer_setNextTick__E)
                  c301e0a0    00000020                 : BIOS.obj (.text:ti_sysbios_xdcruntime_GateThreadSupport_Instance_finalize__F)
                  c301e0c0    00000020     Dsp_pe674.oe674 (.text:ti_sysbios_xdcruntime_GateThreadSupport_enter__E)
                  c301e0e0    00000020     sysbios.lib : BIOS.obj (.text:ti_sysbios_xdcruntime_GateThreadSupport_enter__F)
                  c301e100    00000020     Dsp_pe674.oe674 (.text:ti_sysbios_xdcruntime_GateThreadSupport_leave__E)
                  c301e120    00000020     sysbios.lib : BIOS.obj (.text:ti_sysbios_xdcruntime_GateThreadSupport_leave__F)
                  c301e140    00000020     Dsp_pe674.oe674 (.text:ti_sysbios_xdcruntime_GateThreadSupport_query__E)
                  c301e160    00000020     sysbios.lib : BIOS.obj (.text:ti_sysbios_xdcruntime_GateThreadSupport_query__F)
                  c301e180    00000020     Dsp_pe674.oe674 (.text:xdc_runtime_Error_check__E)
                  c301e1a0    00000020     Dsp_pe674.oe674 (.text:xdc_runtime_Error_init__E)
                  c301e1c0    00000020     Dsp_pe674.oe674 (.text:xdc_runtime_Error_print__E)
                  c301e1e0    00000020     Dsp_pe674.oe674 (.text:xdc_runtime_Error_raiseX__E)
                  c301e200    00000020     Dsp_pe674.oe674 (.text:xdc_runtime_GateNull_enter__E)
                  c301e220    00000020     ti.targets.rts6000.ae674 : GateNull.oe674 (.text:xdc_runtime_GateNull_enter__F)
                  c301e240    00000020     Dsp_pe674.oe674 (.text:xdc_runtime_GateNull_leave__E)
                  c301e260    00000020     ti.targets.rts6000.ae674 : GateNull.oe674 (.text:xdc_runtime_GateNull_leave__F)
                  c301e280    00000020     Dsp_pe674.oe674 (.text:xdc_runtime_GateNull_query__E)
                  c301e2a0    00000020     ti.targets.rts6000.ae674 : GateNull.oe674 (.text:xdc_runtime_GateNull_query__F)
                  c301e2c0    00000020     Dsp_pe674.oe674 (.text:xdc_runtime_Gate_enterSystem__E)
                  c301e2e0    00000020     ti.targets.rts6000.ae674 : Gate.oe674 (.text:xdc_runtime_Gate_enterSystem__F)
                  c301e300    00000020     Dsp_pe674.oe674 (.text:xdc_runtime_Gate_leaveSystem__E)
                  c301e320    00000020     ti.targets.rts6000.ae674 : Gate.oe674 (.text:xdc_runtime_Gate_leaveSystem__F)
                  c301e340    00000020     Dsp_pe674.oe674 (.text:xdc_runtime_IHeap_alloc)
                  c301e360    00000020     Dsp_pe674.oe674 (.text:xdc_runtime_IHeap_free)
                  c301e380    00000020     Dsp_pe674.oe674 (.text:xdc_runtime_LoggerBuf_Module_GateProxy_enter__E)
                  c301e3a0    00000020     Dsp_pe674.oe674 (.text:xdc_runtime_LoggerBuf_Module_GateProxy_leave__E)
                  c301e3c0    00000020     Dsp_pe674.oe674 (.text:xdc_runtime_LoggerBuf_Module_startup__E)
                  c301e3e0    00000020     Dsp_pe674.oe674 (.text:xdc_runtime_LoggerBuf_TimestampProxy_get64__E)
                  c301e400    00000020     Dsp_pe674.oe674 (.text:xdc_runtime_LoggerBuf_disable__E)
                  c301e420    00000020     ti.targets.rts6000.ae674 : LoggerBuf.oe674 (.text:xdc_runtime_LoggerBuf_disable__F)
                  c301e440    00000020     Dsp_pe674.oe674 (.text:xdc_runtime_LoggerBuf_enable__E)
                  c301e460    00000020     ti.targets.rts6000.ae674 : LoggerBuf.oe674 (.text:xdc_runtime_LoggerBuf_enable__F)
                  c301e480    00000020     Dsp_pe674.oe674 (.text:xdc_runtime_LoggerBuf_getFilterLevel__E)
                  c301e4a0    00000020     Dsp_pe674.oe674 (.text:xdc_runtime_LoggerBuf_setFilterLevel__E)
                  c301e4c0    00000020     Dsp_pe674.oe674 (.text:xdc_runtime_LoggerBuf_write0__E)
                  c301e4e0    00000020     Dsp_pe674.oe674 (.text:xdc_runtime_LoggerBuf_write1__E)
                  c301e500    00000020     ti.targets.rts6000.ae674 : LoggerBuf.oe674 (.text:xdc_runtime_LoggerBuf_write1__F)
                  c301e520    00000020     Dsp_pe674.oe674 (.text:xdc_runtime_LoggerBuf_write2__E)
                  c301e540    00000020     ti.targets.rts6000.ae674 : LoggerBuf.oe674 (.text:xdc_runtime_LoggerBuf_write2__F)
                  c301e560    00000020     Dsp_pe674.oe674 (.text:xdc_runtime_LoggerBuf_write4__E)
                  c301e580    00000020     Dsp_pe674.oe674 (.text:xdc_runtime_Memory_HeapProxy_alloc__E)
                  c301e5a0    00000020     Dsp_pe674.oe674 (.text:xdc_runtime_Memory_HeapProxy_free__E)
                  c301e5c0    00000020     Dsp_pe674.oe674 (.text:xdc_runtime_Memory_alloc__E)
                  c301e5e0    00000020     Dsp_pe674.oe674 (.text:xdc_runtime_Memory_calloc__E)
                  c301e600    00000020     Dsp_pe674.oe674 (.text:xdc_runtime_Memory_free__E)
                  c301e620    00000020     Dsp_pe674.oe674 (.text:xdc_runtime_Memory_getMaxDefaultTypeAlign__E)
                  c301e640    00000020     ti.targets.rts6000.ae674 : Memory.oe674 (.text:xdc_runtime_Memory_getMaxDefaultTypeAlign__F)
                  c301e660    00000020     Dsp_pe674.oe674 (.text:xdc_runtime_Memory_valloc__E)
                  c301e680    00000020     Dsp_pe674.oe674 (.text:xdc_runtime_Startup_Module__startupDone__S)
                  c301e6a0    00000020     Dsp_pe674.oe674 (.text:xdc_runtime_Startup_exec__E)
                  c301e6c0    00000020     Dsp_pe674.oe674 (.text:xdc_runtime_Startup_exec__I)
                  c301e6e0    00000020     Dsp_pe674.oe674 (.text:xdc_runtime_Startup_reset__I)
                  c301e700    00000020     Dsp_pe674.oe674 (.text:xdc_runtime_SysMin_Module_startup__E)
                  c301e720    00000020     Dsp_pe674.oe674 (.text:xdc_runtime_SysMin_abort__E)
                  c301e740    00000020     Dsp_pe674.oe674 (.text:xdc_runtime_SysMin_exit__E)
                  c301e760    00000020     Dsp_pe674.oe674 (.text:xdc_runtime_SysMin_putch__E)
                  c301e780    00000020     Dsp_pe674.oe674 (.text:xdc_runtime_SysMin_ready__E)
                  c301e7a0    00000020     ti.targets.rts6000.ae674 : SysMin.oe674 (.text:xdc_runtime_SysMin_ready__F)
[...]
c302ae08   ti_sdo_ipc_nsremote_NameServerRemoteNotify_Object__PARAMS__C
c302ae28   ti_sdo_ipc_transports_TransportShm_Object__DESC__C
c302ae48   ti_sdo_utils_List_Object__DESC__C
c302ae68   ti_sysbios_family_c64p_Hwi_Object__DESC__C
c302ae88   ti_sysbios_gates_GateAll_Object__DESC__C
c302aea8   ti_sysbios_gates_GateHwi_Object__DESC__C
c302aec8   ti_sysbios_gates_GateMutexPri_Object__DESC__C
c302aee8   ti_sysbios_gates_GateMutex_Object__DESC__C
c302af08   ti_sysbios_gates_GateSwi_Object__DESC__C
c302af28   ti_sysbios_hal_Hwi_Object__DESC__C
c302af48   ti_sysbios_heaps_HeapMem_Object__DESC__C
c302af68   ti_sysbios_heaps_HeapMem_Object__PARAMS__C
c302af88   ti_sysbios_knl_Clock_Object__DESC__C
c302afa8   ti_sysbios_knl_Queue_Object__DESC__C
c302afc8   ti_sysbios_knl_Semaphore_Object__DESC__C
c302afe8   ti_sysbios_knl_Swi_Object__DESC__C
c302b008   ti_sysbios_knl_Task_Object__DESC__C
c302b028   ti_sysbios_syncs_SyncSem_Object__DESC__C
c302b048   ti_sysbios_xdcruntime_GateThreadSupport_Object__DESC__C
c302b068   xdc_runtime_GateNull_Object__DESC__C
c302b088   xdc_runtime_LoggerBuf_Object__DESC__C
c302b0a8   xdc_runtime_Startup_sfxnRts__A
c302b0c8   xdc_runtime_knl_GateThread_Object__DESC__C
c302b0e8   ti_sdo_ipc_MessageQ_Object__PARAMS__C
c302b104   ti_sysbios_syncs_SyncSem_Object__PARAMS__C
c302b120   ti_sdo_ipc_Notify_Object__PARAMS__C
c302b138   ti_sdo_utils_List_Object__PARAMS__C
c302b150   ti_sysbios_gates_GateAll_Object__PARAMS__C
c302b168   ti_sysbios_gates_GateHwi_Object__PARAMS__C
c302b180   ti_sysbios_gates_GateMutexPri_Object__PARAMS__C
c302b198   ti_sysbios_gates_GateMutex_Object__PARAMS__C
c302b1b0   ti_sysbios_gates_GateSwi_Object__PARAMS__C
c302b1c8   ti_sysbios_knl_Queue_Object__PARAMS__C
c302b1e0   ti_sysbios_knl_Task_hooks__A
c302b1f8   ti_sysbios_xdcruntime_GateThreadSupport_Object__PARAMS__C
c302b210   xdc_runtime_GateNull_Object__PARAMS__C
c302b228   xdc_runtime_knl_GateThread_Object__PARAMS__C
c302b254   ti_sdo_ipc_Ipc_E_internal__C
c302b258   ti_sdo_ipc_Ipc_userFxns__A
c302b264   ti_sysbios_family_c64p_Cache_initSize__C
c302b278   ti_sysbios_knl_Idle_funcList__C
c302b280   ti_sysbios_knl_Task_hooks__C
c302b288   xdc_runtime_Startup_firstFxns__A
c302b290   xdc_runtime_Startup_firstFxns__C
c302b298   xdc_runtime_Startup_lastFxns__C
c302b2a0   ti_sdo_ipc_Ipc_E_nameFailed__C
c302b2a4   ti_sdo_ipc_Ipc_E_versionMismatch__C
c302b2a8   ti_sdo_ipc_Ipc_numUserFxns__C
c302b2ac   ti_sdo_ipc_Ipc_procSync__C
c302b2b0   ti_sdo_ipc_Ipc_userFxns__C
c302b2b4   ti_sdo_ipc_MessageQ_E_maxReached__C
c302b2b8   ti_sdo_ipc_MessageQ_E_nameFailed__C
c302b2bc   ti_sdo_ipc_MessageQ_Instance_State_highList__O
c302b2c0   ti_sdo_ipc_MessageQ_Instance_State_normalList__O
c302b2c4   ti_sdo_ipc_MessageQ_Object__count__C
c302b2c8   ti_sdo_ipc_MessageQ_Object__heap__C
c302b2cc   ti_sdo_ipc_MessageQ_maxRuntimeEntries__C
c302b2d0   ti_sdo_ipc_Notify_Module__gateObj__C
c302b2d4   ti_sdo_ipc_Notify_Object__heap__C
c302b2d8   ti_sdo_ipc_Notify_numEvents__C
c302b2dc   ti_sdo_ipc_Notify_sendEventPollCount__C
c302b2e0   ti_sdo_ipc_SharedRegion_INVALIDSRPTR__C
c302b2e4   ti_sdo_ipc_SharedRegion_cacheLineSize__C
c302b2e8   ti_sdo_ipc_SharedRegion_numOffsetBits__C
c302b2ec   ti_sdo_ipc_SharedRegion_offsetMask__C
c302b2f0   ti_sdo_ipc_family_da830_NotifySetup_armRecvIntId0__C
c302b2f4   ti_sdo_ipc_family_da830_NotifySetup_armRecvIntId1__C
c302b2f8   ti_sdo_ipc_family_da830_NotifySetup_dspIntVectId0__C
c302b2fc   ti_sdo_ipc_family_da830_NotifySetup_dspIntVectId1__C
c302b300   ti_sdo_ipc_family_da830_NotifySetup_dspRecvIntId0__C
c302b304   ti_sdo_ipc_family_da830_NotifySetup_dspRecvIntId1__C
c302b308   ti_sdo_ipc_gates_GatePeterson_E_gateRemotelyOpened__C
c302b30c   ti_sdo_ipc_heaps_HeapMemMP_E_memory__C
c302b310   ti_sdo_ipc_interfaces_IGateMPSupport_Interface__BASE__C
c302b314   ti_sdo_ipc_interfaces_IMessageQTransport_Interface__BASE__C
c302b318   ti_sdo_ipc_interfaces_INotifyDriver_Interface__BASE__C
c302b31c   ti_sdo_ipc_notifyDrivers_NotifyDriverShm_Object__heap__C
c302b320   ti_sdo_ipc_nsremote_NameServerRemoteNotify_Instance_State_semMultiBlock__O
c302b324   ti_sdo_ipc_nsremote_NameServerRemoteNotify_Instance_State_semRemoteWait__O
c302b328   ti_sdo_ipc_nsremote_NameServerRemoteNotify_Instance_State_swiObj__O
c302b32c   ti_sdo_ipc_nsremote_NameServerRemoteNotify_notifyEventId__C
c302b330   ti_sdo_ipc_nsremote_NameServerRemoteNotify_timeout__C
c302b334   ti_sdo_ipc_transports_TransportShmSetup_priority__C
c302b338   ti_sdo_ipc_transports_TransportShm_Instance_State_swiObj__O
c302b33c   ti_sdo_utils_INameServerRemote_Interface__BASE__C
c302b340   ti_sdo_utils_MultiProc_procIdList__A
c302b344   ti_sdo_utils_MultiProc_procIdList__C
c302b348   ti_sdo_utils_NameServer_E_entryExists__C
c302b34c   ti_sdo_utils_NameServer_E_maxReached__C
c302b350   ti_sdo_utils_NameServer_Instance_State_freeList__O
c302b354   ti_sdo_utils_NameServer_Instance_State_nameList__O
c302b358   ti_sdo_utils_NameServer_Object__count__C
c302b35c   ti_sysbios_BIOS_installedErrorHook__C
c302b360   ti_sysbios_family_c62_TaskSupport_stackAlignment__C
c302b364   ti_sysbios_family_c64p_Cache_EMIFA_BASE__C
c302b368   ti_sysbios_family_c64p_Cache_EMIFA_CFG__C
c302b36c   ti_sysbios_family_c64p_Cache_EMIFA_LENGTH__C
c302b370   ti_sysbios_family_c64p_Cache_EMIFB_BASE__C
c302b374   ti_sysbios_family_c64p_Cache_EMIFB_CFG__C
c302b378   ti_sysbios_family_c64p_Cache_EMIFB_LENGTH__C
c302b37c   ti_sysbios_family_c64p_Cache_EMIFC_BASE__C
c302b380   ti_sysbios_family_c64p_Cache_EMIFC_CFG__C
c302b384   ti_sysbios_family_c64p_Cache_EMIFC_LENGTH__C
c302b388   ti_sysbios_family_c64p_Cache_MAR0_31__C
c302b38c   ti_sysbios_family_c64p_Cache_MAR128_159__C
c302b390   ti_sysbios_family_c64p_Cache_MAR160_191__C
c302b394   ti_sysbios_family_c64p_Cache_MAR192_223__C
c302b398   ti_sysbios_family_c64p_Cache_MAR224_255__C
c302b39c   ti_sysbios_family_c64p_Cache_MAR32_63__C
c302b3a0   ti_sysbios_family_c64p_Cache_MAR64_95__C
c302b3a4   ti_sysbios_family_c64p_Cache_MAR96_127__C
c302b3a8   ti_sysbios_family_c64p_Exception_E_exceptionMin__C
c302b3ac   ti_sysbios_family_c64p_Exception_exceptionHook__C
c302b3b0   ti_sysbios_family_c64p_Exception_externalHook__C
c302b3b4   ti_sysbios_family_c64p_Exception_internalHook__C
c302b3b8   ti_sysbios_family_c64p_Exception_nmiHook__C
c302b3bc   ti_sysbios_family_c64p_Hwi_E_alreadyDefined__C
c302b3c0   ti_sysbios_gates_GateMutexPri_Instance_State_pendQ__O
c302b3c4   ti_sysbios_gates_GateMutex_Instance_State_sem__O
c302b3c8   ti_sysbios_hal_Hwi_E_stackOverflow__C
c302b3cc   ti_sysbios_heaps_HeapMem_E_memory__C
c302b3d0   ti_sysbios_heaps_HeapMem_Module__gateObj__C
c302b3d4   ti_sysbios_heaps_HeapMem_Object__count__C
c302b3d8   ti_sysbios_heaps_HeapMem_reqAlignMask__C
c302b3dc   ti_sysbios_heaps_HeapMem_reqAlign__C
c302b3e0   ti_sysbios_knl_Clock_Module_State_clockQ__O
c302b3e4   ti_sysbios_knl_Clock_tickMode__C
c302b3e8   ti_sysbios_knl_Clock_tickPeriod__C
c302b3ec   ti_sysbios_knl_Clock_tickSource__C
c302b3f0   ti_sysbios_knl_Idle_funcList__A
c302b3f4   ti_sysbios_knl_Semaphore_Instance_State_pendQ__O
c302b3f8   ti_sysbios_knl_Swi_Object__count__C
c302b3fc   ti_sysbios_knl_Task_E_spOutOfBounds__C
c302b400   ti_sysbios_knl_Task_E_stackOverflow__C
c302b404   ti_sysbios_knl_Task_Module_State_inactiveQ__O
c302b408   ti_sysbios_knl_Task_Module_State_terminatedQ__O
c302b40c   ti_sysbios_knl_Task_Object__count__C
c302b410   ti_sysbios_knl_Task_Object__heap__C
c302b414   ti_sysbios_knl_Task_allBlockedFunc__C
c302b418   ti_sysbios_knl_Task_defaultStackHeap__C
c302b41c   ti_sysbios_knl_Task_defaultStackSize__C
c302b420   ti_sysbios_knl_Task_numConstructedTasks__C
c302b424   ti_sysbios_timers_timer64_Timer_E_cannotSupport__C
c302b428   ti_sysbios_timers_timer64_Timer_anyMask__C
c302b42c   ti_sysbios_timers_timer64_Timer_freqDivisor__C
c302b430   ti_sysbios_timers_timer64_Timer_numLocalTimers__C
c302b434   ti_sysbios_timers_timer64_Timer_numTimerDevices__C
c302b438   ti_sysbios_xdcruntime_GateThreadSupport_Instance_State_gate__O
c302b43c   xdc_runtime_Assert_E_assertFailed__C
c302b440   xdc_runtime_Core_A_initializedParams__C
c302b444   xdc_runtime_Core_Module__diagsEnabled__C
c302b448   xdc_runtime_Core_Module__diagsIncluded__C
c302b44c   xdc_runtime_Core_Module__diagsMask__C
c302b450   xdc_runtime_Error_E_generic__C
c302b454   xdc_runtime_Error_E_memory__C
c302b458   xdc_runtime_Error_Module__diagsEnabled__C
c302b45c   xdc_runtime_Error_Module__diagsIncluded__C
c302b460   xdc_runtime_Error_Module__diagsMask__C
c302b464   xdc_runtime_Error_Module__loggerFxn8__C
c302b468   xdc_runtime_Error_Module__loggerObj__C
c302b46c   xdc_runtime_Error_policy__C
c302b470   xdc_runtime_Error_raiseHook__C
c302b474   xdc_runtime_IFilterLogger_Interface__BASE__C
c302b478   xdc_runtime_IGateProvider_Interface__BASE__C
c302b47c   xdc_runtime_IHeap_Interface__BASE__C
c302b480   xdc_runtime_ILogger_Interface__BASE__C
c302b484   xdc_runtime_IModule_Interface__BASE__C
c302b488   xdc_runtime_Log_L_error__C
c302b48c   xdc_runtime_LoggerBuf_E_badLevel__C
c302b490   xdc_runtime_LoggerBuf_Module__gateObj__C
c302b494   xdc_runtime_LoggerBuf_Object__count__C
c302b498   xdc_runtime_LoggerBuf_statusLogger__C
c302b49c   xdc_runtime_Memory_defaultHeapInstance__C
c302b4a0   xdc_runtime_Startup_execImpl__C
c302b4a4   xdc_runtime_Startup_maxPasses__C
c302b4a8   xdc_runtime_Startup_lastFxns__A
c302b4ac   xdc_runtime_Startup_sfxnRts__C
c302b4b0   xdc_runtime_Startup_sfxnTab__C
c302b4b4   xdc_runtime_SysMin_bufSize__C
c302b4b8   xdc_runtime_SysMin_outputFunc__C
c302b4bc   xdc_runtime_System_Module__gateObj__C
c302b4c0   xdc_runtime_System_extendFxn__C
c302b4c4   xdc_runtime_System_maxAtexitHandlers__C
c302b4c8   xdc_runtime_Text_charTab__C
c302b4cc   xdc_runtime_Text_nameEmpty__C
c302b4d0   xdc_runtime_Text_nameStatic__C
c302b4d4   xdc_runtime_Text_nameUnknown__C
c302b4d8   xdc_runtime_Text_nodeTab__C
c302b4dc   xdc_runtime_Text_visitRopeFxn__C
c302b4e0   xdc_runtime_knl_ISync_Interface__BASE__C
c302b4e4   ti_sdo_ipc_GateMP_Module__id__C
c302b4e8   ti_sdo_ipc_Ipc_generateSlaveDataForHost__C
c302b4ec   ti_sdo_ipc_ListMP_Module__id__C
c302b4f0   ti_sdo_ipc_MessageQ_Module__id__C
c302b4f4   ti_sdo_ipc_Notify_numLines__C
c302b4f8   ti_sdo_ipc_SharedRegion_numEntries__C
c302b4fc   ti_sdo_ipc_SharedRegion_translate__C
c302b500   ti_sdo_ipc_family_da830_NotifySetup_useSecondLine__C
c302b504   ti_sdo_ipc_gates_GatePeterson_Module__id__C
c302b508   ti_sdo_ipc_heaps_HeapMemMP_Module__id__C
c302b50c   ti_sdo_ipc_nsremote_NameServerRemoteNotify_Module__id__C
c302b510   ti_sdo_ipc_transports_TransportShm_Module__id__C
c302b514   ti_sdo_ipc_transports_TransportShm_notifyEventId__C
c302b518   ti_sdo_utils_MultiProc_numProcessors__C
c302b51c   ti_sdo_utils_MultiProc_numProcsInCluster__C
c302b520   ti_sdo_utils_NameServer_Module__id__C
c302b524   ti_sdo_utils_NameServer_singleProcessor__C
c302b528   ti_sysbios_family_c64p_Exception_Module__id__C
c302b52c   ti_sysbios_family_c64p_Hwi_Module__id__C
c302b530   ti_sysbios_hal_Hwi_Module__id__C
c302b534   ti_sysbios_heaps_HeapMem_Module__id__C
c302b538   ti_sysbios_knl_Task_Module__id__C
c302b53c   ti_sysbios_knl_Task_deleteTerminatedTasks__C
c302b540   ti_sysbios_knl_Task_initStackFlag__C
c302b544   ti_sysbios_timers_timer64_Timer_Module__id__C
c302b548   ti_sysbios_timers_timer64_Timer_startupNeeded__C
c302b54c   xdc_runtime_Core_Module__id__C
c302b550   xdc_runtime_Error_Module__loggerDefined__C
c302b554   xdc_runtime_Error_maxDepth__C
c302b558   xdc_runtime_LoggerBuf_Module__id__C
c302b55c   xdc_runtime_LoggerBuf_filterByLevel__C
c302b560   xdc_runtime_Memory_Module__id__C
c302b564   xdc_runtime_SysMin_flushAtExit__C
c302b568   xdc_runtime_Text_charCnt__C
c302b56c   xdc_runtime_Text_isLoaded__C
c302b570   xdc_runtime_Text_registryModsLastId__C
c302b574   xdc_runtime_Text_unnamedModsLastId__C
c302b578   ti_sdo_ipc_GateMP_Module_State_0_remoteSystemGates__A
c302bd78   ti_sdo_ipc_GateMP_Module__root__V
c302bd84   ti_sdo_ipc_GateMP_Module__state__V
c302bdcc   ti_sdo_ipc_Ipc_Module__root__V
c302bdd0   ti_sdo_ipc_Ipc_Module__state__V
c302bddc   ti_sdo_ipc_ListMP_Module__root__V
c302bde8   ti_sdo_ipc_ListMP_Module__state__V
c302bdec   ti_sdo_ipc_MessageQ_Module__root__V
c302bdf8   ti_sdo_ipc_MessageQ_Module__state__V
c302be14   ti_sdo_ipc_Notify_Module__root__V
c302be20   ti_sdo_ipc_Notify_Module__state__V
c302be28   ti_sdo_ipc_SharedRegion_Module__root__V
c302be2c   ti_sdo_ipc_SharedRegion_Module__state__V
c302be30   ti_sdo_ipc_family_da830_InterruptDsp_Module__root__V
c302be32   ti_sdo_ipc_family_da830_NotifySetup_Module__root__V
c302be34   ti_sdo_ipc_gates_GateMPSupportNull_Module__root__V
c302be40   ti_sdo_ipc_gates_GatePeterson_Module__root__V
c302be4c   ti_sdo_ipc_heaps_HeapMemMP_Module__root__V
c302be58   ti_sdo_ipc_heaps_HeapMemMP_Module__state__V
c302be5c   ti_sdo_ipc_notifyDrivers_NotifyDriverShm_Module__root__V
c302be68   ti_sdo_ipc_nsremote_NameServerRemoteNotify_Module__root__V
c302be74   ti_sdo_ipc_transports_TransportShm_Module__root__V
c302be80   ti_sdo_ipc_transports_TransportShmSetup_Module__root__V
c302be84   ti_sdo_ipc_transports_TransportShmSetup_Module__state__V
c302be88   ti_sdo_utils_List_Module__root__V
c302be94   ti_sdo_utils_MultiProc_Module__root__V
c302be96   ti_sdo_utils_MultiProc_Module__state__V
c302be9c   ti_sdo_utils_NameServer_Module__root__V
c302bea8   ti_sdo_utils_NameServer_Module__state__V
c302beb0   ti_sdo_utils_NameServerRemoteNull_Module__root__V
c302bebc   ti_sysbios_BIOS_Module__root__V
c302bec0   ti_sysbios_BIOS_Module__state__V
c302bedc   ti_sysbios_family_c62_IntrinsicsSupport_Module__root__V
c302bede   ti_sysbios_family_c62_TaskSupport_Module__root__V
c302bee0   ti_sysbios_family_c64p_Cache_Module__root__V
c302bee4   ti_sysbios_family_c64p_Cache_Module__state__V
c302bee8   ti_sysbios_family_c64p_Exception_Module__root__V
c302beec   ti_sysbios_family_c64p_Exception_Module__state__V
c302bf18   ti_sysbios_family_c64p_Hwi_Module__root__V
c302bf24   ti_sysbios_family_c64p_Hwi_Module__state__V
c302bf88   ti_sysbios_family_c64p_primus_TimerSupport_Module__root__V
c302bf8c   ti_sysbios_family_c64p_primus_TimerSupport_Module__state__V
c302bf90   ti_sysbios_gates_GateAll_Module__root__V
c302bf9c   ti_sysbios_gates_GateHwi_Module__root__V
c302bfa8   ti_sysbios_gates_GateMutex_Module__root__V
c302bfb4   ti_sysbios_gates_GateMutexPri_Module__root__V
c302bfc0   ti_sysbios_gates_GateSwi_Module__root__V
c302bfcc   ti_sysbios_hal_Cache_Module__root__V
c302bfd0   ti_sysbios_hal_Hwi_Module__root__V
c302bfdc   ti_sysbios_hal_Timer_Module__root__V
c302bfe8   ti_sysbios_heaps_HeapMem_Module__root__V
c302bff4   ti_sysbios_knl_Clock_Module__root__V
c302c000   ti_sysbios_knl_Clock_Module__state__V
c302c02c   ti_sysbios_knl_Idle_Module__root__V
c302c02e   ti_sysbios_knl_Intrinsics_Module__root__V
c302c030   ti_sysbios_knl_Queue_Module__root__V
c302c03c   ti_sysbios_knl_Semaphore_Module__root__V
c302c048   ti_sysbios_knl_Swi_Module__root__V
c302c054   ti_sysbios_knl_Swi_Module__state__V
c302c070   ti_sysbios_knl_Task_Module__root__V
c302c07c   ti_sysbios_knl_Task_Module__state__V
c302c0b0   ti_sysbios_syncs_SyncSem_Module__root__V
c302c0bc   ti_sysbios_timers_timer64_Timer_Module__root__V
c302c0c8   ti_sysbios_timers_timer64_Timer_Module__state__V
c302c0dc   ti_sysbios_xdcruntime_GateThreadSupport_Module__root__V
c302c0e8   xdc_runtime_Defaults_Module__root__V
c302c0ea   xdc_runtime_Error_Module__root__V
c302c0ec   xdc_runtime_Error_Module__state__V
c302c0f0   xdc_runtime_GateNull_Module__root__V
c302c0f8   xdc_runtime_LoggerBuf_Module__root__V
c302c100   xdc_runtime_LoggerBuf_Module__state__V
c302c106   xdc_runtime_Main_Module__root__V
c302c108   xdc_runtime_Memory_Module__state__V
c302c10c   xdc_runtime_Registry_Module__root__V
c302c110   xdc_runtime_Registry_Module__state__V
c302c118   xdc_runtime_Startup_Module__state__V
c302c120   xdc_runtime_SysMin_Module__state__V
c302c12c   xdc_runtime_System_Module__state__V
c302c138   xdc_runtime_Text_Module__state__V
c302c140   xdc_runtime_knl_GateThread_Module__root__V
c302c14c   __xdc__init__addr
c302c150   ti_sdo_utils_NameServer_Object__table__V
c302c230   ti_sdo_ipc_SharedRegion_Module_State_0_regions__A
c302c2c0   ti_sysbios_knl_Task_Object__table__V
c302c304   TSK_idle
c302c348   ti_sysbios_knl_Swi_Module_State_0_readyQ__A
c302c3c8   ti_sysbios_knl_Task_Module_State_0_readyQ__A
c302c448   ti_sysbios_timers_timer64_Timer_Module_State_0_device__A
c302c4a8   ti_sysbios_timers_timer64_Timer_Object__table__V
c302c4f8   ti_sysbios_gates_GateMutex_Object__table__V
c302c538   ti_sysbios_knl_Swi_Object__table__V
c302c568   ti_sdo_ipc_Ipc_Module_State_0_procEntry__A
c302c590   xdc_runtime_LoggerBuf_Object__table__V
c302c5b8   ti_sdo_ipc_MessageQ_Module_State_0_heaps__A
c302c5d8   ti_sysbios_timers_timer64_Timer_Module_State_0_gctrl__A
c302c5f8   ti_sysbios_timers_timer64_Timer_Module_State_0_handles__A
c302c618   ti_sysbios_timers_timer64_Timer_Module_State_0_intFreqs__A
c302c638   xdc_runtime_System_Module_State_0_atexitHandlers__A
c302c658   ti_sysbios_family_c64p_Hwi_Object__table__V
c302c670   ti_sysbios_gates_GateMutexPri_Object__table__V
c302c688   ti_sysbios_heaps_HeapMem_Object__table__V
c302c6a0   ti_sdo_ipc_MessageQ_Module_State_0_transports__A
c302c6b0   ti_sysbios_gates_GateAll_Object__table__V
c302c6c0   _cleanup_ptr
c302c6c4   _dtors_ptr
c302c6c8   __TI_enable_exit_profile_output
c302c6d0   ti_sysbios_gates_GateSwi_Object__table__V
c302c6dc   _lock
c302c6e0   _unlock
c302c6e8   ti_sdo_ipc_Notify_Module_State_0_notifyHandles__A
c302c6f0   ti_sdo_ipc_transports_TransportShmSetup_Module_State_0_handles__A
c302c6f8   ti_sysbios_family_c64p_primus_TimerSupport_Module_State_0_suspSrc__A
c302c700   ti_sysbios_hal_Hwi_Object__table__V
c302c708   ti_sysbios_hal_Timer_Object__table__V
c302c710   ti_sdo_ipc_GateMP_Module_State_0_remoteCustom2Gates__A
c302c718   ti_sdo_ipc_Notify_Module_State_0_notifyHandles_0__A
c302c720   ti_sdo_ipc_Notify_Module_State_0_notifyHandles_1__A
c302c728   ti_sysbios_gates_GateHwi_Object__table__V
c302c730   xdc_runtime_GateNull_Object__table__V
c302c738   _stack
c302d738   __TI_STACK_END
c302d738   __c_args__
c302d79c   __TI_STATIC_BASE
c302d79c   myHwi
c302d7a0   p_rx
c302d7a4   p_tx
c302d7a8   buffer
c302d7b0   tx_len
c302d7b4   rx_len
c302d7b8   len
c302d800   ti_sysbios_family_c64p_Hwi0
c302d820   ti_sysbios_family_c64p_Hwi1
c302d840   ti_sysbios_family_c64p_Hwi2
c302d860   ti_sysbios_family_c64p_Hwi3
c302d880   ti_sysbios_family_c64p_Hwi4
c302d8a0   ti_sysbios_family_c64p_Hwi5
c302d8c0   ti_sysbios_family_c64p_Hwi6
c302d8e0   ti_sysbios_family_c64p_Hwi7
c302d900   ti_sysbios_family_c64p_Hwi8
c302d920   ti_sysbios_family_c64p_Hwi9
c302d940   ti_sysbios_family_c64p_Hwi10
c302d960   ti_sysbios_family_c64p_Hwi11
c302d980   ti_sysbios_family_c64p_Hwi12
c302d9a0   ti_sysbios_family_c64p_Hwi13
c302d9c0   ti_sysbios_family_c64p_Hwi14
c302d9e0   ti_sysbios_family_c64p_Hwi15
c302da00   __CIOBUF_
c302dc00   _Ipc_ResetVector
c302dc08   Ipc_sr0MemorySetup
ffffffff   __TI_pprof_out_hndl
ffffffff   __TI_prof_data_size
ffffffff   __TI_prof_data_start
ffffffff   __binit__
ffffffff   binit

[2238 symbols]


DYNAMIC SYMBOLS: SORTED ALPHABETICALLY BY Name 

address    name
--------   ----
UNDEFED    
c302c304   TSK_idle
c302dc00   _Ipc_ResetVector
c302d738   __TI_STACK_END
00001000   __TI_STACK_SIZE
c302d79c   __TI_STATIC_BASE
ffffffff   __TI_pprof_out_hndl
ffffffff   __TI_prof_data_size
ffffffff   __TI_prof_data_start
ffffffff   __binit__
c302d738   __c_args__
00000064   _argsize
ffffffff   binit
00000001   xdc_runtime_Startup__EXECFXN__C
00000001   xdc_runtime_Startup__RESETFXN__C

[15 symbols]


IMPORTED and EXPORTED SYMBOLS: SORTED ALPHABETICALLY BY Name 

IMPORTED SYMBOLS

name                           size      Imported from
-----------------------------  --------  -------------

[0 symbols]


EXPORTED SYMBOLS

address    name
--------   ----
c302dc00   _Ipc_ResetVector
