******************************************************************************
               TMS320C6x Linker Unix v7.3.3                    
******************************************************************************
>> Linked Mon Nov 24 00:00:29 2014

OUTPUT FILE NAME:   <bin/release/dsp.xe674>
ENTRY POINT SYMBOL: "ti_sysbios_family_c64p_Hwi0"  address: c302dc00


MEMORY CONFIGURATION

         name            origin    length      used     unused   attr    fill
----------------------  --------  ---------  --------  --------  ----  --------
  IROM                  11700000   00100000  00000000  00100000  R  X
  IRAM                  11800000   00038000  00000000  00038000  RW X
  L3_CBA_RAM            80000000   00020000  00000000  00020000  RW X
  SR_0                  c2000000   00010000  00010000  00000000  RW X
  DSP_PROG              c3000000   00800000  0002dcae  007d2352  RW X


SEGMENT ALLOCATION MAP

run origin  load origin   length   init length attrs members
----------  ----------- ---------- ----------- ----- -------
c3000000    c3000000    0001ed80   0001ed80    r-x
  c3000000    c3000000    0001ed80   0001ed80    r-x .text
c301ed80    c301ed80    00008b58   00000000    rw-
  c301ed80    c301ed80    00008b58   00000000    rw- .far
c30278d8    c30278d8    00003e32   00003e32    r--
  c30278d8    c30278d8    00003e32   00003e32    r-- .const
c302b710    c302b710    000011bc   000011bc    rw-
  c302b710    c302b710    000011bc   000011bc    rw- .fardata
c302c8d0    c302c8d0    00001120   00000000    rw-
  c302c8d0    c302c8d0    00001000   00000000    rw- .stack
  c302d8d0    c302d8d0    00000120   00000000    rw- .cio
c302d9f0    c302d9f0    00000078   00000064    rw-
  c302d9f0    c302d9f0    00000064   00000064    rw- .args
  c302da54    c302da54    00000014   00000000    rw- .bss
c302da68    c302da68    0000000c   0000000c    rw-
  c302da68    c302da68    0000000c   0000000c    rw- .neardata
c302da74    c302da74    00000010   00000010    r--
  c302da74    c302da74    00000010   00000010    r-- .switch
c302dc00    c302dc00    00000200   00000200    r-x
  c302dc00    c302dc00    00000200   00000200    r-x .vecs
c302e000    c302e000    00000034   00000034    r--
  c302e000    c302e000    00000034   00000034    r-- ti_sdo_ipc_init


SECTION ALLOCATION MAP

 output                                  attributes/
section   page    origin      length       input sections
--------  ----  ----------  ----------   ----------------
.cinit     0    c3000000    00000000     UNINITIALIZED

.init_array 
*          0    c3000000    00000000     UNINITIALIZED

ti.sdo.ipc.SharedRegion_0 
*          0    c2000000    00010000     NOLOAD SECTION
                  c2000000    00010000     --HOLE--

xdc.meta   0    c3000000    000000e0     COPY SECTION
                  c3000000    000000e0     Dsp_pe674.oe674 (xdc.meta)

.text      0    c3000000    0001ed80     
                  c3000000    00000b80     ipc.lib : Ipc.obj (.text:ti_sdo_ipc_GateMP_Instance_init__F)
                  c3000b80    000009a0     ti.targets.rts6000.ae674 : System.oe674 (.text:xdc_runtime_System_doPrint__I)
                  c3001520    000007e0     syslink.oe674 (.text)
                  c3001d00    00000780     sysbios.lib : BIOS.obj (.text:ti_sysbios_family_c64p_Exception_handler__I)
                  c3002480    00000760     ipc.lib : Ipc.obj (.text:Ipc_detach)
                  c3002be0    00000740             : Ipc.obj (.text:Ipc_attach)
                  c3003320    00000700             : Ipc.obj (.text:ti_sdo_ipc_transports_TransportShm_Instance_init__F)
                  c3003a20    000005c0     rts6740_elf.lib : _printfi.obj (.text:_getarg_diouxp)
                  c3003fe0    000005c0     main.oe674 (.text)
                  c30045a0    000005a0     rts6740_elf.lib : divd.obj (.text:__c6xabi_divd)
                  c3004b40    00000480                     : _printfi.obj (.text:_setfield)
                  c3004fc0    00000460                     : _printfi.obj (.text:_printfi)
                  c3005420    00000460     ipc.lib : Ipc.obj (.text:ti_sdo_ipc_GateMP_setRegion0Reserved__F)
                  c3005880    00000460             : Ipc.obj (.text:ti_sdo_ipc_heaps_HeapMemMP_Instance_init__F)
                  c3005ce0    00000460             : Ipc.obj (.text:ti_sdo_ipc_nsremote_NameServerRemoteNotify_get__F)
                  c3006140    00000440             : Ipc.obj (.text:ti_sdo_ipc_ListMP_Instance_init__F)
                  c3006580    00000400     spi.oe674 (.text)
                  c3006980    000003e0     ipc.lib : Ipc.obj (.text:ti_sdo_ipc_GateMP_Instance_finalize__F)
                  c3006d60    000003c0             : Ipc.obj (.text:ti_sdo_ipc_heaps_HeapMemMP_alloc__E)
                  c3007120    000003a0             : Ipc.obj (.text:NameServer_add)
                  c30074c0    000003a0             : Ipc.obj (.text:ti_sdo_ipc_MessageQ_Instance_init__F)
                  c3007860    00000380             : Ipc.obj (.text:ti_sdo_ipc_heaps_HeapMemMP_free__E)
                  c3007be0    00000320     sysbios.lib : BIOS.obj (.text:ti_sysbios_timers_timer64_Timer_Module_startup__F)
                  c3007f00    000002e0     rts6740_elf.lib : _printfi.obj (.text:_pproc_fwp)
                  c30081e0    000002e0     ipc.lib : Ipc.obj (.text:ti_sdo_ipc_nsremote_NameServerRemoteNotify_Instance_init__F)
                  c30084c0    000002c0             : Ipc.obj (.text:NameServer_get)
                  c3008780    000002c0     rts6740_elf.lib : _printfi.obj (.text:_pproc_fge)
                  c3008a40    000002a0                     : _printfi.obj (.text:ecvt)
                  c3008ce0    000002a0                     : _printfi.obj (.text:fcvt)
                  c3008f80    000002a0     ipc.lib : Ipc.obj (.text:ti_sdo_ipc_Ipc_procSyncStart__I)
                  c3009220    000002a0             : Ipc.obj (.text:ti_sdo_ipc_transports_TransportShm_Instance_finalize__F)
                  c30094c0    00000280             : Ipc.obj (.text:Ipc_start)
                  c3009740    00000280             : Ipc.obj (.text:ListMP_putTail)
                  c30099c0    00000280             : Ipc.obj (.text:ListMP_remove)
                  c3009c40    00000280     sysbios.lib : BIOS.obj (.text:deviceConfig$44)
                  c3009ec0    00000280     ipc.lib : Ipc.obj (.text:ti_sdo_ipc_gates_GatePeterson_Instance_init__F)
                  c300a140    00000280     ti.targets.rts6000.ae674 : Core-mem.oe674 (.text:xdc_runtime_Core_createObject__I)
                  c300a3c0    00000280                              : Error.oe674 (.text:xdc_runtime_Error_raiseX__F)
                  c300a640    00000280     Dsp_pe674.oe674 (.text:xdc_runtime_System_printfExtend__I)
                  c300a8c0    00000260     rts6740_elf.lib : imath64.obj (.text:__c6xabi_divull)
                  c300ab20    00000260                     : _printfi.obj (.text:_pconv_e)
                  c300ad80    00000260     sysbios.lib : BIOS.obj (.text:ti_sysbios_timers_timer64_Timer_setPeriodMicroSecs__E)
                  c300afe0    00000260     ti.targets.rts6000.ae674 : Startup.oe674 (.text:xdc_runtime_Startup_startMods__I)
                  c300b240    00000240     ipc.lib : Ipc.obj (.text:GateMP_openByAddr)
                  c300b480    00000240     rts6740_elf.lib : _printfi.obj (.text:_pproc_diouxp)
                  c300b6c0    00000240     ipc.lib : Ipc.obj (.text:ti_sdo_ipc_family_da830_NotifySetup_attach__E)
                  c300b900    00000240             : Ipc.obj (.text:ti_sdo_ipc_heaps_HeapMemMP_getStats__E)
                  c300bb40    00000240     sysbios.lib : BIOS.obj (.text:ti_sysbios_family_c64p_Exception_internalHandler__I)
                  c300bd80    00000240                 : BIOS.obj (.text:ti_sysbios_knl_Semaphore_pend__E)
                  c300bfc0    00000240     ti.targets.rts6000.ae674 : LoggerBuf.oe674 (.text:xdc_runtime_LoggerBuf_write8__F)
                  c300c200    00000220     rts6740_elf.lib : _printfi.obj (.text:_pproc_str)
                  c300c420    00000220     ipc.lib : Ipc.obj (.text:ti_sdo_ipc_nsremote_NameServerRemoteNotify_swiFxn__I)
                  c300c640    00000220     sysbios.lib : BIOS.obj (.text:ti_sysbios_knl_Task_exit__E)
                  c300c860    00000200     ipc.lib : Ipc.obj (.text:ListMP_getHead)
                  c300ca60    00000200     rts6740_elf.lib : _printfi.obj (.text:_pconv_g)
                  c300cc60    00000200     sysbios.lib : c64p_Hwi_disp_always.obj (.text:_ti_sysbios_family_c64p_Hwi_dispatchAlways)
                  c300ce60    00000200     ipc.lib : Ipc.obj (.text:ti_sdo_ipc_Ipc_procSyncFinish__I)
                  c300d060    00000200             : Ipc.obj (.text:ti_sdo_ipc_notifyDrivers_NotifyDriverShm_Instance_init__F)
                  c300d260    00000200             : Ipc.obj (.text:ti_sdo_ipc_notifyDrivers_NotifyDriverShm_sendEvent__E)
                  c300d460    00000200     sysbios.lib : BIOS.obj (.text:ti_sysbios_gates_GateMutexPri_enter__E)
                  c300d660    00000200                 : BIOS.obj (.text:ti_sysbios_knl_Task_Instance_finalize__F)
                  c300d860    000001e0     ipc.lib : Ipc.obj (.text:GateMP_sharedMemReq)
                  c300da40    000001e0             : Ipc.obj (.text:ListMP_openByAddr)
                  c300dc20    000001e0     sysbios.lib : BIOS.obj (.text:ti_sysbios_knl_Task_postInit__I)
                  c300de00    000001c0     rts6740_elf.lib : _printfi.obj (.text:_mcpy)
                  c300dfc0    000001c0     sysbios.lib : BIOS.obj (.text:block$55)
                  c300e180    000001c0     ipc.lib : Ipc.obj (.text:ti_sdo_ipc_GateMP_getFreeResource__I)
                  c300e340    000001c0             : Ipc.obj (.text:ti_sdo_ipc_heaps_HeapMemMP_postInit__I)
                  c300e500    000001c0     sysbios.lib : BIOS.obj (.text:ti_sysbios_family_c64p_Hwi_reconfig__E)
                  c300e6c0    000001c0                 : BIOS.obj (.text:ti_sysbios_knl_Task_checkStacks__E)
                  c300e880    000001a0     ipc.lib : Ipc.obj (.text:Ipc_writeConfig)
                  c300ea20    000001a0     rts6740_elf.lib : imath40.obj (.text:__c6xabi_divul)
                  c300ebc0    000001a0     ipc.lib : Ipc.obj (.text:ti_sdo_ipc_notifyDrivers_NotifyDriverShm_registerEvent__E)
                  c300ed60    000001a0             : Ipc.obj (.text:ti_sdo_ipc_notifyDrivers_NotifyDriverShm_unregisterEvent__E)
                  c300ef00    000001a0     sysbios.lib : BIOS.obj (.text:ti_sysbios_knl_Task_Instance_init__F)
                  c300f0a0    000001a0                 : BIOS.obj (.text:ti_sysbios_timers_timer64_Timer_start__E)
                  c300f240    000001a0     ti.targets.rts6000.ae674 : LoggerBuf.oe674 (.text:xdc_runtime_LoggerBuf_write4__F)
                  c300f3e0    00000180     ipc.lib : Ipc.obj (.text:NameServer_getHandle)
                  c300f560    00000180     psc.oe674 (.text)
                  c300f6e0    00000180     sysbios.lib : c64p_Exception_asm.obj (.text)
                  c300f860    00000180     ipc.lib : Ipc.obj (.text:ti_sdo_ipc_gates_GatePeterson_enter__E)
                  c300f9e0    00000180             : Ipc.obj (.text:ti_sdo_ipc_notifyDrivers_NotifyDriverShm_isr__I)
                  c300fb60    00000180     sysbios.lib : BIOS.obj (.text:ti_sysbios_heaps_HeapMem_alloc__E)
                  c300fce0    00000180                 : BIOS.obj (.text:ti_sysbios_knl_Swi_schedule__I)
                  c300fe60    00000180                 : BIOS.obj (.text:ti_sysbios_knl_Task_schedule__I)
                  c300ffe0    00000180                 : BIOS.obj (.text:ti_sysbios_knl_Task_setPri__E)
                  c3010160    00000180     ti.targets.rts6000.ae674 : Text.oe674 (.text:xdc_runtime_Text_putSite__F)
                  c30102e0    00000160     ipc.lib : Ipc.obj (.text:ti_sdo_ipc_GateMP_openRegion0Reserved__F)
                  c3010440    00000160             : Ipc.obj (.text:ti_sdo_ipc_ListMP_Instance_finalize__F)
                  c30105a0    00000160             : Ipc.obj (.text:ti_sdo_ipc_Notify_Instance_init__F)
                  c3010700    00000160             : Ipc.obj (.text:ti_sdo_ipc_heaps_HeapMemMP_Instance_finalize__F)
                  c3010860    00000160             : Ipc.obj (.text:ti_sdo_utils_NameServer_removeLocal__I)
                  c30109c0    00000160     sysbios.lib : BIOS.obj (.text:ti_sysbios_family_c64p_Hwi_dispatchC__I)
                  c3010b20    00000160                 : BIOS.obj (.text:ti_sysbios_heaps_HeapMem_free__E)
                  c3010c80    00000160                 : BIOS.obj (.text:ti_sysbios_knl_Task_startup__E)
                  c3010de0    00000140     ipc.lib : Ipc.obj (.text:HeapMemMP_openByAddr)
                  c3010f20    00000140             : Ipc.obj (.text:MessageQ_put)
                  c3011060    00000140     boot.ae674 : autoinit.oe674 (.text:_auto_init_elf)
                  c30111a0    00000140     rts6740_elf.lib : _printfi.obj (.text:_pproc_fflags)
                  c30112e0    00000140     ipc.lib : Ipc.obj (.text:ti_sdo_ipc_SharedRegion_start__F)
                  c3011420    00000140             : Ipc.obj (.text:ti_sdo_ipc_notifyDrivers_NotifyDriverShm_disableEvent__E)
                  c3011560    00000140             : Ipc.obj (.text:ti_sdo_ipc_transports_TransportShm_openByAddr__F)
                  c30116a0    00000140             : Ipc.obj (.text:ti_sdo_ipc_transports_TransportShm_put__E)
                  c30117e0    00000140     sysbios.lib : BIOS.obj (.text:ti_sysbios_family_c64p_Hwi_Module_startup__F)
                  c3011920    00000140                 : BIOS.obj (.text:ti_sysbios_knl_Task_Module_startup__F)
                  c3011a60    00000140                 : BIOS.obj (.text:ti_sysbios_knl_Task_sleep__E)
                  c3011ba0    00000120     ipc.lib : Ipc.obj (.text:HeapMemMP_sharedMemReq)
                  c3011cc0    00000120     rts6740_elf.lib : imath64.obj (.text:__c6xabi_divlli)
                  c3011de0    00000120     ipc.lib : Ipc.obj (.text:ti_sdo_ipc_MessageQ_Module_startup__F)
                  c3011f00    00000120     Dsp_pe674.oe674 (.text:ti_sdo_ipc_MessageQ_Object__create__S)
                  c3012020    00000120     Dsp_pe674.oe674 (.text:ti_sdo_ipc_Notify_Object__create__S)
                  c3012140    00000120     Dsp_pe674.oe674 (.text:ti_sdo_ipc_gates_GatePeterson_Object__create__S)
                  c3012260    00000120     Dsp_pe674.oe674 (.text:ti_sdo_ipc_nsremote_NameServerRemoteNotify_Object__create__S)
                  c3012380    00000120     Dsp_pe674.oe674 (.text:ti_sdo_ipc_transports_TransportShm_Object__create__S)
                  c30124a0    00000120     ipc.lib : Ipc.obj (.text:ti_sdo_ipc_transports_TransportShm_sharedMemReq__F)
                  c30125c0    00000120     sysbios.lib : BIOS.obj (.text:ti_sysbios_family_c64p_Cache_Module_startup__F)
                  c30126e0    00000120     Dsp_pe674.oe674 (.text:ti_sysbios_family_c64p_Hwi_Object__create__S)
                  c3012800    00000120     Dsp_pe674.oe674 (.text:ti_sysbios_hal_Hwi_Object__create__S)
                  c3012920    00000120     sysbios.lib : BIOS.obj (.text:ti_sysbios_knl_Clock_workFunc__E)
                  c3012a40    00000120     Dsp_pe674.oe674 (.text:ti_sysbios_knl_Swi_Object__create__S)
                  c3012b60    00000120     Dsp_pe674.oe674 (.text:ti_sysbios_knl_Task_Object__create__S)
                  c3012c80    00000120     ti.targets.rts6000.ae674 : LoggerBuf.oe674 (.text:xdc_runtime_LoggerBuf_setFilterLevel__F)
                  c3012da0    00000120                              : Text.oe674 (.text:xdc_runtime_Text_putLab__F)
                  c3012ec0    00000100     ipc.lib : Ipc.obj (.text:ListMP_sharedMemReq)
                  c3012fc0    00000100             : Ipc.obj (.text:Notify_registerEventSingle)
                  c30130c0    00000100             : Ipc.obj (.text:Notify_sendEvent)
                  c30131c0    00000100             : Ipc.obj (.text:Notify_unregisterEventSingle)
                  c30132c0    00000100     rts6740_elf.lib : _printfi.obj (.text:_ltostr)
                  c30133c0    00000100     sysbios.lib : BIOS.obj (.text:initDevice$44)
                  c30134c0    00000100     Dsp_pe674.oe674 (.text:ti_sdo_ipc_GateMP_Object__create__S)
                  c30135c0    00000100     ipc.lib : Ipc.obj (.text:ti_sdo_ipc_GateMP_start__F)
                  c30136c0    00000100     Dsp_pe674.oe674 (.text:ti_sdo_ipc_ListMP_Object__create__S)
                  c30137c0    00000100     ipc.lib : Ipc.obj (.text:ti_sdo_ipc_MessageQ_Instance_finalize__F)
                  c30138c0    00000100             : Ipc.obj (.text:ti_sdo_ipc_Notify_Instance_finalize__F)
                  c30139c0    00000100             : Ipc.obj (.text:ti_sdo_ipc_SharedRegion_attach__F)
                  c3013ac0    00000100             : Ipc.obj (.text:ti_sdo_ipc_SharedRegion_clearReservedMemory__F)
                  c3013bc0    00000100     Dsp_pe674.oe674 (.text:ti_sdo_ipc_heaps_HeapMemMP_Object__create__S)
                  c3013cc0    00000100     Dsp_pe674.oe674 (.text:ti_sdo_ipc_notifyDrivers_NotifyDriverShm_Object__create__S)
                  c3013dc0    00000100     ipc.lib : Ipc.obj (.text:ti_sdo_ipc_nsremote_NameServerRemoteNotify_Instance_finalize__F)
                  c3013ec0    00000100             : Ipc.obj (.text:ti_sdo_ipc_transports_TransportShmSetup_attach__E)
                  c3013fc0    00000100             : Ipc.obj (.text:ti_sdo_utils_NameServer_findLocal__I)
                  c30140c0    00000100     sysbios.lib : BIOS.obj (.text:ti_sysbios_gates_GateMutexPri_leave__E)
                  c30141c0    00000100                 : BIOS.obj (.text:ti_sysbios_knl_Swi_restoreHwi__E)
                  c30142c0    00000100     Dsp_pe674.oe674 (.text:ti_sysbios_syncs_SyncSem_Object__create__S)
                  c30143c0    00000100     ti.targets.rts6000.ae674 : Core-mem.oe674 (.text:xdc_runtime_Core_deleteObject__I)
                  c30144c0    00000100     Dsp_pe674.oe674 (.text:xdc_runtime_LoggerBuf_Object__create__S)
                  c30145c0    00000100     ti.targets.rts6000.ae674 : LoggerBuf.oe674 (.text:xdc_runtime_LoggerBuf_getFilterLevel__F)
                  c30146c0    00000100                              : Startup.oe674 (.text:xdc_runtime_Startup_exec__F)
                  c30147c0    00000100                              : Text.oe674 (.text:xdc_runtime_Text_putMod__F)
                  c30148c0    00000100                              : Text.oe674 (.text:xdc_runtime_Text_visitRope2__I)
                  c30149c0    00000100     Dsp_pe674.oe674 (.text:xdc_runtime_knl_GateThread_Object__create__S)
                  c3014ac0    000000e0     ipc.lib : Ipc.obj (.text:MessageQ_get)
                  c3014ba0    000000e0             : Ipc.obj (.text:NameServer_getLocal)
                  c3014c80    000000e0     rts6740_elf.lib : atoi.obj (.text:atoi)
                  c3014d60    000000e0                     : exit.obj (.text:exit)
                  c3014e40    000000e0                     : ltoa.obj (.text:ltoa)
                  c3014f20    000000e0                     : memset.obj (.text:memset)
                  c3015000    000000e0     ipc.lib : Ipc.obj (.text:ti_sdo_ipc_Ipc_getMasterAddr__I)
                  c30150e0    000000e0             : Ipc.obj (.text:ti_sdo_ipc_Ipc_getSlaveAddr__I)
                  c30151c0    000000e0             : Ipc.obj (.text:ti_sdo_ipc_MessageQ_grow__I)
                  c30152a0    000000e0             : Ipc.obj (.text:ti_sdo_ipc_Notify_detach__F)
                  c3015380    000000e0             : Ipc.obj (.text:ti_sdo_ipc_SharedRegion_reserveMemory__F)
                  c3015460    000000e0             : Ipc.obj (.text:ti_sdo_ipc_gates_GatePeterson_sharedMemReq__E)
                  c3015540    000000e0             : Ipc.obj (.text:ti_sdo_utils_NameServer_Module_startup__F)
                  c3015620    000000e0     sysbios.lib : BIOS.obj (.text:ti_sysbios_knl_Clock_startI__E)
                  c3015700    000000e0                 : BIOS.obj (.text:ti_sysbios_knl_Task_unblockI__E)
                  c30157e0    000000e0                 : BIOS.obj (.text:ti_sysbios_timers_timer64_Timer_startup__E)
                  c30158c0    000000e0     ti.targets.rts6000.ae674 : Error.oe674 (.text:xdc_runtime_Error_print__F)
                  c30159a0    000000e0                              : Memory.oe674 (.text:xdc_runtime_Memory_alloc__F)
                  c3015a80    000000e0     Dsp_pe674.oe674 (.text:xdc_runtime_Registry_findById__E)
                  c3015b60    000000c0     rts6740_elf.lib : trgdrv.obj (.text:HOSTwrite)
                  c3015c20    000000c0     ipc.lib : Ipc.obj (.text:HeapMemMP_create)
                  c3015ce0    000000c0             : Ipc.obj (.text:ListMP_create)
                  c3015da0    000000c0             : Ipc.obj (.text:SharedRegion_getId)
                  c3015e60    000000c0     rts6740_elf.lib : dtor_list.obj (.text:__cxa_finalize)
                  c3015f20    000000c0                     : divu.obj (.text:__divu)
                  c3015fe0    000000c0                     : _printfi.obj (.text:_div)
                  c30160a0    000000c0     ipc.lib : Ipc.obj (.text:ti_sdo_ipc_GateMP_attach__F)
                  c3016160    000000c0             : Ipc.obj (.text:ti_sdo_ipc_ListMP_elemClear__I)
                  c3016220    000000c0             : Ipc.obj (.text:ti_sdo_ipc_family_da830_InterruptDsp_intRegister__E)
                  c30162e0    000000c0             : Ipc.obj (.text:ti_sdo_ipc_gates_GatePeterson_postInit__I)
                  c30163a0    000000c0             : Ipc.obj (.text:ti_sdo_ipc_nsremote_NameServerRemoteNotify_attach__E)
                  c3016460    000000c0             : Ipc.obj (.text:ti_sdo_utils_NameServer_postInit__I)
                  c3016520    000000c0     sysbios.lib : BIOS.obj (.text:ti_sysbios_BIOS_errorRaiseHook__I)
                  c30165e0    000000c0                 : BIOS.obj (.text:ti_sysbios_family_c64p_Hwi_Instance_init__F)
                  c30166a0    000000c0                 : BIOS.obj (.text:ti_sysbios_heaps_HeapMem_getStats__E)
                  c3016760    000000c0                 : BIOS.obj (.text:ti_sysbios_knl_Idle_loop__E)
                  c3016820    000000c0                 : BIOS.obj (.text:ti_sysbios_knl_Semaphore_post__E)
                  c30168e0    000000c0                 : BIOS.obj (.text:ti_sysbios_knl_Swi_run__I)
                  c30169a0    000000c0                 : BIOS.obj (.text:ti_sysbios_timers_timer64_Timer_stop__E)
                  c3016a60    000000c0     ti.targets.rts6000.ae674 : LoggerBuf.oe674 (.text:xdc_runtime_LoggerBuf_Instance_init__F)
                  c3016b20    000000c0                              : System.oe674 (.text:xdc_runtime_System_formatNum__I)
                  c3016be0    000000a0     ipc.lib : Ipc.obj (.text:HeapMemMP_open)
                  c3016c80    000000a0             : Ipc.obj (.text:MessageQ_create)
                  c3016d20    000000a0             : Ipc.obj (.text:SharedRegion_getPtr)
                  c3016dc0    000000a0             : Ipc.obj (.text:SharedRegion_getSRPtr)
                  c3016e60    000000a0     rts6740_elf.lib : remu.obj (.text:__remu)
                  c3016f00    000000a0     boot.ae674 : boot.oe674 (.text:_c_int00)
                  c3016fa0    000000a0     rts6740_elf.lib : _printfi.obj (.text:_ecpy)
                  c3017040    000000a0                     : _printfi.obj (.text:_fcpy)
                  c30170e0    000000a0                     : _printfi.obj (.text:_pconv_f)
                  c3017180    000000a0     sysbios.lib : c64p_Hwi_asm.obj (.text:_ti_sysbios_family_c64p_Hwi_plug__E)
                  c3017220    000000a0     Dsp_pe674.oe674 (.text:malloc)
                  c30172c0    000000a0     rts6740_elf.lib : memcpy64.obj (.text:memcpy)
                  c3017360    000000a0     ipc.lib : Ipc.obj (.text:ti_sdo_ipc_GateMP_getRegion0ReservedSize__F)
                  c3017400    000000a0     Dsp_pe674.oe674 (.text:ti_sdo_ipc_gates_GateMPSupportNull_Object__create__S)
                  c30174a0    000000a0     ipc.lib : Ipc.obj (.text:ti_sdo_ipc_gates_GatePeterson_leave__E)
                  c3017540    000000a0             : Ipc.obj (.text:ti_sdo_ipc_notifyDrivers_NotifyDriverShm_Instance_finalize__F)
                  c30175e0    000000a0             : Ipc.obj (.text:ti_sdo_ipc_transports_TransportShmSetup_detach__E)
                  c3017680    000000a0     sysbios.lib : BIOS.obj (.text:ti_sysbios_heaps_HeapMem_init__I)
                  c3017720    000000a0                 : BIOS.obj (.text:ti_sysbios_knl_Clock_Instance_init__F)
                  c30177c0    000000a0     Dsp_pe674.oe674 (.text:ti_sysbios_knl_Clock_Object__create__S)
                  c3017860    000000a0     Dsp_pe674.oe674 (.text:ti_sysbios_knl_Clock_doTick__I)
                  c3017900    000000a0     Dsp_pe674.oe674 (.text:ti_sysbios_knl_Semaphore_Object__create__S)
                  c30179a0    000000a0     sysbios.lib : BIOS.obj (.text:ti_sysbios_knl_Swi_Instance_init__F)
                  c3017a40    000000a0                 : BIOS.obj (.text:ti_sysbios_knl_Swi_post__E)
                  c3017ae0    000000a0                 : BIOS.obj (.text:ti_sysbios_syncs_SyncSem_Instance_init__F)
                  c3017b80    000000a0                 : BIOS.obj (.text:ti_sysbios_syncs_SyncSem_wait__F)
                  c3017c20    000000a0     ti.targets.rts6000.ae674 : Assert.oe674 (.text:xdc_runtime_Assert_raise__I)
                  c3017cc0    000000a0                              : LoggerBuf.oe674 (.text:xdc_runtime_LoggerBuf_Module_startup__F)
                  c3017d60    000000a0                              : SysMin.oe674 (.text:xdc_runtime_SysMin_abort__F)
                  c3017e00    000000a0                              : SysMin.oe674 (.text:xdc_runtime_SysMin_flush__F)
                  c3017ea0    000000a0                              : SysMin.oe674 (.text:xdc_runtime_SysMin_putch__F)
                  c3017f40    00000080     ipc.lib : Ipc.obj (.text:GateMP_close)
                  c3017fc0    00000080             : Ipc.obj (.text:HeapMemMP_restore)
                  c3018040    00000080             : Ipc.obj (.text:Ipc_stop)
                  c30180c0    00000080             : Ipc.obj (.text:MessageQ_alloc)
                  c3018140    00000080     rts6740_elf.lib : dtor_list.obj (.text:_Z11__TI_atexitPFYvPvES_S_)
                  c30181c0    00000080                     : llshift.obj (.text:__c6xabi_llshl)
                  c3018240    00000080     sysbios.lib : c62_TaskSupport_asm.obj (.text:_ti_sysbios_family_c62_TaskSupport_swap__E)
                  c30182c0    00000080     rts6740_elf.lib : trgmsg.obj (.text:readmsg)
                  c3018340    00000080     ipc.lib : Ipc.obj (.text:ti_sdo_ipc_Notify_Module_startup__F)
                  c30183c0    00000080             : Ipc.obj (.text:ti_sdo_ipc_family_da830_NotifySetup_sharedMemReq__E)
                  c3018440    00000080             : Ipc.obj (.text:ti_sdo_ipc_notifyDrivers_NotifyDriverShm_sharedMemReq__F)
                  c30184c0    00000080             : Ipc.obj (.text:ti_sdo_ipc_nsremote_NameServerRemoteNotify_detach__E)
                  c3018540    00000080             : Ipc.obj (.text:ti_sdo_ipc_transports_TransportShm_swiFxn__I)
                  c30185c0    00000080     Dsp_pe674.oe674 (.text:ti_sdo_utils_List_Object__create__S)
                  c3018640    00000080     Dsp_pe674.oe674 (.text:ti_sysbios_BIOS_exitFunc__I)
                  c30186c0    00000080     sysbios.lib : BIOS.obj (.text:ti_sysbios_family_c62_TaskSupport_start__E)
                  c3018740    00000080                 : BIOS.obj (.text:ti_sysbios_family_c64p_Hwi_Instance_finalize__F)
                  c30187c0    00000080                 : BIOS.obj (.text:ti_sysbios_family_c64p_Hwi_eventMap__E)
                  c3018840    00000080     Dsp_pe674.oe674 (.text:ti_sysbios_gates_GateAll_Object__create__S)
                  c30188c0    00000080     Dsp_pe674.oe674 (.text:ti_sysbios_gates_GateHwi_Object__create__S)
                  c3018940    00000080     Dsp_pe674.oe674 (.text:ti_sysbios_gates_GateMutexPri_Object__create__S)
                  c30189c0    00000080     Dsp_pe674.oe674 (.text:ti_sysbios_gates_GateMutex_Object__create__S)
                  c3018a40    00000080     sysbios.lib : BIOS.obj (.text:ti_sysbios_gates_GateMutex_enter__E)
                  c3018ac0    00000080     Dsp_pe674.oe674 (.text:ti_sysbios_gates_GateSwi_Object__create__S)
                  c3018b40    00000080     sysbios.lib : BIOS.obj (.text:ti_sysbios_heaps_HeapMem_Instance_init__F)
                  c3018bc0    00000080     Dsp_pe674.oe674 (.text:ti_sysbios_heaps_HeapMem_Object__create__S)
                  c3018c40    00000080     sysbios.lib : BIOS.obj (.text:ti_sysbios_knl_Clock_Module_startup__F)
                  c3018cc0    00000080                 : BIOS.obj (.text:ti_sysbios_knl_Clock_getTicks__E)
                  c3018d40    00000080     Dsp_pe674.oe674 (.text:ti_sysbios_knl_Queue_Object__create__S)
                  c3018dc0    00000080     sysbios.lib : BIOS.obj (.text:ti_sysbios_knl_Swi_restore__E)
                  c3018e40    00000080                 : BIOS.obj (.text:ti_sysbios_knl_Swi_startup__E)
                  c3018ec0    00000080                 : BIOS.obj (.text:ti_sysbios_knl_Task_restore__E)
                  c3018f40    00000080                 : BIOS.obj (.text:ti_sysbios_knl_Task_yield__E)
                  c3018fc0    00000080                 : BIOS.obj (.text:ti_sysbios_timers_timer64_Timer_getExpiredCounts__E)
                  c3019040    00000080                 : BIOS.obj (.text:ti_sysbios_timers_timer64_Timer_getPeriod__E)
                  c30190c0    00000080     Dsp_pe674.oe674 (.text:ti_sysbios_xdcruntime_GateThreadSupport_Object__create__S)
                  c3019140    00000080     ti.targets.rts6000.ae674 : Core-label.oe674 (.text:xdc_runtime_Core_assignLabel__I)
                  c30191c0    00000080                              : Core-params.oe674 (.text:xdc_runtime_Core_assignParams__I)
                  c3019240    00000080                              : LoggerBuf.oe674 (.text:xdc_runtime_LoggerBuf_filterOutEvent__I)
                  c30192c0    00000080     Dsp_pe674.oe674 (.text:xdc_runtime_SysMin_output__I)
                  c3019340    00000080     ti.targets.rts6000.ae674 : System.oe674 (.text:xdc_runtime_System_atexit__F)
                  c30193c0    00000080                              : System.oe674 (.text:xdc_runtime_System_rtsExit__I)
                  c3019440    00000080                              : Text.oe674 (.text:xdc_runtime_Text_printVisFxn__I)
                  c30194c0    00000080                              : Text.oe674 (.text:xdc_runtime_Text_xprintf__I)
                  c3019540    00000060     ipc.lib : Ipc.obj (.text:GateMP_Params_init)
                  c30195a0    00000060             : Ipc.obj (.text:HeapMemMP_Params_init)
                  c3019600    00000060             : Ipc.obj (.text:MessageQ_free)
                  c3019660    00000060             : Ipc.obj (.text:MessageQ_msgInit$4)
                  c30196c0    00000060             : Ipc.obj (.text:MessageQ_open)
                  c3019720    00000060             : Ipc.obj (.text:Notify_numIntLines)
                  c3019780    00000060             : Ipc.obj (.text:Notify_sharedMemReq)
                  c30197e0    00000060     rts6740_elf.lib : imath64.obj (.text:_subcull)
                  c3019840    00000060     sysbios.lib : BIOS.obj (.text:all$55)
                  c30198a0    00000060                 : BIOS.obj (.text:marInit$55)
                  c3019900    00000060     rts6740_elf.lib : memccpy.obj (.text:memccpy)
                  c3019960    00000060     sysbios.lib : BIOS.obj (.text:rtsUnlock$0)
                  c30199c0    00000060     Dsp_pe674.oe674 (.text:ti_sdo_ipc_GateMP_Object__delete__S)
                  c3019a20    00000060     ipc.lib : Ipc.obj (.text:ti_sdo_ipc_GateMP_createLocal__F)
                  c3019a80    00000060             : Ipc.obj (.text:ti_sdo_ipc_Ipc_getRegion0ReservedSize__I)
                  c3019ae0    00000060     Dsp_pe674.oe674 (.text:ti_sdo_ipc_ListMP_Object__delete__S)
                  c3019b40    00000060     Dsp_pe674.oe674 (.text:ti_sdo_ipc_MessageQ_Object__delete__S)
                  c3019ba0    00000060     Dsp_pe674.oe674 (.text:ti_sdo_ipc_Notify_Object__delete__S)
                  c3019c00    00000060     Dsp_pe674.oe674 (.text:ti_sdo_ipc_gates_GateMPSupportNull_Handle__label__S)
                  c3019c60    00000060     Dsp_pe674.oe674 (.text:ti_sdo_ipc_gates_GateMPSupportNull_Object__delete__S)
                  c3019cc0    00000060     Dsp_pe674.oe674 (.text:ti_sdo_ipc_gates_GatePeterson_Handle__label__S)
                  c3019d20    00000060     ipc.lib : Ipc.obj (.text:ti_sdo_ipc_gates_GatePeterson_Instance_finalize__F)
                  c3019d80    00000060     Dsp_pe674.oe674 (.text:ti_sdo_ipc_gates_GatePeterson_Object__delete__S)
                  c3019de0    00000060     Dsp_pe674.oe674 (.text:ti_sdo_ipc_heaps_HeapMemMP_Handle__label__S)
                  c3019e40    00000060     Dsp_pe674.oe674 (.text:ti_sdo_ipc_heaps_HeapMemMP_Object__delete__S)
                  c3019ea0    00000060     Dsp_pe674.oe674 (.text:ti_sdo_ipc_notifyDrivers_NotifyDriverShm_Handle__label__S)
                  c3019f00    00000060     Dsp_pe674.oe674 (.text:ti_sdo_ipc_notifyDrivers_NotifyDriverShm_Object__delete__S)
                  c3019f60    00000060     ipc.lib : Ipc.obj (.text:ti_sdo_ipc_notifyDrivers_NotifyDriverShm_enableEvent__E)
                  c3019fc0    00000060             : Ipc.obj (.text:ti_sdo_ipc_notifyDrivers_NotifyDriverShm_setNotifyHandle__E)
                  c301a020    00000060     Dsp_pe674.oe674 (.text:ti_sdo_ipc_nsremote_NameServerRemoteNotify_Handle__label__S)
                  c301a080    00000060     Dsp_pe674.oe674 (.text:ti_sdo_ipc_nsremote_NameServerRemoteNotify_Object__delete__S)
                  c301a0e0    00000060     ipc.lib : Ipc.obj (.text:ti_sdo_ipc_transports_TransportShmSetup_sharedMemReq__E)
                  c301a140    00000060     Dsp_pe674.oe674 (.text:ti_sdo_ipc_transports_TransportShm_Handle__label__S)
                  c301a1a0    00000060     Dsp_pe674.oe674 (.text:ti_sdo_ipc_transports_TransportShm_Object__delete__S)
                  c301a200    00000060     sysbios.lib : BIOS.obj (.text:ti_sysbios_BIOS_registerRTSLock__I)
                  c301a260    00000060                 : BIOS.obj (.text:ti_sysbios_family_c64p_Cache_setMar__E)
                  c301a2c0    00000060                 : BIOS.obj (.text:ti_sysbios_family_c64p_Cache_wait__E)
                  c301a320    00000060                 : BIOS.obj (.text:ti_sysbios_family_c64p_Exception_Module_startup__F)
                  c301a380    00000060     Dsp_pe674.oe674 (.text:ti_sysbios_family_c64p_Hwi_Object__delete__S)
                  c301a3e0    00000060     sysbios.lib : BIOS.obj (.text:ti_sysbios_family_c64p_primus_TimerSupport_enable__E)
                  c301a440    00000060     Dsp_pe674.oe674 (.text:ti_sysbios_gates_GateAll_Handle__label__S)
                  c301a4a0    00000060     Dsp_pe674.oe674 (.text:ti_sysbios_gates_GateAll_Object__delete__S)
                  c301a500    00000060     sysbios.lib : BIOS.obj (.text:ti_sysbios_gates_GateAll_enter__E)
                  c301a560    00000060     Dsp_pe674.oe674 (.text:ti_sysbios_gates_GateHwi_Handle__label__S)
                  c301a5c0    00000060     Dsp_pe674.oe674 (.text:ti_sysbios_gates_GateHwi_Object__delete__S)
                  c301a620    00000060     Dsp_pe674.oe674 (.text:ti_sysbios_gates_GateMutexPri_Handle__label__S)
                  c301a680    00000060     Dsp_pe674.oe674 (.text:ti_sysbios_gates_GateMutexPri_Object__delete__S)
                  c301a6e0    00000060     Dsp_pe674.oe674 (.text:ti_sysbios_gates_GateMutex_Handle__label__S)
                  c301a740    00000060     sysbios.lib : BIOS.obj (.text:ti_sysbios_gates_GateMutex_Instance_init__F)
                  c301a7a0    00000060     Dsp_pe674.oe674 (.text:ti_sysbios_gates_GateMutex_Object__delete__S)
                  c301a800    00000060     Dsp_pe674.oe674 (.text:ti_sysbios_gates_GateSwi_Handle__label__S)
                  c301a860    00000060     Dsp_pe674.oe674 (.text:ti_sysbios_gates_GateSwi_Object__delete__S)
                  c301a8c0    00000060     sysbios.lib : BIOS.obj (.text:ti_sysbios_hal_Hwi_Instance_init__F)
                  c301a920    00000060                 : BIOS.obj (.text:ti_sysbios_hal_Hwi_checkStack:ti_sysbios_hal_Hwi_checkStack)
                  c301a980    00000060                 : BIOS.obj (.text:ti_sysbios_hal_Hwi_initStack:ti_sysbios_hal_Hwi_initStack)
                  c301a9e0    00000060     Dsp_pe674.oe674 (.text:ti_sysbios_heaps_HeapMem_Handle__label__S)
                  c301aa40    00000060     Dsp_pe674.oe674 (.text:ti_sysbios_heaps_HeapMem_Object__delete__S)
                  c301aaa0    00000060     sysbios.lib : BIOS.obj (.text:ti_sysbios_knl_Clock_setupTimerToSkipTicks__E)
                  c301ab00    00000060                 : BIOS.obj (.text:ti_sysbios_knl_Semaphore_Instance_init__F)
                  c301ab60    00000060     Dsp_pe674.oe674 (.text:ti_sysbios_knl_Semaphore_Object__delete__S)
                  c301abc0    00000060     sysbios.lib : BIOS.obj (.text:ti_sysbios_knl_Semaphore_pendTimeout__I)
                  c301ac20    00000060                 : BIOS.obj (.text:ti_sysbios_knl_Swi_Module_startup__F)
                  c301ac80    00000060                 : BIOS.obj (.text:ti_sysbios_knl_Task_allBlockedFunction__I)
                  c301ace0    00000060                 : BIOS.obj (.text:ti_sysbios_knl_Task_enter__I)
                  c301ad40    00000060     Dsp_pe674.oe674 (.text:ti_sysbios_syncs_SyncSem_Handle__label__S)
                  c301ada0    00000060     Dsp_pe674.oe674 (.text:ti_sysbios_syncs_SyncSem_Object__delete__S)
                  c301ae00    00000060     Dsp_pe674.oe674 (.text:ti_sysbios_xdcruntime_GateThreadSupport_Object__delete__S)
                  c301ae60    00000060     rts6740_elf.lib : vsprintf.obj (.text:vsprintf)
                  c301aec0    00000060                     : trgmsg.obj (.text:writemsg)
                  c301af20    00000060     Dsp_pe674.oe674 (.text:xdc_runtime_GateNull_Handle__label__S)
                  c301af80    00000060     Dsp_pe674.oe674 (.text:xdc_runtime_GateNull_Object__create__S)
                  c301afe0    00000060     Dsp_pe674.oe674 (.text:xdc_runtime_GateNull_Object__delete__S)
                  c301b040    00000060     Dsp_pe674.oe674 (.text:xdc_runtime_LoggerBuf_Handle__label__S)
                  c301b0a0    00000060     Dsp_pe674.oe674 (.text:xdc_runtime_LoggerBuf_Object__delete__S)
                  c301b100    00000060     ti.targets.rts6000.ae674 : Memory.oe674 (.text:xdc_runtime_Memory_calloc__F)
                  c301b160    00000060                              : Memory.oe674 (.text:xdc_runtime_Memory_valloc__F)
                  c301b1c0    00000060                              : SysMin.oe674 (.text:xdc_runtime_SysMin_Module_startup__F)
                  c301b220    00000060                              : SysMin.oe674 (.text:xdc_runtime_SysMin_exit__F)
                  c301b280    00000060                              : System.oe674 (.text:xdc_runtime_System_aprintf_va__F)
                  c301b2e0    00000060                              : System.oe674 (.text:xdc_runtime_System_printf_va__F)
                  c301b340    00000060                              : Text.oe674 (.text:xdc_runtime_Text_cordText__F)
                  c301b3a0    00000060     Dsp_pe674.oe674 (.text:xdc_runtime_knl_GateThread_Handle__label__S)
                  c301b400    00000060     Dsp_pe674.oe674 (.text:xdc_runtime_knl_GateThread_Object__delete__S)
                  c301b460    00000040     ipc.lib : Ipc.obj (.text:MessageQ_registerHeap)
                  c301b4a0    00000040             : Ipc.obj (.text:MessageQ_unregisterHeap)
                  c301b4e0    00000040             : Ipc.obj (.text:Notify_intLineRegistered)
                  c301b520    00000040     rts6740_elf.lib : frcmpyd_div.obj (.text:__c6xabi_frcmpyd_div)
                  c301b560    00000040                     : isinf.obj (.text:__c6xabi_isinf)
                  c301b5a0    00000040                     : _printfi.obj (.text:__c6xabi_isnan)
                  c301b5e0    00000040                     : llshift.obj (.text:__c6xabi_llshru)
                  c301b620    00000040                     : args_main.obj (.text:_args_main)
                  c301b660    00000040                     : vsprintf.obj (.text:_outs)
                  c301b6a0    00000040     sysbios.lib : c62_TaskSupport_asm.obj (.text:_ti_sysbios_family_c62_TaskSupport_buildTaskStack)
                  c301b6e0    00000040                 : c64p_Hwi_asm_switch.obj (.text:_ti_sysbios_family_xxx_Hwi_switchToIsrStack)
                  c301b720    00000040     Dsp_pe674.oe674 (.text:free)
                  c301b760    00000040     rts6740_elf.lib : abs.obj (.text:llabs)
                  c301b7a0    00000040     sysbios.lib : BIOS.obj (.text:rtsLock$0)
                  c301b7e0    00000040     ipc.lib : Ipc.obj (.text:ti_sdo_ipc_MessageQ_registerTransport__F)
                  c301b820    00000040             : Ipc.obj (.text:ti_sdo_ipc_MessageQ_unregisterTransport__F)
                  c301b860    00000040             : Ipc.obj (.text:ti_sdo_ipc_Notify_exec__F)
                  c301b8a0    00000040             : Ipc.obj (.text:ti_sdo_ipc_SharedRegion_resetInternalFields__F)
                  c301b8e0    00000040             : Ipc.obj (.text:ti_sdo_ipc_family_da830_InterruptDsp_intClear__E)
                  c301b920    00000040             : Ipc.obj (.text:ti_sdo_ipc_family_da830_InterruptDsp_intSend__E)
                  c301b960    00000040             : Ipc.obj (.text:ti_sdo_ipc_nsremote_NameServerRemoteNotify_sharedMemReq__E)
                  c301b9a0    00000040             : Ipc.obj (.text:ti_sdo_utils_List_get__E)
                  c301b9e0    00000040             : Ipc.obj (.text:ti_sdo_utils_List_putHead__E)
                  c301ba20    00000040             : Ipc.obj (.text:ti_sdo_utils_List_put__E)
                  c301ba60    00000040     Dsp_pe674.oe674 (.text:ti_sdo_utils_NameServer_Module__startupDone__F)
                  c301baa0    00000040     Dsp_pe674.oe674 (.text:ti_sdo_utils_NameServer_Object__get__S)
                  c301bae0    00000040     ipc.lib : Ipc.obj (.text:ti_sdo_utils_NameServer_registerRemoteDriver__E)
                  c301bb20    00000040             : Ipc.obj (.text:ti_sdo_utils_NameServer_unregisterRemoteDriver__E)
                  c301bb60    00000040     Dsp_pe674.oe674 (.text:ti_sysbios_BIOS_startFunc__I)
                  c301bba0    00000040     Dsp_pe674.oe674 (.text:ti_sysbios_family_c64p_Hwi_Module__startupDone__F)
                  c301bbe0    00000040     sysbios.lib : BIOS.obj (.text:ti_sysbios_family_c64p_Hwi_disableInterrupt__E)
                  c301bc20    00000040                 : BIOS.obj (.text:ti_sysbios_family_c64p_Hwi_enableInterrupt__E)
                  c301bc60    00000040                 : BIOS.obj (.text:ti_sysbios_gates_GateAll_leave__E)
                  c301bca0    00000040                 : BIOS.obj (.text:ti_sysbios_gates_GateMutexPri_Instance_init__F)
                  c301bce0    00000040     Dsp_pe674.oe674 (.text:ti_sysbios_gates_GateMutexPri_Object__destruct__S)
                  c301bd20    00000040     sysbios.lib : BIOS.obj (.text:ti_sysbios_gates_GateMutex_leave__E)
                  c301bd60    00000040                 : BIOS.obj (.text:ti_sysbios_hal_Hwi_Instance_finalize__F)
                  c301bda0    00000040     Dsp_pe674.oe674 (.text:ti_sysbios_hal_Timer_Module__startupDone__F)
                  c301bde0    00000040     Dsp_pe674.oe674 (.text:ti_sysbios_heaps_HeapMem_Object__get__S)
                  c301be20    00000040     sysbios.lib : BIOS.obj (.text:ti_sysbios_knl_Clock_Instance_finalize__F)
                  c301be60    00000040     Dsp_pe674.oe674 (.text:ti_sysbios_knl_Clock_Object__destruct__S)
                  c301bea0    00000040     Dsp_pe674.oe674 (.text:ti_sysbios_knl_Semaphore_Object__destruct__S)
                  c301bee0    00000040     Dsp_pe674.oe674 (.text:ti_sysbios_knl_Swi_Object__destruct__S)
                  c301bf20    00000040     Dsp_pe674.oe674 (.text:ti_sysbios_knl_Swi_Object__get__S)
                  c301bf60    00000040     Dsp_pe674.oe674 (.text:ti_sysbios_knl_Task_Object__get__S)
                  c301bfa0    00000040     sysbios.lib : BIOS.obj (.text:ti_sysbios_knl_Task_sleepTimeout__I)
                  c301bfe0    00000040                 : BIOS.obj (.text:ti_sysbios_syncs_SyncSem_Instance_finalize__F)
                  c301c020    00000040     Dsp_pe674.oe674 (.text:ti_sysbios_timers_timer64_Timer_Module__startupDone__F)
                  c301c060    00000040     sysbios.lib : BIOS.obj (.text:ti_sysbios_xdcruntime_GateThreadSupport_Instance_init__F)
                  c301c0a0    00000040     ti.syslink.ipc.rtos.ae674 : Syslink.oe674 (.text:ti_syslink_ipc_rtos_Syslink_attach)
                  c301c0e0    00000040     ti.targets.rts6000.ae674 : Error.oe674 (.text:xdc_runtime_Error_check__F)
                  c301c120    00000040                              : Error.oe674 (.text:xdc_runtime_Error_init__F)
                  c301c160    00000040                              : LoggerBuf.oe674 (.text:xdc_runtime_LoggerBuf_Instance_finalize__F)
                  c301c1a0    00000040     Dsp_pe674.oe674 (.text:xdc_runtime_LoggerBuf_Object__get__S)
                  c301c1e0    00000040     ti.targets.rts6000.ae674 : LoggerBuf.oe674 (.text:xdc_runtime_LoggerBuf_write0__F)
                  c301c220    00000040     Dsp_pe674.oe674 (.text:xdc_runtime_LoggerBuf_write8__E)
                  c301c260    00000040     ti.targets.rts6000.ae674 : Memory.oe674 (.text:xdc_runtime_Memory_free__F)
                  c301c2a0    00000040                              : Registry.oe674 (.text:xdc_runtime_Registry_findById__F)
                  c301c2e0    00000040                              : System.oe674 (.text:xdc_runtime_System_abort__F)
                  c301c320    00000040     Dsp_pe674.oe674 (.text:xdc_runtime_System_aprintf__E)
                  c301c360    00000040     Dsp_pe674.oe674 (.text:xdc_runtime_System_printf__E)
                  c301c3a0    00000040     Dsp_pe674.oe674 (.text:xdc_runtime_System_sprintf__E)
                  c301c3e0    00000040     ti.targets.rts6000.ae674 : Text.oe674 (.text:xdc_runtime_Text_ropeText__F)
                  c301c420    00000040                              : GateThread.oe674 (.text:xdc_runtime_knl_GateThread_Instance_finalize__F)
                  c301c460    00000040                              : GateThread.oe674 (.text:xdc_runtime_knl_GateThread_Instance_init__F)
                  c301c4a0    00000020     ipc.lib : Ipc.obj (.text:GateMP_enter)
                  c301c4c0    00000020             : Ipc.obj (.text:GateMP_leave)
                  c301c4e0    00000020             : Ipc.obj (.text:HeapMemMP_close)
                  c301c500    00000020             : Ipc.obj (.text:MessageQ_close)
                  c301c520    00000020             : Ipc.obj (.text:MessageQ_delete)
                  c301c540    00000020             : Ipc.obj (.text:MultiProc_self)
                  c301c560    00000020             : Ipc.obj (.text:NameServer_addUInt32)
                  c301c580    00000020             : Ipc.obj (.text:NameServer_getUInt32)
                  c301c5a0    00000020             : Ipc.obj (.text:NameServer_removeEntry)
                  c301c5c0    00000020     rts6740_elf.lib : negll.obj (.text:__c6xabi_negll)
                  c301c5e0    00000020                     : dtor_list.obj (.text:__cxa_atexit)
                  c301c600    00000020                     : dtor_list.obj (.text:__cxa_ia64_exit)
                  c301c620    00000020     ti.targets.rts6000.ae674 : xdc_noinit.oe674 (.text:__xdc__init)
                  c301c640    00000020     rts6740_elf.lib : _lock.obj (.text:_nop)
                  c301c660    00000020                     : vsprintf.obj (.text:_outc)
                  c301c680    00000020                     : _lock.obj (.text:_register_lock)
                  c301c6a0    00000020                     : _lock.obj (.text:_register_unlock)
                  c301c6c0    00000020     sysbios.lib : c62_TaskSupport_asm.obj (.text:_ti_sysbios_family_c62_TaskSupport_glue)
                  c301c6e0    00000020                 : c64p_Hwi_asm_switch.obj (.text:_ti_sysbios_family_xxx_Hwi_switchToTaskStack)
                  c301c700    00000020     rts6740_elf.lib : exit.obj (.text:abort)
                  c301c720    00000020                     : dtor_list.obj (.text:atexit)
                  c301c740    00000020     sysbios.lib : BIOS.obj (.text:nullFunc$0)
                  c301c760    00000020     Dsp_pe674.oe674 (.text:ti_sdo_ipc_GateMP_Params__init__S)
                  c301c780    00000020     Dsp_pe674.oe674 (.text:ti_sdo_ipc_GateMP_RemoteCustom1Proxy_Object__create__S)
                  c301c7a0    00000020     Dsp_pe674.oe674 (.text:ti_sdo_ipc_GateMP_RemoteCustom1Proxy_Object__delete__S)
                  c301c7c0    00000020     Dsp_pe674.oe674 (.text:ti_sdo_ipc_GateMP_RemoteCustom1Proxy_Params__init__S)
                  c301c7e0    00000020     Dsp_pe674.oe674 (.text:ti_sdo_ipc_GateMP_RemoteCustom1Proxy_Proxy__abstract__S)
                  c301c800    00000020     Dsp_pe674.oe674 (.text:ti_sdo_ipc_GateMP_RemoteCustom1Proxy_Proxy__delegate__S)
                  c301c820    00000020     Dsp_pe674.oe674 (.text:ti_sdo_ipc_GateMP_RemoteCustom1Proxy_getReservedMask__E)
                  c301c840    00000020     Dsp_pe674.oe674 (.text:ti_sdo_ipc_GateMP_RemoteCustom1Proxy_sharedMemReq__E)
                  c301c860    00000020     Dsp_pe674.oe674 (.text:ti_sdo_ipc_GateMP_RemoteCustom2Proxy_Object__create__S)
                  c301c880    00000020     Dsp_pe674.oe674 (.text:ti_sdo_ipc_GateMP_RemoteCustom2Proxy_Object__delete__S)
                  c301c8a0    00000020     Dsp_pe674.oe674 (.text:ti_sdo_ipc_GateMP_RemoteCustom2Proxy_Params__init__S)
                  c301c8c0    00000020     Dsp_pe674.oe674 (.text:ti_sdo_ipc_GateMP_RemoteCustom2Proxy_Proxy__abstract__S)
                  c301c8e0    00000020     Dsp_pe674.oe674 (.text:ti_sdo_ipc_GateMP_RemoteCustom2Proxy_Proxy__delegate__S)
                  c301c900    00000020     Dsp_pe674.oe674 (.text:ti_sdo_ipc_GateMP_RemoteCustom2Proxy_getReservedMask__E)
                  c301c920    00000020     Dsp_pe674.oe674 (.text:ti_sdo_ipc_GateMP_RemoteCustom2Proxy_sharedMemReq__E)
                  c301c940    00000020     Dsp_pe674.oe674 (.text:ti_sdo_ipc_GateMP_RemoteSystemProxy_Object__create__S)
                  c301c960    00000020     Dsp_pe674.oe674 (.text:ti_sdo_ipc_GateMP_RemoteSystemProxy_Object__delete__S)
                  c301c980    00000020     Dsp_pe674.oe674 (.text:ti_sdo_ipc_GateMP_RemoteSystemProxy_Params__init__S)
                  c301c9a0    00000020     Dsp_pe674.oe674 (.text:ti_sdo_ipc_GateMP_RemoteSystemProxy_Proxy__abstract__S)
                  c301c9c0    00000020     Dsp_pe674.oe674 (.text:ti_sdo_ipc_GateMP_RemoteSystemProxy_Proxy__delegate__S)
                  c301c9e0    00000020     Dsp_pe674.oe674 (.text:ti_sdo_ipc_GateMP_RemoteSystemProxy_getReservedMask__E)
                  c301ca00    00000020     Dsp_pe674.oe674 (.text:ti_sdo_ipc_GateMP_RemoteSystemProxy_sharedMemReq__E)
                  c301ca20    00000020     Dsp_pe674.oe674 (.text:ti_sdo_ipc_GateMP_attach__E)
                  c301ca40    00000020     Dsp_pe674.oe674 (.text:ti_sdo_ipc_GateMP_getRegion0ReservedSize__E)
                  c301ca60    00000020     Dsp_pe674.oe674 (.text:ti_sdo_ipc_GateMP_getSharedAddr__E)
                  c301ca80    00000020     ipc.lib : Ipc.obj (.text:ti_sdo_ipc_GateMP_getSharedAddr__F)
                  c301caa0    00000020     Dsp_pe674.oe674 (.text:ti_sdo_ipc_GateMP_start__E)
                  c301cac0    00000020     Dsp_pe674.oe674 (.text:ti_sdo_ipc_ListMP_Params__init__S)
                  c301cae0    00000020     Dsp_pe674.oe674 (.text:ti_sdo_ipc_MessageQ_Module_startup__E)
                  c301cb00    00000020     Dsp_pe674.oe674 (.text:ti_sdo_ipc_MessageQ_Object__get__S)
                  c301cb20    00000020     Dsp_pe674.oe674 (.text:ti_sdo_ipc_MessageQ_Params__init__S)
                  c301cb40    00000020     Dsp_pe674.oe674 (.text:ti_sdo_ipc_MessageQ_SetupTransportProxy_attach__E)
                  c301cb60    00000020     Dsp_pe674.oe674 (.text:ti_sdo_ipc_MessageQ_SetupTransportProxy_detach__E)
                  c301cb80    00000020     Dsp_pe674.oe674 (.text:ti_sdo_ipc_MessageQ_SetupTransportProxy_isRegistered__E)
                  c301cba0    00000020     Dsp_pe674.oe674 (.text:ti_sdo_ipc_MessageQ_SetupTransportProxy_sharedMemReq__E)
                  c301cbc0    00000020     Dsp_pe674.oe674 (.text:ti_sdo_ipc_MessageQ_registerTransport__E)
                  c301cbe0    00000020     Dsp_pe674.oe674 (.text:ti_sdo_ipc_MessageQ_unregisterTransport__E)
                  c301cc00    00000020     Dsp_pe674.oe674 (.text:ti_sdo_ipc_Notify_Module_GateProxy_enter__E)
                  c301cc20    00000020     Dsp_pe674.oe674 (.text:ti_sdo_ipc_Notify_Module_GateProxy_leave__E)
                  c301cc40    00000020     Dsp_pe674.oe674 (.text:ti_sdo_ipc_Notify_Module_startup__E)
                  c301cc60    00000020     Dsp_pe674.oe674 (.text:ti_sdo_ipc_Notify_SetupProxy_attach__E)
                  c301cc80    00000020     Dsp_pe674.oe674 (.text:ti_sdo_ipc_Notify_SetupProxy_numIntLines__E)
                  c301cca0    00000020     Dsp_pe674.oe674 (.text:ti_sdo_ipc_Notify_SetupProxy_sharedMemReq__E)
                  c301ccc0    00000020     Dsp_pe674.oe674 (.text:ti_sdo_ipc_Notify_detach__E)
                  c301cce0    00000020     Dsp_pe674.oe674 (.text:ti_sdo_ipc_Notify_exec__E)
                  c301cd00    00000020     Dsp_pe674.oe674 (.text:ti_sdo_ipc_SharedRegion_attach__E)
                  c301cd20    00000020     Dsp_pe674.oe674 (.text:ti_sdo_ipc_SharedRegion_clearReservedMemory__E)
                  c301cd40    00000020     Dsp_pe674.oe674 (.text:ti_sdo_ipc_SharedRegion_reserveMemory__E)
                  c301cd60    00000020     Dsp_pe674.oe674 (.text:ti_sdo_ipc_SharedRegion_resetInternalFields__E)
                  c301cd80    00000020     Dsp_pe674.oe674 (.text:ti_sdo_ipc_SharedRegion_start__E)
                  c301cda0    00000020     ipc.lib : Ipc.obj (.text:ti_sdo_ipc_family_da830_InterruptDsp_intDisable__E)
                  c301cdc0    00000020             : Ipc.obj (.text:ti_sdo_ipc_family_da830_InterruptDsp_intEnable__E)
                  c301cde0    00000020             : Ipc.obj (.text:ti_sdo_ipc_family_da830_InterruptDsp_intUnregister__E)
                  c301ce00    00000020             : Ipc.obj (.text:ti_sdo_ipc_family_da830_NotifySetup_numIntLines__E)
                  c301ce20    00000020             : Ipc.obj (.text:ti_sdo_ipc_gates_GateMPSupportNull_Instance_init__F)
                  c301ce40    00000020     Dsp_pe674.oe674 (.text:ti_sdo_ipc_gates_GateMPSupportNull_Params__init__S)
                  c301ce60    00000020     ipc.lib : Ipc.obj (.text:ti_sdo_ipc_gates_GateMPSupportNull_enter__E)
                  c301ce80    00000020             : Ipc.obj (.text:ti_sdo_ipc_gates_GateMPSupportNull_getReservedMask__E)
                  c301cea0    00000020             : Ipc.obj (.text:ti_sdo_ipc_gates_GateMPSupportNull_leave__E)
                  c301cec0    00000020     Dsp_pe674.oe674 (.text:ti_sdo_ipc_gates_GateMPSupportNull_query__E)
                  c301cee0    00000020     ipc.lib : Ipc.obj (.text:ti_sdo_ipc_gates_GateMPSupportNull_query__F)
                  c301cf00    00000020             : Ipc.obj (.text:ti_sdo_ipc_gates_GateMPSupportNull_sharedMemReq__E)
                  c301cf20    00000020     Dsp_pe674.oe674 (.text:ti_sdo_ipc_gates_GatePeterson_Params__init__S)
                  c301cf40    00000020     ipc.lib : Ipc.obj (.text:ti_sdo_ipc_gates_GatePeterson_getReservedMask__E)
                  c301cf60    00000020     Dsp_pe674.oe674 (.text:ti_sdo_ipc_gates_GatePeterson_query__E)
                  c301cf80    00000020     ipc.lib : Ipc.obj (.text:ti_sdo_ipc_gates_GatePeterson_query__F)
                  c301cfa0    00000020     Dsp_pe674.oe674 (.text:ti_sdo_ipc_heaps_HeapMemMP_Params__init__S)
                  c301cfc0    00000020     Dsp_pe674.oe674 (.text:ti_sdo_ipc_heaps_HeapMemMP_isBlocking__E)
                  c301cfe0    00000020     ipc.lib : Ipc.obj (.text:ti_sdo_ipc_heaps_HeapMemMP_isBlocking__F)
                  c301d000    00000020     Dsp_pe674.oe674 (.text:ti_sdo_ipc_notifyDrivers_NotifyDriverShm_InterruptProxy_intClear__E)
                  c301d020    00000020     Dsp_pe674.oe674 (.text:ti_sdo_ipc_notifyDrivers_NotifyDriverShm_InterruptProxy_intDisable__E)
                  c301d040    00000020     Dsp_pe674.oe674 (.text:ti_sdo_ipc_notifyDrivers_NotifyDriverShm_InterruptProxy_intEnable__E)
                  c301d060    00000020     Dsp_pe674.oe674 (.text:ti_sdo_ipc_notifyDrivers_NotifyDriverShm_InterruptProxy_intRegister__E)
                  c301d080    00000020     Dsp_pe674.oe674 (.text:ti_sdo_ipc_notifyDrivers_NotifyDriverShm_InterruptProxy_intSend__E)
                  c301d0a0    00000020     Dsp_pe674.oe674 (.text:ti_sdo_ipc_notifyDrivers_NotifyDriverShm_InterruptProxy_intUnregister__E)
                  c301d0c0    00000020     Dsp_pe674.oe674 (.text:ti_sdo_ipc_notifyDrivers_NotifyDriverShm_Params__init__S)
                  c301d0e0    00000020     ipc.lib : Ipc.obj (.text:ti_sdo_ipc_notifyDrivers_NotifyDriverShm_disable__E)
                  c301d100    00000020             : Ipc.obj (.text:ti_sdo_ipc_notifyDrivers_NotifyDriverShm_enable__E)
                  c301d120    00000020     Dsp_pe674.oe674 (.text:ti_sdo_ipc_notifyDrivers_NotifyDriverShm_sharedMemReq__E)
                  c301d140    00000020     Dsp_pe674.oe674 (.text:ti_sdo_ipc_nsremote_NameServerRemoteNotify_Object__first__S)
                  c301d160    00000020     Dsp_pe674.oe674 (.text:ti_sdo_ipc_nsremote_NameServerRemoteNotify_Object__next__S)
                  c301d180    00000020     Dsp_pe674.oe674 (.text:ti_sdo_ipc_nsremote_NameServerRemoteNotify_Params__init__S)
                  c301d1a0    00000020     ipc.lib : Ipc.obj (.text:ti_sdo_ipc_nsremote_NameServerRemoteNotify_cbFxn__I)
                  c301d1c0    00000020     Dsp_pe674.oe674 (.text:ti_sdo_ipc_nsremote_NameServerRemoteNotify_get__E)
                  c301d1e0    00000020     ipc.lib : Ipc.obj (.text:ti_sdo_ipc_transports_TransportShmSetup_isRegistered__E)
                  c301d200    00000020     Dsp_pe674.oe674 (.text:ti_sdo_ipc_transports_TransportShm_Params__init__S)
                  c301d220    00000020     Dsp_pe674.oe674 (.text:ti_sdo_ipc_transports_TransportShm_close__E)
                  c301d240    00000020     ipc.lib : Ipc.obj (.text:ti_sdo_ipc_transports_TransportShm_close__F)
                  c301d260    00000020             : Ipc.obj (.text:ti_sdo_ipc_transports_TransportShm_control__E)
                  c301d280    00000020             : Ipc.obj (.text:ti_sdo_ipc_transports_TransportShm_getStatus__E)
                  c301d2a0    00000020             : Ipc.obj (.text:ti_sdo_ipc_transports_TransportShm_notifyFxn__I)
                  c301d2c0    00000020     Dsp_pe674.oe674 (.text:ti_sdo_ipc_transports_TransportShm_openByAddr__E)
                  c301d2e0    00000020     Dsp_pe674.oe674 (.text:ti_sdo_ipc_transports_TransportShm_setErrFxn__E)
                  c301d300    00000020     ipc.lib : Ipc.obj (.text:ti_sdo_ipc_transports_TransportShm_setErrFxn__F)
                  c301d320    00000020     Dsp_pe674.oe674 (.text:ti_sdo_ipc_transports_TransportShm_sharedMemReq__E)
                  c301d340    00000020     ipc.lib : Ipc.obj (.text:ti_sdo_utils_List_Instance_init__F)
                  c301d360    00000020     Dsp_pe674.oe674 (.text:ti_sdo_utils_List_Object__destruct__S)
                  c301d380    00000020     Dsp_pe674.oe674 (.text:ti_sdo_utils_List_Object__get__S)
                  c301d3a0    00000020     Dsp_pe674.oe674 (.text:ti_sdo_utils_MultiProc_getClusterId__E)
                  c301d3c0    00000020     ipc.lib : Ipc.obj (.text:ti_sdo_utils_MultiProc_getClusterId__F)
                  c301d3e0    00000020     Dsp_pe674.oe674 (.text:ti_sdo_utils_NameServer_Module__startupDone__S)
                  c301d400    00000020     Dsp_pe674.oe674 (.text:ti_sdo_utils_NameServer_Module_startup__E)
                  c301d420    00000020     Dsp_pe674.oe674 (.text:ti_sdo_utils_NameServer_Object__first__S)
                  c301d440    00000020     Dsp_pe674.oe674 (.text:ti_sdo_utils_NameServer_Object__next__S)
                  c301d460    00000020     Dsp_pe674.oe674 (.text:ti_sdo_utils_NameServer_SetupProxy_attach__E)
                  c301d480    00000020     Dsp_pe674.oe674 (.text:ti_sdo_utils_NameServer_SetupProxy_detach__E)
                  c301d4a0    00000020     Dsp_pe674.oe674 (.text:ti_sdo_utils_NameServer_SetupProxy_sharedMemReq__E)
                  c301d4c0    00000020     Dsp_pe674.oe674 (.text:ti_sysbios_BIOS_RtsGateProxy_enter__E)
                  c301d4e0    00000020     Dsp_pe674.oe674 (.text:ti_sysbios_BIOS_RtsGateProxy_leave__E)
                  c301d500    00000020     sysbios.lib : BIOS.obj (.text:ti_sysbios_BIOS_getThreadType__E)
                  c301d520    00000020                 : BIOS.obj (.text:ti_sysbios_BIOS_setThreadType__E)
                  c301d540    00000020                 : BIOS.obj (.text:ti_sysbios_BIOS_start__E)
                  c301d560    00000020     Dsp_pe674.oe674 (.text:ti_sysbios_family_c62_TaskSupport_Module__startupDone__S)
                  c301d580    00000020     sysbios.lib : BIOS.obj (.text:ti_sysbios_family_c62_TaskSupport_checkStack__E)
                  c301d5a0    00000020                 : BIOS.obj (.text:ti_sysbios_family_c62_TaskSupport_getStackAlignment__E)
                  c301d5c0    00000020     Dsp_pe674.oe674 (.text:ti_sysbios_family_c64p_Cache_Module_startup__E)
                  c301d5e0    00000020     sysbios.lib : BIOS.obj (.text:ti_sysbios_family_c64p_Cache_invL1pAll__E)
                  c301d600    00000020                 : BIOS.obj (.text:ti_sysbios_family_c64p_Cache_inv__E)
                  c301d620    00000020                 : BIOS.obj (.text:ti_sysbios_family_c64p_Cache_wbInv__E)
                  c301d640    00000020     Dsp_pe674.oe674 (.text:ti_sysbios_family_c64p_Exception_Module_startup__E)
                  c301d660    00000020     Dsp_pe674.oe674 (.text:ti_sysbios_family_c64p_Hwi_Module__startupDone__S)
                  c301d680    00000020     Dsp_pe674.oe674 (.text:ti_sysbios_family_c64p_Hwi_Module_startup__E)
                  c301d6a0    00000020     Dsp_pe674.oe674 (.text:ti_sysbios_family_c64p_Hwi_Params__init__S)
                  c301d6c0    00000020     sysbios.lib : BIOS.obj (.text:ti_sysbios_family_c64p_Hwi_clearInterrupt__E)
                  c301d6e0    00000020                 : BIOS.obj (.text:ti_sysbios_family_c64p_Hwi_getHandle__E)
                  c301d700    00000020                 : BIOS.obj (.text:ti_sysbios_family_c64p_Hwi_startup__E)
                  c301d720    00000020                 : BIOS.obj (.text:ti_sysbios_family_c64p_Hwi_switchFromBootStack__E)
                  c301d740    00000020                 : BIOS.obj (.text:ti_sysbios_family_c64p_Hwi_unPluggedInterrupt__I)
                  c301d760    00000020     Dsp_pe674.oe674 (.text:ti_sysbios_family_c64p_TimestampProvider_Module_startup__E)
                  c301d780    00000020     sysbios.lib : BIOS.obj (.text:ti_sysbios_family_c64p_TimestampProvider_Module_startup__F)
                  c301d7a0    00000020                 : BIOS.obj (.text:ti_sysbios_family_c64p_TimestampProvider_get64__E)
                  c301d7c0    00000020                 : BIOS.obj (.text:ti_sysbios_gates_GateAll_Instance_init__F)
                  c301d7e0    00000020     Dsp_pe674.oe674 (.text:ti_sysbios_gates_GateAll_query__E)
                  c301d800    00000020     sysbios.lib : BIOS.obj (.text:ti_sysbios_gates_GateAll_query__F)
                  c301d820    00000020                 : BIOS.obj (.text:ti_sysbios_gates_GateHwi_Instance_init__F)
                  c301d840    00000020                 : BIOS.obj (.text:ti_sysbios_gates_GateHwi_enter__E)
                  c301d860    00000020                 : BIOS.obj (.text:ti_sysbios_gates_GateHwi_leave__E)
                  c301d880    00000020     Dsp_pe674.oe674 (.text:ti_sysbios_gates_GateHwi_query__E)
                  c301d8a0    00000020     sysbios.lib : BIOS.obj (.text:ti_sysbios_gates_GateHwi_query__F)
                  c301d8c0    00000020                 : BIOS.obj (.text:ti_sysbios_gates_GateMutexPri_Instance_finalize__F)
                  c301d8e0    00000020     Dsp_pe674.oe674 (.text:ti_sysbios_gates_GateMutexPri_query__E)
                  c301d900    00000020     sysbios.lib : BIOS.obj (.text:ti_sysbios_gates_GateMutexPri_query__F)
                  c301d920    00000020                 : BIOS.obj (.text:ti_sysbios_gates_GateMutex_Instance_finalize__F)
                  c301d940    00000020     Dsp_pe674.oe674 (.text:ti_sysbios_gates_GateMutex_query__E)
                  c301d960    00000020     sysbios.lib : BIOS.obj (.text:ti_sysbios_gates_GateMutex_query__F)
                  c301d980    00000020                 : BIOS.obj (.text:ti_sysbios_gates_GateSwi_Instance_init__F)
                  c301d9a0    00000020                 : BIOS.obj (.text:ti_sysbios_gates_GateSwi_enter__E)
                  c301d9c0    00000020                 : BIOS.obj (.text:ti_sysbios_gates_GateSwi_leave__E)
                  c301d9e0    00000020     Dsp_pe674.oe674 (.text:ti_sysbios_gates_GateSwi_query__E)
                  c301da00    00000020     sysbios.lib : BIOS.obj (.text:ti_sysbios_gates_GateSwi_query__F)
                  c301da20    00000020     Dsp_pe674.oe674 (.text:ti_sysbios_hal_Cache_CacheProxy_inv__E)
                  c301da40    00000020     Dsp_pe674.oe674 (.text:ti_sysbios_hal_Cache_CacheProxy_wbInv__E)
                  c301da60    00000020     sysbios.lib : BIOS.obj (.text:ti_sysbios_hal_Cache_inv__E)
                  c301da80    00000020                 : BIOS.obj (.text:ti_sysbios_hal_Cache_wbInv__E)
                  c301daa0    00000020     Dsp_pe674.oe674 (.text:ti_sysbios_hal_Hwi_HwiProxy_Module__startupDone__S)
                  c301dac0    00000020     Dsp_pe674.oe674 (.text:ti_sysbios_hal_Hwi_HwiProxy_Object__create__S)
                  c301dae0    00000020     Dsp_pe674.oe674 (.text:ti_sysbios_hal_Hwi_HwiProxy_Object__delete__S)
                  c301db00    00000020     Dsp_pe674.oe674 (.text:ti_sysbios_hal_Hwi_HwiProxy_clearInterrupt__E)
                  c301db20    00000020     Dsp_pe674.oe674 (.text:ti_sysbios_hal_Hwi_HwiProxy_disableInterrupt__E)
                  c301db40    00000020     Dsp_pe674.oe674 (.text:ti_sysbios_hal_Hwi_HwiProxy_enableInterrupt__E)
                  c301db60    00000020     Dsp_pe674.oe674 (.text:ti_sysbios_hal_Hwi_HwiProxy_startup__E)
                  c301db80    00000020     Dsp_pe674.oe674 (.text:ti_sysbios_hal_Hwi_HwiProxy_switchFromBootStack__E)
                  c301dba0    00000020     Dsp_pe674.oe674 (.text:ti_sysbios_hal_Hwi_Module_startup__E)
                  c301dbc0    00000020     sysbios.lib : BIOS.obj (.text:ti_sysbios_hal_Hwi_Module_startup__F)
                  c301dbe0    00000020     Dsp_pe674.oe674 (.text:ti_sysbios_hal_Hwi_Params__init__S)
                  c301dc00    00000020     sysbios.lib : BIOS.obj (.text:ti_sysbios_hal_Hwi_clearInterrupt__E)
                  c301dc20    00000020                 : BIOS.obj (.text:ti_sysbios_hal_Hwi_enableInterrupt__E)
                  c301dc40    00000020                 : BIOS.obj (.text:ti_sysbios_hal_Hwi_startup__E)
                  c301dc60    00000020     Dsp_pe674.oe674 (.text:ti_sysbios_hal_Timer_Module__startupDone__S)
                  c301dc80    00000020     Dsp_pe674.oe674 (.text:ti_sysbios_hal_Timer_Module_startup__E)
                  c301dca0    00000020     sysbios.lib : BIOS.obj (.text:ti_sysbios_hal_Timer_Module_startup__F)
                  c301dcc0    00000020     Dsp_pe674.oe674 (.text:ti_sysbios_hal_Timer_TimerProxy_Module__startupDone__S)
                  c301dce0    00000020     Dsp_pe674.oe674 (.text:ti_sysbios_hal_Timer_TimerProxy_getExpiredCounts__E)
                  c301dd00    00000020     Dsp_pe674.oe674 (.text:ti_sysbios_hal_Timer_TimerProxy_getPeriod__E)
                  c301dd20    00000020     Dsp_pe674.oe674 (.text:ti_sysbios_hal_Timer_TimerProxy_setNextTick__E)
                  c301dd40    00000020     Dsp_pe674.oe674 (.text:ti_sysbios_hal_Timer_TimerProxy_startup__E)
                  c301dd60    00000020     sysbios.lib : BIOS.obj (.text:ti_sysbios_hal_Timer_startup__E)
                  c301dd80    00000020     Dsp_pe674.oe674 (.text:ti_sysbios_heaps_HeapMem_Module_GateProxy_enter__E)
                  c301dda0    00000020     Dsp_pe674.oe674 (.text:ti_sysbios_heaps_HeapMem_Module_GateProxy_leave__E)
                  c301ddc0    00000020     Dsp_pe674.oe674 (.text:ti_sysbios_heaps_HeapMem_Module_GateProxy_query__E)
                  c301dde0    00000020     sysbios.lib : BIOS.obj (.text:ti_sysbios_heaps_HeapMem_isBlocking__E)
                  c301de00    00000020     Dsp_pe674.oe674 (.text:ti_sysbios_knl_Clock_Module_startup__E)
                  c301de20    00000020     Dsp_pe674.oe674 (.text:ti_sysbios_knl_Clock_Params__init__S)
                  c301de40    00000020     sysbios.lib : BIOS.obj (.text:ti_sysbios_knl_Clock_logTick__E)
                  c301de60    00000020                 : BIOS.obj (.text:ti_sysbios_knl_Queue_Instance_init__F)
                  c301de80    00000020     Dsp_pe674.oe674 (.text:ti_sysbios_knl_Queue_Object__destruct__S)
                  c301dea0    00000020     Dsp_pe674.oe674 (.text:ti_sysbios_knl_Queue_Object__get__S)
                  c301dec0    00000020     sysbios.lib : BIOS.obj (.text:ti_sysbios_knl_Queue_empty__E)
                  c301dee0    00000020                 : BIOS.obj (.text:ti_sysbios_knl_Semaphore_Instance_finalize__F)
                  c301df00    00000020     Dsp_pe674.oe674 (.text:ti_sysbios_knl_Semaphore_Params__init__S)
                  c301df20    00000020     sysbios.lib : BIOS.obj (.text:ti_sysbios_knl_Swi_Instance_finalize__F)
                  c301df40    00000020     Dsp_pe674.oe674 (.text:ti_sysbios_knl_Swi_Module_startup__E)
                  c301df60    00000020     Dsp_pe674.oe674 (.text:ti_sysbios_knl_Swi_Params__init__S)
                  c301df80    00000020     sysbios.lib : BIOS.obj (.text:ti_sysbios_knl_Swi_disable__E)
                  c301dfa0    00000020     Dsp_pe674.oe674 (.text:ti_sysbios_knl_Task_Module_startup__E)
                  c301dfc0    00000020     Dsp_pe674.oe674 (.text:ti_sysbios_knl_Task_Object__first__S)
                  c301dfe0    00000020     Dsp_pe674.oe674 (.text:ti_sysbios_knl_Task_Object__next__S)
                  c301e000    00000020     Dsp_pe674.oe674 (.text:ti_sysbios_knl_Task_Params__init__S)
                  c301e020    00000020     Dsp_pe674.oe674 (.text:ti_sysbios_knl_Task_SupportProxy_Module__startupDone__S)
                  c301e040    00000020     Dsp_pe674.oe674 (.text:ti_sysbios_knl_Task_SupportProxy_checkStack__E)
                  c301e060    00000020     Dsp_pe674.oe674 (.text:ti_sysbios_knl_Task_SupportProxy_getStackAlignment__E)
                  c301e080    00000020     Dsp_pe674.oe674 (.text:ti_sysbios_knl_Task_SupportProxy_start__E)
                  c301e0a0    00000020     Dsp_pe674.oe674 (.text:ti_sysbios_knl_Task_SupportProxy_swap__E)
                  c301e0c0    00000020     sysbios.lib : BIOS.obj (.text:ti_sysbios_knl_Task_disable__E)
                  c301e0e0    00000020                 : BIOS.obj (.text:ti_sysbios_knl_Task_getPri__E)
                  c301e100    00000020                 : BIOS.obj (.text:ti_sysbios_knl_Task_self__E)
                  c301e120    00000020     Dsp_pe674.oe674 (.text:ti_sysbios_syncs_SyncSem_query__E)
                  c301e140    00000020     sysbios.lib : BIOS.obj (.text:ti_sysbios_syncs_SyncSem_query__F)
                  c301e160    00000020     Dsp_pe674.oe674 (.text:ti_sysbios_syncs_SyncSem_signal__E)
                  c301e180    00000020     sysbios.lib : BIOS.obj (.text:ti_sysbios_syncs_SyncSem_signal__F)
                  c301e1a0    00000020     Dsp_pe674.oe674 (.text:ti_sysbios_syncs_SyncSem_wait__E)
                  c301e1c0    00000020     Dsp_pe674.oe674 (.text:ti_sysbios_timers_timer64_Timer_Module__startupDone__S)
                  c301e1e0    00000020     Dsp_pe674.oe674 (.text:ti_sysbios_timers_timer64_Timer_Module_startup__E)
                  c301e200    00000020     Dsp_pe674.oe674 (.text:ti_sysbios_timers_timer64_Timer_TimerSupportProxy_enable__E)
                  c301e220    00000020     sysbios.lib : BIOS.obj (.text:ti_sysbios_timers_timer64_Timer_setNextTick__E)
                  c301e240    00000020                 : BIOS.obj (.text:ti_sysbios_xdcruntime_GateThreadSupport_Instance_finalize__F)
                  c301e260    00000020     Dsp_pe674.oe674 (.text:ti_sysbios_xdcruntime_GateThreadSupport_enter__E)
                  c301e280    00000020     sysbios.lib : BIOS.obj (.text:ti_sysbios_xdcruntime_GateThreadSupport_enter__F)
                  c301e2a0    00000020     Dsp_pe674.oe674 (.text:ti_sysbios_xdcruntime_GateThreadSupport_leave__E)
                  c301e2c0    00000020     sysbios.lib : BIOS.obj (.text:ti_sysbios_xdcruntime_GateThreadSupport_leave__F)
                  c301e2e0    00000020     Dsp_pe674.oe674 (.text:ti_sysbios_xdcruntime_GateThreadSupport_query__E)
                  c301e300    00000020     sysbios.lib : BIOS.obj (.text:ti_sysbios_xdcruntime_GateThreadSupport_query__F)
                  c301e320    00000020     Dsp_pe674.oe674 (.text:xdc_runtime_Error_check__E)
                  c301e340    00000020     Dsp_pe674.oe674 (.text:xdc_runtime_Error_init__E)
                  c301e360    00000020     Dsp_pe674.oe674 (.text:xdc_runtime_Error_print__E)
                  c301e380    00000020     Dsp_pe674.oe674 (.text:xdc_runtime_Error_raiseX__E)
                  c301e3a0    00000020     Dsp_pe674.oe674 (.text:xdc_runtime_GateNull_enter__E)
                  c301e3c0    00000020     ti.targets.rts6000.ae674 : GateNull.oe674 (.text:xdc_runtime_GateNull_enter__F)
                  c301e3e0    00000020     Dsp_pe674.oe674 (.text:xdc_runtime_GateNull_leave__E)
                  c301e400    00000020     ti.targets.rts6000.ae674 : GateNull.oe674 (.text:xdc_runtime_GateNull_leave__F)
                  c301e420    00000020     Dsp_pe674.oe674 (.text:xdc_runtime_GateNull_query__E)
                  c301e440    00000020     ti.targets.rts6000.ae674 : GateNull.oe674 (.text:xdc_runtime_GateNull_query__F)
                  c301e460    00000020     Dsp_pe674.oe674 (.text:xdc_runtime_Gate_enterSystem__E)
                  c301e480    00000020     ti.targets.rts6000.ae674 : Gate.oe674 (.text:xdc_runtime_Gate_enterSystem__F)
                  c301e4a0    00000020     Dsp_pe674.oe674 (.text:xdc_runtime_Gate_leaveSystem__E)
                  c301e4c0    00000020     ti.targets.rts6000.ae674 : Gate.oe674 (.text:xdc_runtime_Gate_leaveSystem__F)
                  c301e4e0    00000020     Dsp_pe674.oe674 (.text:xdc_runtime_IHeap_alloc)
                  c301e500    00000020     Dsp_pe674.oe674 (.text:xdc_runtime_IHeap_free)
                  c301e520    00000020     Dsp_pe674.oe674 (.text:xdc_runtime_LoggerBuf_Module_GateProxy_enter__E)
                  c301e540    00000020     Dsp_pe674.oe674 (.text:xdc_runtime_LoggerBuf_Module_GateProxy_leave__E)
                  c301e560    00000020     Dsp_pe674.oe674 (.text:xdc_runtime_LoggerBuf_Module_startup__E)
                  c301e580    00000020     Dsp_pe674.oe674 (.text:xdc_runtime_LoggerBuf_TimestampProxy_get64__E)
                  c301e5a0    00000020     Dsp_pe674.oe674 (.text:xdc_runtime_LoggerBuf_disable__E)
                  c301e5c0    00000020     ti.targets.rts6000.ae674 : LoggerBuf.oe674 (.text:xdc_runtime_LoggerBuf_disable__F)
                  c301e5e0    00000020     Dsp_pe674.oe674 (.text:xdc_runtime_LoggerBuf_enable__E)
                  c301e600    00000020     ti.targets.rts6000.ae674 : LoggerBuf.oe674 (.text:xdc_runtime_LoggerBuf_enable__F)
                  c301e620    00000020     Dsp_pe674.oe674 (.text:xdc_runtime_LoggerBuf_getFilterLevel__E)
                  c301e640    00000020     Dsp_pe674.oe674 (.text:xdc_runtime_LoggerBuf_setFilterLevel__E)
                  c301e660    00000020     Dsp_pe674.oe674 (.text:xdc_runtime_LoggerBuf_write0__E)
                  c301e680    00000020     Dsp_pe674.oe674 (.text:xdc_runtime_LoggerBuf_write1__E)
                  c301e6a0    00000020     ti.targets.rts6000.ae674 : LoggerBuf.oe674 (.text:xdc_runtime_LoggerBuf_write1__F)
                  c301e6c0    00000020     Dsp_pe674.oe674 (.text:xdc_runtime_LoggerBuf_write2__E)
                  c301e6e0    00000020     ti.targets.rts6000.ae674 : LoggerBuf.oe674 (.text:xdc_runtime_LoggerBuf_write2__F)
                  c301e700    00000020     Dsp_pe674.oe674 (.text:xdc_runtime_LoggerBuf_write4__E)
                  c301e720    00000020     Dsp_pe674.oe674 (.text:xdc_runtime_Memory_HeapProxy_alloc__E)
                  c301e740    00000020     Dsp_pe674.oe674 (.text:xdc_runtime_Memory_HeapProxy_free__E)
                  c301e760    00000020     Dsp_pe674.oe674 (.text:xdc_runtime_Memory_alloc__E)
                  c301e780    00000020     Dsp_pe674.oe674 (.text:xdc_runtime_Memory_calloc__E)
                  c301e7a0    00000020     Dsp_pe674.oe674 (.text:xdc_runtime_Memory_free__E)
                  c301e7c0    00000020     Dsp_pe674.oe674 (.text:xdc_runtime_Memory_getMaxDefaultTypeAlign__E)
                  c301e7e0    00000020     ti.targets.rts6000.ae674 : Memory.oe674 (.text:xdc_runtime_Memory_getMaxDefaultTypeAlign__F)
                  c301e800    00000020     Dsp_pe674.oe674 (.text:xdc_runtime_Memory_valloc__E)
                  c301e820    00000020     Dsp_pe674.oe674 (.text:xdc_runtime_Startup_Module__startupDone__S)
                  c301e840    00000020     Dsp_pe674.oe674 (.text:xdc_runtime_Startup_exec__E)
                  c301e860    00000020     Dsp_pe674.oe674 (.text:xdc_runtime_Startup_exec__I)
                  c301e880    00000020     Dsp_pe674.oe674 (.text:xdc_runtime_Startup_reset__I)
                  c301e8a0    00000020     Dsp_pe674.oe674 (.text:xdc_runtime_SysMin_Module_startup__E)
                  c301e8c0    00000020     Dsp_pe674.oe674 (.text:xdc_runtime_SysMin_abort__E)
                  c301e8e0    00000020     Dsp_pe674.oe674 (.text:xdc_runtime_SysMin_exit__E)
                  c301e900    00000020     Dsp_pe674.oe674 (.text:xdc_runtime_SysMin_putch__E)
                  c301e920    00000020     Dsp_pe674.oe674 (.text:xdc_runtime_SysMin_ready__E)
                  c301e940    00000020     ti.targets.rts6000.ae674 : SysMin.oe674 (.text:xdc_runtime_SysMin_ready__F)
[...]
c302afb8   ti_sdo_ipc_transports_TransportShm_Object__DESC__C
c302afd8   ti_sdo_utils_List_Object__DESC__C
c302aff8   ti_sysbios_family_c64p_Hwi_Object__DESC__C
c302b018   ti_sysbios_gates_GateAll_Object__DESC__C
c302b038   ti_sysbios_gates_GateHwi_Object__DESC__C
c302b058   ti_sysbios_gates_GateMutexPri_Object__DESC__C
c302b078   ti_sysbios_gates_GateMutex_Object__DESC__C
c302b098   ti_sysbios_gates_GateSwi_Object__DESC__C
c302b0b8   ti_sysbios_hal_Hwi_Object__DESC__C
c302b0d8   ti_sysbios_heaps_HeapMem_Object__DESC__C
c302b0f8   ti_sysbios_heaps_HeapMem_Object__PARAMS__C
c302b118   ti_sysbios_knl_Clock_Object__DESC__C
c302b138   ti_sysbios_knl_Queue_Object__DESC__C
c302b158   ti_sysbios_knl_Semaphore_Object__DESC__C
c302b178   ti_sysbios_knl_Swi_Object__DESC__C
c302b198   ti_sysbios_knl_Task_Object__DESC__C
c302b1b8   ti_sysbios_syncs_SyncSem_Object__DESC__C
c302b1d8   ti_sysbios_xdcruntime_GateThreadSupport_Object__DESC__C
c302b1f8   xdc_runtime_GateNull_Object__DESC__C
c302b218   xdc_runtime_LoggerBuf_Object__DESC__C
c302b238   xdc_runtime_Startup_sfxnRts__A
c302b258   xdc_runtime_knl_GateThread_Object__DESC__C
c302b278   ti_sdo_ipc_MessageQ_Object__PARAMS__C
c302b294   ti_sysbios_syncs_SyncSem_Object__PARAMS__C
c302b2b0   ti_sdo_ipc_Notify_Object__PARAMS__C
c302b2c8   ti_sdo_utils_List_Object__PARAMS__C
c302b2e0   ti_sysbios_gates_GateAll_Object__PARAMS__C
c302b2f8   ti_sysbios_gates_GateHwi_Object__PARAMS__C
c302b310   ti_sysbios_gates_GateMutexPri_Object__PARAMS__C
c302b328   ti_sysbios_gates_GateMutex_Object__PARAMS__C
c302b340   ti_sysbios_gates_GateSwi_Object__PARAMS__C
c302b358   ti_sysbios_knl_Queue_Object__PARAMS__C
c302b370   ti_sysbios_knl_Task_hooks__A
c302b388   ti_sysbios_xdcruntime_GateThreadSupport_Object__PARAMS__C
c302b3a0   xdc_runtime_GateNull_Object__PARAMS__C
c302b3b8   xdc_runtime_knl_GateThread_Object__PARAMS__C
c302b3e4   ti_sdo_ipc_GateMP_E_localGate__C
c302b3e8   ti_sdo_ipc_Ipc_userFxns__A
c302b3f4   ti_sysbios_family_c64p_Cache_initSize__C
c302b408   ti_sysbios_knl_Idle_funcList__C
c302b410   ti_sysbios_knl_Task_hooks__C
c302b418   xdc_runtime_Startup_firstFxns__A
c302b420   xdc_runtime_Startup_firstFxns__C
c302b428   xdc_runtime_Startup_lastFxns__C
c302b430   ti_sdo_ipc_Ipc_E_internal__C
c302b434   ti_sdo_ipc_Ipc_E_nameFailed__C
c302b438   ti_sdo_ipc_Ipc_E_versionMismatch__C
c302b43c   ti_sdo_ipc_Ipc_numUserFxns__C
c302b440   ti_sdo_ipc_Ipc_procSync__C
c302b444   ti_sdo_ipc_Ipc_userFxns__C
c302b448   ti_sdo_ipc_MessageQ_E_maxReached__C
c302b44c   ti_sdo_ipc_MessageQ_E_nameFailed__C
c302b450   ti_sdo_ipc_MessageQ_Instance_State_highList__O
c302b454   ti_sdo_ipc_MessageQ_Instance_State_normalList__O
c302b458   ti_sdo_ipc_MessageQ_Object__count__C
c302b45c   ti_sdo_ipc_MessageQ_Object__heap__C
c302b460   ti_sdo_ipc_MessageQ_maxRuntimeEntries__C
c302b464   ti_sdo_ipc_Notify_Module__gateObj__C
c302b468   ti_sdo_ipc_Notify_Object__heap__C
c302b46c   ti_sdo_ipc_Notify_numEvents__C
c302b470   ti_sdo_ipc_Notify_sendEventPollCount__C
c302b474   ti_sdo_ipc_SharedRegion_INVALIDSRPTR__C
c302b478   ti_sdo_ipc_SharedRegion_cacheLineSize__C
c302b47c   ti_sdo_ipc_SharedRegion_numOffsetBits__C
c302b480   ti_sdo_ipc_SharedRegion_offsetMask__C
c302b484   ti_sdo_ipc_family_da830_NotifySetup_armRecvIntId0__C
c302b488   ti_sdo_ipc_family_da830_NotifySetup_armRecvIntId1__C
c302b48c   ti_sdo_ipc_family_da830_NotifySetup_dspIntVectId0__C
c302b490   ti_sdo_ipc_family_da830_NotifySetup_dspIntVectId1__C
c302b494   ti_sdo_ipc_family_da830_NotifySetup_dspRecvIntId0__C
c302b498   ti_sdo_ipc_family_da830_NotifySetup_dspRecvIntId1__C
c302b49c   ti_sdo_ipc_gates_GatePeterson_E_gateRemotelyOpened__C
c302b4a0   ti_sdo_ipc_heaps_HeapMemMP_E_memory__C
c302b4a4   ti_sdo_ipc_interfaces_IGateMPSupport_Interface__BASE__C
c302b4a8   ti_sdo_ipc_interfaces_IMessageQTransport_Interface__BASE__C
c302b4ac   ti_sdo_ipc_interfaces_INotifyDriver_Interface__BASE__C
c302b4b0   ti_sdo_ipc_notifyDrivers_NotifyDriverShm_Object__heap__C
c302b4b4   ti_sdo_ipc_nsremote_NameServerRemoteNotify_Instance_State_semMultiBlock__O
c302b4b8   ti_sdo_ipc_nsremote_NameServerRemoteNotify_Instance_State_semRemoteWait__O
c302b4bc   ti_sdo_ipc_nsremote_NameServerRemoteNotify_Instance_State_swiObj__O
c302b4c0   ti_sdo_ipc_nsremote_NameServerRemoteNotify_notifyEventId__C
c302b4c4   ti_sdo_ipc_nsremote_NameServerRemoteNotify_timeout__C
c302b4c8   ti_sdo_ipc_transports_TransportShmSetup_priority__C
c302b4cc   ti_sdo_ipc_transports_TransportShm_Instance_State_swiObj__O
c302b4d0   ti_sdo_utils_INameServerRemote_Interface__BASE__C
c302b4d4   ti_sdo_utils_MultiProc_procIdList__C
c302b4d8   ti_sdo_utils_MultiProc_procIdList__A
c302b4dc   ti_sdo_utils_NameServer_E_entryExists__C
c302b4e0   ti_sdo_utils_NameServer_E_maxReached__C
c302b4e4   ti_sdo_utils_NameServer_Instance_State_freeList__O
c302b4e8   ti_sdo_utils_NameServer_Instance_State_nameList__O
c302b4ec   ti_sdo_utils_NameServer_Object__count__C
c302b4f0   ti_sysbios_BIOS_installedErrorHook__C
c302b4f4   ti_sysbios_family_c62_TaskSupport_stackAlignment__C
c302b4f8   ti_sysbios_family_c64p_Cache_EMIFA_BASE__C
c302b4fc   ti_sysbios_family_c64p_Cache_EMIFA_CFG__C
c302b500   ti_sysbios_family_c64p_Cache_EMIFA_LENGTH__C
c302b504   ti_sysbios_family_c64p_Cache_EMIFB_BASE__C
c302b508   ti_sysbios_family_c64p_Cache_EMIFB_CFG__C
c302b50c   ti_sysbios_family_c64p_Cache_EMIFB_LENGTH__C
c302b510   ti_sysbios_family_c64p_Cache_EMIFC_BASE__C
c302b514   ti_sysbios_family_c64p_Cache_EMIFC_CFG__C
c302b518   ti_sysbios_family_c64p_Cache_EMIFC_LENGTH__C
c302b51c   ti_sysbios_family_c64p_Cache_MAR0_31__C
c302b520   ti_sysbios_family_c64p_Cache_MAR128_159__C
c302b524   ti_sysbios_family_c64p_Cache_MAR160_191__C
c302b528   ti_sysbios_family_c64p_Cache_MAR192_223__C
c302b52c   ti_sysbios_family_c64p_Cache_MAR224_255__C
c302b530   ti_sysbios_family_c64p_Cache_MAR32_63__C
c302b534   ti_sysbios_family_c64p_Cache_MAR64_95__C
c302b538   ti_sysbios_family_c64p_Cache_MAR96_127__C
c302b53c   ti_sysbios_family_c64p_Exception_E_exceptionMin__C
c302b540   ti_sysbios_family_c64p_Exception_exceptionHook__C
c302b544   ti_sysbios_family_c64p_Exception_externalHook__C
c302b548   ti_sysbios_family_c64p_Exception_internalHook__C
c302b54c   ti_sysbios_family_c64p_Exception_nmiHook__C
c302b550   ti_sysbios_family_c64p_Hwi_E_alreadyDefined__C
c302b554   ti_sysbios_gates_GateMutexPri_Instance_State_pendQ__O
c302b558   ti_sysbios_gates_GateMutex_Instance_State_sem__O
c302b55c   ti_sysbios_hal_Hwi_E_stackOverflow__C
c302b560   ti_sysbios_heaps_HeapMem_E_memory__C
c302b564   ti_sysbios_heaps_HeapMem_Module__gateObj__C
c302b568   ti_sysbios_heaps_HeapMem_Object__count__C
c302b56c   ti_sysbios_heaps_HeapMem_reqAlignMask__C
c302b570   ti_sysbios_heaps_HeapMem_reqAlign__C
c302b574   ti_sysbios_knl_Clock_Module_State_clockQ__O
c302b578   ti_sysbios_knl_Clock_tickMode__C
c302b57c   ti_sysbios_knl_Clock_tickPeriod__C
c302b580   ti_sysbios_knl_Clock_tickSource__C
c302b584   ti_sysbios_knl_Semaphore_Instance_State_pendQ__O
c302b588   ti_sysbios_knl_Idle_funcList__A
c302b58c   ti_sysbios_knl_Swi_Object__count__C
c302b590   ti_sysbios_knl_Task_E_spOutOfBounds__C
c302b594   ti_sysbios_knl_Task_E_stackOverflow__C
c302b598   ti_sysbios_knl_Task_Module_State_inactiveQ__O
c302b59c   ti_sysbios_knl_Task_Module_State_terminatedQ__O
c302b5a0   ti_sysbios_knl_Task_Object__count__C
c302b5a4   ti_sysbios_knl_Task_Object__heap__C
c302b5a8   ti_sysbios_knl_Task_allBlockedFunc__C
c302b5ac   ti_sysbios_knl_Task_defaultStackHeap__C
c302b5b0   ti_sysbios_knl_Task_defaultStackSize__C
c302b5b4   ti_sysbios_knl_Task_numConstructedTasks__C
c302b5b8   ti_sysbios_timers_timer64_Timer_E_cannotSupport__C
c302b5bc   ti_sysbios_timers_timer64_Timer_anyMask__C
c302b5c0   ti_sysbios_timers_timer64_Timer_freqDivisor__C
c302b5c4   ti_sysbios_timers_timer64_Timer_numLocalTimers__C
c302b5c8   ti_sysbios_timers_timer64_Timer_numTimerDevices__C
c302b5cc   ti_sysbios_xdcruntime_GateThreadSupport_Instance_State_gate__O
c302b5d0   xdc_runtime_Assert_E_assertFailed__C
c302b5d4   xdc_runtime_Core_A_initializedParams__C
c302b5d8   xdc_runtime_Core_Module__diagsEnabled__C
c302b5dc   xdc_runtime_Core_Module__diagsIncluded__C
c302b5e0   xdc_runtime_Core_Module__diagsMask__C
c302b5e4   xdc_runtime_Error_E_generic__C
c302b5e8   xdc_runtime_Error_E_memory__C
c302b5ec   xdc_runtime_Error_Module__diagsEnabled__C
c302b5f0   xdc_runtime_Error_Module__diagsIncluded__C
c302b5f4   xdc_runtime_Error_Module__diagsMask__C
c302b5f8   xdc_runtime_Error_Module__loggerFxn8__C
c302b5fc   xdc_runtime_Error_Module__loggerObj__C
c302b600   xdc_runtime_Error_policy__C
c302b604   xdc_runtime_Error_raiseHook__C
c302b608   xdc_runtime_IFilterLogger_Interface__BASE__C
c302b60c   xdc_runtime_IGateProvider_Interface__BASE__C
c302b610   xdc_runtime_IHeap_Interface__BASE__C
c302b614   xdc_runtime_ILogger_Interface__BASE__C
c302b618   xdc_runtime_IModule_Interface__BASE__C
c302b61c   xdc_runtime_Log_L_error__C
c302b620   xdc_runtime_LoggerBuf_E_badLevel__C
c302b624   xdc_runtime_LoggerBuf_Module__gateObj__C
c302b628   xdc_runtime_LoggerBuf_Object__count__C
c302b62c   xdc_runtime_LoggerBuf_statusLogger__C
c302b630   xdc_runtime_Memory_defaultHeapInstance__C
c302b634   xdc_runtime_Startup_execImpl__C
c302b638   xdc_runtime_Startup_lastFxns__A
c302b63c   xdc_runtime_Startup_maxPasses__C
c302b640   xdc_runtime_Startup_sfxnRts__C
c302b644   xdc_runtime_Startup_sfxnTab__C
c302b648   xdc_runtime_SysMin_bufSize__C
c302b64c   xdc_runtime_SysMin_outputFunc__C
c302b650   xdc_runtime_System_Module__gateObj__C
c302b654   xdc_runtime_System_extendFxn__C
c302b658   xdc_runtime_System_maxAtexitHandlers__C
c302b65c   xdc_runtime_Text_charTab__C
c302b660   xdc_runtime_Text_nameEmpty__C
c302b664   xdc_runtime_Text_nameStatic__C
c302b668   xdc_runtime_Text_nameUnknown__C
c302b66c   xdc_runtime_Text_nodeTab__C
c302b670   xdc_runtime_Text_visitRopeFxn__C
c302b674   xdc_runtime_knl_ISync_Interface__BASE__C
c302b678   ti_sdo_ipc_GateMP_Module__id__C
c302b67c   ti_sdo_ipc_Ipc_generateSlaveDataForHost__C
c302b680   ti_sdo_ipc_ListMP_Module__id__C
c302b684   ti_sdo_ipc_MessageQ_Module__id__C
c302b688   ti_sdo_ipc_Notify_numLines__C
c302b68c   ti_sdo_ipc_SharedRegion_numEntries__C
c302b690   ti_sdo_ipc_SharedRegion_translate__C
c302b694   ti_sdo_ipc_family_da830_NotifySetup_useSecondLine__C
c302b698   ti_sdo_ipc_gates_GatePeterson_Module__id__C
c302b69c   ti_sdo_ipc_heaps_HeapMemMP_Module__id__C
c302b6a0   ti_sdo_ipc_nsremote_NameServerRemoteNotify_Module__id__C
c302b6a4   ti_sdo_ipc_transports_TransportShm_Module__id__C
c302b6a8   ti_sdo_ipc_transports_TransportShm_notifyEventId__C
c302b6ac   ti_sdo_utils_MultiProc_numProcessors__C
c302b6b0   ti_sdo_utils_MultiProc_numProcsInCluster__C
c302b6b4   ti_sdo_utils_NameServer_Module__id__C
c302b6b8   ti_sdo_utils_NameServer_singleProcessor__C
c302b6bc   ti_sysbios_family_c64p_Exception_Module__id__C
c302b6c0   ti_sysbios_family_c64p_Hwi_Module__id__C
c302b6c4   ti_sysbios_hal_Hwi_Module__id__C
c302b6c8   ti_sysbios_heaps_HeapMem_Module__id__C
c302b6cc   ti_sysbios_knl_Task_Module__id__C
c302b6d0   ti_sysbios_knl_Task_deleteTerminatedTasks__C
c302b6d4   ti_sysbios_knl_Task_initStackFlag__C
c302b6d8   ti_sysbios_timers_timer64_Timer_Module__id__C
c302b6dc   ti_sysbios_timers_timer64_Timer_startupNeeded__C
c302b6e0   xdc_runtime_Core_Module__id__C
c302b6e4   xdc_runtime_Error_Module__loggerDefined__C
c302b6e8   xdc_runtime_Error_maxDepth__C
c302b6ec   xdc_runtime_LoggerBuf_Module__id__C
c302b6f0   xdc_runtime_LoggerBuf_filterByLevel__C
c302b6f4   xdc_runtime_Memory_Module__id__C
c302b6f8   xdc_runtime_SysMin_flushAtExit__C
c302b6fc   xdc_runtime_Text_charCnt__C
c302b700   xdc_runtime_Text_isLoaded__C
c302b704   xdc_runtime_Text_registryModsLastId__C
c302b708   xdc_runtime_Text_unnamedModsLastId__C
c302b710   ti_sdo_ipc_GateMP_Module_State_0_remoteSystemGates__A
c302bf10   ti_sdo_ipc_GateMP_Module__root__V
c302bf1c   ti_sdo_ipc_GateMP_Module__state__V
c302bf64   ti_sdo_ipc_Ipc_Module__root__V
c302bf68   ti_sdo_ipc_Ipc_Module__state__V
c302bf74   ti_sdo_ipc_ListMP_Module__root__V
c302bf80   ti_sdo_ipc_ListMP_Module__state__V
c302bf84   ti_sdo_ipc_MessageQ_Module__root__V
c302bf90   ti_sdo_ipc_MessageQ_Module__state__V
c302bfac   ti_sdo_ipc_Notify_Module__root__V
c302bfb8   ti_sdo_ipc_Notify_Module__state__V
c302bfc0   ti_sdo_ipc_SharedRegion_Module__root__V
c302bfc4   ti_sdo_ipc_SharedRegion_Module__state__V
c302bfc8   ti_sdo_ipc_family_da830_InterruptDsp_Module__root__V
c302bfca   ti_sdo_ipc_family_da830_NotifySetup_Module__root__V
c302bfcc   ti_sdo_ipc_gates_GateMPSupportNull_Module__root__V
c302bfd8   ti_sdo_ipc_gates_GatePeterson_Module__root__V
c302bfe4   ti_sdo_ipc_heaps_HeapMemMP_Module__root__V
c302bff0   ti_sdo_ipc_heaps_HeapMemMP_Module__state__V
c302bff4   ti_sdo_ipc_notifyDrivers_NotifyDriverShm_Module__root__V
c302c000   ti_sdo_ipc_nsremote_NameServerRemoteNotify_Module__root__V
c302c00c   ti_sdo_ipc_transports_TransportShm_Module__root__V
c302c018   ti_sdo_ipc_transports_TransportShmSetup_Module__root__V
c302c01c   ti_sdo_ipc_transports_TransportShmSetup_Module__state__V
c302c020   ti_sdo_utils_List_Module__root__V
c302c02c   ti_sdo_utils_MultiProc_Module__root__V
c302c02e   ti_sdo_utils_MultiProc_Module__state__V
c302c034   ti_sdo_utils_NameServer_Module__root__V
c302c040   ti_sdo_utils_NameServer_Module__state__V
c302c048   ti_sdo_utils_NameServerRemoteNull_Module__root__V
c302c054   ti_sysbios_BIOS_Module__root__V
c302c058   ti_sysbios_BIOS_Module__state__V
c302c074   ti_sysbios_family_c62_IntrinsicsSupport_Module__root__V
c302c076   ti_sysbios_family_c62_TaskSupport_Module__root__V
c302c078   ti_sysbios_family_c64p_Cache_Module__root__V
c302c07c   ti_sysbios_family_c64p_Cache_Module__state__V
c302c080   ti_sysbios_family_c64p_Exception_Module__root__V
c302c084   ti_sysbios_family_c64p_Exception_Module__state__V
c302c0b0   ti_sysbios_family_c64p_Hwi_Module__root__V
c302c0bc   ti_sysbios_family_c64p_Hwi_Module__state__V
c302c120   ti_sysbios_family_c64p_primus_TimerSupport_Module__root__V
c302c124   ti_sysbios_family_c64p_primus_TimerSupport_Module__state__V
c302c128   ti_sysbios_gates_GateAll_Module__root__V
c302c134   ti_sysbios_gates_GateHwi_Module__root__V
c302c140   ti_sysbios_gates_GateMutex_Module__root__V
c302c14c   ti_sysbios_gates_GateMutexPri_Module__root__V
c302c158   ti_sysbios_gates_GateSwi_Module__root__V
c302c164   ti_sysbios_hal_Cache_Module__root__V
c302c168   ti_sysbios_hal_Hwi_Module__root__V
c302c174   ti_sysbios_hal_Timer_Module__root__V
c302c180   ti_sysbios_heaps_HeapMem_Module__root__V
c302c18c   ti_sysbios_knl_Clock_Module__root__V
c302c198   ti_sysbios_knl_Clock_Module__state__V
c302c1c4   ti_sysbios_knl_Idle_Module__root__V
c302c1c6   ti_sysbios_knl_Intrinsics_Module__root__V
c302c1c8   ti_sysbios_knl_Queue_Module__root__V
c302c1d4   ti_sysbios_knl_Semaphore_Module__root__V
c302c1e0   ti_sysbios_knl_Swi_Module__root__V
c302c1ec   ti_sysbios_knl_Swi_Module__state__V
c302c208   ti_sysbios_knl_Task_Module__root__V
c302c214   ti_sysbios_knl_Task_Module__state__V
c302c248   ti_sysbios_syncs_SyncSem_Module__root__V
c302c254   ti_sysbios_timers_timer64_Timer_Module__root__V
c302c260   ti_sysbios_timers_timer64_Timer_Module__state__V
c302c274   ti_sysbios_xdcruntime_GateThreadSupport_Module__root__V
c302c280   xdc_runtime_Defaults_Module__root__V
c302c282   xdc_runtime_Error_Module__root__V
c302c284   xdc_runtime_Error_Module__state__V
c302c288   xdc_runtime_GateNull_Module__root__V
c302c290   xdc_runtime_LoggerBuf_Module__root__V
c302c298   xdc_runtime_LoggerBuf_Module__state__V
c302c29e   xdc_runtime_Main_Module__root__V
c302c2a0   xdc_runtime_Memory_Module__state__V
c302c2a4   xdc_runtime_Registry_Module__root__V
c302c2a8   xdc_runtime_Registry_Module__state__V
c302c2b0   xdc_runtime_Startup_Module__state__V
c302c2b8   xdc_runtime_SysMin_Module__state__V
c302c2c4   xdc_runtime_System_Module__state__V
c302c2d0   xdc_runtime_Text_Module__state__V
c302c2d8   xdc_runtime_knl_GateThread_Module__root__V
c302c2e4   __xdc__init__addr
c302c2e8   ti_sdo_utils_NameServer_Object__table__V
c302c3c8   ti_sdo_ipc_SharedRegion_Module_State_0_regions__A
c302c458   ti_sysbios_knl_Task_Object__table__V
c302c49c   TSK_idle
c302c4e0   ti_sysbios_knl_Swi_Module_State_0_readyQ__A
c302c560   ti_sysbios_knl_Task_Module_State_0_readyQ__A
c302c5e0   ti_sysbios_timers_timer64_Timer_Module_State_0_device__A
c302c640   ti_sysbios_timers_timer64_Timer_Object__table__V
c302c690   ti_sysbios_gates_GateMutex_Object__table__V
c302c6d0   ti_sysbios_knl_Swi_Object__table__V
c302c700   ti_sdo_ipc_Ipc_Module_State_0_procEntry__A
c302c728   xdc_runtime_LoggerBuf_Object__table__V
c302c750   ti_sdo_ipc_MessageQ_Module_State_0_heaps__A
c302c770   ti_sysbios_timers_timer64_Timer_Module_State_0_gctrl__A
c302c790   ti_sysbios_timers_timer64_Timer_Module_State_0_handles__A
c302c7b0   ti_sysbios_timers_timer64_Timer_Module_State_0_intFreqs__A
c302c7d0   xdc_runtime_System_Module_State_0_atexitHandlers__A
c302c7f0   ti_sysbios_family_c64p_Hwi_Object__table__V
c302c808   ti_sysbios_gates_GateMutexPri_Object__table__V
c302c820   ti_sysbios_heaps_HeapMem_Object__table__V
c302c838   ti_sdo_ipc_MessageQ_Module_State_0_transports__A
c302c848   ti_sysbios_gates_GateAll_Object__table__V
c302c858   _cleanup_ptr
c302c85c   _dtors_ptr
c302c860   __TI_enable_exit_profile_output
c302c868   ti_sysbios_gates_GateSwi_Object__table__V
c302c874   _lock
c302c878   _unlock
c302c880   ti_sdo_ipc_Notify_Module_State_0_notifyHandles__A
c302c888   ti_sdo_ipc_transports_TransportShmSetup_Module_State_0_handles__A
c302c890   ti_sysbios_family_c64p_primus_TimerSupport_Module_State_0_suspSrc__A
c302c898   ti_sysbios_hal_Hwi_Object__table__V
c302c8a0   ti_sysbios_hal_Timer_Object__table__V
c302c8a8   ti_sdo_ipc_GateMP_Module_State_0_remoteCustom2Gates__A
c302c8b0   ti_sdo_ipc_Notify_Module_State_0_notifyHandles_0__A
c302c8b8   ti_sdo_ipc_Notify_Module_State_0_notifyHandles_1__A
c302c8c0   ti_sysbios_gates_GateHwi_Object__table__V
c302c8c8   xdc_runtime_GateNull_Object__table__V
c302c8d0   _stack
c302d8d0   __CIOBUF_
c302d8d0   __TI_STACK_END
c302d9f0   __c_args__
c302da54   __TI_STATIC_BASE
c302da54   myHwi
c302da58   p_rx
c302da5c   p_tx
c302da60   buffer
c302da68   tx_len
c302da6c   rx_len
c302da70   len
c302dc00   ti_sysbios_family_c64p_Hwi0
c302dc20   ti_sysbios_family_c64p_Hwi1
c302dc40   ti_sysbios_family_c64p_Hwi2
c302dc60   ti_sysbios_family_c64p_Hwi3
c302dc80   ti_sysbios_family_c64p_Hwi4
c302dca0   ti_sysbios_family_c64p_Hwi5
c302dcc0   ti_sysbios_family_c64p_Hwi6
c302dce0   ti_sysbios_family_c64p_Hwi7
c302dd00   ti_sysbios_family_c64p_Hwi8
c302dd20   ti_sysbios_family_c64p_Hwi9
c302dd40   ti_sysbios_family_c64p_Hwi10
c302dd60   ti_sysbios_family_c64p_Hwi11
c302dd80   ti_sysbios_family_c64p_Hwi12
c302dda0   ti_sysbios_family_c64p_Hwi13
c302ddc0   ti_sysbios_family_c64p_Hwi14
c302dde0   ti_sysbios_family_c64p_Hwi15
c302e000   _Ipc_ResetVector
c302e008   Ipc_sr0MemorySetup
ffffffff   __TI_pprof_out_hndl
ffffffff   __TI_prof_data_size
ffffffff   __TI_prof_data_start
ffffffff   __binit__
ffffffff   binit

[2238 symbols]


DYNAMIC SYMBOLS: SORTED ALPHABETICALLY BY Name 

address    name
--------   ----
UNDEFED    
c302c49c   TSK_idle
c302e000   _Ipc_ResetVector
c302d8d0   __TI_STACK_END
00001000   __TI_STACK_SIZE
c302da54   __TI_STATIC_BASE
ffffffff   __TI_pprof_out_hndl
ffffffff   __TI_prof_data_size
ffffffff   __TI_prof_data_start
ffffffff   __binit__
c302d9f0   __c_args__
00000064   _argsize
ffffffff   binit
00000001   xdc_runtime_Startup__EXECFXN__C
00000001   xdc_runtime_Startup__RESETFXN__C

[15 symbols]


IMPORTED and EXPORTED SYMBOLS: SORTED ALPHABETICALLY BY Name 

IMPORTED SYMBOLS

name                           size      Imported from
-----------------------------  --------  -------------

[0 symbols]


EXPORTED SYMBOLS

address    name
--------   ----
c302e000   _Ipc_ResetVector
