******************************************************************************
               TMS320C6x Linker Unix v7.3.3                    
******************************************************************************
>> Linked Thu Nov 20 10:06:28 2014

OUTPUT FILE NAME:   <bin/release/dsp.xe674>
ENTRY POINT SYMBOL: "ti_sysbios_family_c64p_Hwi0"  address: c302d400


MEMORY CONFIGURATION

         name            origin    length      used     unused   attr    fill
----------------------  --------  ---------  --------  --------  ----  --------
  IROM                  11700000   00100000  00000000  00100000  R  X
  IRAM                  11800000   00038000  00000000  00038000  RW X
  L3_CBA_RAM            80000000   00020000  00000000  00020000  RW X
  SR_0                  c2000000   00010000  00010000  00000000  RW X
  DSP_PROG              c3000000   00800000  0002d5ce  007d2a32  RW X


SEGMENT ALLOCATION MAP

run origin  load origin   length   init length attrs members
----------  ----------- ---------- ----------- ----- -------
c3000000    c3000000    0001e800   0001e800    r-x
  c3000000    c3000000    0001e800   0001e800    r-x .text
c301e800    c301e800    00008a58   00000000    rw-
  c301e800    c301e800    00008a58   00000000    rw- .far
c3027258    c3027258    00003de6   00003de6    r--
  c3027258    c3027258    00003de6   00003de6    r-- .const
c302b040    c302b040    000011bc   000011bc    rw-
  c302b040    c302b040    000011bc   000011bc    rw- .fardata
c302c200    c302c200    00001120   00000000    rw-
  c302c200    c302c200    00001000   00000000    rw- .stack
  c302d200    c302d200    00000120   00000000    rw- .cio
c302d320    c302d320    00000064   00000064    rw-
  c302d320    c302d320    00000064   00000064    rw- .args
c302d384    c302d384    00000010   00000010    r--
  c302d384    c302d384    00000010   00000010    r-- .switch
c302d394    c302d394    0000000c   00000000    rw-
  c302d394    c302d394    0000000c   00000000    rw- .bss
c302d400    c302d400    00000200   00000200    r-x
  c302d400    c302d400    00000200   00000200    r-x .vecs
c302d800    c302d800    00000034   00000034    r--
  c302d800    c302d800    00000034   00000034    r-- ti_sdo_ipc_init


SECTION ALLOCATION MAP

 output                                  attributes/
section   page    origin      length       input sections
--------  ----  ----------  ----------   ----------------
.cinit     0    c3000000    00000000     UNINITIALIZED

.init_array 
*          0    c3000000    00000000     UNINITIALIZED

ti.sdo.ipc.SharedRegion_0 
*          0    c2000000    00010000     NOLOAD SECTION
                  c2000000    00010000     --HOLE--

xdc.meta   0    c3000000    000000e0     COPY SECTION
                  c3000000    000000e0     Dsp_pe674.oe674 (xdc.meta)

.text      0    c3000000    0001e800     
                  c3000000    00000b80     ipc.lib : Ipc.obj (.text:ti_sdo_ipc_GateMP_Instance_init__F)
                  c3000b80    000009a0     ti.targets.rts6000.ae674 : System.oe674 (.text:xdc_runtime_System_doPrint__I)
                  c3001520    000007e0     syslink.oe674 (.text)
                  c3001d00    00000780     sysbios.lib : BIOS.obj (.text:ti_sysbios_family_c64p_Exception_handler__I)
                  c3002480    00000760     ipc.lib : Ipc.obj (.text:Ipc_detach)
                  c3002be0    00000740             : Ipc.obj (.text:Ipc_attach)
                  c3003320    00000700             : Ipc.obj (.text:ti_sdo_ipc_transports_TransportShm_Instance_init__F)
                  c3003a20    000005c0     rts6740_elf.lib : _printfi.obj (.text:_getarg_diouxp)
                  c3003fe0    000005a0                     : divd.obj (.text:__c6xabi_divd)
                  c3004580    00000520     main.oe674 (.text)
                  c3004aa0    00000480     rts6740_elf.lib : _printfi.obj (.text:_setfield)
                  c3004f20    00000460                     : _printfi.obj (.text:_printfi)
                  c3005380    00000460     ipc.lib : Ipc.obj (.text:ti_sdo_ipc_GateMP_setRegion0Reserved__F)
                  c30057e0    00000460             : Ipc.obj (.text:ti_sdo_ipc_heaps_HeapMemMP_Instance_init__F)
                  c3005c40    00000460             : Ipc.obj (.text:ti_sdo_ipc_nsremote_NameServerRemoteNotify_get__F)
                  c30060a0    00000440             : Ipc.obj (.text:ti_sdo_ipc_ListMP_Instance_init__F)
                  c30064e0    000003e0             : Ipc.obj (.text:ti_sdo_ipc_GateMP_Instance_finalize__F)
                  c30068c0    000003c0             : Ipc.obj (.text:ti_sdo_ipc_heaps_HeapMemMP_alloc__E)
                  c3006c80    000003a0             : Ipc.obj (.text:NameServer_add)
                  c3007020    000003a0             : Ipc.obj (.text:ti_sdo_ipc_MessageQ_Instance_init__F)
                  c30073c0    00000380             : Ipc.obj (.text:ti_sdo_ipc_heaps_HeapMemMP_free__E)
                  c3007740    00000320     sysbios.lib : BIOS.obj (.text:ti_sysbios_timers_timer64_Timer_Module_startup__F)
                  c3007a60    000002e0     rts6740_elf.lib : _printfi.obj (.text:_pproc_fwp)
                  c3007d40    000002e0     ipc.lib : Ipc.obj (.text:ti_sdo_ipc_nsremote_NameServerRemoteNotify_Instance_init__F)
                  c3008020    000002c0             : Ipc.obj (.text:NameServer_get)
                  c30082e0    000002c0     rts6740_elf.lib : _printfi.obj (.text:_pproc_fge)
                  c30085a0    000002a0                     : _printfi.obj (.text:ecvt)
                  c3008840    000002a0                     : _printfi.obj (.text:fcvt)
                  c3008ae0    000002a0     ipc.lib : Ipc.obj (.text:ti_sdo_ipc_Ipc_procSyncStart__I)
                  c3008d80    000002a0             : Ipc.obj (.text:ti_sdo_ipc_transports_TransportShm_Instance_finalize__F)
                  c3009020    00000280             : Ipc.obj (.text:Ipc_start)
                  c30092a0    00000280             : Ipc.obj (.text:ListMP_putTail)
                  c3009520    00000280             : Ipc.obj (.text:ListMP_remove)
                  c30097a0    00000280     sysbios.lib : BIOS.obj (.text:deviceConfig$44)
                  c3009a20    00000280     ipc.lib : Ipc.obj (.text:ti_sdo_ipc_gates_GatePeterson_Instance_init__F)
                  c3009ca0    00000280     ti.targets.rts6000.ae674 : Core-mem.oe674 (.text:xdc_runtime_Core_createObject__I)
                  c3009f20    00000280                              : Error.oe674 (.text:xdc_runtime_Error_raiseX__F)
                  c300a1a0    00000280     Dsp_pe674.oe674 (.text:xdc_runtime_System_printfExtend__I)
                  c300a420    00000260     rts6740_elf.lib : imath64.obj (.text:__c6xabi_divull)
                  c300a680    00000260                     : _printfi.obj (.text:_pconv_e)
                  c300a8e0    00000260     sysbios.lib : BIOS.obj (.text:ti_sysbios_timers_timer64_Timer_setPeriodMicroSecs__E)
                  c300ab40    00000260     ti.targets.rts6000.ae674 : Startup.oe674 (.text:xdc_runtime_Startup_startMods__I)
                  c300ada0    00000240     ipc.lib : Ipc.obj (.text:GateMP_openByAddr)
                  c300afe0    00000240     rts6740_elf.lib : _printfi.obj (.text:_pproc_diouxp)
                  c300b220    00000240     ipc.lib : Ipc.obj (.text:ti_sdo_ipc_family_da830_NotifySetup_attach__E)
                  c300b460    00000240             : Ipc.obj (.text:ti_sdo_ipc_heaps_HeapMemMP_getStats__E)
                  c300b6a0    00000240     sysbios.lib : BIOS.obj (.text:ti_sysbios_family_c64p_Exception_internalHandler__I)
                  c300b8e0    00000240                 : BIOS.obj (.text:ti_sysbios_knl_Semaphore_pend__E)
                  c300bb20    00000240     ti.targets.rts6000.ae674 : LoggerBuf.oe674 (.text:xdc_runtime_LoggerBuf_write8__F)
                  c300bd60    00000220     rts6740_elf.lib : _printfi.obj (.text:_pproc_str)
                  c300bf80    00000220     ipc.lib : Ipc.obj (.text:ti_sdo_ipc_nsremote_NameServerRemoteNotify_swiFxn__I)
                  c300c1a0    00000220     sysbios.lib : BIOS.obj (.text:ti_sysbios_knl_Task_exit__E)
                  c300c3c0    00000200     ipc.lib : Ipc.obj (.text:ListMP_getHead)
                  c300c5c0    00000200     rts6740_elf.lib : _printfi.obj (.text:_pconv_g)
                  c300c7c0    00000200     sysbios.lib : c64p_Hwi_disp_always.obj (.text:_ti_sysbios_family_c64p_Hwi_dispatchAlways)
                  c300c9c0    00000200     ipc.lib : Ipc.obj (.text:ti_sdo_ipc_Ipc_procSyncFinish__I)
                  c300cbc0    00000200             : Ipc.obj (.text:ti_sdo_ipc_notifyDrivers_NotifyDriverShm_Instance_init__F)
                  c300cdc0    00000200             : Ipc.obj (.text:ti_sdo_ipc_notifyDrivers_NotifyDriverShm_sendEvent__E)
                  c300cfc0    00000200     sysbios.lib : BIOS.obj (.text:ti_sysbios_gates_GateMutexPri_enter__E)
                  c300d1c0    00000200                 : BIOS.obj (.text:ti_sysbios_knl_Task_Instance_finalize__F)
                  c300d3c0    000001e0     ipc.lib : Ipc.obj (.text:GateMP_sharedMemReq)
                  c300d5a0    000001e0             : Ipc.obj (.text:ListMP_openByAddr)
                  c300d780    000001e0     sysbios.lib : BIOS.obj (.text:ti_sysbios_knl_Task_postInit__I)
                  c300d960    000001c0     rts6740_elf.lib : _printfi.obj (.text:_mcpy)
                  c300db20    000001c0     sysbios.lib : BIOS.obj (.text:block$55)
                  c300dce0    000001c0     ipc.lib : Ipc.obj (.text:ti_sdo_ipc_GateMP_getFreeResource__I)
                  c300dea0    000001c0             : Ipc.obj (.text:ti_sdo_ipc_heaps_HeapMemMP_postInit__I)
                  c300e060    000001c0     sysbios.lib : BIOS.obj (.text:ti_sysbios_family_c64p_Hwi_reconfig__E)
                  c300e220    000001c0                 : BIOS.obj (.text:ti_sysbios_knl_Task_checkStacks__E)
                  c300e3e0    000001a0     ipc.lib : Ipc.obj (.text:Ipc_writeConfig)
                  c300e580    000001a0     rts6740_elf.lib : imath40.obj (.text:__c6xabi_divul)
                  c300e720    000001a0     ipc.lib : Ipc.obj (.text:ti_sdo_ipc_notifyDrivers_NotifyDriverShm_registerEvent__E)
                  c300e8c0    000001a0             : Ipc.obj (.text:ti_sdo_ipc_notifyDrivers_NotifyDriverShm_unregisterEvent__E)
                  c300ea60    000001a0     sysbios.lib : BIOS.obj (.text:ti_sysbios_knl_Task_Instance_init__F)
                  c300ec00    000001a0                 : BIOS.obj (.text:ti_sysbios_timers_timer64_Timer_start__E)
                  c300eda0    000001a0     ti.targets.rts6000.ae674 : LoggerBuf.oe674 (.text:xdc_runtime_LoggerBuf_write4__F)
                  c300ef40    00000180     ipc.lib : Ipc.obj (.text:NameServer_getHandle)
                  c300f0c0    00000180     psc.oe674 (.text)
                  c300f240    00000180     spi.oe674 (.text)
                  c300f3c0    00000180     sysbios.lib : c64p_Exception_asm.obj (.text)
                  c300f540    00000180     ipc.lib : Ipc.obj (.text:ti_sdo_ipc_gates_GatePeterson_enter__E)
                  c300f6c0    00000180             : Ipc.obj (.text:ti_sdo_ipc_notifyDrivers_NotifyDriverShm_isr__I)
                  c300f840    00000180     sysbios.lib : BIOS.obj (.text:ti_sysbios_heaps_HeapMem_alloc__E)
                  c300f9c0    00000180                 : BIOS.obj (.text:ti_sysbios_knl_Swi_schedule__I)
                  c300fb40    00000180                 : BIOS.obj (.text:ti_sysbios_knl_Task_schedule__I)
                  c300fcc0    00000180                 : BIOS.obj (.text:ti_sysbios_knl_Task_setPri__E)
                  c300fe40    00000180     ti.targets.rts6000.ae674 : Text.oe674 (.text:xdc_runtime_Text_putSite__F)
                  c300ffc0    00000160     ipc.lib : Ipc.obj (.text:ti_sdo_ipc_GateMP_openRegion0Reserved__F)
                  c3010120    00000160             : Ipc.obj (.text:ti_sdo_ipc_ListMP_Instance_finalize__F)
                  c3010280    00000160             : Ipc.obj (.text:ti_sdo_ipc_Notify_Instance_init__F)
                  c30103e0    00000160             : Ipc.obj (.text:ti_sdo_ipc_heaps_HeapMemMP_Instance_finalize__F)
                  c3010540    00000160             : Ipc.obj (.text:ti_sdo_utils_NameServer_removeLocal__I)
                  c30106a0    00000160     sysbios.lib : BIOS.obj (.text:ti_sysbios_family_c64p_Hwi_dispatchC__I)
                  c3010800    00000160                 : BIOS.obj (.text:ti_sysbios_heaps_HeapMem_free__E)
                  c3010960    00000160                 : BIOS.obj (.text:ti_sysbios_knl_Task_startup__E)
                  c3010ac0    00000140     ipc.lib : Ipc.obj (.text:HeapMemMP_openByAddr)
                  c3010c00    00000140             : Ipc.obj (.text:MessageQ_put)
                  c3010d40    00000140     boot.ae674 : autoinit.oe674 (.text:_auto_init_elf)
                  c3010e80    00000140     rts6740_elf.lib : _printfi.obj (.text:_pproc_fflags)
                  c3010fc0    00000140     ipc.lib : Ipc.obj (.text:ti_sdo_ipc_SharedRegion_start__F)
                  c3011100    00000140             : Ipc.obj (.text:ti_sdo_ipc_notifyDrivers_NotifyDriverShm_disableEvent__E)
                  c3011240    00000140             : Ipc.obj (.text:ti_sdo_ipc_transports_TransportShm_openByAddr__F)
                  c3011380    00000140             : Ipc.obj (.text:ti_sdo_ipc_transports_TransportShm_put__E)
                  c30114c0    00000140     sysbios.lib : BIOS.obj (.text:ti_sysbios_family_c64p_Hwi_Module_startup__F)
                  c3011600    00000140                 : BIOS.obj (.text:ti_sysbios_knl_Task_Module_startup__F)
                  c3011740    00000140                 : BIOS.obj (.text:ti_sysbios_knl_Task_sleep__E)
                  c3011880    00000120     ipc.lib : Ipc.obj (.text:HeapMemMP_sharedMemReq)
                  c30119a0    00000120     rts6740_elf.lib : imath64.obj (.text:__c6xabi_divlli)
                  c3011ac0    00000120     ipc.lib : Ipc.obj (.text:ti_sdo_ipc_MessageQ_Module_startup__F)
                  c3011be0    00000120     Dsp_pe674.oe674 (.text:ti_sdo_ipc_MessageQ_Object__create__S)
                  c3011d00    00000120     Dsp_pe674.oe674 (.text:ti_sdo_ipc_Notify_Object__create__S)
                  c3011e20    00000120     Dsp_pe674.oe674 (.text:ti_sdo_ipc_gates_GatePeterson_Object__create__S)
                  c3011f40    00000120     Dsp_pe674.oe674 (.text:ti_sdo_ipc_nsremote_NameServerRemoteNotify_Object__create__S)
                  c3012060    00000120     Dsp_pe674.oe674 (.text:ti_sdo_ipc_transports_TransportShm_Object__create__S)
                  c3012180    00000120     ipc.lib : Ipc.obj (.text:ti_sdo_ipc_transports_TransportShm_sharedMemReq__F)
                  c30122a0    00000120     sysbios.lib : BIOS.obj (.text:ti_sysbios_family_c64p_Cache_Module_startup__F)
                  c30123c0    00000120     Dsp_pe674.oe674 (.text:ti_sysbios_family_c64p_Hwi_Object__create__S)
                  c30124e0    00000120     sysbios.lib : BIOS.obj (.text:ti_sysbios_knl_Clock_workFunc__E)
                  c3012600    00000120     Dsp_pe674.oe674 (.text:ti_sysbios_knl_Swi_Object__create__S)
                  c3012720    00000120     Dsp_pe674.oe674 (.text:ti_sysbios_knl_Task_Object__create__S)
                  c3012840    00000120     ti.targets.rts6000.ae674 : LoggerBuf.oe674 (.text:xdc_runtime_LoggerBuf_setFilterLevel__F)
                  c3012960    00000120                              : Text.oe674 (.text:xdc_runtime_Text_putLab__F)
                  c3012a80    00000100     ipc.lib : Ipc.obj (.text:ListMP_sharedMemReq)
                  c3012b80    00000100             : Ipc.obj (.text:Notify_registerEventSingle)
                  c3012c80    00000100             : Ipc.obj (.text:Notify_sendEvent)
                  c3012d80    00000100             : Ipc.obj (.text:Notify_unregisterEventSingle)
                  c3012e80    00000100     rts6740_elf.lib : _printfi.obj (.text:_ltostr)
                  c3012f80    00000100     sysbios.lib : BIOS.obj (.text:initDevice$44)
                  c3013080    00000100     Dsp_pe674.oe674 (.text:ti_sdo_ipc_GateMP_Object__create__S)
                  c3013180    00000100     ipc.lib : Ipc.obj (.text:ti_sdo_ipc_GateMP_start__F)
                  c3013280    00000100     Dsp_pe674.oe674 (.text:ti_sdo_ipc_ListMP_Object__create__S)
                  c3013380    00000100     ipc.lib : Ipc.obj (.text:ti_sdo_ipc_MessageQ_Instance_finalize__F)
                  c3013480    00000100             : Ipc.obj (.text:ti_sdo_ipc_Notify_Instance_finalize__F)
                  c3013580    00000100             : Ipc.obj (.text:ti_sdo_ipc_SharedRegion_attach__F)
                  c3013680    00000100             : Ipc.obj (.text:ti_sdo_ipc_SharedRegion_clearReservedMemory__F)
                  c3013780    00000100     Dsp_pe674.oe674 (.text:ti_sdo_ipc_heaps_HeapMemMP_Object__create__S)
                  c3013880    00000100     Dsp_pe674.oe674 (.text:ti_sdo_ipc_notifyDrivers_NotifyDriverShm_Object__create__S)
                  c3013980    00000100     ipc.lib : Ipc.obj (.text:ti_sdo_ipc_nsremote_NameServerRemoteNotify_Instance_finalize__F)
                  c3013a80    00000100             : Ipc.obj (.text:ti_sdo_ipc_transports_TransportShmSetup_attach__E)
                  c3013b80    00000100             : Ipc.obj (.text:ti_sdo_utils_NameServer_findLocal__I)
                  c3013c80    00000100     sysbios.lib : BIOS.obj (.text:ti_sysbios_gates_GateMutexPri_leave__E)
                  c3013d80    00000100                 : BIOS.obj (.text:ti_sysbios_knl_Swi_restoreHwi__E)
                  c3013e80    00000100     Dsp_pe674.oe674 (.text:ti_sysbios_syncs_SyncSem_Object__create__S)
                  c3013f80    00000100     ti.targets.rts6000.ae674 : Core-mem.oe674 (.text:xdc_runtime_Core_deleteObject__I)
                  c3014080    00000100     Dsp_pe674.oe674 (.text:xdc_runtime_LoggerBuf_Object__create__S)
                  c3014180    00000100     ti.targets.rts6000.ae674 : LoggerBuf.oe674 (.text:xdc_runtime_LoggerBuf_getFilterLevel__F)
                  c3014280    00000100                              : Startup.oe674 (.text:xdc_runtime_Startup_exec__F)
                  c3014380    00000100                              : Text.oe674 (.text:xdc_runtime_Text_putMod__F)
                  c3014480    00000100                              : Text.oe674 (.text:xdc_runtime_Text_visitRope2__I)
                  c3014580    00000100     Dsp_pe674.oe674 (.text:xdc_runtime_knl_GateThread_Object__create__S)
                  c3014680    000000e0     ipc.lib : Ipc.obj (.text:MessageQ_get)
                  c3014760    000000e0             : Ipc.obj (.text:NameServer_getLocal)
                  c3014840    000000e0     rts6740_elf.lib : atoi.obj (.text:atoi)
                  c3014920    000000e0                     : exit.obj (.text:exit)
                  c3014a00    000000e0                     : ltoa.obj (.text:ltoa)
                  c3014ae0    000000e0                     : memset.obj (.text:memset)
                  c3014bc0    000000e0     ipc.lib : Ipc.obj (.text:ti_sdo_ipc_Ipc_getMasterAddr__I)
                  c3014ca0    000000e0             : Ipc.obj (.text:ti_sdo_ipc_Ipc_getSlaveAddr__I)
                  c3014d80    000000e0             : Ipc.obj (.text:ti_sdo_ipc_MessageQ_grow__I)
                  c3014e60    000000e0             : Ipc.obj (.text:ti_sdo_ipc_Notify_detach__F)
                  c3014f40    000000e0             : Ipc.obj (.text:ti_sdo_ipc_SharedRegion_reserveMemory__F)
                  c3015020    000000e0             : Ipc.obj (.text:ti_sdo_ipc_gates_GatePeterson_sharedMemReq__E)
                  c3015100    000000e0             : Ipc.obj (.text:ti_sdo_utils_NameServer_Module_startup__F)
                  c30151e0    000000e0     sysbios.lib : BIOS.obj (.text:ti_sysbios_knl_Clock_startI__E)
                  c30152c0    000000e0                 : BIOS.obj (.text:ti_sysbios_knl_Task_unblockI__E)
                  c30153a0    000000e0                 : BIOS.obj (.text:ti_sysbios_timers_timer64_Timer_startup__E)
                  c3015480    000000e0     ti.targets.rts6000.ae674 : Error.oe674 (.text:xdc_runtime_Error_print__F)
                  c3015560    000000e0                              : Memory.oe674 (.text:xdc_runtime_Memory_alloc__F)
                  c3015640    000000e0     Dsp_pe674.oe674 (.text:xdc_runtime_Registry_findById__E)
                  c3015720    000000c0     rts6740_elf.lib : trgdrv.obj (.text:HOSTwrite)
                  c30157e0    000000c0     ipc.lib : Ipc.obj (.text:HeapMemMP_create)
                  c30158a0    000000c0             : Ipc.obj (.text:ListMP_create)
                  c3015960    000000c0             : Ipc.obj (.text:SharedRegion_getId)
                  c3015a20    000000c0     rts6740_elf.lib : dtor_list.obj (.text:__cxa_finalize)
                  c3015ae0    000000c0                     : divu.obj (.text:__divu)
                  c3015ba0    000000c0                     : _printfi.obj (.text:_div)
                  c3015c60    000000c0     ipc.lib : Ipc.obj (.text:ti_sdo_ipc_GateMP_attach__F)
                  c3015d20    000000c0             : Ipc.obj (.text:ti_sdo_ipc_ListMP_elemClear__I)
                  c3015de0    000000c0             : Ipc.obj (.text:ti_sdo_ipc_family_da830_InterruptDsp_intRegister__E)
                  c3015ea0    000000c0             : Ipc.obj (.text:ti_sdo_ipc_gates_GatePeterson_postInit__I)
                  c3015f60    000000c0             : Ipc.obj (.text:ti_sdo_ipc_nsremote_NameServerRemoteNotify_attach__E)
                  c3016020    000000c0             : Ipc.obj (.text:ti_sdo_utils_NameServer_postInit__I)
                  c30160e0    000000c0     sysbios.lib : BIOS.obj (.text:ti_sysbios_BIOS_errorRaiseHook__I)
                  c30161a0    000000c0                 : BIOS.obj (.text:ti_sysbios_family_c64p_Hwi_Instance_init__F)
                  c3016260    000000c0                 : BIOS.obj (.text:ti_sysbios_heaps_HeapMem_getStats__E)
                  c3016320    000000c0                 : BIOS.obj (.text:ti_sysbios_knl_Idle_loop__E)
                  c30163e0    000000c0                 : BIOS.obj (.text:ti_sysbios_knl_Semaphore_post__E)
                  c30164a0    000000c0                 : BIOS.obj (.text:ti_sysbios_knl_Swi_run__I)
                  c3016560    000000c0                 : BIOS.obj (.text:ti_sysbios_timers_timer64_Timer_stop__E)
                  c3016620    000000c0     ti.targets.rts6000.ae674 : LoggerBuf.oe674 (.text:xdc_runtime_LoggerBuf_Instance_init__F)
                  c30166e0    000000c0                              : System.oe674 (.text:xdc_runtime_System_formatNum__I)
                  c30167a0    000000a0     ipc.lib : Ipc.obj (.text:HeapMemMP_open)
                  c3016840    000000a0             : Ipc.obj (.text:MessageQ_create)
                  c30168e0    000000a0             : Ipc.obj (.text:SharedRegion_getPtr)
                  c3016980    000000a0             : Ipc.obj (.text:SharedRegion_getSRPtr)
                  c3016a20    000000a0     rts6740_elf.lib : remu.obj (.text:__remu)
                  c3016ac0    000000a0     boot.ae674 : boot.oe674 (.text:_c_int00)
                  c3016b60    000000a0     rts6740_elf.lib : _printfi.obj (.text:_ecpy)
                  c3016c00    000000a0                     : _printfi.obj (.text:_fcpy)
                  c3016ca0    000000a0                     : _printfi.obj (.text:_pconv_f)
                  c3016d40    000000a0     sysbios.lib : c64p_Hwi_asm.obj (.text:_ti_sysbios_family_c64p_Hwi_plug__E)
                  c3016de0    000000a0     Dsp_pe674.oe674 (.text:malloc)
                  c3016e80    000000a0     rts6740_elf.lib : memcpy64.obj (.text:memcpy)
                  c3016f20    000000a0     ipc.lib : Ipc.obj (.text:ti_sdo_ipc_GateMP_getRegion0ReservedSize__F)
                  c3016fc0    000000a0     Dsp_pe674.oe674 (.text:ti_sdo_ipc_gates_GateMPSupportNull_Object__create__S)
                  c3017060    000000a0     ipc.lib : Ipc.obj (.text:ti_sdo_ipc_gates_GatePeterson_leave__E)
                  c3017100    000000a0             : Ipc.obj (.text:ti_sdo_ipc_notifyDrivers_NotifyDriverShm_Instance_finalize__F)
                  c30171a0    000000a0             : Ipc.obj (.text:ti_sdo_ipc_transports_TransportShmSetup_detach__E)
                  c3017240    000000a0     sysbios.lib : BIOS.obj (.text:ti_sysbios_heaps_HeapMem_init__I)
                  c30172e0    000000a0                 : BIOS.obj (.text:ti_sysbios_knl_Clock_Instance_init__F)
                  c3017380    000000a0     Dsp_pe674.oe674 (.text:ti_sysbios_knl_Clock_Object__create__S)
                  c3017420    000000a0     Dsp_pe674.oe674 (.text:ti_sysbios_knl_Clock_doTick__I)
                  c30174c0    000000a0     Dsp_pe674.oe674 (.text:ti_sysbios_knl_Semaphore_Object__create__S)
                  c3017560    000000a0     sysbios.lib : BIOS.obj (.text:ti_sysbios_knl_Swi_Instance_init__F)
                  c3017600    000000a0                 : BIOS.obj (.text:ti_sysbios_knl_Swi_post__E)
                  c30176a0    000000a0                 : BIOS.obj (.text:ti_sysbios_syncs_SyncSem_Instance_init__F)
                  c3017740    000000a0                 : BIOS.obj (.text:ti_sysbios_syncs_SyncSem_wait__F)
                  c30177e0    000000a0     ti.targets.rts6000.ae674 : Assert.oe674 (.text:xdc_runtime_Assert_raise__I)
                  c3017880    000000a0                              : LoggerBuf.oe674 (.text:xdc_runtime_LoggerBuf_Module_startup__F)
                  c3017920    000000a0                              : SysMin.oe674 (.text:xdc_runtime_SysMin_abort__F)
                  c30179c0    000000a0                              : SysMin.oe674 (.text:xdc_runtime_SysMin_flush__F)
                  c3017a60    000000a0                              : SysMin.oe674 (.text:xdc_runtime_SysMin_putch__F)
                  c3017b00    00000080     ipc.lib : Ipc.obj (.text:GateMP_close)
                  c3017b80    00000080             : Ipc.obj (.text:HeapMemMP_restore)
                  c3017c00    00000080             : Ipc.obj (.text:Ipc_stop)
                  c3017c80    00000080             : Ipc.obj (.text:MessageQ_alloc)
                  c3017d00    00000080     rts6740_elf.lib : dtor_list.obj (.text:_Z11__TI_atexitPFYvPvES_S_)
                  c3017d80    00000080                     : llshift.obj (.text:__c6xabi_llshl)
                  c3017e00    00000080     sysbios.lib : c62_TaskSupport_asm.obj (.text:_ti_sysbios_family_c62_TaskSupport_swap__E)
                  c3017e80    00000080     rts6740_elf.lib : trgmsg.obj (.text:readmsg)
                  c3017f00    00000080     ipc.lib : Ipc.obj (.text:ti_sdo_ipc_Notify_Module_startup__F)
                  c3017f80    00000080             : Ipc.obj (.text:ti_sdo_ipc_family_da830_NotifySetup_sharedMemReq__E)
                  c3018000    00000080             : Ipc.obj (.text:ti_sdo_ipc_notifyDrivers_NotifyDriverShm_sharedMemReq__F)
                  c3018080    00000080             : Ipc.obj (.text:ti_sdo_ipc_nsremote_NameServerRemoteNotify_detach__E)
                  c3018100    00000080             : Ipc.obj (.text:ti_sdo_ipc_transports_TransportShm_swiFxn__I)
                  c3018180    00000080     Dsp_pe674.oe674 (.text:ti_sdo_utils_List_Object__create__S)
                  c3018200    00000080     Dsp_pe674.oe674 (.text:ti_sysbios_BIOS_exitFunc__I)
                  c3018280    00000080     sysbios.lib : BIOS.obj (.text:ti_sysbios_family_c62_TaskSupport_start__E)
                  c3018300    00000080                 : BIOS.obj (.text:ti_sysbios_family_c64p_Hwi_Instance_finalize__F)
                  c3018380    00000080                 : BIOS.obj (.text:ti_sysbios_family_c64p_Hwi_eventMap__E)
                  c3018400    00000080     Dsp_pe674.oe674 (.text:ti_sysbios_gates_GateAll_Object__create__S)
                  c3018480    00000080     Dsp_pe674.oe674 (.text:ti_sysbios_gates_GateHwi_Object__create__S)
                  c3018500    00000080     Dsp_pe674.oe674 (.text:ti_sysbios_gates_GateMutexPri_Object__create__S)
                  c3018580    00000080     Dsp_pe674.oe674 (.text:ti_sysbios_gates_GateMutex_Object__create__S)
                  c3018600    00000080     sysbios.lib : BIOS.obj (.text:ti_sysbios_gates_GateMutex_enter__E)
                  c3018680    00000080     Dsp_pe674.oe674 (.text:ti_sysbios_gates_GateSwi_Object__create__S)
                  c3018700    00000080     sysbios.lib : BIOS.obj (.text:ti_sysbios_heaps_HeapMem_Instance_init__F)
                  c3018780    00000080     Dsp_pe674.oe674 (.text:ti_sysbios_heaps_HeapMem_Object__create__S)
                  c3018800    00000080     sysbios.lib : BIOS.obj (.text:ti_sysbios_knl_Clock_Module_startup__F)
                  c3018880    00000080                 : BIOS.obj (.text:ti_sysbios_knl_Clock_getTicks__E)
                  c3018900    00000080     Dsp_pe674.oe674 (.text:ti_sysbios_knl_Queue_Object__create__S)
                  c3018980    00000080     sysbios.lib : BIOS.obj (.text:ti_sysbios_knl_Swi_restore__E)
                  c3018a00    00000080                 : BIOS.obj (.text:ti_sysbios_knl_Swi_startup__E)
                  c3018a80    00000080                 : BIOS.obj (.text:ti_sysbios_knl_Task_restore__E)
                  c3018b00    00000080                 : BIOS.obj (.text:ti_sysbios_knl_Task_yield__E)
                  c3018b80    00000080                 : BIOS.obj (.text:ti_sysbios_timers_timer64_Timer_getExpiredCounts__E)
                  c3018c00    00000080                 : BIOS.obj (.text:ti_sysbios_timers_timer64_Timer_getPeriod__E)
                  c3018c80    00000080     Dsp_pe674.oe674 (.text:ti_sysbios_xdcruntime_GateThreadSupport_Object__create__S)
                  c3018d00    00000080     ti.targets.rts6000.ae674 : Core-label.oe674 (.text:xdc_runtime_Core_assignLabel__I)
                  c3018d80    00000080                              : Core-params.oe674 (.text:xdc_runtime_Core_assignParams__I)
                  c3018e00    00000080                              : LoggerBuf.oe674 (.text:xdc_runtime_LoggerBuf_filterOutEvent__I)
                  c3018e80    00000080     Dsp_pe674.oe674 (.text:xdc_runtime_SysMin_output__I)
                  c3018f00    00000080     ti.targets.rts6000.ae674 : System.oe674 (.text:xdc_runtime_System_atexit__F)
                  c3018f80    00000080                              : System.oe674 (.text:xdc_runtime_System_rtsExit__I)
                  c3019000    00000080                              : Text.oe674 (.text:xdc_runtime_Text_printVisFxn__I)
                  c3019080    00000080                              : Text.oe674 (.text:xdc_runtime_Text_xprintf__I)
                  c3019100    00000060     ipc.lib : Ipc.obj (.text:GateMP_Params_init)
                  c3019160    00000060             : Ipc.obj (.text:HeapMemMP_Params_init)
                  c30191c0    00000060             : Ipc.obj (.text:MessageQ_free)
                  c3019220    00000060             : Ipc.obj (.text:MessageQ_msgInit$4)
                  c3019280    00000060             : Ipc.obj (.text:MessageQ_open)
                  c30192e0    00000060             : Ipc.obj (.text:Notify_numIntLines)
                  c3019340    00000060             : Ipc.obj (.text:Notify_sharedMemReq)
                  c30193a0    00000060     rts6740_elf.lib : imath64.obj (.text:_subcull)
                  c3019400    00000060     sysbios.lib : BIOS.obj (.text:all$55)
                  c3019460    00000060                 : BIOS.obj (.text:marInit$55)
                  c30194c0    00000060     rts6740_elf.lib : memccpy.obj (.text:memccpy)
                  c3019520    00000060     sysbios.lib : BIOS.obj (.text:rtsUnlock$0)
                  c3019580    00000060     Dsp_pe674.oe674 (.text:ti_sdo_ipc_GateMP_Object__delete__S)
                  c30195e0    00000060     ipc.lib : Ipc.obj (.text:ti_sdo_ipc_GateMP_createLocal__F)
                  c3019640    00000060             : Ipc.obj (.text:ti_sdo_ipc_Ipc_getRegion0ReservedSize__I)
                  c30196a0    00000060     Dsp_pe674.oe674 (.text:ti_sdo_ipc_ListMP_Object__delete__S)
                  c3019700    00000060     Dsp_pe674.oe674 (.text:ti_sdo_ipc_MessageQ_Object__delete__S)
                  c3019760    00000060     Dsp_pe674.oe674 (.text:ti_sdo_ipc_Notify_Object__delete__S)
                  c30197c0    00000060     Dsp_pe674.oe674 (.text:ti_sdo_ipc_gates_GateMPSupportNull_Handle__label__S)
                  c3019820    00000060     Dsp_pe674.oe674 (.text:ti_sdo_ipc_gates_GateMPSupportNull_Object__delete__S)
                  c3019880    00000060     Dsp_pe674.oe674 (.text:ti_sdo_ipc_gates_GatePeterson_Handle__label__S)
                  c30198e0    00000060     ipc.lib : Ipc.obj (.text:ti_sdo_ipc_gates_GatePeterson_Instance_finalize__F)
                  c3019940    00000060     Dsp_pe674.oe674 (.text:ti_sdo_ipc_gates_GatePeterson_Object__delete__S)
                  c30199a0    00000060     Dsp_pe674.oe674 (.text:ti_sdo_ipc_heaps_HeapMemMP_Handle__label__S)
                  c3019a00    00000060     Dsp_pe674.oe674 (.text:ti_sdo_ipc_heaps_HeapMemMP_Object__delete__S)
                  c3019a60    00000060     Dsp_pe674.oe674 (.text:ti_sdo_ipc_notifyDrivers_NotifyDriverShm_Handle__label__S)
                  c3019ac0    00000060     Dsp_pe674.oe674 (.text:ti_sdo_ipc_notifyDrivers_NotifyDriverShm_Object__delete__S)
                  c3019b20    00000060     ipc.lib : Ipc.obj (.text:ti_sdo_ipc_notifyDrivers_NotifyDriverShm_enableEvent__E)
                  c3019b80    00000060             : Ipc.obj (.text:ti_sdo_ipc_notifyDrivers_NotifyDriverShm_setNotifyHandle__E)
                  c3019be0    00000060     Dsp_pe674.oe674 (.text:ti_sdo_ipc_nsremote_NameServerRemoteNotify_Handle__label__S)
                  c3019c40    00000060     Dsp_pe674.oe674 (.text:ti_sdo_ipc_nsremote_NameServerRemoteNotify_Object__delete__S)
                  c3019ca0    00000060     ipc.lib : Ipc.obj (.text:ti_sdo_ipc_transports_TransportShmSetup_sharedMemReq__E)
                  c3019d00    00000060     Dsp_pe674.oe674 (.text:ti_sdo_ipc_transports_TransportShm_Handle__label__S)
                  c3019d60    00000060     Dsp_pe674.oe674 (.text:ti_sdo_ipc_transports_TransportShm_Object__delete__S)
                  c3019dc0    00000060     sysbios.lib : BIOS.obj (.text:ti_sysbios_BIOS_registerRTSLock__I)
                  c3019e20    00000060                 : BIOS.obj (.text:ti_sysbios_family_c64p_Cache_setMar__E)
                  c3019e80    00000060                 : BIOS.obj (.text:ti_sysbios_family_c64p_Cache_wait__E)
                  c3019ee0    00000060                 : BIOS.obj (.text:ti_sysbios_family_c64p_Exception_Module_startup__F)
                  c3019f40    00000060     Dsp_pe674.oe674 (.text:ti_sysbios_family_c64p_Hwi_Object__delete__S)
                  c3019fa0    00000060     sysbios.lib : BIOS.obj (.text:ti_sysbios_family_c64p_primus_TimerSupport_enable__E)
                  c301a000    00000060     Dsp_pe674.oe674 (.text:ti_sysbios_gates_GateAll_Handle__label__S)
                  c301a060    00000060     Dsp_pe674.oe674 (.text:ti_sysbios_gates_GateAll_Object__delete__S)
                  c301a0c0    00000060     sysbios.lib : BIOS.obj (.text:ti_sysbios_gates_GateAll_enter__E)
                  c301a120    00000060     Dsp_pe674.oe674 (.text:ti_sysbios_gates_GateHwi_Handle__label__S)
                  c301a180    00000060     Dsp_pe674.oe674 (.text:ti_sysbios_gates_GateHwi_Object__delete__S)
                  c301a1e0    00000060     Dsp_pe674.oe674 (.text:ti_sysbios_gates_GateMutexPri_Handle__label__S)
                  c301a240    00000060     Dsp_pe674.oe674 (.text:ti_sysbios_gates_GateMutexPri_Object__delete__S)
                  c301a2a0    00000060     Dsp_pe674.oe674 (.text:ti_sysbios_gates_GateMutex_Handle__label__S)
                  c301a300    00000060     sysbios.lib : BIOS.obj (.text:ti_sysbios_gates_GateMutex_Instance_init__F)
                  c301a360    00000060     Dsp_pe674.oe674 (.text:ti_sysbios_gates_GateMutex_Object__delete__S)
                  c301a3c0    00000060     Dsp_pe674.oe674 (.text:ti_sysbios_gates_GateSwi_Handle__label__S)
                  c301a420    00000060     Dsp_pe674.oe674 (.text:ti_sysbios_gates_GateSwi_Object__delete__S)
                  c301a480    00000060     sysbios.lib : BIOS.obj (.text:ti_sysbios_hal_Hwi_checkStack:ti_sysbios_hal_Hwi_checkStack)
                  c301a4e0    00000060                 : BIOS.obj (.text:ti_sysbios_hal_Hwi_initStack:ti_sysbios_hal_Hwi_initStack)
                  c301a540    00000060     Dsp_pe674.oe674 (.text:ti_sysbios_heaps_HeapMem_Handle__label__S)
                  c301a5a0    00000060     Dsp_pe674.oe674 (.text:ti_sysbios_heaps_HeapMem_Object__delete__S)
                  c301a600    00000060     sysbios.lib : BIOS.obj (.text:ti_sysbios_knl_Clock_setupTimerToSkipTicks__E)
                  c301a660    00000060                 : BIOS.obj (.text:ti_sysbios_knl_Semaphore_Instance_init__F)
                  c301a6c0    00000060     Dsp_pe674.oe674 (.text:ti_sysbios_knl_Semaphore_Object__delete__S)
                  c301a720    00000060     sysbios.lib : BIOS.obj (.text:ti_sysbios_knl_Semaphore_pendTimeout__I)
                  c301a780    00000060                 : BIOS.obj (.text:ti_sysbios_knl_Swi_Module_startup__F)
                  c301a7e0    00000060                 : BIOS.obj (.text:ti_sysbios_knl_Task_allBlockedFunction__I)
                  c301a840    00000060                 : BIOS.obj (.text:ti_sysbios_knl_Task_enter__I)
                  c301a8a0    00000060     Dsp_pe674.oe674 (.text:ti_sysbios_syncs_SyncSem_Handle__label__S)
                  c301a900    00000060     Dsp_pe674.oe674 (.text:ti_sysbios_syncs_SyncSem_Object__delete__S)
                  c301a960    00000060     Dsp_pe674.oe674 (.text:ti_sysbios_xdcruntime_GateThreadSupport_Object__delete__S)
                  c301a9c0    00000060     rts6740_elf.lib : vsprintf.obj (.text:vsprintf)
                  c301aa20    00000060                     : trgmsg.obj (.text:writemsg)
                  c301aa80    00000060     Dsp_pe674.oe674 (.text:xdc_runtime_GateNull_Handle__label__S)
                  c301aae0    00000060     Dsp_pe674.oe674 (.text:xdc_runtime_GateNull_Object__create__S)
                  c301ab40    00000060     Dsp_pe674.oe674 (.text:xdc_runtime_GateNull_Object__delete__S)
                  c301aba0    00000060     Dsp_pe674.oe674 (.text:xdc_runtime_LoggerBuf_Handle__label__S)
                  c301ac00    00000060     Dsp_pe674.oe674 (.text:xdc_runtime_LoggerBuf_Object__delete__S)
                  c301ac60    00000060     ti.targets.rts6000.ae674 : Memory.oe674 (.text:xdc_runtime_Memory_calloc__F)
                  c301acc0    00000060                              : Memory.oe674 (.text:xdc_runtime_Memory_valloc__F)
                  c301ad20    00000060                              : SysMin.oe674 (.text:xdc_runtime_SysMin_Module_startup__F)
                  c301ad80    00000060                              : SysMin.oe674 (.text:xdc_runtime_SysMin_exit__F)
                  c301ade0    00000060                              : System.oe674 (.text:xdc_runtime_System_aprintf_va__F)
                  c301ae40    00000060                              : System.oe674 (.text:xdc_runtime_System_printf_va__F)
                  c301aea0    00000060                              : Text.oe674 (.text:xdc_runtime_Text_cordText__F)
                  c301af00    00000060     Dsp_pe674.oe674 (.text:xdc_runtime_knl_GateThread_Handle__label__S)
                  c301af60    00000060     Dsp_pe674.oe674 (.text:xdc_runtime_knl_GateThread_Object__delete__S)
                  c301afc0    00000040     ipc.lib : Ipc.obj (.text:MessageQ_registerHeap)
                  c301b000    00000040             : Ipc.obj (.text:MessageQ_unregisterHeap)
                  c301b040    00000040             : Ipc.obj (.text:Notify_intLineRegistered)
                  c301b080    00000040     rts6740_elf.lib : frcmpyd_div.obj (.text:__c6xabi_frcmpyd_div)
                  c301b0c0    00000040                     : isinf.obj (.text:__c6xabi_isinf)
                  c301b100    00000040                     : _printfi.obj (.text:__c6xabi_isnan)
                  c301b140    00000040                     : llshift.obj (.text:__c6xabi_llshru)
                  c301b180    00000040                     : args_main.obj (.text:_args_main)
                  c301b1c0    00000040                     : vsprintf.obj (.text:_outs)
                  c301b200    00000040     sysbios.lib : c62_TaskSupport_asm.obj (.text:_ti_sysbios_family_c62_TaskSupport_buildTaskStack)
                  c301b240    00000040                 : c64p_Hwi_asm_switch.obj (.text:_ti_sysbios_family_xxx_Hwi_switchToIsrStack)
                  c301b280    00000040     Dsp_pe674.oe674 (.text:free)
                  c301b2c0    00000040     rts6740_elf.lib : abs.obj (.text:llabs)
                  c301b300    00000040     sysbios.lib : BIOS.obj (.text:rtsLock$0)
                  c301b340    00000040     ipc.lib : Ipc.obj (.text:ti_sdo_ipc_MessageQ_registerTransport__F)
                  c301b380    00000040             : Ipc.obj (.text:ti_sdo_ipc_MessageQ_unregisterTransport__F)
                  c301b3c0    00000040             : Ipc.obj (.text:ti_sdo_ipc_Notify_exec__F)
                  c301b400    00000040             : Ipc.obj (.text:ti_sdo_ipc_SharedRegion_resetInternalFields__F)
                  c301b440    00000040             : Ipc.obj (.text:ti_sdo_ipc_family_da830_InterruptDsp_intClear__E)
                  c301b480    00000040             : Ipc.obj (.text:ti_sdo_ipc_family_da830_InterruptDsp_intSend__E)
                  c301b4c0    00000040             : Ipc.obj (.text:ti_sdo_ipc_nsremote_NameServerRemoteNotify_sharedMemReq__E)
                  c301b500    00000040             : Ipc.obj (.text:ti_sdo_utils_List_get__E)
                  c301b540    00000040             : Ipc.obj (.text:ti_sdo_utils_List_putHead__E)
                  c301b580    00000040             : Ipc.obj (.text:ti_sdo_utils_List_put__E)
                  c301b5c0    00000040     Dsp_pe674.oe674 (.text:ti_sdo_utils_NameServer_Module__startupDone__F)
                  c301b600    00000040     Dsp_pe674.oe674 (.text:ti_sdo_utils_NameServer_Object__get__S)
                  c301b640    00000040     ipc.lib : Ipc.obj (.text:ti_sdo_utils_NameServer_registerRemoteDriver__E)
                  c301b680    00000040             : Ipc.obj (.text:ti_sdo_utils_NameServer_unregisterRemoteDriver__E)
                  c301b6c0    00000040     Dsp_pe674.oe674 (.text:ti_sysbios_BIOS_startFunc__I)
                  c301b700    00000040     Dsp_pe674.oe674 (.text:ti_sysbios_family_c64p_Hwi_Module__startupDone__F)
                  c301b740    00000040     sysbios.lib : BIOS.obj (.text:ti_sysbios_family_c64p_Hwi_disableInterrupt__E)
                  c301b780    00000040                 : BIOS.obj (.text:ti_sysbios_family_c64p_Hwi_enableInterrupt__E)
                  c301b7c0    00000040                 : BIOS.obj (.text:ti_sysbios_gates_GateAll_leave__E)
                  c301b800    00000040                 : BIOS.obj (.text:ti_sysbios_gates_GateMutexPri_Instance_init__F)
                  c301b840    00000040     Dsp_pe674.oe674 (.text:ti_sysbios_gates_GateMutexPri_Object__destruct__S)
                  c301b880    00000040     sysbios.lib : BIOS.obj (.text:ti_sysbios_gates_GateMutex_leave__E)
                  c301b8c0    00000040     Dsp_pe674.oe674 (.text:ti_sysbios_hal_Timer_Module__startupDone__F)
                  c301b900    00000040     Dsp_pe674.oe674 (.text:ti_sysbios_heaps_HeapMem_Object__get__S)
                  c301b940    00000040     sysbios.lib : BIOS.obj (.text:ti_sysbios_knl_Clock_Instance_finalize__F)
                  c301b980    00000040     Dsp_pe674.oe674 (.text:ti_sysbios_knl_Clock_Object__destruct__S)
                  c301b9c0    00000040     Dsp_pe674.oe674 (.text:ti_sysbios_knl_Semaphore_Object__destruct__S)
                  c301ba00    00000040     Dsp_pe674.oe674 (.text:ti_sysbios_knl_Swi_Object__destruct__S)
                  c301ba40    00000040     Dsp_pe674.oe674 (.text:ti_sysbios_knl_Swi_Object__get__S)
                  c301ba80    00000040     Dsp_pe674.oe674 (.text:ti_sysbios_knl_Task_Object__get__S)
                  c301bac0    00000040     sysbios.lib : BIOS.obj (.text:ti_sysbios_knl_Task_sleepTimeout__I)
                  c301bb00    00000040                 : BIOS.obj (.text:ti_sysbios_syncs_SyncSem_Instance_finalize__F)
                  c301bb40    00000040     Dsp_pe674.oe674 (.text:ti_sysbios_timers_timer64_Timer_Module__startupDone__F)
                  c301bb80    00000040     sysbios.lib : BIOS.obj (.text:ti_sysbios_xdcruntime_GateThreadSupport_Instance_init__F)
                  c301bbc0    00000040     ti.syslink.ipc.rtos.ae674 : Syslink.oe674 (.text:ti_syslink_ipc_rtos_Syslink_attach)
                  c301bc00    00000040     ti.targets.rts6000.ae674 : Error.oe674 (.text:xdc_runtime_Error_check__F)
                  c301bc40    00000040                              : Error.oe674 (.text:xdc_runtime_Error_init__F)
                  c301bc80    00000040                              : LoggerBuf.oe674 (.text:xdc_runtime_LoggerBuf_Instance_finalize__F)
                  c301bcc0    00000040     Dsp_pe674.oe674 (.text:xdc_runtime_LoggerBuf_Object__get__S)
                  c301bd00    00000040     ti.targets.rts6000.ae674 : LoggerBuf.oe674 (.text:xdc_runtime_LoggerBuf_write0__F)
                  c301bd40    00000040     Dsp_pe674.oe674 (.text:xdc_runtime_LoggerBuf_write8__E)
                  c301bd80    00000040     ti.targets.rts6000.ae674 : Memory.oe674 (.text:xdc_runtime_Memory_free__F)
                  c301bdc0    00000040                              : Registry.oe674 (.text:xdc_runtime_Registry_findById__F)
                  c301be00    00000040                              : System.oe674 (.text:xdc_runtime_System_abort__F)
                  c301be40    00000040     Dsp_pe674.oe674 (.text:xdc_runtime_System_aprintf__E)
                  c301be80    00000040     Dsp_pe674.oe674 (.text:xdc_runtime_System_printf__E)
                  c301bec0    00000040     Dsp_pe674.oe674 (.text:xdc_runtime_System_sprintf__E)
                  c301bf00    00000040     ti.targets.rts6000.ae674 : Text.oe674 (.text:xdc_runtime_Text_ropeText__F)
                  c301bf40    00000040                              : GateThread.oe674 (.text:xdc_runtime_knl_GateThread_Instance_finalize__F)
                  c301bf80    00000040                              : GateThread.oe674 (.text:xdc_runtime_knl_GateThread_Instance_init__F)
                  c301bfc0    00000020     ipc.lib : Ipc.obj (.text:GateMP_enter)
                  c301bfe0    00000020             : Ipc.obj (.text:GateMP_leave)
                  c301c000    00000020             : Ipc.obj (.text:HeapMemMP_close)
                  c301c020    00000020             : Ipc.obj (.text:MessageQ_close)
                  c301c040    00000020             : Ipc.obj (.text:MessageQ_delete)
                  c301c060    00000020             : Ipc.obj (.text:MultiProc_self)
                  c301c080    00000020             : Ipc.obj (.text:NameServer_addUInt32)
                  c301c0a0    00000020             : Ipc.obj (.text:NameServer_getUInt32)
                  c301c0c0    00000020             : Ipc.obj (.text:NameServer_removeEntry)
                  c301c0e0    00000020     rts6740_elf.lib : negll.obj (.text:__c6xabi_negll)
                  c301c100    00000020                     : dtor_list.obj (.text:__cxa_atexit)
                  c301c120    00000020                     : dtor_list.obj (.text:__cxa_ia64_exit)
                  c301c140    00000020     ti.targets.rts6000.ae674 : xdc_noinit.oe674 (.text:__xdc__init)
                  c301c160    00000020     rts6740_elf.lib : _lock.obj (.text:_nop)
                  c301c180    00000020                     : vsprintf.obj (.text:_outc)
                  c301c1a0    00000020                     : _lock.obj (.text:_register_lock)
                  c301c1c0    00000020                     : _lock.obj (.text:_register_unlock)
                  c301c1e0    00000020     sysbios.lib : c62_TaskSupport_asm.obj (.text:_ti_sysbios_family_c62_TaskSupport_glue)
                  c301c200    00000020                 : c64p_Hwi_asm_switch.obj (.text:_ti_sysbios_family_xxx_Hwi_switchToTaskStack)
                  c301c220    00000020     rts6740_elf.lib : exit.obj (.text:abort)
                  c301c240    00000020                     : dtor_list.obj (.text:atexit)
                  c301c260    00000020     sysbios.lib : BIOS.obj (.text:nullFunc$0)
                  c301c280    00000020     Dsp_pe674.oe674 (.text:ti_sdo_ipc_GateMP_Params__init__S)
                  c301c2a0    00000020     Dsp_pe674.oe674 (.text:ti_sdo_ipc_GateMP_RemoteCustom1Proxy_Object__create__S)
                  c301c2c0    00000020     Dsp_pe674.oe674 (.text:ti_sdo_ipc_GateMP_RemoteCustom1Proxy_Object__delete__S)
                  c301c2e0    00000020     Dsp_pe674.oe674 (.text:ti_sdo_ipc_GateMP_RemoteCustom1Proxy_Params__init__S)
                  c301c300    00000020     Dsp_pe674.oe674 (.text:ti_sdo_ipc_GateMP_RemoteCustom1Proxy_Proxy__abstract__S)
                  c301c320    00000020     Dsp_pe674.oe674 (.text:ti_sdo_ipc_GateMP_RemoteCustom1Proxy_Proxy__delegate__S)
                  c301c340    00000020     Dsp_pe674.oe674 (.text:ti_sdo_ipc_GateMP_RemoteCustom1Proxy_getReservedMask__E)
                  c301c360    00000020     Dsp_pe674.oe674 (.text:ti_sdo_ipc_GateMP_RemoteCustom1Proxy_sharedMemReq__E)
                  c301c380    00000020     Dsp_pe674.oe674 (.text:ti_sdo_ipc_GateMP_RemoteCustom2Proxy_Object__create__S)
                  c301c3a0    00000020     Dsp_pe674.oe674 (.text:ti_sdo_ipc_GateMP_RemoteCustom2Proxy_Object__delete__S)
                  c301c3c0    00000020     Dsp_pe674.oe674 (.text:ti_sdo_ipc_GateMP_RemoteCustom2Proxy_Params__init__S)
                  c301c3e0    00000020     Dsp_pe674.oe674 (.text:ti_sdo_ipc_GateMP_RemoteCustom2Proxy_Proxy__abstract__S)
                  c301c400    00000020     Dsp_pe674.oe674 (.text:ti_sdo_ipc_GateMP_RemoteCustom2Proxy_Proxy__delegate__S)
                  c301c420    00000020     Dsp_pe674.oe674 (.text:ti_sdo_ipc_GateMP_RemoteCustom2Proxy_getReservedMask__E)
                  c301c440    00000020     Dsp_pe674.oe674 (.text:ti_sdo_ipc_GateMP_RemoteCustom2Proxy_sharedMemReq__E)
                  c301c460    00000020     Dsp_pe674.oe674 (.text:ti_sdo_ipc_GateMP_RemoteSystemProxy_Object__create__S)
                  c301c480    00000020     Dsp_pe674.oe674 (.text:ti_sdo_ipc_GateMP_RemoteSystemProxy_Object__delete__S)
                  c301c4a0    00000020     Dsp_pe674.oe674 (.text:ti_sdo_ipc_GateMP_RemoteSystemProxy_Params__init__S)
                  c301c4c0    00000020     Dsp_pe674.oe674 (.text:ti_sdo_ipc_GateMP_RemoteSystemProxy_Proxy__abstract__S)
                  c301c4e0    00000020     Dsp_pe674.oe674 (.text:ti_sdo_ipc_GateMP_RemoteSystemProxy_Proxy__delegate__S)
                  c301c500    00000020     Dsp_pe674.oe674 (.text:ti_sdo_ipc_GateMP_RemoteSystemProxy_getReservedMask__E)
                  c301c520    00000020     Dsp_pe674.oe674 (.text:ti_sdo_ipc_GateMP_RemoteSystemProxy_sharedMemReq__E)
                  c301c540    00000020     Dsp_pe674.oe674 (.text:ti_sdo_ipc_GateMP_attach__E)
                  c301c560    00000020     Dsp_pe674.oe674 (.text:ti_sdo_ipc_GateMP_getRegion0ReservedSize__E)
                  c301c580    00000020     Dsp_pe674.oe674 (.text:ti_sdo_ipc_GateMP_getSharedAddr__E)
                  c301c5a0    00000020     ipc.lib : Ipc.obj (.text:ti_sdo_ipc_GateMP_getSharedAddr__F)
                  c301c5c0    00000020     Dsp_pe674.oe674 (.text:ti_sdo_ipc_GateMP_start__E)
                  c301c5e0    00000020     Dsp_pe674.oe674 (.text:ti_sdo_ipc_ListMP_Params__init__S)
                  c301c600    00000020     Dsp_pe674.oe674 (.text:ti_sdo_ipc_MessageQ_Module_startup__E)
                  c301c620    00000020     Dsp_pe674.oe674 (.text:ti_sdo_ipc_MessageQ_Object__get__S)
                  c301c640    00000020     Dsp_pe674.oe674 (.text:ti_sdo_ipc_MessageQ_Params__init__S)
                  c301c660    00000020     Dsp_pe674.oe674 (.text:ti_sdo_ipc_MessageQ_SetupTransportProxy_attach__E)
                  c301c680    00000020     Dsp_pe674.oe674 (.text:ti_sdo_ipc_MessageQ_SetupTransportProxy_detach__E)
                  c301c6a0    00000020     Dsp_pe674.oe674 (.text:ti_sdo_ipc_MessageQ_SetupTransportProxy_isRegistered__E)
                  c301c6c0    00000020     Dsp_pe674.oe674 (.text:ti_sdo_ipc_MessageQ_SetupTransportProxy_sharedMemReq__E)
                  c301c6e0    00000020     Dsp_pe674.oe674 (.text:ti_sdo_ipc_MessageQ_registerTransport__E)
                  c301c700    00000020     Dsp_pe674.oe674 (.text:ti_sdo_ipc_MessageQ_unregisterTransport__E)
                  c301c720    00000020     Dsp_pe674.oe674 (.text:ti_sdo_ipc_Notify_Module_GateProxy_enter__E)
                  c301c740    00000020     Dsp_pe674.oe674 (.text:ti_sdo_ipc_Notify_Module_GateProxy_leave__E)
                  c301c760    00000020     Dsp_pe674.oe674 (.text:ti_sdo_ipc_Notify_Module_startup__E)
                  c301c780    00000020     Dsp_pe674.oe674 (.text:ti_sdo_ipc_Notify_SetupProxy_attach__E)
                  c301c7a0    00000020     Dsp_pe674.oe674 (.text:ti_sdo_ipc_Notify_SetupProxy_numIntLines__E)
                  c301c7c0    00000020     Dsp_pe674.oe674 (.text:ti_sdo_ipc_Notify_SetupProxy_sharedMemReq__E)
                  c301c7e0    00000020     Dsp_pe674.oe674 (.text:ti_sdo_ipc_Notify_detach__E)
                  c301c800    00000020     Dsp_pe674.oe674 (.text:ti_sdo_ipc_Notify_exec__E)
                  c301c820    00000020     Dsp_pe674.oe674 (.text:ti_sdo_ipc_SharedRegion_attach__E)
                  c301c840    00000020     Dsp_pe674.oe674 (.text:ti_sdo_ipc_SharedRegion_clearReservedMemory__E)
                  c301c860    00000020     Dsp_pe674.oe674 (.text:ti_sdo_ipc_SharedRegion_reserveMemory__E)
                  c301c880    00000020     Dsp_pe674.oe674 (.text:ti_sdo_ipc_SharedRegion_resetInternalFields__E)
                  c301c8a0    00000020     Dsp_pe674.oe674 (.text:ti_sdo_ipc_SharedRegion_start__E)
                  c301c8c0    00000020     ipc.lib : Ipc.obj (.text:ti_sdo_ipc_family_da830_InterruptDsp_intDisable__E)
                  c301c8e0    00000020             : Ipc.obj (.text:ti_sdo_ipc_family_da830_InterruptDsp_intEnable__E)
                  c301c900    00000020             : Ipc.obj (.text:ti_sdo_ipc_family_da830_InterruptDsp_intUnregister__E)
                  c301c920    00000020             : Ipc.obj (.text:ti_sdo_ipc_family_da830_NotifySetup_numIntLines__E)
                  c301c940    00000020             : Ipc.obj (.text:ti_sdo_ipc_gates_GateMPSupportNull_Instance_init__F)
                  c301c960    00000020     Dsp_pe674.oe674 (.text:ti_sdo_ipc_gates_GateMPSupportNull_Params__init__S)
                  c301c980    00000020     ipc.lib : Ipc.obj (.text:ti_sdo_ipc_gates_GateMPSupportNull_enter__E)
                  c301c9a0    00000020             : Ipc.obj (.text:ti_sdo_ipc_gates_GateMPSupportNull_getReservedMask__E)
                  c301c9c0    00000020             : Ipc.obj (.text:ti_sdo_ipc_gates_GateMPSupportNull_leave__E)
                  c301c9e0    00000020     Dsp_pe674.oe674 (.text:ti_sdo_ipc_gates_GateMPSupportNull_query__E)
                  c301ca00    00000020     ipc.lib : Ipc.obj (.text:ti_sdo_ipc_gates_GateMPSupportNull_query__F)
                  c301ca20    00000020             : Ipc.obj (.text:ti_sdo_ipc_gates_GateMPSupportNull_sharedMemReq__E)
                  c301ca40    00000020     Dsp_pe674.oe674 (.text:ti_sdo_ipc_gates_GatePeterson_Params__init__S)
                  c301ca60    00000020     ipc.lib : Ipc.obj (.text:ti_sdo_ipc_gates_GatePeterson_getReservedMask__E)
                  c301ca80    00000020     Dsp_pe674.oe674 (.text:ti_sdo_ipc_gates_GatePeterson_query__E)
                  c301caa0    00000020     ipc.lib : Ipc.obj (.text:ti_sdo_ipc_gates_GatePeterson_query__F)
                  c301cac0    00000020     Dsp_pe674.oe674 (.text:ti_sdo_ipc_heaps_HeapMemMP_Params__init__S)
                  c301cae0    00000020     Dsp_pe674.oe674 (.text:ti_sdo_ipc_heaps_HeapMemMP_isBlocking__E)
                  c301cb00    00000020     ipc.lib : Ipc.obj (.text:ti_sdo_ipc_heaps_HeapMemMP_isBlocking__F)
                  c301cb20    00000020     Dsp_pe674.oe674 (.text:ti_sdo_ipc_notifyDrivers_NotifyDriverShm_InterruptProxy_intClear__E)
                  c301cb40    00000020     Dsp_pe674.oe674 (.text:ti_sdo_ipc_notifyDrivers_NotifyDriverShm_InterruptProxy_intDisable__E)
                  c301cb60    00000020     Dsp_pe674.oe674 (.text:ti_sdo_ipc_notifyDrivers_NotifyDriverShm_InterruptProxy_intEnable__E)
                  c301cb80    00000020     Dsp_pe674.oe674 (.text:ti_sdo_ipc_notifyDrivers_NotifyDriverShm_InterruptProxy_intRegister__E)
                  c301cba0    00000020     Dsp_pe674.oe674 (.text:ti_sdo_ipc_notifyDrivers_NotifyDriverShm_InterruptProxy_intSend__E)
                  c301cbc0    00000020     Dsp_pe674.oe674 (.text:ti_sdo_ipc_notifyDrivers_NotifyDriverShm_InterruptProxy_intUnregister__E)
                  c301cbe0    00000020     Dsp_pe674.oe674 (.text:ti_sdo_ipc_notifyDrivers_NotifyDriverShm_Params__init__S)
                  c301cc00    00000020     ipc.lib : Ipc.obj (.text:ti_sdo_ipc_notifyDrivers_NotifyDriverShm_disable__E)
                  c301cc20    00000020             : Ipc.obj (.text:ti_sdo_ipc_notifyDrivers_NotifyDriverShm_enable__E)
                  c301cc40    00000020     Dsp_pe674.oe674 (.text:ti_sdo_ipc_notifyDrivers_NotifyDriverShm_sharedMemReq__E)
                  c301cc60    00000020     Dsp_pe674.oe674 (.text:ti_sdo_ipc_nsremote_NameServerRemoteNotify_Object__first__S)
                  c301cc80    00000020     Dsp_pe674.oe674 (.text:ti_sdo_ipc_nsremote_NameServerRemoteNotify_Object__next__S)
                  c301cca0    00000020     Dsp_pe674.oe674 (.text:ti_sdo_ipc_nsremote_NameServerRemoteNotify_Params__init__S)
                  c301ccc0    00000020     ipc.lib : Ipc.obj (.text:ti_sdo_ipc_nsremote_NameServerRemoteNotify_cbFxn__I)
                  c301cce0    00000020     Dsp_pe674.oe674 (.text:ti_sdo_ipc_nsremote_NameServerRemoteNotify_get__E)
                  c301cd00    00000020     ipc.lib : Ipc.obj (.text:ti_sdo_ipc_transports_TransportShmSetup_isRegistered__E)
                  c301cd20    00000020     Dsp_pe674.oe674 (.text:ti_sdo_ipc_transports_TransportShm_Params__init__S)
                  c301cd40    00000020     Dsp_pe674.oe674 (.text:ti_sdo_ipc_transports_TransportShm_close__E)
                  c301cd60    00000020     ipc.lib : Ipc.obj (.text:ti_sdo_ipc_transports_TransportShm_close__F)
                  c301cd80    00000020             : Ipc.obj (.text:ti_sdo_ipc_transports_TransportShm_control__E)
                  c301cda0    00000020             : Ipc.obj (.text:ti_sdo_ipc_transports_TransportShm_getStatus__E)
                  c301cdc0    00000020             : Ipc.obj (.text:ti_sdo_ipc_transports_TransportShm_notifyFxn__I)
                  c301cde0    00000020     Dsp_pe674.oe674 (.text:ti_sdo_ipc_transports_TransportShm_openByAddr__E)
                  c301ce00    00000020     Dsp_pe674.oe674 (.text:ti_sdo_ipc_transports_TransportShm_setErrFxn__E)
                  c301ce20    00000020     ipc.lib : Ipc.obj (.text:ti_sdo_ipc_transports_TransportShm_setErrFxn__F)
                  c301ce40    00000020     Dsp_pe674.oe674 (.text:ti_sdo_ipc_transports_TransportShm_sharedMemReq__E)
                  c301ce60    00000020     ipc.lib : Ipc.obj (.text:ti_sdo_utils_List_Instance_init__F)
                  c301ce80    00000020     Dsp_pe674.oe674 (.text:ti_sdo_utils_List_Object__destruct__S)
                  c301cea0    00000020     Dsp_pe674.oe674 (.text:ti_sdo_utils_List_Object__get__S)
                  c301cec0    00000020     Dsp_pe674.oe674 (.text:ti_sdo_utils_MultiProc_getClusterId__E)
                  c301cee0    00000020     ipc.lib : Ipc.obj (.text:ti_sdo_utils_MultiProc_getClusterId__F)
                  c301cf00    00000020     Dsp_pe674.oe674 (.text:ti_sdo_utils_NameServer_Module__startupDone__S)
                  c301cf20    00000020     Dsp_pe674.oe674 (.text:ti_sdo_utils_NameServer_Module_startup__E)
                  c301cf40    00000020     Dsp_pe674.oe674 (.text:ti_sdo_utils_NameServer_Object__first__S)
                  c301cf60    00000020     Dsp_pe674.oe674 (.text:ti_sdo_utils_NameServer_Object__next__S)
                  c301cf80    00000020     Dsp_pe674.oe674 (.text:ti_sdo_utils_NameServer_SetupProxy_attach__E)
                  c301cfa0    00000020     Dsp_pe674.oe674 (.text:ti_sdo_utils_NameServer_SetupProxy_detach__E)
                  c301cfc0    00000020     Dsp_pe674.oe674 (.text:ti_sdo_utils_NameServer_SetupProxy_sharedMemReq__E)
                  c301cfe0    00000020     Dsp_pe674.oe674 (.text:ti_sysbios_BIOS_RtsGateProxy_enter__E)
                  c301d000    00000020     Dsp_pe674.oe674 (.text:ti_sysbios_BIOS_RtsGateProxy_leave__E)
                  c301d020    00000020     sysbios.lib : BIOS.obj (.text:ti_sysbios_BIOS_getThreadType__E)
                  c301d040    00000020                 : BIOS.obj (.text:ti_sysbios_BIOS_setThreadType__E)
                  c301d060    00000020                 : BIOS.obj (.text:ti_sysbios_BIOS_start__E)
                  c301d080    00000020     Dsp_pe674.oe674 (.text:ti_sysbios_family_c62_TaskSupport_Module__startupDone__S)
                  c301d0a0    00000020     sysbios.lib : BIOS.obj (.text:ti_sysbios_family_c62_TaskSupport_checkStack__E)
                  c301d0c0    00000020                 : BIOS.obj (.text:ti_sysbios_family_c62_TaskSupport_getStackAlignment__E)
                  c301d0e0    00000020     Dsp_pe674.oe674 (.text:ti_sysbios_family_c64p_Cache_Module_startup__E)
                  c301d100    00000020     sysbios.lib : BIOS.obj (.text:ti_sysbios_family_c64p_Cache_invL1pAll__E)
                  c301d120    00000020                 : BIOS.obj (.text:ti_sysbios_family_c64p_Cache_inv__E)
                  c301d140    00000020                 : BIOS.obj (.text:ti_sysbios_family_c64p_Cache_wbInv__E)
                  c301d160    00000020     Dsp_pe674.oe674 (.text:ti_sysbios_family_c64p_Exception_Module_startup__E)
                  c301d180    00000020     Dsp_pe674.oe674 (.text:ti_sysbios_family_c64p_Hwi_Module__startupDone__S)
                  c301d1a0    00000020     Dsp_pe674.oe674 (.text:ti_sysbios_family_c64p_Hwi_Module_startup__E)
                  c301d1c0    00000020     Dsp_pe674.oe674 (.text:ti_sysbios_family_c64p_Hwi_Params__init__S)
                  c301d1e0    00000020     sysbios.lib : BIOS.obj (.text:ti_sysbios_family_c64p_Hwi_clearInterrupt__E)
                  c301d200    00000020                 : BIOS.obj (.text:ti_sysbios_family_c64p_Hwi_getHandle__E)
                  c301d220    00000020                 : BIOS.obj (.text:ti_sysbios_family_c64p_Hwi_startup__E)
                  c301d240    00000020                 : BIOS.obj (.text:ti_sysbios_family_c64p_Hwi_switchFromBootStack__E)
                  c301d260    00000020                 : BIOS.obj (.text:ti_sysbios_family_c64p_Hwi_unPluggedInterrupt__I)
                  c301d280    00000020     Dsp_pe674.oe674 (.text:ti_sysbios_family_c64p_TimestampProvider_Module_startup__E)
                  c301d2a0    00000020     sysbios.lib : BIOS.obj (.text:ti_sysbios_family_c64p_TimestampProvider_Module_startup__F)
                  c301d2c0    00000020                 : BIOS.obj (.text:ti_sysbios_family_c64p_TimestampProvider_get64__E)
                  c301d2e0    00000020                 : BIOS.obj (.text:ti_sysbios_gates_GateAll_Instance_init__F)
                  c301d300    00000020     Dsp_pe674.oe674 (.text:ti_sysbios_gates_GateAll_query__E)
                  c301d320    00000020     sysbios.lib : BIOS.obj (.text:ti_sysbios_gates_GateAll_query__F)
                  c301d340    00000020                 : BIOS.obj (.text:ti_sysbios_gates_GateHwi_Instance_init__F)
                  c301d360    00000020                 : BIOS.obj (.text:ti_sysbios_gates_GateHwi_enter__E)
                  c301d380    00000020                 : BIOS.obj (.text:ti_sysbios_gates_GateHwi_leave__E)
                  c301d3a0    00000020     Dsp_pe674.oe674 (.text:ti_sysbios_gates_GateHwi_query__E)
                  c301d3c0    00000020     sysbios.lib : BIOS.obj (.text:ti_sysbios_gates_GateHwi_query__F)
                  c301d3e0    00000020                 : BIOS.obj (.text:ti_sysbios_gates_GateMutexPri_Instance_finalize__F)
                  c301d400    00000020     Dsp_pe674.oe674 (.text:ti_sysbios_gates_GateMutexPri_query__E)
                  c301d420    00000020     sysbios.lib : BIOS.obj (.text:ti_sysbios_gates_GateMutexPri_query__F)
                  c301d440    00000020                 : BIOS.obj (.text:ti_sysbios_gates_GateMutex_Instance_finalize__F)
                  c301d460    00000020     Dsp_pe674.oe674 (.text:ti_sysbios_gates_GateMutex_query__E)
                  c301d480    00000020     sysbios.lib : BIOS.obj (.text:ti_sysbios_gates_GateMutex_query__F)
                  c301d4a0    00000020                 : BIOS.obj (.text:ti_sysbios_gates_GateSwi_Instance_init__F)
                  c301d4c0    00000020                 : BIOS.obj (.text:ti_sysbios_gates_GateSwi_enter__E)
                  c301d4e0    00000020                 : BIOS.obj (.text:ti_sysbios_gates_GateSwi_leave__E)
                  c301d500    00000020     Dsp_pe674.oe674 (.text:ti_sysbios_gates_GateSwi_query__E)
                  c301d520    00000020     sysbios.lib : BIOS.obj (.text:ti_sysbios_gates_GateSwi_query__F)
                  c301d540    00000020     Dsp_pe674.oe674 (.text:ti_sysbios_hal_Cache_CacheProxy_inv__E)
                  c301d560    00000020     Dsp_pe674.oe674 (.text:ti_sysbios_hal_Cache_CacheProxy_wbInv__E)
                  c301d580    00000020     sysbios.lib : BIOS.obj (.text:ti_sysbios_hal_Cache_inv__E)
                  c301d5a0    00000020                 : BIOS.obj (.text:ti_sysbios_hal_Cache_wbInv__E)
                  c301d5c0    00000020     Dsp_pe674.oe674 (.text:ti_sysbios_hal_Hwi_HwiProxy_Module__startupDone__S)
                  c301d5e0    00000020     Dsp_pe674.oe674 (.text:ti_sysbios_hal_Hwi_HwiProxy_clearInterrupt__E)
                  c301d600    00000020     Dsp_pe674.oe674 (.text:ti_sysbios_hal_Hwi_HwiProxy_disableInterrupt__E)
                  c301d620    00000020     Dsp_pe674.oe674 (.text:ti_sysbios_hal_Hwi_HwiProxy_enableInterrupt__E)
                  c301d640    00000020     Dsp_pe674.oe674 (.text:ti_sysbios_hal_Hwi_HwiProxy_startup__E)
                  c301d660    00000020     Dsp_pe674.oe674 (.text:ti_sysbios_hal_Hwi_HwiProxy_switchFromBootStack__E)
                  c301d680    00000020     Dsp_pe674.oe674 (.text:ti_sysbios_hal_Hwi_Module_startup__E)
                  c301d6a0    00000020     sysbios.lib : BIOS.obj (.text:ti_sysbios_hal_Hwi_Module_startup__F)
                  c301d6c0    00000020                 : BIOS.obj (.text:ti_sysbios_hal_Hwi_startup__E)
                  c301d6e0    00000020     Dsp_pe674.oe674 (.text:ti_sysbios_hal_Timer_Module__startupDone__S)
                  c301d700    00000020     Dsp_pe674.oe674 (.text:ti_sysbios_hal_Timer_Module_startup__E)
                  c301d720    00000020     sysbios.lib : BIOS.obj (.text:ti_sysbios_hal_Timer_Module_startup__F)
                  c301d740    00000020     Dsp_pe674.oe674 (.text:ti_sysbios_hal_Timer_TimerProxy_Module__startupDone__S)
                  c301d760    00000020     Dsp_pe674.oe674 (.text:ti_sysbios_hal_Timer_TimerProxy_getExpiredCounts__E)
                  c301d780    00000020     Dsp_pe674.oe674 (.text:ti_sysbios_hal_Timer_TimerProxy_getPeriod__E)
                  c301d7a0    00000020     Dsp_pe674.oe674 (.text:ti_sysbios_hal_Timer_TimerProxy_setNextTick__E)
                  c301d7c0    00000020     Dsp_pe674.oe674 (.text:ti_sysbios_hal_Timer_TimerProxy_startup__E)
                  c301d7e0    00000020     sysbios.lib : BIOS.obj (.text:ti_sysbios_hal_Timer_startup__E)
                  c301d800    00000020     Dsp_pe674.oe674 (.text:ti_sysbios_heaps_HeapMem_Module_GateProxy_enter__E)
                  c301d820    00000020     Dsp_pe674.oe674 (.text:ti_sysbios_heaps_HeapMem_Module_GateProxy_leave__E)
                  c301d840    00000020     Dsp_pe674.oe674 (.text:ti_sysbios_heaps_HeapMem_Module_GateProxy_query__E)
                  c301d860    00000020     sysbios.lib : BIOS.obj (.text:ti_sysbios_heaps_HeapMem_isBlocking__E)
                  c301d880    00000020     Dsp_pe674.oe674 (.text:ti_sysbios_knl_Clock_Module_startup__E)
                  c301d8a0    00000020     Dsp_pe674.oe674 (.text:ti_sysbios_knl_Clock_Params__init__S)
                  c301d8c0    00000020     sysbios.lib : BIOS.obj (.text:ti_sysbios_knl_Clock_logTick__E)
                  c301d8e0    00000020                 : BIOS.obj (.text:ti_sysbios_knl_Queue_Instance_init__F)
                  c301d900    00000020     Dsp_pe674.oe674 (.text:ti_sysbios_knl_Queue_Object__destruct__S)
                  c301d920    00000020     Dsp_pe674.oe674 (.text:ti_sysbios_knl_Queue_Object__get__S)
                  c301d940    00000020     sysbios.lib : BIOS.obj (.text:ti_sysbios_knl_Queue_empty__E)
                  c301d960    00000020                 : BIOS.obj (.text:ti_sysbios_knl_Semaphore_Instance_finalize__F)
                  c301d980    00000020     Dsp_pe674.oe674 (.text:ti_sysbios_knl_Semaphore_Params__init__S)
                  c301d9a0    00000020     sysbios.lib : BIOS.obj (.text:ti_sysbios_knl_Swi_Instance_finalize__F)
                  c301d9c0    00000020     Dsp_pe674.oe674 (.text:ti_sysbios_knl_Swi_Module_startup__E)
                  c301d9e0    00000020     Dsp_pe674.oe674 (.text:ti_sysbios_knl_Swi_Params__init__S)
                  c301da00    00000020     sysbios.lib : BIOS.obj (.text:ti_sysbios_knl_Swi_disable__E)
                  c301da20    00000020     Dsp_pe674.oe674 (.text:ti_sysbios_knl_Task_Module_startup__E)
                  c301da40    00000020     Dsp_pe674.oe674 (.text:ti_sysbios_knl_Task_Object__first__S)
                  c301da60    00000020     Dsp_pe674.oe674 (.text:ti_sysbios_knl_Task_Object__next__S)
                  c301da80    00000020     Dsp_pe674.oe674 (.text:ti_sysbios_knl_Task_Params__init__S)
                  c301daa0    00000020     Dsp_pe674.oe674 (.text:ti_sysbios_knl_Task_SupportProxy_Module__startupDone__S)
                  c301dac0    00000020     Dsp_pe674.oe674 (.text:ti_sysbios_knl_Task_SupportProxy_checkStack__E)
                  c301dae0    00000020     Dsp_pe674.oe674 (.text:ti_sysbios_knl_Task_SupportProxy_getStackAlignment__E)
                  c301db00    00000020     Dsp_pe674.oe674 (.text:ti_sysbios_knl_Task_SupportProxy_start__E)
                  c301db20    00000020     Dsp_pe674.oe674 (.text:ti_sysbios_knl_Task_SupportProxy_swap__E)
                  c301db40    00000020     sysbios.lib : BIOS.obj (.text:ti_sysbios_knl_Task_disable__E)
                  c301db60    00000020                 : BIOS.obj (.text:ti_sysbios_knl_Task_getPri__E)
                  c301db80    00000020                 : BIOS.obj (.text:ti_sysbios_knl_Task_self__E)
                  c301dba0    00000020     Dsp_pe674.oe674 (.text:ti_sysbios_syncs_SyncSem_query__E)
                  c301dbc0    00000020     sysbios.lib : BIOS.obj (.text:ti_sysbios_syncs_SyncSem_query__F)
                  c301dbe0    00000020     Dsp_pe674.oe674 (.text:ti_sysbios_syncs_SyncSem_signal__E)
                  c301dc00    00000020     sysbios.lib : BIOS.obj (.text:ti_sysbios_syncs_SyncSem_signal__F)
                  c301dc20    00000020     Dsp_pe674.oe674 (.text:ti_sysbios_syncs_SyncSem_wait__E)
                  c301dc40    00000020     Dsp_pe674.oe674 (.text:ti_sysbios_timers_timer64_Timer_Module__startupDone__S)
                  c301dc60    00000020     Dsp_pe674.oe674 (.text:ti_sysbios_timers_timer64_Timer_Module_startup__E)
                  c301dc80    00000020     Dsp_pe674.oe674 (.text:ti_sysbios_timers_timer64_Timer_TimerSupportProxy_enable__E)
                  c301dca0    00000020     sysbios.lib : BIOS.obj (.text:ti_sysbios_timers_timer64_Timer_setNextTick__E)
                  c301dcc0    00000020                 : BIOS.obj (.text:ti_sysbios_xdcruntime_GateThreadSupport_Instance_finalize__F)
                  c301dce0    00000020     Dsp_pe674.oe674 (.text:ti_sysbios_xdcruntime_GateThreadSupport_enter__E)
                  c301dd00    00000020     sysbios.lib : BIOS.obj (.text:ti_sysbios_xdcruntime_GateThreadSupport_enter__F)
                  c301dd20    00000020     Dsp_pe674.oe674 (.text:ti_sysbios_xdcruntime_GateThreadSupport_leave__E)
                  c301dd40    00000020     sysbios.lib : BIOS.obj (.text:ti_sysbios_xdcruntime_GateThreadSupport_leave__F)
                  c301dd60    00000020     Dsp_pe674.oe674 (.text:ti_sysbios_xdcruntime_GateThreadSupport_query__E)
                  c301dd80    00000020     sysbios.lib : BIOS.obj (.text:ti_sysbios_xdcruntime_GateThreadSupport_query__F)
                  c301dda0    00000020     Dsp_pe674.oe674 (.text:xdc_runtime_Error_check__E)
                  c301ddc0    00000020     Dsp_pe674.oe674 (.text:xdc_runtime_Error_init__E)
                  c301dde0    00000020     Dsp_pe674.oe674 (.text:xdc_runtime_Error_print__E)
                  c301de00    00000020     Dsp_pe674.oe674 (.text:xdc_runtime_Error_raiseX__E)
                  c301de20    00000020     Dsp_pe674.oe674 (.text:xdc_runtime_GateNull_enter__E)
                  c301de40    00000020     ti.targets.rts6000.ae674 : GateNull.oe674 (.text:xdc_runtime_GateNull_enter__F)
                  c301de60    00000020     Dsp_pe674.oe674 (.text:xdc_runtime_GateNull_leave__E)
                  c301de80    00000020     ti.targets.rts6000.ae674 : GateNull.oe674 (.text:xdc_runtime_GateNull_leave__F)
                  c301dea0    00000020     Dsp_pe674.oe674 (.text:xdc_runtime_GateNull_query__E)
                  c301dec0    00000020     ti.targets.rts6000.ae674 : GateNull.oe674 (.text:xdc_runtime_GateNull_query__F)
                  c301dee0    00000020     Dsp_pe674.oe674 (.text:xdc_runtime_Gate_enterSystem__E)
                  c301df00    00000020     ti.targets.rts6000.ae674 : Gate.oe674 (.text:xdc_runtime_Gate_enterSystem__F)
                  c301df20    00000020     Dsp_pe674.oe674 (.text:xdc_runtime_Gate_leaveSystem__E)
                  c301df40    00000020     ti.targets.rts6000.ae674 : Gate.oe674 (.text:xdc_runtime_Gate_leaveSystem__F)
                  c301df60    00000020     Dsp_pe674.oe674 (.text:xdc_runtime_IHeap_alloc)
                  c301df80    00000020     Dsp_pe674.oe674 (.text:xdc_runtime_IHeap_free)
                  c301dfa0    00000020     Dsp_pe674.oe674 (.text:xdc_runtime_LoggerBuf_Module_GateProxy_enter__E)
                  c301dfc0    00000020     Dsp_pe674.oe674 (.text:xdc_runtime_LoggerBuf_Module_GateProxy_leave__E)
                  c301dfe0    00000020     Dsp_pe674.oe674 (.text:xdc_runtime_LoggerBuf_Module_startup__E)
                  c301e000    00000020     Dsp_pe674.oe674 (.text:xdc_runtime_LoggerBuf_TimestampProxy_get64__E)
                  c301e020    00000020     Dsp_pe674.oe674 (.text:xdc_runtime_LoggerBuf_disable__E)
                  c301e040    00000020     ti.targets.rts6000.ae674 : LoggerBuf.oe674 (.text:xdc_runtime_LoggerBuf_disable__F)
                  c301e060    00000020     Dsp_pe674.oe674 (.text:xdc_runtime_LoggerBuf_enable__E)
                  c301e080    00000020     ti.targets.rts6000.ae674 : LoggerBuf.oe674 (.text:xdc_runtime_LoggerBuf_enable__F)
                  c301e0a0    00000020     Dsp_pe674.oe674 (.text:xdc_runtime_LoggerBuf_getFilterLevel__E)
                  c301e0c0    00000020     Dsp_pe674.oe674 (.text:xdc_runtime_LoggerBuf_setFilterLevel__E)
                  c301e0e0    00000020     Dsp_pe674.oe674 (.text:xdc_runtime_LoggerBuf_write0__E)
                  c301e100    00000020     Dsp_pe674.oe674 (.text:xdc_runtime_LoggerBuf_write1__E)
                  c301e120    00000020     ti.targets.rts6000.ae674 : LoggerBuf.oe674 (.text:xdc_runtime_LoggerBuf_write1__F)
                  c301e140    00000020     Dsp_pe674.oe674 (.text:xdc_runtime_LoggerBuf_write2__E)
                  c301e160    00000020     ti.targets.rts6000.ae674 : LoggerBuf.oe674 (.text:xdc_runtime_LoggerBuf_write2__F)
                  c301e180    00000020     Dsp_pe674.oe674 (.text:xdc_runtime_LoggerBuf_write4__E)
                  c301e1a0    00000020     Dsp_pe674.oe674 (.text:xdc_runtime_Memory_HeapProxy_alloc__E)
                  c301e1c0    00000020     Dsp_pe674.oe674 (.text:xdc_runtime_Memory_HeapProxy_free__E)
                  c301e1e0    00000020     Dsp_pe674.oe674 (.text:xdc_runtime_Memory_alloc__E)
                  c301e200    00000020     Dsp_pe674.oe674 (.text:xdc_runtime_Memory_calloc__E)
                  c301e220    00000020     Dsp_pe674.oe674 (.text:xdc_runtime_Memory_free__E)
                  c301e240    00000020     Dsp_pe674.oe674 (.text:xdc_runtime_Memory_getMaxDefaultTypeAlign__E)
                  c301e260    00000020     ti.targets.rts6000.ae674 : Memory.oe674 (.text:xdc_runtime_Memory_getMaxDefaultTypeAlign__F)
                  c301e280    00000020     Dsp_pe674.oe674 (.text:xdc_runtime_Memory_valloc__E)
                  c301e2a0    00000020     Dsp_pe674.oe674 (.text:xdc_runtime_Startup_Module__startupDone__S)
                  c301e2c0    00000020     Dsp_pe674.oe674 (.text:xdc_runtime_Startup_exec__E)
                  c301e2e0    00000020     Dsp_pe674.oe674 (.text:xdc_runtime_Startup_exec__I)
                  c301e300    00000020     Dsp_pe674.oe674 (.text:xdc_runtime_Startup_reset__I)
                  c301e320    00000020     Dsp_pe674.oe674 (.text:xdc_runtime_SysMin_Module_startup__E)
                  c301e340    00000020     Dsp_pe674.oe674 (.text:xdc_runtime_SysMin_abort__E)
                  c301e360    00000020     Dsp_pe674.oe674 (.text:xdc_runtime_SysMin_exit__E)
                  c301e380    00000020     Dsp_pe674.oe674 (.text:xdc_runtime_SysMin_putch__E)
                  c301e3a0    00000020     Dsp_pe674.oe674 (.text:xdc_runtime_SysMin_ready__E)
                  c301e3c0    00000020     ti.targets.rts6000.ae674 : SysMin.oe674 (.text:xdc_runtime_SysMin_ready__F)
                  c301e3e0    00000020     Dsp_pe674.oe674 (.text:xdc_runtime_System_Module_GateProxy_enter__E)
                  c301e400    00000020     Dsp_pe674.oe674 (.text:xdc_runtime_System_Module_GateProxy_leave__E)
                  c301e420    00000020     Dsp_pe674.oe674 (.text:xdc_runtime_System_Module_startup__E)
                  c301e440    00000020     ti.targets.rts6000.ae674 : System.oe674 (.text:xdc_runtime_System_Module_startup__F)
                  c301e460    00000020     Dsp_pe674.oe674 (.text:xdc_runtime_System_SupportProxy_abort__E)
                  c301e480    00000020     Dsp_pe674.oe674 (.text:xdc_runtime_System_SupportProxy_exit__E)
                  c301e4a0    00000020     Dsp_pe674.oe674 (.text:xdc_runtime_System_SupportProxy_putch__E)
                  c301e4c0    00000020     Dsp_pe674.oe674 (.text:xdc_runtime_System_SupportProxy_ready__E)
                  c301e4e0    00000020     Dsp_pe674.oe674 (.text:xdc_runtime_System_abort__E)
[...]
c302a8cc   ti_sdo_ipc_nsremote_NameServerRemoteNotify_Object__DESC__C
c302a8ec   ti_sdo_ipc_nsremote_NameServerRemoteNotify_Object__PARAMS__C
c302a90c   ti_sdo_ipc_transports_TransportShm_Object__DESC__C
c302a92c   ti_sdo_utils_List_Object__DESC__C
c302a94c   ti_sysbios_family_c64p_Hwi_Object__DESC__C
c302a96c   ti_sysbios_gates_GateAll_Object__DESC__C
c302a98c   ti_sysbios_gates_GateHwi_Object__DESC__C
c302a9ac   ti_sysbios_gates_GateMutexPri_Object__DESC__C
c302a9cc   ti_sysbios_gates_GateMutex_Object__DESC__C
c302a9ec   ti_sysbios_gates_GateSwi_Object__DESC__C
c302aa0c   ti_sysbios_heaps_HeapMem_Object__DESC__C
c302aa2c   ti_sysbios_heaps_HeapMem_Object__PARAMS__C
c302aa4c   ti_sysbios_knl_Clock_Object__DESC__C
c302aa6c   ti_sysbios_knl_Queue_Object__DESC__C
c302aa8c   ti_sysbios_knl_Semaphore_Object__DESC__C
c302aaac   ti_sysbios_knl_Swi_Object__DESC__C
c302aacc   ti_sysbios_knl_Task_Object__DESC__C
c302aaec   ti_sysbios_syncs_SyncSem_Object__DESC__C
c302ab0c   ti_sysbios_xdcruntime_GateThreadSupport_Object__DESC__C
c302ab2c   xdc_runtime_GateNull_Object__DESC__C
c302ab4c   xdc_runtime_LoggerBuf_Object__DESC__C
c302ab6c   ti_sdo_ipc_GateMP_E_localGate__C
c302ab70   xdc_runtime_Startup_sfxnRts__A
c302ab90   xdc_runtime_knl_GateThread_Object__DESC__C
c302abb0   ti_sdo_ipc_MessageQ_Object__PARAMS__C
c302abcc   ti_sysbios_syncs_SyncSem_Object__PARAMS__C
c302abe8   ti_sdo_ipc_Notify_Object__PARAMS__C
c302ac00   ti_sdo_utils_List_Object__PARAMS__C
c302ac18   ti_sysbios_gates_GateAll_Object__PARAMS__C
c302ac30   ti_sysbios_gates_GateHwi_Object__PARAMS__C
c302ac48   ti_sysbios_gates_GateMutexPri_Object__PARAMS__C
c302ac60   ti_sysbios_gates_GateMutex_Object__PARAMS__C
c302ac78   ti_sysbios_gates_GateSwi_Object__PARAMS__C
c302ac90   ti_sysbios_knl_Queue_Object__PARAMS__C
c302aca8   ti_sysbios_knl_Task_hooks__A
c302acc0   ti_sysbios_xdcruntime_GateThreadSupport_Object__PARAMS__C
c302acd8   xdc_runtime_GateNull_Object__PARAMS__C
c302acf0   xdc_runtime_knl_GateThread_Object__PARAMS__C
c302ad1c   ti_sdo_ipc_Ipc_E_internal__C
c302ad20   ti_sdo_ipc_Ipc_userFxns__A
c302ad2c   ti_sysbios_family_c64p_Cache_initSize__C
c302ad40   ti_sysbios_knl_Idle_funcList__C
c302ad48   ti_sysbios_knl_Task_hooks__C
c302ad50   xdc_runtime_Startup_firstFxns__A
c302ad58   xdc_runtime_Startup_firstFxns__C
c302ad60   xdc_runtime_Startup_lastFxns__C
c302ad68   ti_sdo_ipc_Ipc_E_nameFailed__C
c302ad6c   ti_sdo_ipc_Ipc_E_versionMismatch__C
c302ad70   ti_sdo_ipc_Ipc_numUserFxns__C
c302ad74   ti_sdo_ipc_Ipc_procSync__C
c302ad78   ti_sdo_ipc_Ipc_userFxns__C
c302ad7c   ti_sdo_ipc_MessageQ_E_maxReached__C
c302ad80   ti_sdo_ipc_MessageQ_E_nameFailed__C
c302ad84   ti_sdo_ipc_MessageQ_Instance_State_highList__O
c302ad88   ti_sdo_ipc_MessageQ_Instance_State_normalList__O
c302ad8c   ti_sdo_ipc_MessageQ_Object__count__C
c302ad90   ti_sdo_ipc_MessageQ_Object__heap__C
c302ad94   ti_sdo_ipc_MessageQ_maxRuntimeEntries__C
c302ad98   ti_sdo_ipc_Notify_Module__gateObj__C
c302ad9c   ti_sdo_ipc_Notify_Object__heap__C
c302ada0   ti_sdo_ipc_Notify_numEvents__C
c302ada4   ti_sdo_ipc_Notify_sendEventPollCount__C
c302ada8   ti_sdo_ipc_SharedRegion_INVALIDSRPTR__C
c302adac   ti_sdo_ipc_SharedRegion_cacheLineSize__C
c302adb0   ti_sdo_ipc_SharedRegion_numOffsetBits__C
c302adb4   ti_sdo_ipc_SharedRegion_offsetMask__C
c302adb8   ti_sdo_ipc_family_da830_NotifySetup_armRecvIntId0__C
c302adbc   ti_sdo_ipc_family_da830_NotifySetup_armRecvIntId1__C
c302adc0   ti_sdo_ipc_family_da830_NotifySetup_dspIntVectId0__C
c302adc4   ti_sdo_ipc_family_da830_NotifySetup_dspIntVectId1__C
c302adc8   ti_sdo_ipc_family_da830_NotifySetup_dspRecvIntId0__C
c302adcc   ti_sdo_ipc_family_da830_NotifySetup_dspRecvIntId1__C
c302add0   ti_sdo_ipc_gates_GatePeterson_E_gateRemotelyOpened__C
c302add4   ti_sdo_ipc_heaps_HeapMemMP_E_memory__C
c302add8   ti_sdo_ipc_interfaces_IGateMPSupport_Interface__BASE__C
c302addc   ti_sdo_ipc_interfaces_IMessageQTransport_Interface__BASE__C
c302ade0   ti_sdo_ipc_interfaces_INotifyDriver_Interface__BASE__C
c302ade4   ti_sdo_ipc_notifyDrivers_NotifyDriverShm_Object__heap__C
c302ade8   ti_sdo_ipc_nsremote_NameServerRemoteNotify_Instance_State_semMultiBlock__O
c302adec   ti_sdo_ipc_nsremote_NameServerRemoteNotify_Instance_State_semRemoteWait__O
c302adf0   ti_sdo_ipc_nsremote_NameServerRemoteNotify_Instance_State_swiObj__O
c302adf4   ti_sdo_ipc_nsremote_NameServerRemoteNotify_notifyEventId__C
c302adf8   ti_sdo_ipc_nsremote_NameServerRemoteNotify_timeout__C
c302adfc   ti_sdo_ipc_transports_TransportShmSetup_priority__C
c302ae00   ti_sdo_ipc_transports_TransportShm_Instance_State_swiObj__O
c302ae04   ti_sdo_utils_INameServerRemote_Interface__BASE__C
c302ae08   ti_sdo_utils_MultiProc_procIdList__A
c302ae0c   ti_sdo_utils_MultiProc_procIdList__C
c302ae10   ti_sdo_utils_NameServer_E_entryExists__C
c302ae14   ti_sdo_utils_NameServer_E_maxReached__C
c302ae18   ti_sdo_utils_NameServer_Instance_State_freeList__O
c302ae1c   ti_sdo_utils_NameServer_Instance_State_nameList__O
c302ae20   ti_sdo_utils_NameServer_Object__count__C
c302ae24   ti_sysbios_BIOS_installedErrorHook__C
c302ae28   ti_sysbios_family_c62_TaskSupport_stackAlignment__C
c302ae2c   ti_sysbios_family_c64p_Cache_EMIFA_BASE__C
c302ae30   ti_sysbios_family_c64p_Cache_EMIFA_CFG__C
c302ae34   ti_sysbios_family_c64p_Cache_EMIFA_LENGTH__C
c302ae38   ti_sysbios_family_c64p_Cache_EMIFB_BASE__C
c302ae3c   ti_sysbios_family_c64p_Cache_EMIFB_CFG__C
c302ae40   ti_sysbios_family_c64p_Cache_EMIFB_LENGTH__C
c302ae44   ti_sysbios_family_c64p_Cache_EMIFC_BASE__C
c302ae48   ti_sysbios_family_c64p_Cache_EMIFC_CFG__C
c302ae4c   ti_sysbios_family_c64p_Cache_EMIFC_LENGTH__C
c302ae50   ti_sysbios_family_c64p_Cache_MAR0_31__C
c302ae54   ti_sysbios_family_c64p_Cache_MAR128_159__C
c302ae58   ti_sysbios_family_c64p_Cache_MAR160_191__C
c302ae5c   ti_sysbios_family_c64p_Cache_MAR192_223__C
c302ae60   ti_sysbios_family_c64p_Cache_MAR224_255__C
c302ae64   ti_sysbios_family_c64p_Cache_MAR32_63__C
c302ae68   ti_sysbios_family_c64p_Cache_MAR64_95__C
c302ae6c   ti_sysbios_family_c64p_Cache_MAR96_127__C
c302ae70   ti_sysbios_family_c64p_Exception_E_exceptionMin__C
c302ae74   ti_sysbios_family_c64p_Exception_exceptionHook__C
c302ae78   ti_sysbios_family_c64p_Exception_externalHook__C
c302ae7c   ti_sysbios_family_c64p_Exception_internalHook__C
c302ae80   ti_sysbios_family_c64p_Exception_nmiHook__C
c302ae84   ti_sysbios_family_c64p_Hwi_E_alreadyDefined__C
c302ae88   ti_sysbios_gates_GateMutexPri_Instance_State_pendQ__O
c302ae8c   ti_sysbios_gates_GateMutex_Instance_State_sem__O
c302ae90   ti_sysbios_hal_Hwi_E_stackOverflow__C
c302ae94   ti_sysbios_heaps_HeapMem_E_memory__C
c302ae98   ti_sysbios_heaps_HeapMem_Module__gateObj__C
c302ae9c   ti_sysbios_heaps_HeapMem_Object__count__C
c302aea0   ti_sysbios_heaps_HeapMem_reqAlignMask__C
c302aea4   ti_sysbios_heaps_HeapMem_reqAlign__C
c302aea8   ti_sysbios_knl_Clock_Module_State_clockQ__O
c302aeac   ti_sysbios_knl_Clock_tickMode__C
c302aeb0   ti_sysbios_knl_Clock_tickPeriod__C
c302aeb4   ti_sysbios_knl_Clock_tickSource__C
c302aeb8   ti_sysbios_knl_Idle_funcList__A
c302aebc   ti_sysbios_knl_Semaphore_Instance_State_pendQ__O
c302aec0   ti_sysbios_knl_Swi_Object__count__C
c302aec4   ti_sysbios_knl_Task_E_spOutOfBounds__C
c302aec8   ti_sysbios_knl_Task_E_stackOverflow__C
c302aecc   ti_sysbios_knl_Task_Module_State_inactiveQ__O
c302aed0   ti_sysbios_knl_Task_Module_State_terminatedQ__O
c302aed4   ti_sysbios_knl_Task_Object__count__C
c302aed8   ti_sysbios_knl_Task_Object__heap__C
c302aedc   ti_sysbios_knl_Task_allBlockedFunc__C
c302aee0   ti_sysbios_knl_Task_defaultStackHeap__C
c302aee4   ti_sysbios_knl_Task_defaultStackSize__C
c302aee8   ti_sysbios_knl_Task_numConstructedTasks__C
c302aeec   ti_sysbios_timers_timer64_Timer_E_cannotSupport__C
c302aef0   ti_sysbios_timers_timer64_Timer_anyMask__C
c302aef4   ti_sysbios_timers_timer64_Timer_freqDivisor__C
c302aef8   ti_sysbios_timers_timer64_Timer_numLocalTimers__C
c302aefc   ti_sysbios_timers_timer64_Timer_numTimerDevices__C
c302af00   ti_sysbios_xdcruntime_GateThreadSupport_Instance_State_gate__O
c302af04   xdc_runtime_Assert_E_assertFailed__C
c302af08   xdc_runtime_Core_A_initializedParams__C
c302af0c   xdc_runtime_Core_Module__diagsEnabled__C
c302af10   xdc_runtime_Core_Module__diagsIncluded__C
c302af14   xdc_runtime_Core_Module__diagsMask__C
c302af18   xdc_runtime_Error_E_generic__C
c302af1c   xdc_runtime_Error_E_memory__C
c302af20   xdc_runtime_Error_Module__diagsEnabled__C
c302af24   xdc_runtime_Error_Module__diagsIncluded__C
c302af28   xdc_runtime_Error_Module__diagsMask__C
c302af2c   xdc_runtime_Error_Module__loggerFxn8__C
c302af30   xdc_runtime_Error_Module__loggerObj__C
c302af34   xdc_runtime_Error_policy__C
c302af38   xdc_runtime_Error_raiseHook__C
c302af3c   xdc_runtime_IFilterLogger_Interface__BASE__C
c302af40   xdc_runtime_IGateProvider_Interface__BASE__C
c302af44   xdc_runtime_IHeap_Interface__BASE__C
c302af48   xdc_runtime_ILogger_Interface__BASE__C
c302af4c   xdc_runtime_IModule_Interface__BASE__C
c302af50   xdc_runtime_Log_L_error__C
c302af54   xdc_runtime_LoggerBuf_E_badLevel__C
c302af58   xdc_runtime_LoggerBuf_Module__gateObj__C
c302af5c   xdc_runtime_LoggerBuf_Object__count__C
c302af60   xdc_runtime_LoggerBuf_statusLogger__C
c302af64   xdc_runtime_Memory_defaultHeapInstance__C
c302af68   xdc_runtime_Startup_execImpl__C
c302af6c   xdc_runtime_Startup_maxPasses__C
c302af70   xdc_runtime_Startup_lastFxns__A
c302af74   xdc_runtime_Startup_sfxnRts__C
c302af78   xdc_runtime_Startup_sfxnTab__C
c302af7c   xdc_runtime_SysMin_bufSize__C
c302af80   xdc_runtime_SysMin_outputFunc__C
c302af84   xdc_runtime_System_Module__gateObj__C
c302af88   xdc_runtime_System_extendFxn__C
c302af8c   xdc_runtime_System_maxAtexitHandlers__C
c302af90   xdc_runtime_Text_charTab__C
c302af94   xdc_runtime_Text_nameEmpty__C
c302af98   xdc_runtime_Text_nameStatic__C
c302af9c   xdc_runtime_Text_nameUnknown__C
c302afa0   xdc_runtime_Text_nodeTab__C
c302afa4   xdc_runtime_Text_visitRopeFxn__C
c302afa8   xdc_runtime_knl_ISync_Interface__BASE__C
c302afac   ti_sdo_ipc_GateMP_Module__id__C
c302afb0   ti_sdo_ipc_Ipc_generateSlaveDataForHost__C
c302afb4   ti_sdo_ipc_ListMP_Module__id__C
c302afb8   ti_sdo_ipc_MessageQ_Module__id__C
c302afbc   ti_sdo_ipc_Notify_numLines__C
c302afc0   ti_sdo_ipc_SharedRegion_numEntries__C
c302afc4   ti_sdo_ipc_SharedRegion_translate__C
c302afc8   ti_sdo_ipc_family_da830_NotifySetup_useSecondLine__C
c302afcc   ti_sdo_ipc_gates_GatePeterson_Module__id__C
c302afd0   ti_sdo_ipc_heaps_HeapMemMP_Module__id__C
c302afd4   ti_sdo_ipc_nsremote_NameServerRemoteNotify_Module__id__C
c302afd8   ti_sdo_ipc_transports_TransportShm_Module__id__C
c302afdc   ti_sdo_ipc_transports_TransportShm_notifyEventId__C
c302afe0   ti_sdo_utils_MultiProc_numProcessors__C
c302afe4   ti_sdo_utils_MultiProc_numProcsInCluster__C
c302afe8   ti_sdo_utils_NameServer_Module__id__C
c302afec   ti_sdo_utils_NameServer_singleProcessor__C
c302aff0   ti_sysbios_family_c64p_Exception_Module__id__C
c302aff4   ti_sysbios_family_c64p_Hwi_Module__id__C
c302aff8   ti_sysbios_hal_Hwi_Module__id__C
c302affc   ti_sysbios_heaps_HeapMem_Module__id__C
c302b000   ti_sysbios_knl_Task_Module__id__C
c302b004   ti_sysbios_knl_Task_deleteTerminatedTasks__C
c302b008   ti_sysbios_knl_Task_initStackFlag__C
c302b00c   ti_sysbios_timers_timer64_Timer_Module__id__C
c302b010   ti_sysbios_timers_timer64_Timer_startupNeeded__C
c302b014   xdc_runtime_Core_Module__id__C
c302b018   xdc_runtime_Error_Module__loggerDefined__C
c302b01c   xdc_runtime_Error_maxDepth__C
c302b020   xdc_runtime_LoggerBuf_Module__id__C
c302b024   xdc_runtime_LoggerBuf_filterByLevel__C
c302b028   xdc_runtime_Memory_Module__id__C
c302b02c   xdc_runtime_SysMin_flushAtExit__C
c302b030   xdc_runtime_Text_charCnt__C
c302b034   xdc_runtime_Text_isLoaded__C
c302b038   xdc_runtime_Text_registryModsLastId__C
c302b03c   xdc_runtime_Text_unnamedModsLastId__C
c302b040   ti_sdo_ipc_GateMP_Module_State_0_remoteSystemGates__A
c302b840   ti_sdo_ipc_GateMP_Module__root__V
c302b84c   ti_sdo_ipc_GateMP_Module__state__V
c302b894   ti_sdo_ipc_Ipc_Module__root__V
c302b898   ti_sdo_ipc_Ipc_Module__state__V
c302b8a4   ti_sdo_ipc_ListMP_Module__root__V
c302b8b0   ti_sdo_ipc_ListMP_Module__state__V
c302b8b4   ti_sdo_ipc_MessageQ_Module__root__V
c302b8c0   ti_sdo_ipc_MessageQ_Module__state__V
c302b8dc   ti_sdo_ipc_Notify_Module__root__V
c302b8e8   ti_sdo_ipc_Notify_Module__state__V
c302b8f0   ti_sdo_ipc_SharedRegion_Module__root__V
c302b8f4   ti_sdo_ipc_SharedRegion_Module__state__V
c302b8f8   ti_sdo_ipc_family_da830_InterruptDsp_Module__root__V
c302b8fa   ti_sdo_ipc_family_da830_NotifySetup_Module__root__V
c302b8fc   ti_sdo_ipc_gates_GateMPSupportNull_Module__root__V
c302b908   ti_sdo_ipc_gates_GatePeterson_Module__root__V
c302b914   ti_sdo_ipc_heaps_HeapMemMP_Module__root__V
c302b920   ti_sdo_ipc_heaps_HeapMemMP_Module__state__V
c302b924   ti_sdo_ipc_notifyDrivers_NotifyDriverShm_Module__root__V
c302b930   ti_sdo_ipc_nsremote_NameServerRemoteNotify_Module__root__V
c302b93c   ti_sdo_ipc_transports_TransportShm_Module__root__V
c302b948   ti_sdo_ipc_transports_TransportShmSetup_Module__root__V
c302b94c   ti_sdo_ipc_transports_TransportShmSetup_Module__state__V
c302b950   ti_sdo_utils_List_Module__root__V
c302b95c   ti_sdo_utils_MultiProc_Module__root__V
c302b95e   ti_sdo_utils_MultiProc_Module__state__V
c302b964   ti_sdo_utils_NameServer_Module__root__V
c302b970   ti_sdo_utils_NameServer_Module__state__V
c302b978   ti_sdo_utils_NameServerRemoteNull_Module__root__V
c302b984   ti_sysbios_BIOS_Module__root__V
c302b988   ti_sysbios_BIOS_Module__state__V
c302b9a4   ti_sysbios_family_c62_IntrinsicsSupport_Module__root__V
c302b9a6   ti_sysbios_family_c62_TaskSupport_Module__root__V
c302b9a8   ti_sysbios_family_c64p_Cache_Module__root__V
c302b9ac   ti_sysbios_family_c64p_Cache_Module__state__V
c302b9b0   ti_sysbios_family_c64p_Exception_Module__root__V
c302b9b4   ti_sysbios_family_c64p_Exception_Module__state__V
c302b9e0   ti_sysbios_family_c64p_Hwi_Module__root__V
c302b9ec   ti_sysbios_family_c64p_Hwi_Module__state__V
c302ba50   ti_sysbios_family_c64p_primus_TimerSupport_Module__root__V
c302ba54   ti_sysbios_family_c64p_primus_TimerSupport_Module__state__V
c302ba58   ti_sysbios_gates_GateAll_Module__root__V
c302ba64   ti_sysbios_gates_GateHwi_Module__root__V
c302ba70   ti_sysbios_gates_GateMutex_Module__root__V
c302ba7c   ti_sysbios_gates_GateMutexPri_Module__root__V
c302ba88   ti_sysbios_gates_GateSwi_Module__root__V
c302ba94   ti_sysbios_hal_Cache_Module__root__V
c302ba98   ti_sysbios_hal_Hwi_Module__root__V
c302baa4   ti_sysbios_hal_Timer_Module__root__V
c302bab0   ti_sysbios_heaps_HeapMem_Module__root__V
c302babc   ti_sysbios_knl_Clock_Module__root__V
c302bac8   ti_sysbios_knl_Clock_Module__state__V
c302baf4   ti_sysbios_knl_Idle_Module__root__V
c302baf6   ti_sysbios_knl_Intrinsics_Module__root__V
c302baf8   ti_sysbios_knl_Queue_Module__root__V
c302bb04   ti_sysbios_knl_Semaphore_Module__root__V
c302bb10   ti_sysbios_knl_Swi_Module__root__V
c302bb1c   ti_sysbios_knl_Swi_Module__state__V
c302bb38   ti_sysbios_knl_Task_Module__root__V
c302bb44   ti_sysbios_knl_Task_Module__state__V
c302bb78   ti_sysbios_syncs_SyncSem_Module__root__V
c302bb84   ti_sysbios_timers_timer64_Timer_Module__root__V
c302bb90   ti_sysbios_timers_timer64_Timer_Module__state__V
c302bba4   ti_sysbios_xdcruntime_GateThreadSupport_Module__root__V
c302bbb0   xdc_runtime_Defaults_Module__root__V
c302bbb2   xdc_runtime_Error_Module__root__V
c302bbb4   xdc_runtime_Error_Module__state__V
c302bbb8   xdc_runtime_GateNull_Module__root__V
c302bbc0   xdc_runtime_LoggerBuf_Module__root__V
c302bbc8   xdc_runtime_LoggerBuf_Module__state__V
c302bbce   xdc_runtime_Main_Module__root__V
c302bbd0   xdc_runtime_Memory_Module__state__V
c302bbd4   xdc_runtime_Registry_Module__root__V
c302bbd8   xdc_runtime_Registry_Module__state__V
c302bbe0   xdc_runtime_Startup_Module__state__V
c302bbe8   xdc_runtime_SysMin_Module__state__V
c302bbf4   xdc_runtime_System_Module__state__V
c302bc00   xdc_runtime_Text_Module__state__V
c302bc08   xdc_runtime_knl_GateThread_Module__root__V
c302bc14   __xdc__init__addr
c302bc18   ti_sdo_utils_NameServer_Object__table__V
c302bcf8   ti_sdo_ipc_SharedRegion_Module_State_0_regions__A
c302bd88   ti_sysbios_knl_Task_Object__table__V
c302bdcc   TSK_idle
c302be10   ti_sysbios_knl_Swi_Module_State_0_readyQ__A
c302be90   ti_sysbios_knl_Task_Module_State_0_readyQ__A
c302bf10   ti_sysbios_timers_timer64_Timer_Module_State_0_device__A
c302bf70   ti_sysbios_timers_timer64_Timer_Object__table__V
c302bfc0   ti_sysbios_gates_GateMutex_Object__table__V
c302c000   ti_sysbios_knl_Swi_Object__table__V
c302c030   ti_sdo_ipc_Ipc_Module_State_0_procEntry__A
c302c058   xdc_runtime_LoggerBuf_Object__table__V
c302c080   ti_sdo_ipc_MessageQ_Module_State_0_heaps__A
c302c0a0   ti_sysbios_timers_timer64_Timer_Module_State_0_gctrl__A
c302c0c0   ti_sysbios_timers_timer64_Timer_Module_State_0_handles__A
c302c0e0   ti_sysbios_timers_timer64_Timer_Module_State_0_intFreqs__A
c302c100   xdc_runtime_System_Module_State_0_atexitHandlers__A
c302c120   ti_sysbios_family_c64p_Hwi_Object__table__V
c302c138   ti_sysbios_gates_GateMutexPri_Object__table__V
c302c150   ti_sysbios_heaps_HeapMem_Object__table__V
c302c168   ti_sdo_ipc_MessageQ_Module_State_0_transports__A
c302c178   ti_sysbios_gates_GateAll_Object__table__V
c302c188   _cleanup_ptr
c302c18c   _dtors_ptr
c302c190   __TI_enable_exit_profile_output
c302c198   ti_sysbios_gates_GateSwi_Object__table__V
c302c1a4   _lock
c302c1a8   _unlock
c302c1b0   ti_sdo_ipc_Notify_Module_State_0_notifyHandles__A
c302c1b8   ti_sdo_ipc_transports_TransportShmSetup_Module_State_0_handles__A
c302c1c0   ti_sysbios_family_c64p_primus_TimerSupport_Module_State_0_suspSrc__A
c302c1c8   ti_sysbios_hal_Hwi_Object__table__V
c302c1d0   ti_sysbios_hal_Timer_Object__table__V
c302c1d8   ti_sdo_ipc_GateMP_Module_State_0_remoteCustom2Gates__A
c302c1e0   ti_sdo_ipc_Notify_Module_State_0_notifyHandles_0__A
c302c1e8   ti_sdo_ipc_Notify_Module_State_0_notifyHandles_1__A
c302c1f0   ti_sysbios_gates_GateHwi_Object__table__V
c302c1f8   xdc_runtime_GateNull_Object__table__V
c302c200   _stack
c302d200   __CIOBUF_
c302d200   __TI_STACK_END
c302d320   __c_args__
c302d394   __TI_STATIC_BASE
c302d394   len
c302d398   buffer
c302d400   ti_sysbios_family_c64p_Hwi0
c302d420   ti_sysbios_family_c64p_Hwi1
c302d440   ti_sysbios_family_c64p_Hwi2
c302d460   ti_sysbios_family_c64p_Hwi3
c302d480   ti_sysbios_family_c64p_Hwi4
c302d4a0   ti_sysbios_family_c64p_Hwi5
c302d4c0   ti_sysbios_family_c64p_Hwi6
c302d4e0   ti_sysbios_family_c64p_Hwi7
c302d500   ti_sysbios_family_c64p_Hwi8
c302d520   ti_sysbios_family_c64p_Hwi9
c302d540   ti_sysbios_family_c64p_Hwi10
c302d560   ti_sysbios_family_c64p_Hwi11
c302d580   ti_sysbios_family_c64p_Hwi12
c302d5a0   ti_sysbios_family_c64p_Hwi13
c302d5c0   ti_sysbios_family_c64p_Hwi14
c302d5e0   ti_sysbios_family_c64p_Hwi15
c302d800   _Ipc_ResetVector
c302d808   Ipc_sr0MemorySetup
ffffffff   __TI_pprof_out_hndl
ffffffff   __TI_prof_data_size
ffffffff   __TI_prof_data_start
ffffffff   __binit__
ffffffff   binit

[2216 symbols]


DYNAMIC SYMBOLS: SORTED ALPHABETICALLY BY Name 

address    name
--------   ----
UNDEFED    
c302bdcc   TSK_idle
c302d800   _Ipc_ResetVector
c302d200   __TI_STACK_END
00001000   __TI_STACK_SIZE
c302d394   __TI_STATIC_BASE
ffffffff   __TI_pprof_out_hndl
ffffffff   __TI_prof_data_size
ffffffff   __TI_prof_data_start
ffffffff   __binit__
c302d320   __c_args__
00000064   _argsize
ffffffff   binit
00000001   xdc_runtime_Startup__EXECFXN__C
00000001   xdc_runtime_Startup__RESETFXN__C

[15 symbols]


IMPORTED and EXPORTED SYMBOLS: SORTED ALPHABETICALLY BY Name 

IMPORTED SYMBOLS

name                           size      Imported from
-----------------------------  --------  -------------

[0 symbols]


EXPORTED SYMBOLS

address    name
--------   ----
c302d800   _Ipc_ResetVector
