Archive member included because of file (symbol)

/home/liao/src/syslink/packages/ti/syslink/lib/syslink.a_debug(SharedRegion.o)
                              bin/debug/obj/syslink.ov5T (SharedRegion_getId)
/home/liao/src/syslink/packages/ti/syslink/lib/syslink.a_debug(Notify.o)
                              bin/debug/obj/syslink.ov5T (Notify_sendEvent)
/home/liao/src/syslink/packages/ti/syslink/lib/syslink.a_debug(MessageQ.o)
                              bin/debug/obj/syslink.ov5T (MessageQ_create)
/home/liao/src/syslink/packages/ti/syslink/lib/syslink.a_debug(Ipc.o)
                              bin/debug/obj/syslink.ov5T (Ipc_control)
/home/liao/src/syslink/packages/ti/syslink/lib/syslink.a_debug(RingIO.o)
                              /home/liao/src/syslink/packages/ti/syslink/lib/syslink.a_debug(Ipc.o) (RingIO_getConfig)
/home/liao/src/syslink/packages/ti/syslink/lib/syslink.a_debug(RingIOShm.o)
                              /home/liao/src/syslink/packages/ti/syslink/lib/syslink.a_debug(Ipc.o) (RingIOShm_getConfig)
/home/liao/src/syslink/packages/ti/syslink/lib/syslink.a_debug(FrameQ.o)
                              /home/liao/src/syslink/packages/ti/syslink/lib/syslink.a_debug(Ipc.o) (FrameQ_getConfig)
/home/liao/src/syslink/packages/ti/syslink/lib/syslink.a_debug(FrameQBufMgr.o)
                              /home/liao/src/syslink/packages/ti/syslink/lib/syslink.a_debug(Ipc.o) (FrameQBufMgr_getConfig)
/home/liao/src/syslink/packages/ti/syslink/lib/syslink.a_debug(ClientNotifyMgr.o)
                              /home/liao/src/syslink/packages/ti/syslink/lib/syslink.a_debug(RingIO.o) (ClientNotifyMgr_sharedMemReq)
/home/liao/src/syslink/packages/ti/syslink/lib/syslink.a_debug(HeapMemMP.o)
                              /home/liao/src/syslink/packages/ti/syslink/lib/syslink.a_debug(Ipc.o) (HeapMemMP_getConfig)
/home/liao/src/syslink/packages/ti/syslink/lib/syslink.a_debug(HeapBufMP.o)
                              /home/liao/src/syslink/packages/ti/syslink/lib/syslink.a_debug(Ipc.o) (HeapBufMP_getConfig)
/home/liao/src/syslink/packages/ti/syslink/lib/syslink.a_debug(GateMP.o)
                              /home/liao/src/syslink/packages/ti/syslink/lib/syslink.a_debug(Ipc.o) (GateMP_getConfig)
/home/liao/src/syslink/packages/ti/syslink/lib/syslink.a_debug(SharedRegionDrv.o)
                              /home/liao/src/syslink/packages/ti/syslink/lib/syslink.a_debug(SharedRegion.o) (SharedRegionDrv_open)
/home/liao/src/syslink/packages/ti/syslink/lib/syslink.a_debug(NotifyDrvUsr.o)
                              /home/liao/src/syslink/packages/ti/syslink/lib/syslink.a_debug(Notify.o) (NotifyDrvUsr_open)
/home/liao/src/syslink/packages/ti/syslink/lib/syslink.a_debug(HeapBufMPDrv.o)
                              /home/liao/src/syslink/packages/ti/syslink/lib/syslink.a_debug(HeapBufMP.o) (HeapBufMPDrv_open)
/home/liao/src/syslink/packages/ti/syslink/lib/syslink.a_debug(MessageQDrv.o)
                              /home/liao/src/syslink/packages/ti/syslink/lib/syslink.a_debug(MessageQ.o) (MessageQDrv_open)
/home/liao/src/syslink/packages/ti/syslink/lib/syslink.a_debug(IpcDrv.o)
                              /home/liao/src/syslink/packages/ti/syslink/lib/syslink.a_debug(Ipc.o) (IpcDrv_open)
/home/liao/src/syslink/packages/ti/syslink/lib/syslink.a_debug(FrameQDrv.o)
                              /home/liao/src/syslink/packages/ti/syslink/lib/syslink.a_debug(FrameQ.o) (FrameQDrv_open)
/home/liao/src/syslink/packages/ti/syslink/lib/syslink.a_debug(FrameQBufMgrDrv.o)
                              /home/liao/src/syslink/packages/ti/syslink/lib/syslink.a_debug(FrameQBufMgr.o) (FrameQBufMgrDrv_open)
/home/liao/src/syslink/packages/ti/syslink/lib/syslink.a_debug(ClientNotifyMgrDrv.o)
                              /home/liao/src/syslink/packages/ti/syslink/lib/syslink.a_debug(ClientNotifyMgr.o) (ClientNotifyMgrDrv_open)
/home/liao/src/syslink/packages/ti/syslink/lib/syslink.a_debug(RingIODrv.o)
                              /home/liao/src/syslink/packages/ti/syslink/lib/syslink.a_debug(RingIO.o) (RingIODrv_open)
/home/liao/src/syslink/packages/ti/syslink/lib/syslink.a_debug(RingIOShmDrv.o)
                              /home/liao/src/syslink/packages/ti/syslink/lib/syslink.a_debug(RingIOShm.o) (RingIOShmDrv_open)
/home/liao/src/syslink/packages/ti/syslink/lib/syslink.a_debug(HeapMemMPDrv.o)
                              /home/liao/src/syslink/packages/ti/syslink/lib/syslink.a_debug(HeapMemMP.o) (HeapMemMPDrv_open)
/home/liao/src/syslink/packages/ti/syslink/lib/syslink.a_debug(GateMPDrv.o)
                              /home/liao/src/syslink/packages/ti/syslink/lib/syslink.a_debug(GateMP.o) (GateMPDrv_open)
/home/liao/src/syslink/packages/ti/syslink/lib/syslink.a_debug(GateMutex.o)
                              /home/liao/src/syslink/packages/ti/syslink/lib/syslink.a_debug(SharedRegion.o) (GateMutex_create)
/home/liao/src/syslink/packages/ti/syslink/lib/syslink.a_debug(Memory.o)
[...]
Memory Configuration

Name             Origin             Length             Attributes
*default*        0x00000000         0xffffffff

Linker script and memory map

LOAD /opt/linux-devkit/bin/../arm-arago-linux-gnueabi/usr/lib/crt1.o
LOAD /opt/linux-devkit/bin/../arm-arago-linux-gnueabi/usr/lib/crti.o
LOAD /opt/linux-devkit/bin/../lib/gcc/arm-arago-linux-gnueabi/4.5.3/crtbegin.o
LOAD bin/debug/obj/main.ov5T
LOAD bin/debug/obj/syslink.ov5T
LOAD bin/debug/obj/pseudo.ov5T
LOAD /home/liao/src/syslink/packages/ti/syslink/lib/syslink.a_debug
LOAD syslinksamples.o_debug
LOAD slaveloader.o_debug
LOAD /opt/linux-devkit/bin/../arm-arago-linux-gnueabi/usr/lib/libpthread.so
START GROUP
LOAD /opt/linux-devkit/bin/../arm-arago-linux-gnueabi/usr/lib/../../lib/libpthread.so.0
LOAD /opt/linux-devkit/bin/../arm-arago-linux-gnueabi/usr/lib/./libpthread_nonshared.a
END GROUP
LOAD /opt/linux-devkit/bin/../arm-arago-linux-gnueabi/usr/lib/libc.so
START GROUP
LOAD /opt/linux-devkit/bin/../arm-arago-linux-gnueabi/usr/lib/../../lib/libc.so.6
LOAD /opt/linux-devkit/bin/../arm-arago-linux-gnueabi/usr/lib/./libc_nonshared.a
LOAD /opt/linux-devkit/bin/../arm-arago-linux-gnueabi/usr/lib/../../lib/ld-linux.so.3
END GROUP
LOAD /opt/linux-devkit/bin/../arm-arago-linux-gnueabi/usr/lib/librt.so
LOAD /opt/linux-devkit/bin/../lib/gcc/arm-arago-linux-gnueabi/4.5.3/libgcc.a
LOAD /opt/linux-devkit/bin/../lib/gcc/arm-arago-linux-gnueabi/4.5.3/../../../../arm-arago-linux-gnueabi/lib/libgcc_s.so
START GROUP
LOAD /opt/linux-devkit/bin/../lib/gcc/arm-arago-linux-gnueabi/4.5.3/../../../../arm-arago-linux-gnueabi/lib/libgcc_s.so.1
LOAD /opt/linux-devkit/bin/../lib/gcc/arm-arago-linux-gnueabi/4.5.3/libgcc.a
END GROUP
LOAD /opt/linux-devkit/bin/../arm-arago-linux-gnueabi/usr/lib/libc.so
START GROUP
LOAD /opt/linux-devkit/bin/../arm-arago-linux-gnueabi/usr/lib/../../lib/libc.so.6
LOAD /opt/linux-devkit/bin/../arm-arago-linux-gnueabi/usr/lib/./libc_nonshared.a
LOAD /opt/linux-devkit/bin/../arm-arago-linux-gnueabi/usr/lib/../../lib/ld-linux.so.3
END GROUP
LOAD /opt/linux-devkit/bin/../lib/gcc/arm-arago-linux-gnueabi/4.5.3/libgcc.a
LOAD /opt/linux-devkit/bin/../lib/gcc/arm-arago-linux-gnueabi/4.5.3/../../../../arm-arago-linux-gnueabi/lib/libgcc_s.so
START GROUP
LOAD /opt/linux-devkit/bin/../lib/gcc/arm-arago-linux-gnueabi/4.5.3/../../../../arm-arago-linux-gnueabi/lib/libgcc_s.so.1
LOAD /opt/linux-devkit/bin/../lib/gcc/arm-arago-linux-gnueabi/4.5.3/libgcc.a
END GROUP
LOAD /opt/linux-devkit/bin/../lib/gcc/arm-arago-linux-gnueabi/4.5.3/crtend.o
LOAD /opt/linux-devkit/bin/../arm-arago-linux-gnueabi/usr/lib/crtn.o
                0x00008000                PROVIDE (__executable_start, 0x8000)
                0x00008134                . = (0x8000 + SIZEOF_HEADERS)

.interp         0x00008134       0x13
 *(.interp)
 .interp        0x00008134       0x13 /opt/linux-devkit/bin/../arm-arago-linux-gnueabi/usr/lib/crti.o

.note.ABI-tag   0x00008148       0x20
 .note.ABI-tag  0x00008148       0x20 /opt/linux-devkit/bin/../arm-arago-linux-gnueabi/usr/lib/crt1.o

.note.gnu.build-id
 *(.note.gnu.build-id)

.hash           0x00008168      0x188
 *(.hash)
 .hash          0x00008168      0x188 /opt/linux-devkit/bin/../arm-arago-linux-gnueabi/usr/lib/crti.o

.gnu.hash
 *(.gnu.hash)

.dynsym         0x000082f0      0x3b0
 *(.dynsym)
 .dynsym        0x000082f0      0x3b0 /opt/linux-devkit/bin/../arm-arago-linux-gnueabi/usr/lib/crti.o

.dynstr         0x000086a0      0x238
 *(.dynstr)
 .dynstr        0x000086a0      0x238 /opt/linux-devkit/bin/../arm-arago-linux-gnueabi/usr/lib/crti.o

.gnu.version    0x000088d8       0x76
 *(.gnu.version)
 .gnu.version   0x000088d8       0x76 /opt/linux-devkit/bin/../arm-arago-linux-gnueabi/usr/lib/crti.o

.gnu.version_d  0x00008950        0x0 load address 0x0000894e
 *(.gnu.version_d)
 .gnu.version_d
                0x00000000        0x0 /opt/linux-devkit/bin/../arm-arago-linux-gnueabi/usr/lib/crti.o

.gnu.version_r  0x00008950       0x40
 *(.gnu.version_r)
 .gnu.version_r
                0x00008950       0x40 /opt/linux-devkit/bin/../arm-arago-linux-gnueabi/usr/lib/crti.o

.rel.dyn        0x00008990       0x28
 *(.rel.init)
 *(.rel.text .rel.text.* .rel.gnu.linkonce.t.*)
 *(.rel.fini)
 *(.rel.rodata .rel.rodata.* .rel.gnu.linkonce.r.*)
 *(.rel.data.rel.ro* .rel.gnu.linkonce.d.rel.ro.*)
 *(.rel.data .rel.data.* .rel.gnu.linkonce.d.*)
 *(.rel.tdata .rel.tdata.* .rel.gnu.linkonce.td.*)
 *(.rel.tbss .rel.tbss.* .rel.gnu.linkonce.tb.*)
 *(.rel.ctors)
 *(.rel.dtors)
 *(.rel.got)
 .rel.got       0x00008990       0x28 /opt/linux-devkit/bin/../arm-arago-linux-gnueabi/usr/lib/crti.o
 *(.rel.bss .rel.bss.* .rel.gnu.linkonce.b.*)
 .rel.bss       0x00000000        0x0 /opt/linux-devkit/bin/../arm-arago-linux-gnueabi/usr/lib/crti.o
                0x000089b8                PROVIDE (__rel_iplt_start, .)
 *(.rel.iplt)
                0x000089b8                PROVIDE (__rel_iplt_end, .)
                0x000089b8                PROVIDE (__rela_iplt_start, .)
                0x000089b8                PROVIDE (__rela_iplt_end, .)

.rela.dyn       0x000089b8        0x0
 *(.rela.init)
 *(.rela.text .rela.text.* .rela.gnu.linkonce.t.*)
 *(.rela.fini)
 *(.rela.rodata .rela.rodata.* .rela.gnu.linkonce.r.*)
 *(.rela.data .rela.data.* .rela.gnu.linkonce.d.*)
 *(.rela.tdata .rela.tdata.* .rela.gnu.linkonce.td.*)
 *(.rela.tbss .rela.tbss.* .rela.gnu.linkonce.tb.*)
 *(.rela.ctors)
 *(.rela.dtors)
 *(.rela.got)
 *(.rela.bss .rela.bss.* .rela.gnu.linkonce.b.*)
                0x000089b8                PROVIDE (__rel_iplt_start, .)
                0x000089b8                PROVIDE (__rel_iplt_end, .)
                0x000089b8                PROVIDE (__rela_iplt_start, .)
 *(.rela.iplt)
                0x000089b8                PROVIDE (__rela_iplt_end, .)

.rel.plt        0x000089b8      0x1a8
 *(.rel.plt)
 .rel.plt       0x000089b8      0x1a8 /opt/linux-devkit/bin/../arm-arago-linux-gnueabi/usr/lib/crti.o

.rela.plt
 *(.rela.plt)

.init           0x00008b60        0xc
 *(.init)
 .init          0x00008b60        0x8 /opt/linux-devkit/bin/../arm-arago-linux-gnueabi/usr/lib/crti.o
                0x00008b60                _init
 .init          0x00008b68        0x4 /opt/linux-devkit/bin/../arm-arago-linux-gnueabi/usr/lib/crtn.o

.plt            0x00008b6c      0x290
 *(.plt)
 .plt           0x00008b6c      0x290 /opt/linux-devkit/bin/../arm-arago-linux-gnueabi/usr/lib/crti.o
                0x00008b80                open@@GLIBC_2.4
                0x00008b8c                mmap@@GLIBC_2.4
                0x00008b98                abort@@GLIBC_2.4
                0x00008ba4                pthread_exit@@GLIBC_2.4
                0x00008bb0                __libc_start_main@@GLIBC_2.4
                0x00008bc8                vsprintf@@GLIBC_2.4
                0x00008bd4                strncpy@@GLIBC_2.4
                0x00008be0                fclose@@GLIBC_2.4
                0x00008bec                fgets@@GLIBC_2.4
                0x00008bf8                getenv@@GLIBC_2.4
                0x00008c04                posix_openpt@@GLIBC_2.4
                0x00008c10                fopen@@GLIBC_2.4
                0x00008c1c                memset@@GLIBC_2.4
                0x00008c28                perror@@GLIBC_2.4
                0x00008c34                usleep@@GLIBC_2.4
                0x00008c40                free@@GLIBC_2.4
                0x00008c4c                read@@GLIBC_2.4
                0x00008c58                write@@GLIBC_2.4
                0x00008c64                tcgetattr@@GLIBC_2.4
                0x00008c70                pthread_mutex_unlock@@GLIBC_2.4
                0x00008c7c                tcflush@@GLIBC_2.4
                0x00008c88                ioctl@@GLIBC_2.4
                0x00008c94                pthread_mutex_lock@@GLIBC_2.4
                0x00008ca0                strlen@@GLIBC_2.4
                0x00008cac                strtoul@@GLIBC_2.4
                0x00008cb8                pthread_create@@GLIBC_2.4
                0x00008cc4                memcpy@@GLIBC_2.4
                0x00008cd0                strtol@@GLIBC_2.4
                0x00008cdc                pthread_sigmask@@GLIBC_2.4
                0x00008ce8                printf@@GLIBC_2.4
                0x00008cf4                raise@@GLIBC_2.4
                0x00008d00                pthread_mutex_init@@GLIBC_2.4
                0x00008d0c                close@@GLIBC_2.4
                0x00008d18                fwrite@@GLIBC_2.4
                0x00008d24                unlockpt@@GLIBC_2.4
                0x00008d30                malloc@@GLIBC_2.4
                0x00008d3c                cfsetospeed@@GLIBC_2.4
                0x00008d48                grantpt@@GLIBC_2.4
                0x00008d54                strtok@@GLIBC_2.4
                0x00008d60                sigfillset@@GLIBC_2.4
                0x00008d6c                puts@@GLIBC_2.4
                0x00008d78                tcsetattr@@GLIBC_2.4
                0x00008d84                getpid@@GLIBC_2.4
                0x00008d90                fcntl@@GLIBC_2.4
                0x00008d9c                ptsname@@GLIBC_2.4
                0x00008da8                munmap@@GLIBC_2.4
                0x00008db4                strncmp@@GLIBC_2.4
                0x00008dc0                strcmp@@GLIBC_2.4
                0x00008dcc                cfsetispeed@@GLIBC_2.4
                0x00008dd8                __errno_location@@GLIBC_2.4
                0x00008de4                pthread_join@@GLIBC_2.4
                0x00008df0                getpagesize@@GLIBC_2.4

.iplt
 *(.iplt)

.text           0x00008dfc    0x3d118
 *(.text.unlikely .text.*_unlikely)
 *(.text .stub .text.* .gnu.linkonce.t.*)
 .text          0x00008dfc       0x3c /opt/linux-devkit/bin/../arm-arago-linux-gnueabi/usr/lib/crt1.o
                0x00008dfc                _start
 .text          0x00008e38       0x24 /opt/linux-devkit/bin/../arm-arago-linux-gnueabi/usr/lib/crti.o
 .text          0x00008e5c       0x50 /opt/linux-devkit/bin/../lib/gcc/arm-arago-linux-gnueabi/4.5.3/crtbegin.o
 .text          0x00008eac       0xfc bin/debug/obj/main.ov5T
                0x00008eac                main
 .text          0x00008fa8      0xbb0 bin/debug/obj/syslink.ov5T
                0x00008fa8                ReCATSyslinkRecv
                0x0000910c                ReCATSyslinkSend
                0x000096b4                ReCATSyslinkInit
                0x0000993c                ReCATSyslinkClear
                0x00009ab0                ReCATSyslinkReadBuffer
                0x00009b08                ReCATSyslinkSendEvent
 .text          0x00009b58      0x6a0 bin/debug/obj/pseudo.ov5T
                0x00009b58                ReCATSerialInit
                0x00009c48                ReCATSeialConf
                0x0000a164                ReCATDataRecv
                0x0000a1c0                ReCATDataSend
 .text          0x0000a1f8     0x3adc /home/liao/src/syslink/packages/ti/syslink/lib/syslink.a_debug(SharedRegion.o)
                0x0000a2fc                SharedRegion_getConfig
                0x0000a47c                SharedRegion_setup
                0x0000ab28                SharedRegion_destroy
                0x0000ada4                SharedRegion_start
                0x0000aec8                SharedRegion_stop
                0x0000afec                SharedRegion_attach
                0x0000b14c                SharedRegion_detach
                0x0000b2b4                SharedRegion_setEntry
                0x0000b578                SharedRegion_getId
                0x0000b740                SharedRegion_getPtr
                0x0000b928                SharedRegion_getSRPtr
                0x0000bc48                SharedRegion_clearEntry
                0x0000bf74                SharedRegion_getHeap
                0x0000c1e4                SharedRegion_getIdByName
                0x0000c3fc                SharedRegion_getEntry
                0x0000c620                SharedRegion_getCacheLineSize
                0x0000c830                SharedRegion_isCacheEnabled
                0x0000ca44                SharedRegion_translateEnabled
                0x0000cab8                SharedRegion_getNumRegions
                0x0000cb2c                SharedRegion_entryInit
                0x0000ccbc                SharedRegion_invalidSRPtr
                0x0000ccd8                SharedRegion_reserveMemory
                0x0000d028                SharedRegion_getNumOffsetBits
                0x0000d170                SharedRegion_checkOverlap
                0x0000d3d4                SharedRegion_clearReservedMemory
                0x0000d4e0                SharedRegion_getRegionInfo
                0x0000d6e0                _SharedRegion_setRegions
                0x0000da84                _SharedRegion_clearRegions
 .text          0x0000dcd4     0x2a68 /home/liao/src/syslink/packages/ti/syslink/lib/syslink.a_debug(Notify.o)
                0x0000dcd4                Notify_getConfig
                0x0000de70                Notify_setup
                0x0000e05c                Notify_destroy
                0x0000e190                Notify_attach
                0x0000e31c                Notify_detach
                0x0000e428                Notify_sharedMemReq
                0x0000e5b8                Notify_eventAvailable
                0x0000e854                Notify_intLineRegistered
                0x0000ea7c                Notify_registerEventSingle
                0x0000ee68                Notify_registerEvent
                0x0000f25c                Notify_unregisterEventSingle
                0x0000f5c8                Notify_unregisterEvent
                0x0000f970                Notify_sendEvent
                0x0000fcfc                Notify_disable
                0x0000fef4                Notify_restore
                0x000100dc                Notify_disableEvent
                0x0001040c                Notify_enableEvent
 .text          0x0001073c     0x26fc /home/liao/src/syslink/packages/ti/syslink/lib/syslink.a_debug(MessageQ.o)
                0x000107ac                MessageQ_getConfig
                0x00010930                MessageQ_setup
                0x00010ac0                MessageQ_destroy
                0x00010bbc                MessageQ_Params_init
                0x00010d4c                MessageQ_create
                0x00010f94                MessageQ_delete
                0x00011224                MessageQ_open
                0x000114a4                MessageQ_close
                0x0001165c                MessageQ_put
                0x000118b8                MessageQ_get
                0x00011b7c                MessageQ_count
                0x00011d64                MessageQ_staticMsgInit
                0x00011ec8                MessageQ_alloc
                0x00012048                MessageQ_free
                0x00012230                MessageQ_registerHeap
                0x00012428                MessageQ_unregisterHeap
                0x00012564                MessageQ_unblock
                0x000126fc                MessageQ_setReplyQueue
                0x00012888                MessageQ_getQueueId
                0x0001298c                MessageQ_setMsgTrace
                0x00012af4                MessageQ_sharedMemReq
                0x00012c20                MessageQ_attach
                0x00012d44                MessageQ_detach
 .text          0x00012e38     0x1570 /home/liao/src/syslink/packages/ti/syslink/lib/syslink.a_debug(Ipc.o)
                0x00012e38                Ipc_getConfig
                0x00013068                Ipc_setup
                0x000138a8                Ipc_destroy
                0x00013f88                Ipc_control
                0x00014170                Ipc_readConfig
                0x0001428c                Ipc_writeConfig
 .text          0x000143a8     0x2ef8 /home/liao/src/syslink/packages/ti/syslink/lib/syslink.a_debug(RingIO.o)
                0x000143a8                RingIO_getConfig
                0x00014528                RingIO_setup
                0x000146c0                RingIO_destroy
                0x000147ec                RingIO_Params_init
                0x0001496c                RingIO_create
                0x00014f50                RingIO_delete
                0x000151c0                RingIO_open
                0x000155a8                RingIO_openByAddr
                0x000159a8                RingIO_close
                0x00015c28                RingIO_registerNotifier
                0x00015eb0                RingIO_unregisterNotifier
                0x0001606c                RingIO_setNotifyType
                0x000161a8                RingIO_getValidSize
                0x00016284                RingIO_getEmptySize
                0x00016360                RingIO_getValidAttrSize
                0x0001643c                RingIO_getEmptyAttrSize
                0x00016518                RingIO_getAcquiredOffset
                0x000165f4                RingIO_getAcquiredSize
                0x000166d0                RingIO_getWaterMark
                0x000167ac                RingIO_setWaterMark
                0x0001687c                RingIO_acquire
                0x000169fc                RingIO_release
                0x00016acc                RingIO_cancel
                0x00016b88                RingIO_getAttribute
                0x00016c58                RingIO_getvAttribute
                0x00016d80                RingIO_setAttribute
                0x00016e60                RingIO_setvAttribute
                0x00016f70                RingIO_flush
                0x00017090                RingIO_sendNotify
                0x00017174                RingIO_sharedMemReq
 .text          0x000172a0      0x5c4 /home/liao/src/syslink/packages/ti/syslink/lib/syslink.a_debug(RingIOShm.o)
                0x000172a0                RingIOShm_getConfig
                0x00017420                RingIOShm_setup
                0x000175b8                RingIOShm_destroy
                0x000176e4                RingIOShm_Params_init
 .text          0x00017864     0x5adc /home/liao/src/syslink/packages/ti/syslink/lib/syslink.a_debug(FrameQ.o)
                0x00017968                FrameQ_getConfig
                0x00017b00                FrameQ_setup
                0x00017da0                FrameQ_destroy
                0x00017fb0                FrameQ_create
                0x00018250                FrameQ_delete
                0x0001863c                FrameQ_open
                0x00018f60                FrameQ_close
                0x00019328                FrameQ_alloc
                0x000195c0                FrameQ_allocv
                0x000198c0                FrameQ_free
                0x00019b28                FrameQ_freev
                0x00019e3c                FrameQ_put
                0x0001a1d0                FrameQ_putv
                0x0001a634                FrameQ_get
                0x0001a990                FrameQ_getv
                0x0001ae48                FrameQ_registerNotifier
                0x0001b2cc                FrameQ_unregisterNotifier
                0x0001b620                FrameQ_dup
                0x0001b8e4                FrameQ_sendNotify
                0x0001bb00                FrameQ_getNumFrames
                0x0001bd5c                FrameQ_getvNumFrames
                0x0001bfc0                FrameQ_getNumFreeFrames
                0x0001c190                FrameQ_getvNumFreeFrames
                0x0001c41c                FrameQ_control
                0x0001c594                FrameQ_ShMem_Params_init
                0x0001c72c                FrameQ_Params_init
                0x0001d194                FrameQ_ShMem_sharedMemReq
 .text          0x0001d340     0x5e3c /home/liao/src/syslink/packages/ti/syslink/lib/syslink.a_debug(FrameQBufMgr.o)
                0x0001d444                FrameQBufMgr_getConfig
                0x0001d5e4                FrameQBufMgr_setup
                0x0001d884                FrameQBufMgr_destroy
                0x0001dab4                FrameQBufMgr_create
                0x0001dd40                FrameQBufMgr_delete
                0x0001e170                FrameQBufMgr_open
                0x0001ea3c                FrameQBufMgr_close
                0x0001ec0c                FrameQBufMgr_alloc
                0x0001eef0                FrameQBufMgr_allocv
                0x0001f3c0                FrameQBufMgr_free
                0x0001f6d8                FrameQBufMgr_freev
                0x0001fb00                FrameQBufMgr_dup
                0x0001fea0                FrameQBufMgr_dupv
                0x00020268                FrameQBufMgr_registerNotifier
                0x0002057c                FrameQBufMgr_unregisterNotifier
                0x00020810                FrameQBufMgr_add
                0x0002096c                FrameQBufMgr_remove
                0x00020b00                FrameQBufMgr_writeBackHeaderBuf
                0x00020d20                FrameQBufMgr_invalidateHeaderBuf
                0x00020f50                FrameQBufMgr_writeBackFrameBuf
                0x00021224                FrameQBufMgr_invalidateFrameBuf
                0x000214f8                FrameQBufMgr_writeBack
                0x0002181c                FrameQBufMgr_invalidate
                0x00021b2c                FrameQBufMgr_translateAddr
                0x00021e7c                FrameQBufMgr_getId
                0x00021f24                FrameQBufMgr_getHandle
                0x00022068                FrameQBufMgr_getKnlHandle
                0x00022138                FrameQBufMgr_getNumFreeFrames
                0x0002230c                FrameQBufMgr_getvNumFreeFrames
                0x00022598                FrameQBufMgr_getBaseHeaderSize
                0x00022600                FrameQBufMgr_isSupportedInterface
                0x00022648                FrameQBufMgr_isSupportedBufInterface
                0x000226ac                FrameQBufMgr_ShMem_Params_init
                0x00022844                FrameQBufMgr_Params_init
 .text          0x0002317c     0x514c /home/liao/src/syslink/packages/ti/syslink/lib/syslink.a_debug(ClientNotifyMgr.o)
                0x0002317c                ClientNotifyMgr_sharedMemModReq
                0x000231e4                ClientNotifyMgr_sharedMemReq
                0x00023358                ClientNotifyMgr_callBack
                0x00023b10                ClientNotifyMgr_getConfig
                0x00023cb0                ClientNotifyMgr_setup
                0x0002404c                ClientNotifyMgr_destroy
                0x000241f8                ClientNotifyMgr_Params_init
                0x00024398                ClientNotifyMgr_create
                0x00024d8c                ClientNotifyMgr_delete
                0x0002532c                ClientNotifyMgr_open
                0x000254b4                ClientNotifyMgr_close
                0x000255d8                ClientNotifyMgr_registerClient
                0x00025d08                ClientNotifyMgr_unregisterClient
                0x000262b0                ClientNotifyMgr_enableNotification
                0x00026584                ClientNotifyMgr_disableNotification
                0x00026850                ClientNotifyMgr_sendNotification
                0x00027024                ClientNotifyMgr_sendForceNotification
                0x000274d0                ClientNotifyMgr_sendNotificationMulti
                0x00027dbc                ClientNotifyMgr_sendForceNotificationMulti
 .text          0x000282c8     0x23f8 /home/liao/src/syslink/packages/ti/syslink/lib/syslink.a_debug(HeapMemMP.o)
                0x000282c8                HeapMemMP_getConfig
                0x00028450                HeapMemMP_setup
                0x000285d4                HeapMemMP_destroy
                0x00028700                HeapMemMP_Params_init
                0x0002888c                HeapMemMP_create
                0x00028ba8                HeapMemMP_delete
                0x00028e2c                HeapMemMP_openByAddr
                0x000290f0                HeapMemMP_open
                0x000293bc                HeapMemMP_close
                0x00029638                HeapMemMP_alloc
                0x00029840                HeapMemMP_free
                0x00029a9c                HeapMemMP_getStats
                0x00029cc8                HeapMemMP_getExtendedStats
                0x00029edc                HeapMemMP_sharedMemReq
                0x0002a060                HeapMemMP_getKnlHandle
                0x0002a1e8                HeapMemMP_getUsrHandle
                0x0002a3a4                _HeapMemMP_create
                0x0002a580                HeapMemMP_restore
 .text          0x0002a6c0     0x2238 /home/liao/src/syslink/packages/ti/syslink/lib/syslink.a_debug(HeapBufMP.o)
                0x0002a6c0                HeapBufMP_getConfig
                0x0002a848                HeapBufMP_setup
                0x0002a9d8                HeapBufMP_destroy
                0x0002ab10                HeapBufMP_Params_init
                0x0002aca0                HeapBufMP_create
                0x0002afa8                HeapBufMP_delete
                0x0002b224                HeapBufMP_openByAddr
                0x0002b4f0                HeapBufMP_open
                0x0002b7c0                HeapBufMP_close
                0x0002ba3c                HeapBufMP_alloc
                0x0002bc48                HeapBufMP_free
                0x0002bea8                HeapBufMP_getStats
                0x0002c0d8                HeapBufMP_isBlocking
                0x0002c1d0                HeapBufMP_getExtendedStats
                0x0002c3fc                HeapBufMP_sharedMemReq
                0x0002c584                HeapBufMP_getKnlHandle
                0x0002c714                _HeapBufMP_create
 .text          0x0002c8f8     0x21bc /home/liao/src/syslink/packages/ti/syslink/lib/syslink.a_debug(GateMP.o)
                0x0002c8f8                GateMP_getConfig
                0x0002ca88                GateMP_setup
                0x0002ccec                GateMP_destroy
                0x0002cea8                GateMP_Params_init
                0x0002d050                GateMP_Instance_init
                0x0002d208                GateMP_Instance_finalize
                0x0002d264                _GateMP_create
                0x0002d39c                GateMP_create
                0x0002d5cc                GateMP_delete
                0x0002d848                GateMP_open
                0x0002db40                GateMP_openByAddr
                0x0002de4c                GateMP_close
                0x0002e150                GateMP_enter
                0x0002e31c                GateMP_leave
                0x0002e4f4                GateMP_sharedMemReq
                0x0002e610                GateMP_getDefaultRemote
                0x0002e710                GateMP_getSharedAddr
                0x0002e804                GateMP_setReserved
                0x0002e8bc                GateMP_getLocalProtect
                0x0002e910                GateMP_getRemoteProtect
                0x0002e964                GateMP_getKnlHandle
 .text          0x0002eab4      0x4fc /home/liao/src/syslink/packages/ti/syslink/lib/syslink.a_debug(SharedRegionDrv.o)
                0x0002eab4                SharedRegionDrv_open
                0x0002ec4c                SharedRegionDrv_close
                0x0002ed68                SharedRegionDrv_ioctl
 .text          0x0002efb0      0x78c /home/liao/src/syslink/packages/ti/syslink/lib/syslink.a_debug(NotifyDrvUsr.o)
                0x0002efb0                NotifyDrvUsr_open
                0x0002f2bc                NotifyDrvUsr_close
                0x0002f490                NotifyDrvUsr_ioctl
                0x0002f5c8                _NotifyDrvUsr_eventWorker
 .text          0x0002f73c      0x3e8 /home/liao/src/syslink/packages/ti/syslink/lib/syslink.a_debug(HeapBufMPDrv.o)
                0x0002f73c                HeapBufMPDrv_open
                0x0002f8d4                HeapBufMPDrv_close
                0x0002f9f0                HeapBufMPDrv_ioctl
 .text          0x0002fb24      0x3e4 /home/liao/src/syslink/packages/ti/syslink/lib/syslink.a_debug(MessageQDrv.o)
                0x0002fb24                MessageQDrv_open
                0x0002fcb8                MessageQDrv_close
                0x0002fdd4                MessageQDrv_ioctl
 .text          0x0002ff08      0x3e8 /home/liao/src/syslink/packages/ti/syslink/lib/syslink.a_debug(IpcDrv.o)
                0x0002ff08                IpcDrv_open
                0x000300a0                IpcDrv_close
                0x000301bc                IpcDrv_ioctl
 .text          0x000302f0      0x3e4 /home/liao/src/syslink/packages/ti/syslink/lib/syslink.a_debug(FrameQDrv.o)
                0x000302f0                FrameQDrv_open
                0x00030484                FrameQDrv_close
                0x000305a0                FrameQDrv_ioctl
 .text          0x000306d4      0x3e4 /home/liao/src/syslink/packages/ti/syslink/lib/syslink.a_debug(FrameQBufMgrDrv.o)
                0x000306d4                FrameQBufMgrDrv_open
                0x00030868                FrameQBufMgrDrv_close
                0x00030984                FrameQBufMgrDrv_ioctl
 .text          0x00030ab8      0x3e4 /home/liao/src/syslink/packages/ti/syslink/lib/syslink.a_debug(ClientNotifyMgrDrv.o)
                0x00030ab8                ClientNotifyMgrDrv_open
                0x00030c4c                ClientNotifyMgrDrv_close
                0x00030d68                ClientNotifyMgrDrv_ioctl
 .text          0x00030e9c      0x3e4 /home/liao/src/syslink/packages/ti/syslink/lib/syslink.a_debug(RingIODrv.o)
                0x00030e9c                RingIODrv_open
                0x00031030                RingIODrv_close
                0x0003114c                RingIODrv_ioctl
 .text          0x00031280      0x3e4 /home/liao/src/syslink/packages/ti/syslink/lib/syslink.a_debug(RingIOShmDrv.o)
                0x00031280                RingIOShmDrv_open
                0x00031414                RingIOShmDrv_close
                0x00031530                RingIOShmDrv_ioctl
 .text          0x00031664      0x3e8 /home/liao/src/syslink/packages/ti/syslink/lib/syslink.a_debug(HeapMemMPDrv.o)
                0x00031664                HeapMemMPDrv_open
                0x000317fc                HeapMemMPDrv_close
                0x00031918                HeapMemMPDrv_ioctl
 .text          0x00031a4c      0x3e8 /home/liao/src/syslink/packages/ti/syslink/lib/syslink.a_debug(GateMPDrv.o)
                0x00031a4c                GateMPDrv_open
                0x00031be4                GateMPDrv_close
                0x00031d00                GateMPDrv_ioctl
 .text          0x00031e34      0x58c /home/liao/src/syslink/packages/ti/syslink/lib/syslink.a_debug(GateMutex.o)
                0x00031e34                GateMutex_Instance_init
                0x00031f3c                GateMutex_Instance_finalize
                0x00031fd4                GateMutex_enter
                0x000320a8                GateMutex_leave
                0x00032168                GateMutex_create
                0x00032270                GateMutex_delete
 .text          0x000323c0      0xa34 /home/liao/src/syslink/packages/ti/syslink/lib/syslink.a_debug(Memory.o)
                0x00032588                Memory_alloc
                0x0003271c                Memory_calloc
                0x000328a0                Memory_free
                0x00032998                Memory_getStats
                0x00032a6c                Memory_query
                0x00032b5c                Memory_getMaxDefaultTypeAlign
                0x00032b78                Memory_valloc
                0x00032d60                Memory_translate
 .text          0x00032df4     0x15f4 /home/liao/src/syslink/packages/ti/syslink/lib/syslink.a_debug(List.o)
                0x00032df4                List_Params_init
                0x00032ec0                List_create
                0x00032fe4                List_delete
                0x00033158                List_construct
                0x00033250                List_destruct
                0x00033348                List_elemClear
                0x0003343c                List_empty
                0x00033560                List_get
                0x0003367c                List_put
                0x000337f0                List_next
                0x00033930                List_prev
                0x00033ad8                List_insert
                0x00033cb0                List_remove
                0x00033e28                List_putHead
                0x00033f8c                List_dequeue
                0x000340c8                List_enqueue
                0x00034258                List_enqueueHead
 .text          0x000343e8      0x5f8 /home/liao/src/syslink/packages/ti/syslink/lib/syslink.a_debug(String.o)
                0x000343e8                String_cat
                0x000344a0                String_cmp
                0x000345d4                String_ncmp
                0x000346dc                String_cpy
                0x00034758                String_ncpy
                0x00034838                String_len
                0x000348ac                String_hexToStr
                0x00034940                String_hash
 .text          0x000349e0      0x560 /home/liao/src/syslink/packages/ti/syslink/lib/syslink.a_debug(Trace.o)
                0x000349e0                _GT_0trace
                0x00034a64                _GT_1trace
                0x00034af4                _GT_2trace
                0x00034b8c                _GT_3trace
                0x00034c2c                _GT_4trace
                0x00034cdc                _GT_5trace
                0x00034d9c                _GT_6trace
                0x00034e6c                _GT_setFailureReason
                0x00034ed0                _GT_setTrace
 .text          0x00034f40     0x2d80 /home/liao/src/syslink/packages/ti/syslink/lib/syslink.a_debug(NameServer.o)
                0x00034f40                NameServer_getConfig
                0x000350f4                NameServer_setup
                0x0003526c                NameServer_destroy
                0x00035368                NameServer_Params_init
                0x000354fc                NameServer_create
                0x000357a0                NameServer_delete
                0x000359e4                NameServer_open
                0x00035c98                NameServer_close
                0x00035efc                NameServer_add
                0x0003623c                NameServer_addUInt32
                0x0003641c                NameServer_remove
                0x00036660                NameServer_removeEntry
                0x00036898                NameServer_get
                0x00036cc0                NameServer_getLocal
                0x00037080                NameServer_getUInt32
                0x0003734c                NameServer_getLocalUInt32
                0x00037608                NameServer_match
                0x000378cc                NameServer_getHandle
                0x00037af8                NameServer_isRegistered
 .text          0x00037cc0      0xcf4 /home/liao/src/syslink/packages/ti/syslink/lib/syslink.a_debug(MultiProc.o)
                0x00037cc0                MultiProc_getConfig
                0x00037e74                MultiProc_setup
                0x00038014                MultiProc_destroy
                0x00038110                MultiProc_setLocalId
                0x0003831c                MultiProc_getId
                0x0003852c                MultiProc_getName
                0x000386bc                MultiProc_getNumProcessors
                0x00038738                MultiProc_self
                0x000387b4                MultiProc_getSlot
 .text          0x000389b4      0x10c /home/liao/src/syslink/packages/ti/syslink/lib/syslink.a_debug(Gate.o)
                0x000389b4                Gate_enterSystem
                0x00038a18                Gate_leaveSystem
 .text          0x00038ac0       0xc8 /home/liao/src/syslink/packages/ti/syslink/lib/syslink.a_debug(SysLink.o)
                0x00038ac0                SysLink_setup
                0x00038b30                SysLink_destroy
 .text          0x00038b88      0x4c0 /home/liao/src/syslink/packages/ti/syslink/lib/syslink.a_debug(Cache.o)
                0x00038b88                Cache_inv
                0x00038c90                Cache_wb
                0x00038d98                Cache_wbInv
                0x00038ea0                Cache_wait
                0x00038f58                Cache_setMode
 .text          0x00039048      0x3e8 /home/liao/src/syslink/packages/ti/syslink/lib/syslink.a_debug(NameServerDrv.o)
                0x00039048                NameServerDrv_open
                0x000391e0                NameServerDrv_close
                0x000392fc                NameServerDrv_ioctl
 .text          0x00039430      0x3b4 /home/liao/src/syslink/packages/ti/syslink/lib/syslink.a_debug(MultiProcDrv.o)
                0x00039430                MultiProcDrv_open
                0x000395c4                MultiProcDrv_close
                0x000396e0                MultiProcDrv_ioctl
 .text          0x000397e4      0x160 /home/liao/src/syslink/packages/ti/syslink/lib/syslink.a_debug(TraceDrv.o)
                0x000397e4                TraceDrv_ioctl
 .text          0x00039944       0xf0 /home/liao/src/syslink/packages/ti/syslink/lib/syslink.a_debug(CacheDrv.o)
                0x00039944                CacheDrv_ioctl
 .text          0x00039a34     0x15fc /home/liao/src/syslink/packages/ti/syslink/lib/syslink.a_debug(MemoryOS.o)
                0x00039d1c                MemoryOS_setup
                0x00039ec8                MemoryOS_destroy
                0x0003a07c                MemoryOS_alloc
                0x0003a190                MemoryOS_calloc
                0x0003a294                MemoryOS_free
                0x0003a388                MemoryOS_map
                0x0003a7e4                MemoryOS_unmap
                0x0003ab20                MemoryOS_copy
                0x0003acb8                MemoryOS_set
                0x0003ae40                MemoryOS_translate
 .text          0x0003b030      0x6e0 /home/liao/src/syslink/packages/ti/syslink/lib/syslink.a_debug(OsalDrv.o)
                0x0003b030                OsalDrv_open
                0x0003b1d0                OsalDrv_close
                0x0003b2f4                OsalDrv_map
                0x0003b4f8                OsalDrv_unmap
                0x0003b5d4                OsalDrv_ioctl
 .text          0x0003b710      0x530 /home/liao/src/syslink/packages/ti/syslink/lib/syslink.a_debug(OsalMutex.o)
                0x0003b710                OsalMutex_create
                0x0003b878                OsalMutex_delete
                0x0003b9e4                OsalMutex_enter
                0x0003bb14                OsalMutex_leave
 .text          0x0003bc40       0x58 /home/liao/src/syslink/packages/ti/syslink/lib/syslink.a_debug(OsalPrint.o)
                0x0003bc40                Osal_printf
 .text          0x0003bc98     0x4f2c /home/liao/src/syslink/packages/ti/syslink/lib/syslink.a_debug(ProcMgr.o)
                0x0003bc98                ProcMgr_getConfig
                0x0003be18                ProcMgr_setup
                0x0003bfc8                ProcMgr_destroy
                0x0003c1a0                ProcMgr_Params_init
                0x0003c320                ProcMgr_create
                0x0003c75c                ProcMgr_delete
                0x0003ca18                ProcMgr_open
                0x0003d0b8                ProcMgr_close
                0x0003d4f4                ProcMgr_getAttachParams
                0x0003d66c                ProcMgr_attach
                0x0003dae0                ProcMgr_detach
                0x0003dd38                ProcMgr_load
                0x0003e04c                ProcMgr_unload
                0x0003e1c4                ProcMgr_getStartParams
                0x0003e324                ProcMgr_start
                0x0003e49c                ProcMgr_stop
                0x0003e5fc                ProcMgr_getState
                0x0003e768                ProcMgr_read
                0x0003ea04                ProcMgr_write
                0x0003eca0                ProcMgr_control
                0x0003ee2c                ProcMgr_translateAddr
                0x0003f2a0                ProcMgr_getSymbolAddress
                0x0003f530                ProcMgr_map
                0x0003fa54                ProcMgr_unmap
                0x0004015c                ProcMgr_registerNotify
                0x00040368                ProcMgr_getMaxMemoryRegions
                0x00040428                ProcMgr_getProcInfo
                0x00040618                ProcMgr_getSectionInfo
                0x00040828                ProcMgr_getSectionData
                0x00040a64                ProcMgr_getLoadedFileId
 .text          0x00040bc4      0x4f8 /home/liao/src/syslink/packages/ti/syslink/lib/syslink.a_debug(ProcMgrDrvUsr.o)
                0x00040bc4                ProcMgrDrvUsr_open
                0x00040d5c                ProcMgrDrvUsr_close
                0x00040e78                ProcMgrDrvUsr_ioctl
 .text          0x000410bc      0xa30 /home/liao/src/syslink/packages/ti/syslink/lib/syslink.a_debug(FrameQ_common.o)
                0x000410bc                FrameQ_isSupportedInterface
                0x00041104                FrameQ_getExtendedHeaderPtr
                0x00041184                FrameQ_getNumFrameBuffers
                0x00041274                FrameQ_getFrameBuffer
                0x000413c8                FrameQ_getFrameBufSize
                0x00041518                FrameQ_getFrameBufValidSize
                0x00041674                FrameQ_getFrameBufDataStartOffset
                0x000417cc                FrameQ_setFrameBufValidSize
                0x0004195c                FrameQ_setFrameBufDataStartOffset
 .text          0x00041aec     0x292c /home/liao/src/syslink/packages/ti/syslink/lib/syslink.a_debug(ListMP.o)
                0x00041aec                ListMP_getConfig
                0x00041c6c                ListMP_setup
                0x00041df4                ListMP_destroy
                0x00041f24                ListMP_Params_init
                0x000420b4                ListMP_create
                0x00042420                ListMP_delete
                0x0004268c                ListMP_sharedMemReq
                0x00042878                ListMP_open
                0x00042b0c                ListMP_openByAddr
                0x00042d48                ListMP_close
                0x00042fb0                ListMP_empty
                0x0004316c                ListMP_getHead
                0x00043338                ListMP_getTail
                0x000434f8                ListMP_putHead
                0x0004374c                ListMP_putTail
                0x000439a8                ListMP_insert
                0x00043c78                ListMP_remove
                0x00043ed4                ListMP_next
                0x000440d8                ListMP_prev
                0x000442dc                _ListMP_create
                0x000443f4                ListMP_getGate
 .text          0x00044418      0x3e8 /home/liao/src/syslink/packages/ti/syslink/lib/syslink.a_debug(ListMPDrv.o)
                0x00044418                ListMPDrv_open
                0x000445b0                ListMPDrv_close
                0x000446cc                ListMPDrv_ioctl
 .text          0x00044800      0x3f8 syslinksamples.o_debug
                0x00044800                SysLinkSamples_startup
                0x00044838                SysLinkSamples_shutdown
                0x00044870                SysLinkSamples_setHiddenProcId
                0x00044888                SysLinkSamples_isAvailableProcId
                0x0004489c                SysLinkSamples_setToRunProcIds
                0x00044a1c                SysLinkSamples_toRunProcId
                0x00044a30                SysLinkSamples_osStartup
                0x00044bd8                SysLinkSamples_osShutdown
 .text          0x00044bf8     0x1190 slaveloader.o_debug
                0x00045060                SlaveLoader_startupArgs
                0x00045424                SlaveLoader_startup
                0x00045788                SlaveLoader_shutdown
                0x00045a4c                SlaveLoader_printStatus
 .text          0x00045d88       0x64 /opt/linux-devkit/bin/../arm-arago-linux-gnueabi/usr/lib/./libc_nonshared.a(elf-init.oS)
                0x00045d88                __libc_csu_init
                0x00045de8                __libc_csu_fini
 .text          0x00045dec      0x114 /opt/linux-devkit/bin/../lib/gcc/arm-arago-linux-gnueabi/4.5.3/libgcc.a(_udivsi3.o)
                0x00045dec                __udivsi3
                0x00045dec                __aeabi_uidiv
                0x00045ee0                __aeabi_uidivmod
 .text          0x00045f00       0x14 /opt/linux-devkit/bin/../lib/gcc/arm-arago-linux-gnueabi/4.5.3/libgcc.a(_dvmd_lnx.o)
                0x00045f00                __aeabi_idiv0
                0x00045f00                __aeabi_ldiv0
 .text          0x00045f14        0x0 /opt/linux-devkit/bin/../lib/gcc/arm-arago-linux-gnueabi/4.5.3/crtend.o
 .text          0x00045f14        0x0 /opt/linux-devkit/bin/../arm-arago-linux-gnueabi/usr/lib/crtn.o
 *(.gnu.warning)
 *(.glue_7t)
 .glue_7t       0x00000000        0x0 linker stubs
 *(.glue_7)
 .glue_7        0x00000000        0x0 linker stubs
 *(.vfp11_veneer)
 .vfp11_veneer  0x00000000        0x0 linker stubs
 *(.v4_bx)
 .v4_bx         0x00000000        0x0 linker stubs

.fini           0x00045f14        0x8
 *(.fini)
 .fini          0x00045f14        0x4 /opt/linux-devkit/bin/../arm-arago-linux-gnueabi/usr/lib/crti.o
                0x00045f14                _fini
 .fini          0x00045f18        0x4 /opt/linux-devkit/bin/../arm-arago-linux-gnueabi/usr/lib/crtn.o
                0x00045f1c                PROVIDE (__etext, .)
                0x00045f1c                PROVIDE (_etext, .)
                0x00045f1c                PROVIDE (etext, .)

.rodata         0x00045f1c    0x16108
 *(.rodata .rodata.* .gnu.linkonce.r.*)
 .rodata.cst4   0x00045f1c        0x4 /opt/linux-devkit/bin/../arm-arago-linux-gnueabi/usr/lib/crt1.o
                0x00045f1c                _IO_stdin_used
 .rodata        0x00045f20       0x3c bin/debug/obj/main.ov5T
 .rodata        0x00045f5c      0x248 bin/debug/obj/syslink.ov5T
 .rodata        0x000461a4       0x6c bin/debug/obj/pseudo.ov5T
 .rodata        0x00046210     0x12e8 /home/liao/src/syslink/packages/ti/syslink/lib/syslink.a_debug(SharedRegion.o)
 .rodata        0x000474f8      0xc38 /home/liao/src/syslink/packages/ti/syslink/lib/syslink.a_debug(Notify.o)
 .rodata        0x00048130      0xf54 /home/liao/src/syslink/packages/ti/syslink/lib/syslink.a_debug(MessageQ.o)
 .rodata        0x00049084      0x794 /home/liao/src/syslink/packages/ti/syslink/lib/syslink.a_debug(Ipc.o)
 .rodata        0x00049818     0x117c /home/liao/src/syslink/packages/ti/syslink/lib/syslink.a_debug(RingIO.o)
 .rodata        0x0004a994      0x348 /home/liao/src/syslink/packages/ti/syslink/lib/syslink.a_debug(RingIOShm.o)
 .rodata        0x0004acdc     0x1c64 /home/liao/src/syslink/packages/ti/syslink/lib/syslink.a_debug(FrameQ.o)
 .rodata        0x0004c940     0x1fc4 /home/liao/src/syslink/packages/ti/syslink/lib/syslink.a_debug(FrameQBufMgr.o)
 .rodata        0x0004e904     0x13a8 /home/liao/src/syslink/packages/ti/syslink/lib/syslink.a_debug(ClientNotifyMgr.o)
 .rodata        0x0004fcac      0xd08 /home/liao/src/syslink/packages/ti/syslink/lib/syslink.a_debug(HeapMemMP.o)
 .rodata        0x000509b4      0xca8 /home/liao/src/syslink/packages/ti/syslink/lib/syslink.a_debug(HeapBufMP.o)
 .rodata        0x0005165c      0x9e0 /home/liao/src/syslink/packages/ti/syslink/lib/syslink.a_debug(GateMP.o)
 .rodata        0x0005203c      0x2fc /home/liao/src/syslink/packages/ti/syslink/lib/syslink.a_debug(SharedRegionDrv.o)
 .rodata        0x00052338      0x418 /home/liao/src/syslink/packages/ti/syslink/lib/syslink.a_debug(NotifyDrvUsr.o)
 .rodata        0x00052750      0x29c /home/liao/src/syslink/packages/ti/syslink/lib/syslink.a_debug(HeapBufMPDrv.o)
 .rodata        0x000529ec      0x290 /home/liao/src/syslink/packages/ti/syslink/lib/syslink.a_debug(MessageQDrv.o)
 .rodata        0x00052c7c      0x244 /home/liao/src/syslink/packages/ti/syslink/lib/syslink.a_debug(IpcDrv.o)
 .rodata        0x00052ec0      0x268 /home/liao/src/syslink/packages/ti/syslink/lib/syslink.a_debug(FrameQDrv.o)
 .rodata        0x00053128      0x2cc /home/liao/src/syslink/packages/ti/syslink/lib/syslink.a_debug(FrameQBufMgrDrv.o)
 .rodata        0x000533f4      0x2f8 /home/liao/src/syslink/packages/ti/syslink/lib/syslink.a_debug(ClientNotifyMgrDrv.o)
 .rodata        0x000536ec      0x268 /home/liao/src/syslink/packages/ti/syslink/lib/syslink.a_debug(RingIODrv.o)
 .rodata        0x00053954      0x290 /home/liao/src/syslink/packages/ti/syslink/lib/syslink.a_debug(RingIOShmDrv.o)
 .rodata        0x00053be4      0x29c /home/liao/src/syslink/packages/ti/syslink/lib/syslink.a_debug(HeapMemMPDrv.o)
 .rodata        0x00053e80      0x268 /home/liao/src/syslink/packages/ti/syslink/lib/syslink.a_debug(GateMPDrv.o)
 .rodata        0x000540e8      0x228 /home/liao/src/syslink/packages/ti/syslink/lib/syslink.a_debug(GateMutex.o)
 .rodata        0x00054310      0x4cc /home/liao/src/syslink/packages/ti/syslink/lib/syslink.a_debug(Memory.o)
 .rodata        0x000547dc      0x84c /home/liao/src/syslink/packages/ti/syslink/lib/syslink.a_debug(List.o)
 .rodata        0x00055028      0x414 /home/liao/src/syslink/packages/ti/syslink/lib/syslink.a_debug(String.o)
 .rodata        0x0005543c       0x50 /home/liao/src/syslink/packages/ti/syslink/lib/syslink.a_debug(Trace.o)
 .rodata        0x0005548c      0xdfc /home/liao/src/syslink/packages/ti/syslink/lib/syslink.a_debug(NameServer.o)
 .rodata        0x00056288      0x60c /home/liao/src/syslink/packages/ti/syslink/lib/syslink.a_debug(MultiProc.o)
 .rodata        0x00056894       0x80 /home/liao/src/syslink/packages/ti/syslink/lib/syslink.a_debug(Gate.o)
 .rodata        0x00056914       0x68 /home/liao/src/syslink/packages/ti/syslink/lib/syslink.a_debug(SysLink.o)
 .rodata        0x0005697c      0x248 /home/liao/src/syslink/packages/ti/syslink/lib/syslink.a_debug(Cache.o)
 .rodata        0x00056bc4      0x2c0 /home/liao/src/syslink/packages/ti/syslink/lib/syslink.a_debug(NameServerDrv.o)
 .rodata        0x00056e84      0x250 /home/liao/src/syslink/packages/ti/syslink/lib/syslink.a_debug(MultiProcDrv.o)
 .rodata        0x000570d4      0x100 /home/liao/src/syslink/packages/ti/syslink/lib/syslink.a_debug(TraceDrv.o)
 .rodata        0x000571d4       0xd0 /home/liao/src/syslink/packages/ti/syslink/lib/syslink.a_debug(CacheDrv.o)
 .rodata        0x000572a4      0x8d0 /home/liao/src/syslink/packages/ti/syslink/lib/syslink.a_debug(MemoryOS.o)
 .rodata        0x00057b74      0x374 /home/liao/src/syslink/packages/ti/syslink/lib/syslink.a_debug(OsalDrv.o)
 .rodata        0x00057ee8      0x328 /home/liao/src/syslink/packages/ti/syslink/lib/syslink.a_debug(OsalMutex.o)
 .rodata        0x00058210        0x4 /home/liao/src/syslink/packages/ti/syslink/lib/syslink.a_debug(OsalPrint.o)
 .rodata        0x00058214     0x1f48 /home/liao/src/syslink/packages/ti/syslink/lib/syslink.a_debug(ProcMgr.o)
 .rodata        0x0005a15c      0x358 /home/liao/src/syslink/packages/ti/syslink/lib/syslink.a_debug(ProcMgrDrvUsr.o)
 .rodata        0x0005a4b4      0x5e8 /home/liao/src/syslink/packages/ti/syslink/lib/syslink.a_debug(FrameQ_common.o)
 .rodata        0x0005aa9c      0xbe8 /home/liao/src/syslink/packages/ti/syslink/lib/syslink.a_debug(ListMP.o)
 .rodata        0x0005b684      0x268 /home/liao/src/syslink/packages/ti/syslink/lib/syslink.a_debug(ListMPDrv.o)
 .rodata.str1.4
                0x0005b8ec      0x180 syslinksamples.o_debug
 .rodata.str1.4
                0x0005ba6c      0x5b8 slaveloader.o_debug

.rodata1
 *(.rodata1)

.ARM.extab      0x0005c024        0x0
 *(.ARM.extab* .gnu.linkonce.armextab.*)
 .ARM.extab     0x0005c024        0x0 /opt/linux-devkit/bin/../arm-arago-linux-gnueabi/usr/lib/crt1.o
                0x0005c024                __exidx_start = .

.ARM.exidx      0x0005c024        0x8
 *(.ARM.exidx* .gnu.linkonce.armexidx.*)
 .ARM.exidx     0x0005c024        0x8 /opt/linux-devkit/bin/../arm-arago-linux-gnueabi/usr/lib/crt1.o
                0x0005c02c                __exidx_end = .

.eh_frame_hdr
 *(.eh_frame_hdr)

.eh_frame
 *(.eh_frame)

.gcc_except_table
 *(.gcc_except_table .gcc_except_table.*)
                0x0005c02c                . = (ALIGN (0x8000) - ((0x8000 - .) & 0x7fff))
                0x0006402c                . = (0x8000 DATA_SEGMENT_ALIGN 0x1000)

.eh_frame
 *(.eh_frame)

.gcc_except_table
 *(.gcc_except_table .gcc_except_table.*)

.tdata
 *(.tdata .tdata.* .gnu.linkonce.td.*)

.tbss
 *(.tbss .tbss.* .gnu.linkonce.tb.*)
 *(.tcommon)

.preinit_array  0x0006402c        0x0
                0x0006402c                PROVIDE (__preinit_array_start, .)
 *(.preinit_array)
                0x0006402c                PROVIDE (__preinit_array_end, .)

.init_array     0x0006402c        0x4
                0x0006402c                PROVIDE (__init_array_start, .)
 *(SORT(.init_array.*))
 *(.init_array)
 .init_array    0x0006402c        0x4 /opt/linux-devkit/bin/../lib/gcc/arm-arago-linux-gnueabi/4.5.3/crtbegin.o
                0x00064030                PROVIDE (__init_array_end, .)

.fini_array     0x00064030        0x4
                0x00064030                PROVIDE (__fini_array_start, .)
 *(.fini_array)
 .fini_array    0x00064030        0x4 /opt/linux-devkit/bin/../lib/gcc/arm-arago-linux-gnueabi/4.5.3/crtbegin.o
 *(SORT(.fini_array.*))
                0x00064034                PROVIDE (__fini_array_end, .)

.ctors
 *crtbegin.o(.ctors)
 *crtbegin?.o(.ctors)
 *(EXCLUDE_FILE(*crtend?.o *crtend.o) .ctors)
 *(SORT(.ctors.*))
 *(.ctors)

.dtors
 *crtbegin.o(.dtors)
 *crtbegin?.o(.dtors)
 *(EXCLUDE_FILE(*crtend?.o *crtend.o) .dtors)
 *(SORT(.dtors.*))
 *(.dtors)

.jcr            0x00064034        0x4
 *(.jcr)
 .jcr           0x00064034        0x0 /opt/linux-devkit/bin/../lib/gcc/arm-arago-linux-gnueabi/4.5.3/crtbegin.o
 .jcr           0x00064034        0x4 /opt/linux-devkit/bin/../lib/gcc/arm-arago-linux-gnueabi/4.5.3/crtend.o

.data.rel.ro
 *(.data.rel.ro.local* .gnu.linkonce.d.rel.ro.local.*)
 *(.data.rel.ro* .gnu.linkonce.d.rel.ro.*)

.dynamic        0x00064038       0xf8
 *(.dynamic)
 .dynamic       0x00064038       0xf8 /opt/linux-devkit/bin/../arm-arago-linux-gnueabi/usr/lib/crti.o
                0x00064038                _DYNAMIC
                0x00064130                . = (. DATA_SEGMENT_RELRO_END 0x0)

.got            0x00064130       0xf4
 *(.got.plt)
 .got.plt       0x00064130       0xe0 /opt/linux-devkit/bin/../arm-arago-linux-gnueabi/usr/lib/crti.o
                0x00064130                _GLOBAL_OFFSET_TABLE_
 *(.igot.plt)
 *(.got)
 .got           0x00064210       0x14 /opt/linux-devkit/bin/../arm-arago-linux-gnueabi/usr/lib/crti.o
 *(.igot)

.data           0x00064224       0xe0
                0x00064224                PROVIDE (__data_start, .)
 *(.data .data.* .gnu.linkonce.d.*)
 .data          0x00064224        0x4 /opt/linux-devkit/bin/../arm-arago-linux-gnueabi/usr/lib/crt1.o
                0x00064224                data_start
                0x00064224                __data_start
 .data          0x00064228        0x0 /opt/linux-devkit/bin/../arm-arago-linux-gnueabi/usr/lib/crti.o
 .data          0x00064228        0x4 /opt/linux-devkit/bin/../lib/gcc/arm-arago-linux-gnueabi/4.5.3/crtbegin.o
                0x00064228                __dso_handle
 .data          0x0006422c        0x0 bin/debug/obj/main.ov5T
 .data          0x0006422c        0x0 bin/debug/obj/syslink.ov5T
 .data          0x0006422c       0x98 bin/debug/obj/pseudo.ov5T
                0x0006422c                baud_arr
                0x00064278                baud_name
 .data          0x000642c4        0x4 /home/liao/src/syslink/packages/ti/syslink/lib/syslink.a_debug(SharedRegion.o)
                0x000642c4                SharedRegion_module
 .data          0x000642c8        0x0 /home/liao/src/syslink/packages/ti/syslink/lib/syslink.a_debug(Notify.o)
 .data          0x000642c8        0x4 /home/liao/src/syslink/packages/ti/syslink/lib/syslink.a_debug(MessageQ.o)
                0x000642c8                MessageQ_module
 .data          0x000642cc        0x0 /home/liao/src/syslink/packages/ti/syslink/lib/syslink.a_debug(Ipc.o)
 .data          0x000642cc        0x0 /home/liao/src/syslink/packages/ti/syslink/lib/syslink.a_debug(RingIO.o)
 .data          0x000642cc        0x0 /home/liao/src/syslink/packages/ti/syslink/lib/syslink.a_debug(RingIOShm.o)
 .data          0x000642cc        0x4 /home/liao/src/syslink/packages/ti/syslink/lib/syslink.a_debug(FrameQ.o)
                0x000642cc                FrameQ_module
 .data          0x000642d0        0x4 /home/liao/src/syslink/packages/ti/syslink/lib/syslink.a_debug(FrameQBufMgr.o)
                0x000642d0                FrameQBufMgr_module
 .data          0x000642d4        0x4 /home/liao/src/syslink/packages/ti/syslink/lib/syslink.a_debug(ClientNotifyMgr.o)
                0x000642d4                ClientNotifyMgr_module
 .data          0x000642d8        0x0 /home/liao/src/syslink/packages/ti/syslink/lib/syslink.a_debug(HeapMemMP.o)
 .data          0x000642d8        0x4 /home/liao/src/syslink/packages/ti/syslink/lib/syslink.a_debug(HeapBufMP.o)
                0x000642d8                HeapBufMP_module
 .data          0x000642dc        0x4 /home/liao/src/syslink/packages/ti/syslink/lib/syslink.a_debug(GateMP.o)
 .data          0x000642e0        0x0 /home/liao/src/syslink/packages/ti/syslink/lib/syslink.a_debug(SharedRegionDrv.o)
 .data          0x000642e0        0x4 /home/liao/src/syslink/packages/ti/syslink/lib/syslink.a_debug(NotifyDrvUsr.o)
 .data          0x000642e4        0x0 /home/liao/src/syslink/packages/ti/syslink/lib/syslink.a_debug(HeapBufMPDrv.o)
 .data          0x000642e4        0x0 /home/liao/src/syslink/packages/ti/syslink/lib/syslink.a_debug(MessageQDrv.o)
 .data          0x000642e4        0x0 /home/liao/src/syslink/packages/ti/syslink/lib/syslink.a_debug(IpcDrv.o)
 .data          0x000642e4        0x0 /home/liao/src/syslink/packages/ti/syslink/lib/syslink.a_debug(FrameQDrv.o)
 .data          0x000642e4        0x0 /home/liao/src/syslink/packages/ti/syslink/lib/syslink.a_debug(FrameQBufMgrDrv.o)
 .data          0x000642e4        0x0 /home/liao/src/syslink/packages/ti/syslink/lib/syslink.a_debug(ClientNotifyMgrDrv.o)
 .data          0x000642e4        0x0 /home/liao/src/syslink/packages/ti/syslink/lib/syslink.a_debug(RingIODrv.o)
 .data          0x000642e4        0x0 /home/liao/src/syslink/packages/ti/syslink/lib/syslink.a_debug(RingIOShmDrv.o)
 .data          0x000642e4        0x0 /home/liao/src/syslink/packages/ti/syslink/lib/syslink.a_debug(HeapMemMPDrv.o)
 .data          0x000642e4        0x0 /home/liao/src/syslink/packages/ti/syslink/lib/syslink.a_debug(GateMPDrv.o)
 .data          0x000642e4        0x0 /home/liao/src/syslink/packages/ti/syslink/lib/syslink.a_debug(GateMutex.o)
 .data          0x000642e4        0x0 /home/liao/src/syslink/packages/ti/syslink/lib/syslink.a_debug(Memory.o)
 .data          0x000642e4        0x0 /home/liao/src/syslink/packages/ti/syslink/lib/syslink.a_debug(List.o)
 .data          0x000642e4        0x0 /home/liao/src/syslink/packages/ti/syslink/lib/syslink.a_debug(String.o)
 .data          0x000642e4        0x0 /home/liao/src/syslink/packages/ti/syslink/lib/syslink.a_debug(Trace.o)
 .data          0x000642e4        0x4 /home/liao/src/syslink/packages/ti/syslink/lib/syslink.a_debug(NameServer.o)
                0x000642e4                NameServer_module
 .data          0x000642e8        0x4 /home/liao/src/syslink/packages/ti/syslink/lib/syslink.a_debug(MultiProc.o)
                0x000642e8                MultiProc_module
 .data          0x000642ec        0xc /home/liao/src/syslink/packages/ti/syslink/lib/syslink.a_debug(Gate.o)
                0x000642ec                Gate_systemObject
                0x000642f4                Gate_systemHandle
 .data          0x000642f8        0x0 /home/liao/src/syslink/packages/ti/syslink/lib/syslink.a_debug(SysLink.o)
 .data          0x000642f8        0x0 /home/liao/src/syslink/packages/ti/syslink/lib/syslink.a_debug(Cache.o)
 .data          0x000642f8        0x0 /home/liao/src/syslink/packages/ti/syslink/lib/syslink.a_debug(NameServerDrv.o)
 .data          0x000642f8        0x0 /home/liao/src/syslink/packages/ti/syslink/lib/syslink.a_debug(MultiProcDrv.o)
 .data          0x000642f8        0x0 /home/liao/src/syslink/packages/ti/syslink/lib/syslink.a_debug(TraceDrv.o)
 .data          0x000642f8        0x0 /home/liao/src/syslink/packages/ti/syslink/lib/syslink.a_debug(CacheDrv.o)
 .data          0x000642f8        0x0 /home/liao/src/syslink/packages/ti/syslink/lib/syslink.a_debug(MemoryOS.o)
 .data          0x000642f8        0x4 /home/liao/src/syslink/packages/ti/syslink/lib/syslink.a_debug(OsalDrv.o)
 .data          0x000642fc        0x0 /home/liao/src/syslink/packages/ti/syslink/lib/syslink.a_debug(OsalMutex.o)
 .data          0x000642fc        0x0 /home/liao/src/syslink/packages/ti/syslink/lib/syslink.a_debug(OsalPrint.o)
 .data          0x000642fc        0x0 /home/liao/src/syslink/packages/ti/syslink/lib/syslink.a_debug(ProcMgr.o)
 .data          0x000642fc        0x4 /home/liao/src/syslink/packages/ti/syslink/lib/syslink.a_debug(ProcMgrDrvUsr.o)
 .data          0x00064300        0x0 /home/liao/src/syslink/packages/ti/syslink/lib/syslink.a_debug(FrameQ_common.o)
 .data          0x00064300        0x4 /home/liao/src/syslink/packages/ti/syslink/lib/syslink.a_debug(ListMP.o)
                0x00064300                ListMP_module
 .data          0x00064304        0x0 /home/liao/src/syslink/packages/ti/syslink/lib/syslink.a_debug(ListMPDrv.o)
 .data          0x00064304        0x0 syslinksamples.o_debug
 .data          0x00064304        0x0 slaveloader.o_debug
 .data          0x00064304        0x0 /opt/linux-devkit/bin/../arm-arago-linux-gnueabi/usr/lib/./libc_nonshared.a(elf-init.oS)
 .data          0x00064304        0x0 /opt/linux-devkit/bin/../lib/gcc/arm-arago-linux-gnueabi/4.5.3/libgcc.a(_udivsi3.o)
 .data          0x00064304        0x0 /opt/linux-devkit/bin/../lib/gcc/arm-arago-linux-gnueabi/4.5.3/libgcc.a(_dvmd_lnx.o)
 .data          0x00064304        0x0 /opt/linux-devkit/bin/../lib/gcc/arm-arago-linux-gnueabi/4.5.3/crtend.o
 .data          0x00064304        0x0 /opt/linux-devkit/bin/../arm-arago-linux-gnueabi/usr/lib/crtn.o

.data1
 *(.data1)
                0x00064304                _edata = .
                0x00064304                PROVIDE (edata, .)
                0x00064304                __bss_start = .
                0x00064304                __bss_start__ = .

.bss            0x00064304    0x2d974
 *(.dynbss)
 .dynbss        0x00000000        0x0 /opt/linux-devkit/bin/../arm-arago-linux-gnueabi/usr/lib/crti.o
 *(.bss .bss.* .gnu.linkonce.b.*)
 .bss           0x00064304        0x0 /opt/linux-devkit/bin/../arm-arago-linux-gnueabi/usr/lib/crt1.o
 .bss           0x00064304        0x0 /opt/linux-devkit/bin/../arm-arago-linux-gnueabi/usr/lib/crti.o
 .bss           0x00064304        0x1 /opt/linux-devkit/bin/../lib/gcc/arm-arago-linux-gnueabi/4.5.3/crtbegin.o
 .bss           0x00064305        0x0 bin/debug/obj/main.ov5T
 *fill*         0x00064305        0x3 00
 .bss           0x00064308        0x4 bin/debug/obj/syslink.ov5T
 .bss           0x0006430c      0x200 bin/debug/obj/pseudo.ov5T
 .bss           0x0006450c      0x138 /home/liao/src/syslink/packages/ti/syslink/lib/syslink.a_debug(SharedRegion.o)
                0x0006450c                SharedRegion_state
 .bss           0x00064644       0x14 /home/liao/src/syslink/packages/ti/syslink/lib/syslink.a_debug(Notify.o)
                0x00064644                Notify_state
 .bss           0x00064658        0x4 /home/liao/src/syslink/packages/ti/syslink/lib/syslink.a_debug(MessageQ.o)
                0x00064658                MessageQ_state
 .bss           0x0006465c       0x34 /home/liao/src/syslink/packages/ti/syslink/lib/syslink.a_debug(Ipc.o)
                0x0006465c                Ipc_state
                0x00064684                SysLinkCfg_sysMemMap
                0x0006468c                SysLink_params
 .bss           0x00064690        0xc /home/liao/src/syslink/packages/ti/syslink/lib/syslink.a_debug(RingIO.o)
                0x00064690                RingIO_state
 .bss           0x0006469c        0x8 /home/liao/src/syslink/packages/ti/syslink/lib/syslink.a_debug(RingIOShm.o)
                0x0006469c                RingIOShm_state
 .bss           0x000646a4       0x20 /home/liao/src/syslink/packages/ti/syslink/lib/syslink.a_debug(FrameQ.o)
                0x000646a4                FrameQ_module_obj
 .bss           0x000646c4       0x20 /home/liao/src/syslink/packages/ti/syslink/lib/syslink.a_debug(FrameQBufMgr.o)
                0x000646c4                FrameQBufMgr_module_obj
 .bss           0x000646e4    0x2d024 /home/liao/src/syslink/packages/ti/syslink/lib/syslink.a_debug(ClientNotifyMgr.o)
                0x000646e4                ClientNotifyMgr_module_obj
 .bss           0x00091708        0x4 /home/liao/src/syslink/packages/ti/syslink/lib/syslink.a_debug(HeapMemMP.o)
                0x00091708                HeapMemMP_state
 .bss           0x0009170c        0x4 /home/liao/src/syslink/packages/ti/syslink/lib/syslink.a_debug(HeapBufMP.o)
                0x0009170c                HeapBufMP_state
 .bss           0x00091710       0x1c /home/liao/src/syslink/packages/ti/syslink/lib/syslink.a_debug(GateMP.o)
 .bss           0x0009172c        0x8 /home/liao/src/syslink/packages/ti/syslink/lib/syslink.a_debug(SharedRegionDrv.o)
 .bss           0x00091734        0xc /home/liao/src/syslink/packages/ti/syslink/lib/syslink.a_debug(NotifyDrvUsr.o)
 .bss           0x00091740        0x8 /home/liao/src/syslink/packages/ti/syslink/lib/syslink.a_debug(HeapBufMPDrv.o)
 .bss           0x00091748        0x8 /home/liao/src/syslink/packages/ti/syslink/lib/syslink.a_debug(MessageQDrv.o)
 .bss           0x00091750        0x8 /home/liao/src/syslink/packages/ti/syslink/lib/syslink.a_debug(IpcDrv.o)
 .bss           0x00091758        0x8 /home/liao/src/syslink/packages/ti/syslink/lib/syslink.a_debug(FrameQDrv.o)
 .bss           0x00091760        0x8 /home/liao/src/syslink/packages/ti/syslink/lib/syslink.a_debug(FrameQBufMgrDrv.o)
 .bss           0x00091768        0x8 /home/liao/src/syslink/packages/ti/syslink/lib/syslink.a_debug(ClientNotifyMgrDrv.o)
 .bss           0x00091770        0x8 /home/liao/src/syslink/packages/ti/syslink/lib/syslink.a_debug(RingIODrv.o)
 .bss           0x00091778        0x8 /home/liao/src/syslink/packages/ti/syslink/lib/syslink.a_debug(RingIOShmDrv.o)
 .bss           0x00091780        0x8 /home/liao/src/syslink/packages/ti/syslink/lib/syslink.a_debug(HeapMemMPDrv.o)
 .bss           0x00091788        0x8 /home/liao/src/syslink/packages/ti/syslink/lib/syslink.a_debug(GateMPDrv.o)
 .bss           0x00091790        0x4 /home/liao/src/syslink/packages/ti/syslink/lib/syslink.a_debug(GateMutex.o)
 .bss           0x00091794        0x0 /home/liao/src/syslink/packages/ti/syslink/lib/syslink.a_debug(Memory.o)
 .bss           0x00091794        0x0 /home/liao/src/syslink/packages/ti/syslink/lib/syslink.a_debug(List.o)
 .bss           0x00091794        0x0 /home/liao/src/syslink/packages/ti/syslink/lib/syslink.a_debug(String.o)
 .bss           0x00091794        0x4 /home/liao/src/syslink/packages/ti/syslink/lib/syslink.a_debug(Trace.o)
                0x00091794                curTrace
 .bss           0x00091798        0xc /home/liao/src/syslink/packages/ti/syslink/lib/syslink.a_debug(NameServer.o)
                0x00091798                NameServer_state
 .bss           0x000917a4      0x298 /home/liao/src/syslink/packages/ti/syslink/lib/syslink.a_debug(MultiProc.o)
                0x000917a4                MultiProc_state
 .bss           0x00091a3c       0x18 /home/liao/src/syslink/packages/ti/syslink/lib/syslink.a_debug(Gate.o)
                0x00091a3c                staticMutex
 .bss           0x00091a54        0x0 /home/liao/src/syslink/packages/ti/syslink/lib/syslink.a_debug(SysLink.o)
 .bss           0x00091a54        0x0 /home/liao/src/syslink/packages/ti/syslink/lib/syslink.a_debug(Cache.o)
 .bss           0x00091a54        0x8 /home/liao/src/syslink/packages/ti/syslink/lib/syslink.a_debug(NameServerDrv.o)
 .bss           0x00091a5c        0x8 /home/liao/src/syslink/packages/ti/syslink/lib/syslink.a_debug(MultiProcDrv.o)
 .bss           0x00091a64        0x0 /home/liao/src/syslink/packages/ti/syslink/lib/syslink.a_debug(TraceDrv.o)
 .bss           0x00091a64        0x0 /home/liao/src/syslink/packages/ti/syslink/lib/syslink.a_debug(CacheDrv.o)
 .bss           0x00091a64       0x18 /home/liao/src/syslink/packages/ti/syslink/lib/syslink.a_debug(MemoryOS.o)
 .bss           0x00091a7c        0x4 /home/liao/src/syslink/packages/ti/syslink/lib/syslink.a_debug(OsalDrv.o)
 .bss           0x00091a80        0x0 /home/liao/src/syslink/packages/ti/syslink/lib/syslink.a_debug(OsalMutex.o)
 .bss           0x00091a80        0x0 /home/liao/src/syslink/packages/ti/syslink/lib/syslink.a_debug(OsalPrint.o)
 .bss           0x00091a80       0x2c /home/liao/src/syslink/packages/ti/syslink/lib/syslink.a_debug(ProcMgr.o)
                0x00091a80                ProcMgr_state
 .bss           0x00091aac        0x4 /home/liao/src/syslink/packages/ti/syslink/lib/syslink.a_debug(ProcMgrDrvUsr.o)
 .bss           0x00091ab0        0x0 /home/liao/src/syslink/packages/ti/syslink/lib/syslink.a_debug(FrameQ_common.o)
 .bss           0x00091ab0        0x4 /home/liao/src/syslink/packages/ti/syslink/lib/syslink.a_debug(ListMP.o)
                0x00091ab0                ListMP_state
 .bss           0x00091ab4        0x8 /home/liao/src/syslink/packages/ti/syslink/lib/syslink.a_debug(ListMPDrv.o)
 .bss           0x00091abc        0x4 syslinksamples.o_debug
                0x00091abc                SysLinkSamples_oldTraceMask
 .bss           0x00091ac0        0x0 slaveloader.o_debug
 .bss           0x00091ac0        0x0 /opt/linux-devkit/bin/../arm-arago-linux-gnueabi/usr/lib/./libc_nonshared.a(elf-init.oS)
 .bss           0x00091ac0        0x0 /opt/linux-devkit/bin/../lib/gcc/arm-arago-linux-gnueabi/4.5.3/libgcc.a(_udivsi3.o)
 .bss           0x00091ac0        0x0 /opt/linux-devkit/bin/../lib/gcc/arm-arago-linux-gnueabi/4.5.3/libgcc.a(_dvmd_lnx.o)
 .bss           0x00091ac0        0x0 /opt/linux-devkit/bin/../lib/gcc/arm-arago-linux-gnueabi/4.5.3/crtend.o
 .bss           0x00091ac0        0x0 /opt/linux-devkit/bin/../arm-arago-linux-gnueabi/usr/lib/crtn.o
 *(COMMON)
 COMMON         0x00091ac0      0x17c bin/debug/obj/syslink.ov5T
                0x00091ac0                syslink
 COMMON         0x00091c3c        0x4 /home/liao/src/syslink/packages/ti/syslink/lib/syslink.a_debug(NameServer.o)
                0x00091c3c                NameServer_Object
 COMMON         0x00091c40       0x10 /home/liao/src/syslink/packages/ti/syslink/lib/syslink.a_debug(MemoryOS.o)
                0x00091c40                MemoryOS_state
 COMMON         0x00091c50       0x28 syslinksamples.o_debug
                0x00091c50                SysLinkSamples_runProcIds
                0x00091c64                SysLinkSamples_availableProcIds
                0x00091c78                . = ALIGN ((. != 0x0)?0x4:0x1)
                0x00091c78                _bss_end__ = .
                0x00091c78                __bss_end__ = .
                0x00091c78                . = ALIGN (0x4)
                0x00091c78                . = ALIGN (0x4)
                0x00091c78                __end__ = .
                0x00091c78                _end = .
                0x00091c78                PROVIDE (end, .)
                0x00091c78                . = DATA_SEGMENT_END (.)

.stab
 *(.stab)

.stabstr
 *(.stabstr)

.stab.excl
 *(.stab.excl)

.stab.exclstr
 *(.stab.exclstr)

.stab.index
 *(.stab.index)

.stab.indexstr
 *(.stab.indexstr)

.ARM.attributes
                0x00000000       0x29
 .ARM.attributes
                0x00000000       0x29 /opt/linux-devkit/bin/../arm-arago-linux-gnueabi/usr/lib/crt1.o
 .ARM.attributes
                0x00000029       0x2b /opt/linux-devkit/bin/../arm-arago-linux-gnueabi/usr/lib/crti.o
 .ARM.attributes
                0x00000054       0x32 /opt/linux-devkit/bin/../lib/gcc/arm-arago-linux-gnueabi/4.5.3/crtbegin.o
 .ARM.attributes
                0x00000086       0x2a bin/debug/obj/main.ov5T
 .ARM.attributes
                0x000000b0       0x2a bin/debug/obj/syslink.ov5T
 .ARM.attributes
                0x000000da       0x2a bin/debug/obj/pseudo.ov5T
 .ARM.attributes
                0x00000104       0x32 /home/liao/src/syslink/packages/ti/syslink/lib/syslink.a_debug(SharedRegion.o)
 .ARM.attributes
                0x00000136       0x32 /home/liao/src/syslink/packages/ti/syslink/lib/syslink.a_debug(Notify.o)
 .ARM.attributes
                0x00000168       0x32 /home/liao/src/syslink/packages/ti/syslink/lib/syslink.a_debug(MessageQ.o)
 .ARM.attributes
                0x0000019a       0x32 /home/liao/src/syslink/packages/ti/syslink/lib/syslink.a_debug(Ipc.o)
 .ARM.attributes
                0x000001cc       0x32 /home/liao/src/syslink/packages/ti/syslink/lib/syslink.a_debug(RingIO.o)
 .ARM.attributes
                0x000001fe       0x32 /home/liao/src/syslink/packages/ti/syslink/lib/syslink.a_debug(RingIOShm.o)
 .ARM.attributes
                0x00000230       0x32 /home/liao/src/syslink/packages/ti/syslink/lib/syslink.a_debug(FrameQ.o)
 .ARM.attributes
                0x00000262       0x32 /home/liao/src/syslink/packages/ti/syslink/lib/syslink.a_debug(FrameQBufMgr.o)
 .ARM.attributes
                0x00000294       0x32 /home/liao/src/syslink/packages/ti/syslink/lib/syslink.a_debug(ClientNotifyMgr.o)
 .ARM.attributes
                0x000002c6       0x32 /home/liao/src/syslink/packages/ti/syslink/lib/syslink.a_debug(HeapMemMP.o)
 .ARM.attributes
                0x000002f8       0x32 /home/liao/src/syslink/packages/ti/syslink/lib/syslink.a_debug(HeapBufMP.o)
 .ARM.attributes
                0x0000032a       0x32 /home/liao/src/syslink/packages/ti/syslink/lib/syslink.a_debug(GateMP.o)
 .ARM.attributes
                0x0000035c       0x32 /home/liao/src/syslink/packages/ti/syslink/lib/syslink.a_debug(SharedRegionDrv.o)
 .ARM.attributes
                0x0000038e       0x32 /home/liao/src/syslink/packages/ti/syslink/lib/syslink.a_debug(NotifyDrvUsr.o)
 .ARM.attributes
                0x000003c0       0x32 /home/liao/src/syslink/packages/ti/syslink/lib/syslink.a_debug(HeapBufMPDrv.o)
 .ARM.attributes
                0x000003f2       0x32 /home/liao/src/syslink/packages/ti/syslink/lib/syslink.a_debug(MessageQDrv.o)
 .ARM.attributes
                0x00000424       0x32 /home/liao/src/syslink/packages/ti/syslink/lib/syslink.a_debug(IpcDrv.o)
 .ARM.attributes
                0x00000456       0x32 /home/liao/src/syslink/packages/ti/syslink/lib/syslink.a_debug(FrameQDrv.o)
 .ARM.attributes
                0x00000488       0x32 /home/liao/src/syslink/packages/ti/syslink/lib/syslink.a_debug(FrameQBufMgrDrv.o)
 .ARM.attributes
                0x000004ba       0x32 /home/liao/src/syslink/packages/ti/syslink/lib/syslink.a_debug(ClientNotifyMgrDrv.o)
 .ARM.attributes
                0x000004ec       0x32 /home/liao/src/syslink/packages/ti/syslink/lib/syslink.a_debug(RingIODrv.o)
 .ARM.attributes
                0x0000051e       0x32 /home/liao/src/syslink/packages/ti/syslink/lib/syslink.a_debug(RingIOShmDrv.o)
 .ARM.attributes
                0x00000550       0x32 /home/liao/src/syslink/packages/ti/syslink/lib/syslink.a_debug(HeapMemMPDrv.o)
 .ARM.attributes
                0x00000582       0x32 /home/liao/src/syslink/packages/ti/syslink/lib/syslink.a_debug(GateMPDrv.o)
 .ARM.attributes
                0x000005b4       0x32 /home/liao/src/syslink/packages/ti/syslink/lib/syslink.a_debug(GateMutex.o)
 .ARM.attributes
                0x000005e6       0x32 /home/liao/src/syslink/packages/ti/syslink/lib/syslink.a_debug(Memory.o)
 .ARM.attributes
                0x00000618       0x32 /home/liao/src/syslink/packages/ti/syslink/lib/syslink.a_debug(List.o)
 .ARM.attributes
                0x0000064a       0x32 /home/liao/src/syslink/packages/ti/syslink/lib/syslink.a_debug(String.o)
 .ARM.attributes
                0x0000067c       0x32 /home/liao/src/syslink/packages/ti/syslink/lib/syslink.a_debug(Trace.o)
 .ARM.attributes
                0x000006ae       0x32 /home/liao/src/syslink/packages/ti/syslink/lib/syslink.a_debug(NameServer.o)
 .ARM.attributes
                0x000006e0       0x32 /home/liao/src/syslink/packages/ti/syslink/lib/syslink.a_debug(MultiProc.o)
 .ARM.attributes
                0x00000712       0x32 /home/liao/src/syslink/packages/ti/syslink/lib/syslink.a_debug(Gate.o)
 .ARM.attributes
                0x00000744       0x32 /home/liao/src/syslink/packages/ti/syslink/lib/syslink.a_debug(SysLink.o)
 .ARM.attributes
                0x00000776       0x32 /home/liao/src/syslink/packages/ti/syslink/lib/syslink.a_debug(Cache.o)
 .ARM.attributes
                0x000007a8       0x32 /home/liao/src/syslink/packages/ti/syslink/lib/syslink.a_debug(NameServerDrv.o)
 .ARM.attributes
                0x000007da       0x32 /home/liao/src/syslink/packages/ti/syslink/lib/syslink.a_debug(MultiProcDrv.o)
 .ARM.attributes
                0x0000080c       0x32 /home/liao/src/syslink/packages/ti/syslink/lib/syslink.a_debug(TraceDrv.o)
 .ARM.attributes
                0x0000083e       0x32 /home/liao/src/syslink/packages/ti/syslink/lib/syslink.a_debug(CacheDrv.o)
 .ARM.attributes
                0x00000870       0x32 /home/liao/src/syslink/packages/ti/syslink/lib/syslink.a_debug(MemoryOS.o)
 .ARM.attributes
                0x000008a2       0x32 /home/liao/src/syslink/packages/ti/syslink/lib/syslink.a_debug(OsalDrv.o)
 .ARM.attributes
                0x000008d4       0x32 /home/liao/src/syslink/packages/ti/syslink/lib/syslink.a_debug(OsalMutex.o)
 .ARM.attributes
                0x00000906       0x32 /home/liao/src/syslink/packages/ti/syslink/lib/syslink.a_debug(OsalPrint.o)
 .ARM.attributes
                0x00000938       0x32 /home/liao/src/syslink/packages/ti/syslink/lib/syslink.a_debug(ProcMgr.o)
 .ARM.attributes
                0x0000096a       0x32 /home/liao/src/syslink/packages/ti/syslink/lib/syslink.a_debug(ProcMgrDrvUsr.o)
 .ARM.attributes
                0x0000099c       0x32 /home/liao/src/syslink/packages/ti/syslink/lib/syslink.a_debug(FrameQ_common.o)
 .ARM.attributes
                0x000009ce       0x32 /home/liao/src/syslink/packages/ti/syslink/lib/syslink.a_debug(ListMP.o)
 .ARM.attributes
                0x00000a00       0x32 /home/liao/src/syslink/packages/ti/syslink/lib/syslink.a_debug(ListMPDrv.o)
 .ARM.attributes
                0x00000a32       0x32 syslinksamples.o_debug
 .ARM.attributes
                0x00000a64       0x32 slaveloader.o_debug
 .ARM.attributes
                0x00000a96       0x2b /opt/linux-devkit/bin/../arm-arago-linux-gnueabi/usr/lib/./libc_nonshared.a(elf-init.oS)
 .ARM.attributes
                0x00000ac1       0x18 /opt/linux-devkit/bin/../lib/gcc/arm-arago-linux-gnueabi/4.5.3/libgcc.a(_udivsi3.o)
 .ARM.attributes
                0x00000ad9       0x18 /opt/linux-devkit/bin/../lib/gcc/arm-arago-linux-gnueabi/4.5.3/libgcc.a(_dvmd_lnx.o)
 .ARM.attributes
                0x00000af1       0x32 /opt/linux-devkit/bin/../lib/gcc/arm-arago-linux-gnueabi/4.5.3/crtend.o
 .ARM.attributes
                0x00000b23       0x2b /opt/linux-devkit/bin/../arm-arago-linux-gnueabi/usr/lib/crtn.o

.comment        0x00000000       0x27
 *(.comment)
 .comment       0x00000000       0x27 /opt/linux-devkit/bin/../arm-arago-linux-gnueabi/usr/lib/crt1.o
                                 0x28 (size before relaxing)
 .comment       0x00000000       0x28 /opt/linux-devkit/bin/../arm-arago-linux-gnueabi/usr/lib/crti.o
 .comment       0x00000000       0x28 /opt/linux-devkit/bin/../lib/gcc/arm-arago-linux-gnueabi/4.5.3/crtbegin.o
 .comment       0x00000000       0x28 bin/debug/obj/main.ov5T
 .comment       0x00000000       0x28 bin/debug/obj/syslink.ov5T
 .comment       0x00000000       0x28 bin/debug/obj/pseudo.ov5T
 .comment       0x00000000       0x28 /home/liao/src/syslink/packages/ti/syslink/lib/syslink.a_debug(SharedRegion.o)
 .comment       0x00000000       0x28 /home/liao/src/syslink/packages/ti/syslink/lib/syslink.a_debug(Notify.o)
 .comment       0x00000000       0x28 /home/liao/src/syslink/packages/ti/syslink/lib/syslink.a_debug(MessageQ.o)
 .comment       0x00000000       0x28 /home/liao/src/syslink/packages/ti/syslink/lib/syslink.a_debug(Ipc.o)
 .comment       0x00000000       0x28 /home/liao/src/syslink/packages/ti/syslink/lib/syslink.a_debug(RingIO.o)
 .comment       0x00000000       0x28 /home/liao/src/syslink/packages/ti/syslink/lib/syslink.a_debug(RingIOShm.o)
 .comment       0x00000000       0x28 /home/liao/src/syslink/packages/ti/syslink/lib/syslink.a_debug(FrameQ.o)
 .comment       0x00000000       0x28 /home/liao/src/syslink/packages/ti/syslink/lib/syslink.a_debug(FrameQBufMgr.o)
 .comment       0x00000000       0x28 /home/liao/src/syslink/packages/ti/syslink/lib/syslink.a_debug(ClientNotifyMgr.o)
 .comment       0x00000000       0x28 /home/liao/src/syslink/packages/ti/syslink/lib/syslink.a_debug(HeapMemMP.o)
 .comment       0x00000000       0x28 /home/liao/src/syslink/packages/ti/syslink/lib/syslink.a_debug(HeapBufMP.o)
 .comment       0x00000000       0x28 /home/liao/src/syslink/packages/ti/syslink/lib/syslink.a_debug(GateMP.o)
 .comment       0x00000000       0x28 /home/liao/src/syslink/packages/ti/syslink/lib/syslink.a_debug(SharedRegionDrv.o)
 .comment       0x00000000       0x28 /home/liao/src/syslink/packages/ti/syslink/lib/syslink.a_debug(NotifyDrvUsr.o)
 .comment       0x00000000       0x28 /home/liao/src/syslink/packages/ti/syslink/lib/syslink.a_debug(HeapBufMPDrv.o)
 .comment       0x00000000       0x28 /home/liao/src/syslink/packages/ti/syslink/lib/syslink.a_debug(MessageQDrv.o)
 .comment       0x00000000       0x28 /home/liao/src/syslink/packages/ti/syslink/lib/syslink.a_debug(IpcDrv.o)
 .comment       0x00000000       0x28 /home/liao/src/syslink/packages/ti/syslink/lib/syslink.a_debug(FrameQDrv.o)
 .comment       0x00000000       0x28 /home/liao/src/syslink/packages/ti/syslink/lib/syslink.a_debug(FrameQBufMgrDrv.o)
 .comment       0x00000000       0x28 /home/liao/src/syslink/packages/ti/syslink/lib/syslink.a_debug(ClientNotifyMgrDrv.o)
 .comment       0x00000000       0x28 /home/liao/src/syslink/packages/ti/syslink/lib/syslink.a_debug(RingIODrv.o)
 .comment       0x00000000       0x28 /home/liao/src/syslink/packages/ti/syslink/lib/syslink.a_debug(RingIOShmDrv.o)
 .comment       0x00000000       0x28 /home/liao/src/syslink/packages/ti/syslink/lib/syslink.a_debug(HeapMemMPDrv.o)
 .comment       0x00000000       0x28 /home/liao/src/syslink/packages/ti/syslink/lib/syslink.a_debug(GateMPDrv.o)
 .comment       0x00000000       0x28 /home/liao/src/syslink/packages/ti/syslink/lib/syslink.a_debug(GateMutex.o)
 .comment       0x00000000       0x28 /home/liao/src/syslink/packages/ti/syslink/lib/syslink.a_debug(Memory.o)
 .comment       0x00000000       0x28 /home/liao/src/syslink/packages/ti/syslink/lib/syslink.a_debug(List.o)
 .comment       0x00000000       0x28 /home/liao/src/syslink/packages/ti/syslink/lib/syslink.a_debug(String.o)
 .comment       0x00000000       0x28 /home/liao/src/syslink/packages/ti/syslink/lib/syslink.a_debug(Trace.o)
 .comment       0x00000000       0x28 /home/liao/src/syslink/packages/ti/syslink/lib/syslink.a_debug(NameServer.o)
 .comment       0x00000000       0x28 /home/liao/src/syslink/packages/ti/syslink/lib/syslink.a_debug(MultiProc.o)
 .comment       0x00000000       0x28 /home/liao/src/syslink/packages/ti/syslink/lib/syslink.a_debug(Gate.o)
 .comment       0x00000000       0x28 /home/liao/src/syslink/packages/ti/syslink/lib/syslink.a_debug(SysLink.o)
 .comment       0x00000000       0x28 /home/liao/src/syslink/packages/ti/syslink/lib/syslink.a_debug(Cache.o)
 .comment       0x00000000       0x28 /home/liao/src/syslink/packages/ti/syslink/lib/syslink.a_debug(NameServerDrv.o)
 .comment       0x00000000       0x28 /home/liao/src/syslink/packages/ti/syslink/lib/syslink.a_debug(MultiProcDrv.o)
 .comment       0x00000000       0x28 /home/liao/src/syslink/packages/ti/syslink/lib/syslink.a_debug(TraceDrv.o)
 .comment       0x00000000       0x28 /home/liao/src/syslink/packages/ti/syslink/lib/syslink.a_debug(CacheDrv.o)
 .comment       0x00000000       0x28 /home/liao/src/syslink/packages/ti/syslink/lib/syslink.a_debug(MemoryOS.o)
 .comment       0x00000000       0x28 /home/liao/src/syslink/packages/ti/syslink/lib/syslink.a_debug(OsalDrv.o)
 .comment       0x00000000       0x28 /home/liao/src/syslink/packages/ti/syslink/lib/syslink.a_debug(OsalMutex.o)
 .comment       0x00000000       0x28 /home/liao/src/syslink/packages/ti/syslink/lib/syslink.a_debug(OsalPrint.o)
 .comment       0x00000000       0x28 /home/liao/src/syslink/packages/ti/syslink/lib/syslink.a_debug(ProcMgr.o)
 .comment       0x00000000       0x28 /home/liao/src/syslink/packages/ti/syslink/lib/syslink.a_debug(ProcMgrDrvUsr.o)
 .comment       0x00000000       0x28 /home/liao/src/syslink/packages/ti/syslink/lib/syslink.a_debug(FrameQ_common.o)
 .comment       0x00000000       0x28 /home/liao/src/syslink/packages/ti/syslink/lib/syslink.a_debug(ListMP.o)
 .comment       0x00000000       0x28 /home/liao/src/syslink/packages/ti/syslink/lib/syslink.a_debug(ListMPDrv.o)
 .comment       0x00000000       0x50 syslinksamples.o_debug
 .comment       0x00000000       0x28 slaveloader.o_debug
 .comment       0x00000000       0x28 /opt/linux-devkit/bin/../arm-arago-linux-gnueabi/usr/lib/./libc_nonshared.a(elf-init.oS)
 .comment       0x00000000       0x28 /opt/linux-devkit/bin/../lib/gcc/arm-arago-linux-gnueabi/4.5.3/crtend.o
 .comment       0x00000000       0x28 /opt/linux-devkit/bin/../arm-arago-linux-gnueabi/usr/lib/crtn.o

.debug
 *(.debug)

.line
 *(.line)

.debug_srcinfo
 *(.debug_srcinfo)

.debug_sfnames
 *(.debug_sfnames)

.debug_aranges  0x00000000      0x700
 *(.debug_aranges)
 .debug_aranges
                0x00000000       0x20 bin/debug/obj/main.ov5T
 .debug_aranges
                0x00000020       0x20 bin/debug/obj/syslink.ov5T
 .debug_aranges
                0x00000040       0x20 bin/debug/obj/pseudo.ov5T
 .debug_aranges
                0x00000060       0x20 /home/liao/src/syslink/packages/ti/syslink/lib/syslink.a_debug(SharedRegion.o)
 .debug_aranges
                0x00000080       0x20 /home/liao/src/syslink/packages/ti/syslink/lib/syslink.a_debug(Notify.o)
 .debug_aranges
                0x000000a0       0x20 /home/liao/src/syslink/packages/ti/syslink/lib/syslink.a_debug(MessageQ.o)
 .debug_aranges
                0x000000c0       0x20 /home/liao/src/syslink/packages/ti/syslink/lib/syslink.a_debug(Ipc.o)
 .debug_aranges
                0x000000e0       0x20 /home/liao/src/syslink/packages/ti/syslink/lib/syslink.a_debug(RingIO.o)
 .debug_aranges
                0x00000100       0x20 /home/liao/src/syslink/packages/ti/syslink/lib/syslink.a_debug(RingIOShm.o)
 .debug_aranges
                0x00000120       0x20 /home/liao/src/syslink/packages/ti/syslink/lib/syslink.a_debug(FrameQ.o)
 .debug_aranges
                0x00000140       0x20 /home/liao/src/syslink/packages/ti/syslink/lib/syslink.a_debug(FrameQBufMgr.o)
 .debug_aranges
                0x00000160       0x20 /home/liao/src/syslink/packages/ti/syslink/lib/syslink.a_debug(ClientNotifyMgr.o)
 .debug_aranges
                0x00000180       0x20 /home/liao/src/syslink/packages/ti/syslink/lib/syslink.a_debug(HeapMemMP.o)
 .debug_aranges
                0x000001a0       0x20 /home/liao/src/syslink/packages/ti/syslink/lib/syslink.a_debug(HeapBufMP.o)
 .debug_aranges
                0x000001c0       0x20 /home/liao/src/syslink/packages/ti/syslink/lib/syslink.a_debug(GateMP.o)
 .debug_aranges
                0x000001e0       0x20 /home/liao/src/syslink/packages/ti/syslink/lib/syslink.a_debug(SharedRegionDrv.o)
 .debug_aranges
                0x00000200       0x20 /home/liao/src/syslink/packages/ti/syslink/lib/syslink.a_debug(NotifyDrvUsr.o)
 .debug_aranges
                0x00000220       0x20 /home/liao/src/syslink/packages/ti/syslink/lib/syslink.a_debug(HeapBufMPDrv.o)
 .debug_aranges
                0x00000240       0x20 /home/liao/src/syslink/packages/ti/syslink/lib/syslink.a_debug(MessageQDrv.o)
 .debug_aranges
                0x00000260       0x20 /home/liao/src/syslink/packages/ti/syslink/lib/syslink.a_debug(IpcDrv.o)
 .debug_aranges
                0x00000280       0x20 /home/liao/src/syslink/packages/ti/syslink/lib/syslink.a_debug(FrameQDrv.o)
 .debug_aranges
                0x000002a0       0x20 /home/liao/src/syslink/packages/ti/syslink/lib/syslink.a_debug(FrameQBufMgrDrv.o)
 .debug_aranges
                0x000002c0       0x20 /home/liao/src/syslink/packages/ti/syslink/lib/syslink.a_debug(ClientNotifyMgrDrv.o)
 .debug_aranges
                0x000002e0       0x20 /home/liao/src/syslink/packages/ti/syslink/lib/syslink.a_debug(RingIODrv.o)
 .debug_aranges
                0x00000300       0x20 /home/liao/src/syslink/packages/ti/syslink/lib/syslink.a_debug(RingIOShmDrv.o)
 .debug_aranges
                0x00000320       0x20 /home/liao/src/syslink/packages/ti/syslink/lib/syslink.a_debug(HeapMemMPDrv.o)
 .debug_aranges
                0x00000340       0x20 /home/liao/src/syslink/packages/ti/syslink/lib/syslink.a_debug(GateMPDrv.o)
 .debug_aranges
                0x00000360       0x20 /home/liao/src/syslink/packages/ti/syslink/lib/syslink.a_debug(GateMutex.o)
 .debug_aranges
                0x00000380       0x20 /home/liao/src/syslink/packages/ti/syslink/lib/syslink.a_debug(Memory.o)
 .debug_aranges
                0x000003a0       0x20 /home/liao/src/syslink/packages/ti/syslink/lib/syslink.a_debug(List.o)
 .debug_aranges
                0x000003c0       0x20 /home/liao/src/syslink/packages/ti/syslink/lib/syslink.a_debug(String.o)
 .debug_aranges
                0x000003e0       0x20 /home/liao/src/syslink/packages/ti/syslink/lib/syslink.a_debug(Trace.o)
 .debug_aranges
                0x00000400       0x20 /home/liao/src/syslink/packages/ti/syslink/lib/syslink.a_debug(NameServer.o)
 .debug_aranges
                0x00000420       0x20 /home/liao/src/syslink/packages/ti/syslink/lib/syslink.a_debug(MultiProc.o)
 .debug_aranges
                0x00000440       0x20 /home/liao/src/syslink/packages/ti/syslink/lib/syslink.a_debug(Gate.o)
 .debug_aranges
                0x00000460       0x20 /home/liao/src/syslink/packages/ti/syslink/lib/syslink.a_debug(SysLink.o)
 .debug_aranges
                0x00000480       0x20 /home/liao/src/syslink/packages/ti/syslink/lib/syslink.a_debug(Cache.o)
 .debug_aranges
                0x000004a0       0x20 /home/liao/src/syslink/packages/ti/syslink/lib/syslink.a_debug(NameServerDrv.o)
 .debug_aranges
                0x000004c0       0x20 /home/liao/src/syslink/packages/ti/syslink/lib/syslink.a_debug(MultiProcDrv.o)
 .debug_aranges
                0x000004e0       0x20 /home/liao/src/syslink/packages/ti/syslink/lib/syslink.a_debug(TraceDrv.o)
 .debug_aranges
                0x00000500       0x20 /home/liao/src/syslink/packages/ti/syslink/lib/syslink.a_debug(CacheDrv.o)
 .debug_aranges
                0x00000520       0x20 /home/liao/src/syslink/packages/ti/syslink/lib/syslink.a_debug(MemoryOS.o)
 .debug_aranges
                0x00000540       0x20 /home/liao/src/syslink/packages/ti/syslink/lib/syslink.a_debug(OsalDrv.o)
 .debug_aranges
                0x00000560       0x20 /home/liao/src/syslink/packages/ti/syslink/lib/syslink.a_debug(OsalMutex.o)
 .debug_aranges
                0x00000580       0x20 /home/liao/src/syslink/packages/ti/syslink/lib/syslink.a_debug(OsalPrint.o)
 .debug_aranges
                0x000005a0       0x20 /home/liao/src/syslink/packages/ti/syslink/lib/syslink.a_debug(ProcMgr.o)
 .debug_aranges
                0x000005c0       0x20 /home/liao/src/syslink/packages/ti/syslink/lib/syslink.a_debug(ProcMgrDrvUsr.o)
 .debug_aranges
                0x000005e0       0x20 /home/liao/src/syslink/packages/ti/syslink/lib/syslink.a_debug(FrameQ_common.o)
 .debug_aranges
                0x00000600       0x20 /home/liao/src/syslink/packages/ti/syslink/lib/syslink.a_debug(ListMP.o)
 .debug_aranges
                0x00000620       0x20 /home/liao/src/syslink/packages/ti/syslink/lib/syslink.a_debug(ListMPDrv.o)
 .debug_aranges
                0x00000640       0x40 syslinksamples.o_debug
 .debug_aranges
                0x00000680       0x20 slaveloader.o_debug
 .debug_aranges
                0x000006a0       0x20 /opt/linux-devkit/bin/../arm-arago-linux-gnueabi/usr/lib/./libc_nonshared.a(elf-init.oS)
 .debug_aranges
                0x000006c0       0x20 /opt/linux-devkit/bin/../lib/gcc/arm-arago-linux-gnueabi/4.5.3/libgcc.a(_udivsi3.o)
 .debug_aranges
                0x000006e0       0x20 /opt/linux-devkit/bin/../lib/gcc/arm-arago-linux-gnueabi/4.5.3/libgcc.a(_dvmd_lnx.o)

.debug_pubnames
                0x00000000     0x3282
 *(.debug_pubnames)
 .debug_pubnames
                0x00000000       0x25 /opt/linux-devkit/bin/../arm-arago-linux-gnueabi/usr/lib/crt1.o
 .debug_pubnames
                0x00000025       0x1b bin/debug/obj/main.ov5T
 .debug_pubnames
                0x00000040       0xa8 bin/debug/obj/syslink.ov5T
 .debug_pubnames
                0x000000e8       0x78 bin/debug/obj/pseudo.ov5T
 .debug_pubnames