Archive member included because of file (symbol)

/home/liao/src/syslink/packages/ti/syslink/lib/syslink.a_debug(SharedRegion.o)
                              bin/debug/obj/syslink.ov5T (SharedRegion_getId)
/home/liao/src/syslink/packages/ti/syslink/lib/syslink.a_debug(Notify.o)
                              bin/debug/obj/syslink.ov5T (Notify_sendEvent)
/home/liao/src/syslink/packages/ti/syslink/lib/syslink.a_debug(MessageQ.o)
                              bin/debug/obj/syslink.ov5T (MessageQ_create)
/home/liao/src/syslink/packages/ti/syslink/lib/syslink.a_debug(Ipc.o)
                              bin/debug/obj/syslink.ov5T (Ipc_control)
/home/liao/src/syslink/packages/ti/syslink/lib/syslink.a_debug(RingIO.o)
                              /home/liao/src/syslink/packages/ti/syslink/lib/syslink.a_debug(Ipc.o) (RingIO_getConfig)
/home/liao/src/syslink/packages/ti/syslink/lib/syslink.a_debug(RingIOShm.o)
                              /home/liao/src/syslink/packages/ti/syslink/lib/syslink.a_debug(Ipc.o) (RingIOShm_getConfig)
/home/liao/src/syslink/packages/ti/syslink/lib/syslink.a_debug(FrameQ.o)
                              /home/liao/src/syslink/packages/ti/syslink/lib/syslink.a_debug(Ipc.o) (FrameQ_getConfig)
/home/liao/src/syslink/packages/ti/syslink/lib/syslink.a_debug(FrameQBufMgr.o)
                              /home/liao/src/syslink/packages/ti/syslink/lib/syslink.a_debug(Ipc.o) (FrameQBufMgr_getConfig)
/home/liao/src/syslink/packages/ti/syslink/lib/syslink.a_debug(ClientNotifyMgr.o)
                              /home/liao/src/syslink/packages/ti/syslink/lib/syslink.a_debug(RingIO.o) (ClientNotifyMgr_sharedMemReq)
/home/liao/src/syslink/packages/ti/syslink/lib/syslink.a_debug(HeapMemMP.o)
                              /home/liao/src/syslink/packages/ti/syslink/lib/syslink.a_debug(Ipc.o) (HeapMemMP_getConfig)
/home/liao/src/syslink/packages/ti/syslink/lib/syslink.a_debug(HeapBufMP.o)
                              /home/liao/src/syslink/packages/ti/syslink/lib/syslink.a_debug(Ipc.o) (HeapBufMP_getConfig)
/home/liao/src/syslink/packages/ti/syslink/lib/syslink.a_debug(GateMP.o)
                              /home/liao/src/syslink/packages/ti/syslink/lib/syslink.a_debug(Ipc.o) (GateMP_getConfig)
/home/liao/src/syslink/packages/ti/syslink/lib/syslink.a_debug(SharedRegionDrv.o)
                              /home/liao/src/syslink/packages/ti/syslink/lib/syslink.a_debug(SharedRegion.o) (SharedRegionDrv_open)
/home/liao/src/syslink/packages/ti/syslink/lib/syslink.a_debug(NotifyDrvUsr.o)
                              /home/liao/src/syslink/packages/ti/syslink/lib/syslink.a_debug(Notify.o) (NotifyDrvUsr_open)
/home/liao/src/syslink/packages/ti/syslink/lib/syslink.a_debug(HeapBufMPDrv.o)
                              /home/liao/src/syslink/packages/ti/syslink/lib/syslink.a_debug(HeapBufMP.o) (HeapBufMPDrv_open)
/home/liao/src/syslink/packages/ti/syslink/lib/syslink.a_debug(MessageQDrv.o)
                              /home/liao/src/syslink/packages/ti/syslink/lib/syslink.a_debug(MessageQ.o) (MessageQDrv_open)
/home/liao/src/syslink/packages/ti/syslink/lib/syslink.a_debug(IpcDrv.o)
                              /home/liao/src/syslink/packages/ti/syslink/lib/syslink.a_debug(Ipc.o) (IpcDrv_open)
/home/liao/src/syslink/packages/ti/syslink/lib/syslink.a_debug(FrameQDrv.o)
                              /home/liao/src/syslink/packages/ti/syslink/lib/syslink.a_debug(FrameQ.o) (FrameQDrv_open)
/home/liao/src/syslink/packages/ti/syslink/lib/syslink.a_debug(FrameQBufMgrDrv.o)
                              /home/liao/src/syslink/packages/ti/syslink/lib/syslink.a_debug(FrameQBufMgr.o) (FrameQBufMgrDrv_open)
/home/liao/src/syslink/packages/ti/syslink/lib/syslink.a_debug(ClientNotifyMgrDrv.o)
                              /home/liao/src/syslink/packages/ti/syslink/lib/syslink.a_debug(ClientNotifyMgr.o) (ClientNotifyMgrDrv_open)
/home/liao/src/syslink/packages/ti/syslink/lib/syslink.a_debug(RingIODrv.o)
                              /home/liao/src/syslink/packages/ti/syslink/lib/syslink.a_debug(RingIO.o) (RingIODrv_open)
/home/liao/src/syslink/packages/ti/syslink/lib/syslink.a_debug(RingIOShmDrv.o)
                              /home/liao/src/syslink/packages/ti/syslink/lib/syslink.a_debug(RingIOShm.o) (RingIOShmDrv_open)
/home/liao/src/syslink/packages/ti/syslink/lib/syslink.a_debug(HeapMemMPDrv.o)
                              /home/liao/src/syslink/packages/ti/syslink/lib/syslink.a_debug(HeapMemMP.o) (HeapMemMPDrv_open)
/home/liao/src/syslink/packages/ti/syslink/lib/syslink.a_debug(GateMPDrv.o)
                              /home/liao/src/syslink/packages/ti/syslink/lib/syslink.a_debug(GateMP.o) (GateMPDrv_open)
/home/liao/src/syslink/packages/ti/syslink/lib/syslink.a_debug(GateMutex.o)
                              /home/liao/src/syslink/packages/ti/syslink/lib/syslink.a_debug(SharedRegion.o) (GateMutex_create)
/home/liao/src/syslink/packages/ti/syslink/lib/syslink.a_debug(Memory.o)
[...]
Memory Configuration

Name             Origin             Length             Attributes
*default*        0x00000000         0xffffffff

Linker script and memory map

LOAD /opt/linux-devkit/bin/../arm-arago-linux-gnueabi/usr/lib/crt1.o
LOAD /opt/linux-devkit/bin/../arm-arago-linux-gnueabi/usr/lib/crti.o
LOAD /opt/linux-devkit/bin/../lib/gcc/arm-arago-linux-gnueabi/4.5.3/crtbegin.o
LOAD bin/debug/obj/main.ov5T
LOAD bin/debug/obj/syslink.ov5T
LOAD bin/debug/obj/pseudo.ov5T
LOAD /home/liao/src/syslink/packages/ti/syslink/lib/syslink.a_debug
LOAD syslinksamples.o_debug
LOAD slaveloader.o_debug
LOAD /opt/linux-devkit/bin/../arm-arago-linux-gnueabi/usr/lib/libpthread.so
START GROUP
LOAD /opt/linux-devkit/bin/../arm-arago-linux-gnueabi/usr/lib/../../lib/libpthread.so.0
LOAD /opt/linux-devkit/bin/../arm-arago-linux-gnueabi/usr/lib/./libpthread_nonshared.a
END GROUP
LOAD /opt/linux-devkit/bin/../arm-arago-linux-gnueabi/usr/lib/libc.so
START GROUP
LOAD /opt/linux-devkit/bin/../arm-arago-linux-gnueabi/usr/lib/../../lib/libc.so.6
LOAD /opt/linux-devkit/bin/../arm-arago-linux-gnueabi/usr/lib/./libc_nonshared.a
LOAD /opt/linux-devkit/bin/../arm-arago-linux-gnueabi/usr/lib/../../lib/ld-linux.so.3
END GROUP
LOAD /opt/linux-devkit/bin/../arm-arago-linux-gnueabi/usr/lib/librt.so
LOAD /opt/linux-devkit/bin/../lib/gcc/arm-arago-linux-gnueabi/4.5.3/libgcc.a
LOAD /opt/linux-devkit/bin/../lib/gcc/arm-arago-linux-gnueabi/4.5.3/../../../../arm-arago-linux-gnueabi/lib/libgcc_s.so
START GROUP
LOAD /opt/linux-devkit/bin/../lib/gcc/arm-arago-linux-gnueabi/4.5.3/../../../../arm-arago-linux-gnueabi/lib/libgcc_s.so.1
LOAD /opt/linux-devkit/bin/../lib/gcc/arm-arago-linux-gnueabi/4.5.3/libgcc.a
END GROUP
LOAD /opt/linux-devkit/bin/../arm-arago-linux-gnueabi/usr/lib/libc.so
START GROUP
LOAD /opt/linux-devkit/bin/../arm-arago-linux-gnueabi/usr/lib/../../lib/libc.so.6
LOAD /opt/linux-devkit/bin/../arm-arago-linux-gnueabi/usr/lib/./libc_nonshared.a
LOAD /opt/linux-devkit/bin/../arm-arago-linux-gnueabi/usr/lib/../../lib/ld-linux.so.3
END GROUP
LOAD /opt/linux-devkit/bin/../lib/gcc/arm-arago-linux-gnueabi/4.5.3/libgcc.a
LOAD /opt/linux-devkit/bin/../lib/gcc/arm-arago-linux-gnueabi/4.5.3/../../../../arm-arago-linux-gnueabi/lib/libgcc_s.so
START GROUP
LOAD /opt/linux-devkit/bin/../lib/gcc/arm-arago-linux-gnueabi/4.5.3/../../../../arm-arago-linux-gnueabi/lib/libgcc_s.so.1
LOAD /opt/linux-devkit/bin/../lib/gcc/arm-arago-linux-gnueabi/4.5.3/libgcc.a
END GROUP
LOAD /opt/linux-devkit/bin/../lib/gcc/arm-arago-linux-gnueabi/4.5.3/crtend.o
LOAD /opt/linux-devkit/bin/../arm-arago-linux-gnueabi/usr/lib/crtn.o
                0x00008000                PROVIDE (__executable_start, 0x8000)
                0x00008134                . = (0x8000 + SIZEOF_HEADERS)

.interp         0x00008134       0x13
 *(.interp)
 .interp        0x00008134       0x13 /opt/linux-devkit/bin/../arm-arago-linux-gnueabi/usr/lib/crti.o

.note.ABI-tag   0x00008148       0x20
 .note.ABI-tag  0x00008148       0x20 /opt/linux-devkit/bin/../arm-arago-linux-gnueabi/usr/lib/crt1.o

.note.gnu.build-id
 *(.note.gnu.build-id)

.hash           0x00008168      0x188
 *(.hash)
 .hash          0x00008168      0x188 /opt/linux-devkit/bin/../arm-arago-linux-gnueabi/usr/lib/crti.o

.gnu.hash
 *(.gnu.hash)

.dynsym         0x000082f0      0x3b0
 *(.dynsym)
 .dynsym        0x000082f0      0x3b0 /opt/linux-devkit/bin/../arm-arago-linux-gnueabi/usr/lib/crti.o

.dynstr         0x000086a0      0x238
 *(.dynstr)
 .dynstr        0x000086a0      0x238 /opt/linux-devkit/bin/../arm-arago-linux-gnueabi/usr/lib/crti.o

.gnu.version    0x000088d8       0x76
 *(.gnu.version)
 .gnu.version   0x000088d8       0x76 /opt/linux-devkit/bin/../arm-arago-linux-gnueabi/usr/lib/crti.o

.gnu.version_d  0x00008950        0x0 load address 0x0000894e
 *(.gnu.version_d)
 .gnu.version_d
                0x00000000        0x0 /opt/linux-devkit/bin/../arm-arago-linux-gnueabi/usr/lib/crti.o

.gnu.version_r  0x00008950       0x40
 *(.gnu.version_r)
 .gnu.version_r
                0x00008950       0x40 /opt/linux-devkit/bin/../arm-arago-linux-gnueabi/usr/lib/crti.o

.rel.dyn        0x00008990       0x28
 *(.rel.init)
 *(.rel.text .rel.text.* .rel.gnu.linkonce.t.*)
 *(.rel.fini)
 *(.rel.rodata .rel.rodata.* .rel.gnu.linkonce.r.*)
 *(.rel.data.rel.ro* .rel.gnu.linkonce.d.rel.ro.*)
 *(.rel.data .rel.data.* .rel.gnu.linkonce.d.*)
 *(.rel.tdata .rel.tdata.* .rel.gnu.linkonce.td.*)
 *(.rel.tbss .rel.tbss.* .rel.gnu.linkonce.tb.*)
 *(.rel.ctors)
 *(.rel.dtors)
 *(.rel.got)
 .rel.got       0x00008990       0x28 /opt/linux-devkit/bin/../arm-arago-linux-gnueabi/usr/lib/crti.o
 *(.rel.bss .rel.bss.* .rel.gnu.linkonce.b.*)
 .rel.bss       0x00000000        0x0 /opt/linux-devkit/bin/../arm-arago-linux-gnueabi/usr/lib/crti.o
                0x000089b8                PROVIDE (__rel_iplt_start, .)
 *(.rel.iplt)
                0x000089b8                PROVIDE (__rel_iplt_end, .)
                0x000089b8                PROVIDE (__rela_iplt_start, .)
                0x000089b8                PROVIDE (__rela_iplt_end, .)

.rela.dyn       0x000089b8        0x0
 *(.rela.init)
 *(.rela.text .rela.text.* .rela.gnu.linkonce.t.*)
 *(.rela.fini)
 *(.rela.rodata .rela.rodata.* .rela.gnu.linkonce.r.*)
 *(.rela.data .rela.data.* .rela.gnu.linkonce.d.*)
 *(.rela.tdata .rela.tdata.* .rela.gnu.linkonce.td.*)
 *(.rela.tbss .rela.tbss.* .rela.gnu.linkonce.tb.*)
 *(.rela.ctors)
 *(.rela.dtors)
 *(.rela.got)
 *(.rela.bss .rela.bss.* .rela.gnu.linkonce.b.*)
                0x000089b8                PROVIDE (__rel_iplt_start, .)
                0x000089b8                PROVIDE (__rel_iplt_end, .)
                0x000089b8                PROVIDE (__rela_iplt_start, .)
 *(.rela.iplt)
                0x000089b8                PROVIDE (__rela_iplt_end, .)

.rel.plt        0x000089b8      0x1a8
 *(.rel.plt)
 .rel.plt       0x000089b8      0x1a8 /opt/linux-devkit/bin/../arm-arago-linux-gnueabi/usr/lib/crti.o

.rela.plt
 *(.rela.plt)

.init           0x00008b60        0xc
 *(.init)
 .init          0x00008b60        0x8 /opt/linux-devkit/bin/../arm-arago-linux-gnueabi/usr/lib/crti.o
                0x00008b60                _init
 .init          0x00008b68        0x4 /opt/linux-devkit/bin/../arm-arago-linux-gnueabi/usr/lib/crtn.o

.plt            0x00008b6c      0x290
 *(.plt)
 .plt           0x00008b6c      0x290 /opt/linux-devkit/bin/../arm-arago-linux-gnueabi/usr/lib/crti.o
                0x00008b80                open@@GLIBC_2.4
                0x00008b8c                mmap@@GLIBC_2.4
                0x00008b98                abort@@GLIBC_2.4
                0x00008ba4                pthread_exit@@GLIBC_2.4
                0x00008bb0                __libc_start_main@@GLIBC_2.4
                0x00008bc8                vsprintf@@GLIBC_2.4
                0x00008bd4                strncpy@@GLIBC_2.4
                0x00008be0                fclose@@GLIBC_2.4
                0x00008bec                fgets@@GLIBC_2.4
                0x00008bf8                getenv@@GLIBC_2.4
                0x00008c04                posix_openpt@@GLIBC_2.4
                0x00008c10                fopen@@GLIBC_2.4
                0x00008c1c                memset@@GLIBC_2.4
                0x00008c28                perror@@GLIBC_2.4
                0x00008c34                usleep@@GLIBC_2.4
                0x00008c40                free@@GLIBC_2.4
                0x00008c4c                read@@GLIBC_2.4
                0x00008c58                write@@GLIBC_2.4
                0x00008c64                tcgetattr@@GLIBC_2.4
                0x00008c70                pthread_mutex_unlock@@GLIBC_2.4
                0x00008c7c                tcflush@@GLIBC_2.4
                0x00008c88                ioctl@@GLIBC_2.4
                0x00008c94                pthread_mutex_lock@@GLIBC_2.4
                0x00008ca0                strlen@@GLIBC_2.4
                0x00008cac                strtoul@@GLIBC_2.4
                0x00008cb8                pthread_create@@GLIBC_2.4
                0x00008cc4                memcpy@@GLIBC_2.4
                0x00008cd0                strtol@@GLIBC_2.4
                0x00008cdc                pthread_sigmask@@GLIBC_2.4
                0x00008ce8                printf@@GLIBC_2.4
                0x00008cf4                raise@@GLIBC_2.4
                0x00008d00                pthread_mutex_init@@GLIBC_2.4
                0x00008d0c                close@@GLIBC_2.4
                0x00008d18                fwrite@@GLIBC_2.4
                0x00008d24                unlockpt@@GLIBC_2.4
                0x00008d30                malloc@@GLIBC_2.4
                0x00008d3c                cfsetospeed@@GLIBC_2.4
                0x00008d48                grantpt@@GLIBC_2.4
                0x00008d54                strtok@@GLIBC_2.4
                0x00008d60                sigfillset@@GLIBC_2.4
                0x00008d6c                puts@@GLIBC_2.4
                0x00008d78                tcsetattr@@GLIBC_2.4
                0x00008d84                getpid@@GLIBC_2.4
                0x00008d90                fcntl@@GLIBC_2.4
                0x00008d9c                ptsname@@GLIBC_2.4
                0x00008da8                munmap@@GLIBC_2.4
                0x00008db4                strncmp@@GLIBC_2.4
                0x00008dc0                strcmp@@GLIBC_2.4
                0x00008dcc                cfsetispeed@@GLIBC_2.4
                0x00008dd8                __errno_location@@GLIBC_2.4
                0x00008de4                pthread_join@@GLIBC_2.4
                0x00008df0                getpagesize@@GLIBC_2.4

.iplt
 *(.iplt)

.text           0x00008dfc    0x3d18c
 *(.text.unlikely .text.*_unlikely)
 *(.text .stub .text.* .gnu.linkonce.t.*)
 .text          0x00008dfc       0x3c /opt/linux-devkit/bin/../arm-arago-linux-gnueabi/usr/lib/crt1.o
                0x00008dfc                _start
 .text          0x00008e38       0x24 /opt/linux-devkit/bin/../arm-arago-linux-gnueabi/usr/lib/crti.o
 .text          0x00008e5c       0x50 /opt/linux-devkit/bin/../lib/gcc/arm-arago-linux-gnueabi/4.5.3/crtbegin.o
 .text          0x00008eac      0x170 bin/debug/obj/main.ov5T
                0x00008eac                main
 .text          0x0000901c      0xbb0 bin/debug/obj/syslink.ov5T
                0x0000901c                ReCATSyslinkRecv
                0x00009180                ReCATSyslinkSend
                0x00009728                ReCATSyslinkInit
                0x000099b0                ReCATSyslinkClear
                0x00009b24                ReCATSyslinkReadBuffer
                0x00009b7c                ReCATSyslinkSendEvent
 .text          0x00009bcc      0x6a0 bin/debug/obj/pseudo.ov5T
                0x00009bcc                ReCATSerialInit
                0x00009cbc                ReCATSeialConf
                0x0000a1d8                ReCATDataRecv
                0x0000a234                ReCATDataSend
 .text          0x0000a26c     0x3adc /home/liao/src/syslink/packages/ti/syslink/lib/syslink.a_debug(SharedRegion.o)
                0x0000a370                SharedRegion_getConfig
                0x0000a4f0                SharedRegion_setup
                0x0000ab9c                SharedRegion_destroy
                0x0000ae18                SharedRegion_start
                0x0000af3c                SharedRegion_stop
                0x0000b060                SharedRegion_attach
                0x0000b1c0                SharedRegion_detach
                0x0000b328                SharedRegion_setEntry
                0x0000b5ec                SharedRegion_getId
                0x0000b7b4                SharedRegion_getPtr
                0x0000b99c                SharedRegion_getSRPtr
                0x0000bcbc                SharedRegion_clearEntry
                0x0000bfe8                SharedRegion_getHeap
                0x0000c258                SharedRegion_getIdByName
                0x0000c470                SharedRegion_getEntry
                0x0000c694                SharedRegion_getCacheLineSize
                0x0000c8a4                SharedRegion_isCacheEnabled
                0x0000cab8                SharedRegion_translateEnabled
                0x0000cb2c                SharedRegion_getNumRegions
                0x0000cba0                SharedRegion_entryInit
                0x0000cd30                SharedRegion_invalidSRPtr
                0x0000cd4c                SharedRegion_reserveMemory
                0x0000d09c                SharedRegion_getNumOffsetBits
                0x0000d1e4                SharedRegion_checkOverlap
                0x0000d448                SharedRegion_clearReservedMemory
                0x0000d554                SharedRegion_getRegionInfo
                0x0000d754                _SharedRegion_setRegions
                0x0000daf8                _SharedRegion_clearRegions
 .text          0x0000dd48     0x2a68 /home/liao/src/syslink/packages/ti/syslink/lib/syslink.a_debug(Notify.o)
                0x0000dd48                Notify_getConfig
                0x0000dee4                Notify_setup
                0x0000e0d0                Notify_destroy
                0x0000e204                Notify_attach
                0x0000e390                Notify_detach
                0x0000e49c                Notify_sharedMemReq
                0x0000e62c                Notify_eventAvailable
                0x0000e8c8                Notify_intLineRegistered
                0x0000eaf0                Notify_registerEventSingle
                0x0000eedc                Notify_registerEvent
                0x0000f2d0                Notify_unregisterEventSingle
                0x0000f63c                Notify_unregisterEvent
                0x0000f9e4                Notify_sendEvent
                0x0000fd70                Notify_disable
                0x0000ff68                Notify_restore
                0x00010150                Notify_disableEvent
                0x00010480                Notify_enableEvent
 .text          0x000107b0     0x26fc /home/liao/src/syslink/packages/ti/syslink/lib/syslink.a_debug(MessageQ.o)
                0x00010820                MessageQ_getConfig
                0x000109a4                MessageQ_setup
                0x00010b34                MessageQ_destroy
                0x00010c30                MessageQ_Params_init
                0x00010dc0                MessageQ_create
                0x00011008                MessageQ_delete
                0x00011298                MessageQ_open
                0x00011518                MessageQ_close
                0x000116d0                MessageQ_put
                0x0001192c                MessageQ_get
                0x00011bf0                MessageQ_count
                0x00011dd8                MessageQ_staticMsgInit
                0x00011f3c                MessageQ_alloc
                0x000120bc                MessageQ_free
                0x000122a4                MessageQ_registerHeap
                0x0001249c                MessageQ_unregisterHeap
                0x000125d8                MessageQ_unblock
                0x00012770                MessageQ_setReplyQueue
                0x000128fc                MessageQ_getQueueId
                0x00012a00                MessageQ_setMsgTrace
                0x00012b68                MessageQ_sharedMemReq
                0x00012c94                MessageQ_attach
                0x00012db8                MessageQ_detach
 .text          0x00012eac     0x1570 /home/liao/src/syslink/packages/ti/syslink/lib/syslink.a_debug(Ipc.o)
                0x00012eac                Ipc_getConfig
                0x000130dc                Ipc_setup
                0x0001391c                Ipc_destroy
                0x00013ffc                Ipc_control
                0x000141e4                Ipc_readConfig
                0x00014300                Ipc_writeConfig
 .text          0x0001441c     0x2ef8 /home/liao/src/syslink/packages/ti/syslink/lib/syslink.a_debug(RingIO.o)
                0x0001441c                RingIO_getConfig
                0x0001459c                RingIO_setup
                0x00014734                RingIO_destroy
                0x00014860                RingIO_Params_init
                0x000149e0                RingIO_create
                0x00014fc4                RingIO_delete
                0x00015234                RingIO_open
                0x0001561c                RingIO_openByAddr
                0x00015a1c                RingIO_close
                0x00015c9c                RingIO_registerNotifier
                0x00015f24                RingIO_unregisterNotifier
                0x000160e0                RingIO_setNotifyType
                0x0001621c                RingIO_getValidSize
                0x000162f8                RingIO_getEmptySize
                0x000163d4                RingIO_getValidAttrSize
                0x000164b0                RingIO_getEmptyAttrSize
                0x0001658c                RingIO_getAcquiredOffset
                0x00016668                RingIO_getAcquiredSize
                0x00016744                RingIO_getWaterMark
                0x00016820                RingIO_setWaterMark
                0x000168f0                RingIO_acquire
                0x00016a70                RingIO_release
                0x00016b40                RingIO_cancel
                0x00016bfc                RingIO_getAttribute
                0x00016ccc                RingIO_getvAttribute
                0x00016df4                RingIO_setAttribute
                0x00016ed4                RingIO_setvAttribute
                0x00016fe4                RingIO_flush
                0x00017104                RingIO_sendNotify
                0x000171e8                RingIO_sharedMemReq
 .text          0x00017314      0x5c4 /home/liao/src/syslink/packages/ti/syslink/lib/syslink.a_debug(RingIOShm.o)
                0x00017314                RingIOShm_getConfig
                0x00017494                RingIOShm_setup
                0x0001762c                RingIOShm_destroy
                0x00017758                RingIOShm_Params_init
 .text          0x000178d8     0x5adc /home/liao/src/syslink/packages/ti/syslink/lib/syslink.a_debug(FrameQ.o)
                0x000179dc                FrameQ_getConfig
                0x00017b74                FrameQ_setup
                0x00017e14                FrameQ_destroy
                0x00018024                FrameQ_create
                0x000182c4                FrameQ_delete
                0x000186b0                FrameQ_open
                0x00018fd4                FrameQ_close
                0x0001939c                FrameQ_alloc
                0x00019634                FrameQ_allocv
                0x00019934                FrameQ_free
                0x00019b9c                FrameQ_freev
                0x00019eb0                FrameQ_put
                0x0001a244                FrameQ_putv
                0x0001a6a8                FrameQ_get
                0x0001aa04                FrameQ_getv
                0x0001aebc                FrameQ_registerNotifier
                0x0001b340                FrameQ_unregisterNotifier
                0x0001b694                FrameQ_dup
                0x0001b958                FrameQ_sendNotify
                0x0001bb74                FrameQ_getNumFrames
                0x0001bdd0                FrameQ_getvNumFrames
                0x0001c034                FrameQ_getNumFreeFrames
                0x0001c204                FrameQ_getvNumFreeFrames
                0x0001c490                FrameQ_control
                0x0001c608                FrameQ_ShMem_Params_init
                0x0001c7a0                FrameQ_Params_init
                0x0001d208                FrameQ_ShMem_sharedMemReq
 .text          0x0001d3b4     0x5e3c /home/liao/src/syslink/packages/ti/syslink/lib/syslink.a_debug(FrameQBufMgr.o)
                0x0001d4b8                FrameQBufMgr_getConfig
                0x0001d658                FrameQBufMgr_setup
                0x0001d8f8                FrameQBufMgr_destroy
                0x0001db28                FrameQBufMgr_create
                0x0001ddb4                FrameQBufMgr_delete
                0x0001e1e4                FrameQBufMgr_open
                0x0001eab0                FrameQBufMgr_close
                0x0001ec80                FrameQBufMgr_alloc
                0x0001ef64                FrameQBufMgr_allocv
                0x0001f434                FrameQBufMgr_free
                0x0001f74c                FrameQBufMgr_freev
                0x0001fb74                FrameQBufMgr_dup
                0x0001ff14                FrameQBufMgr_dupv
                0x000202dc                FrameQBufMgr_registerNotifier
                0x000205f0                FrameQBufMgr_unregisterNotifier
                0x00020884                FrameQBufMgr_add
                0x000209e0                FrameQBufMgr_remove
                0x00020b74                FrameQBufMgr_writeBackHeaderBuf
                0x00020d94                FrameQBufMgr_invalidateHeaderBuf
                0x00020fc4                FrameQBufMgr_writeBackFrameBuf
                0x00021298                FrameQBufMgr_invalidateFrameBuf
                0x0002156c                FrameQBufMgr_writeBack
                0x00021890                FrameQBufMgr_invalidate
                0x00021ba0                FrameQBufMgr_translateAddr
                0x00021ef0                FrameQBufMgr_getId
                0x00021f98                FrameQBufMgr_getHandle
                0x000220dc                FrameQBufMgr_getKnlHandle
                0x000221ac                FrameQBufMgr_getNumFreeFrames
                0x00022380                FrameQBufMgr_getvNumFreeFrames
                0x0002260c                FrameQBufMgr_getBaseHeaderSize
                0x00022674                FrameQBufMgr_isSupportedInterface
                0x000226bc                FrameQBufMgr_isSupportedBufInterface
                0x00022720                FrameQBufMgr_ShMem_Params_init
                0x000228b8                FrameQBufMgr_Params_init
 .text          0x000231f0     0x514c /home/liao/src/syslink/packages/ti/syslink/lib/syslink.a_debug(ClientNotifyMgr.o)
                0x000231f0                ClientNotifyMgr_sharedMemModReq
                0x00023258                ClientNotifyMgr_sharedMemReq
                0x000233cc                ClientNotifyMgr_callBack
                0x00023b84                ClientNotifyMgr_getConfig
                0x00023d24                ClientNotifyMgr_setup
                0x000240c0                ClientNotifyMgr_destroy
                0x0002426c                ClientNotifyMgr_Params_init
                0x0002440c                ClientNotifyMgr_create
                0x00024e00                ClientNotifyMgr_delete
                0x000253a0                ClientNotifyMgr_open
                0x00025528                ClientNotifyMgr_close
                0x0002564c                ClientNotifyMgr_registerClient
                0x00025d7c                ClientNotifyMgr_unregisterClient
                0x00026324                ClientNotifyMgr_enableNotification
                0x000265f8                ClientNotifyMgr_disableNotification
                0x000268c4                ClientNotifyMgr_sendNotification
                0x00027098                ClientNotifyMgr_sendForceNotification
                0x00027544                ClientNotifyMgr_sendNotificationMulti
                0x00027e30                ClientNotifyMgr_sendForceNotificationMulti
 .text          0x0002833c     0x23f8 /home/liao/src/syslink/packages/ti/syslink/lib/syslink.a_debug(HeapMemMP.o)
                0x0002833c                HeapMemMP_getConfig
                0x000284c4                HeapMemMP_setup
                0x00028648                HeapMemMP_destroy
                0x00028774                HeapMemMP_Params_init
                0x00028900                HeapMemMP_create
                0x00028c1c                HeapMemMP_delete
                0x00028ea0                HeapMemMP_openByAddr
                0x00029164                HeapMemMP_open
                0x00029430                HeapMemMP_close
                0x000296ac                HeapMemMP_alloc
                0x000298b4                HeapMemMP_free
                0x00029b10                HeapMemMP_getStats
                0x00029d3c                HeapMemMP_getExtendedStats
                0x00029f50                HeapMemMP_sharedMemReq
                0x0002a0d4                HeapMemMP_getKnlHandle
                0x0002a25c                HeapMemMP_getUsrHandle
                0x0002a418                _HeapMemMP_create
                0x0002a5f4                HeapMemMP_restore
 .text          0x0002a734     0x2238 /home/liao/src/syslink/packages/ti/syslink/lib/syslink.a_debug(HeapBufMP.o)
                0x0002a734                HeapBufMP_getConfig
                0x0002a8bc                HeapBufMP_setup
                0x0002aa4c                HeapBufMP_destroy
                0x0002ab84                HeapBufMP_Params_init
                0x0002ad14                HeapBufMP_create
                0x0002b01c                HeapBufMP_delete
                0x0002b298                HeapBufMP_openByAddr
                0x0002b564                HeapBufMP_open
                0x0002b834                HeapBufMP_close
                0x0002bab0                HeapBufMP_alloc
                0x0002bcbc                HeapBufMP_free
                0x0002bf1c                HeapBufMP_getStats
                0x0002c14c                HeapBufMP_isBlocking
                0x0002c244                HeapBufMP_getExtendedStats
                0x0002c470                HeapBufMP_sharedMemReq
                0x0002c5f8                HeapBufMP_getKnlHandle
                0x0002c788                _HeapBufMP_create
 .text          0x0002c96c     0x21bc /home/liao/src/syslink/packages/ti/syslink/lib/syslink.a_debug(GateMP.o)
                0x0002c96c                GateMP_getConfig
                0x0002cafc                GateMP_setup
                0x0002cd60                GateMP_destroy
                0x0002cf1c                GateMP_Params_init
                0x0002d0c4                GateMP_Instance_init
                0x0002d27c                GateMP_Instance_finalize
                0x0002d2d8                _GateMP_create
                0x0002d410                GateMP_create
                0x0002d640                GateMP_delete
                0x0002d8bc                GateMP_open
                0x0002dbb4                GateMP_openByAddr
                0x0002dec0                GateMP_close
                0x0002e1c4                GateMP_enter
                0x0002e390                GateMP_leave
                0x0002e568                GateMP_sharedMemReq
                0x0002e684                GateMP_getDefaultRemote
                0x0002e784                GateMP_getSharedAddr
                0x0002e878                GateMP_setReserved
                0x0002e930                GateMP_getLocalProtect
                0x0002e984                GateMP_getRemoteProtect
                0x0002e9d8                GateMP_getKnlHandle
 .text          0x0002eb28      0x4fc /home/liao/src/syslink/packages/ti/syslink/lib/syslink.a_debug(SharedRegionDrv.o)
                0x0002eb28                SharedRegionDrv_open
                0x0002ecc0                SharedRegionDrv_close
                0x0002eddc                SharedRegionDrv_ioctl
 .text          0x0002f024      0x78c /home/liao/src/syslink/packages/ti/syslink/lib/syslink.a_debug(NotifyDrvUsr.o)
                0x0002f024                NotifyDrvUsr_open
                0x0002f330                NotifyDrvUsr_close
                0x0002f504                NotifyDrvUsr_ioctl
                0x0002f63c                _NotifyDrvUsr_eventWorker
 .text          0x0002f7b0      0x3e8 /home/liao/src/syslink/packages/ti/syslink/lib/syslink.a_debug(HeapBufMPDrv.o)
                0x0002f7b0                HeapBufMPDrv_open
                0x0002f948                HeapBufMPDrv_close
                0x0002fa64                HeapBufMPDrv_ioctl
 .text          0x0002fb98      0x3e4 /home/liao/src/syslink/packages/ti/syslink/lib/syslink.a_debug(MessageQDrv.o)
                0x0002fb98                MessageQDrv_open
                0x0002fd2c                MessageQDrv_close
                0x0002fe48                MessageQDrv_ioctl
 .text          0x0002ff7c      0x3e8 /home/liao/src/syslink/packages/ti/syslink/lib/syslink.a_debug(IpcDrv.o)
                0x0002ff7c                IpcDrv_open
                0x00030114                IpcDrv_close
                0x00030230                IpcDrv_ioctl
 .text          0x00030364      0x3e4 /home/liao/src/syslink/packages/ti/syslink/lib/syslink.a_debug(FrameQDrv.o)
                0x00030364                FrameQDrv_open
                0x000304f8                FrameQDrv_close
                0x00030614                FrameQDrv_ioctl
 .text          0x00030748      0x3e4 /home/liao/src/syslink/packages/ti/syslink/lib/syslink.a_debug(FrameQBufMgrDrv.o)
                0x00030748                FrameQBufMgrDrv_open
                0x000308dc                FrameQBufMgrDrv_close
                0x000309f8                FrameQBufMgrDrv_ioctl
 .text          0x00030b2c      0x3e4 /home/liao/src/syslink/packages/ti/syslink/lib/syslink.a_debug(ClientNotifyMgrDrv.o)
                0x00030b2c                ClientNotifyMgrDrv_open
                0x00030cc0                ClientNotifyMgrDrv_close
                0x00030ddc                ClientNotifyMgrDrv_ioctl
 .text          0x00030f10      0x3e4 /home/liao/src/syslink/packages/ti/syslink/lib/syslink.a_debug(RingIODrv.o)
                0x00030f10                RingIODrv_open
                0x000310a4                RingIODrv_close
                0x000311c0                RingIODrv_ioctl
 .text          0x000312f4      0x3e4 /home/liao/src/syslink/packages/ti/syslink/lib/syslink.a_debug(RingIOShmDrv.o)
                0x000312f4                RingIOShmDrv_open
                0x00031488                RingIOShmDrv_close
                0x000315a4                RingIOShmDrv_ioctl
 .text          0x000316d8      0x3e8 /home/liao/src/syslink/packages/ti/syslink/lib/syslink.a_debug(HeapMemMPDrv.o)
                0x000316d8                HeapMemMPDrv_open
                0x00031870                HeapMemMPDrv_close
                0x0003198c                HeapMemMPDrv_ioctl
 .text          0x00031ac0      0x3e8 /home/liao/src/syslink/packages/ti/syslink/lib/syslink.a_debug(GateMPDrv.o)
                0x00031ac0                GateMPDrv_open
                0x00031c58                GateMPDrv_close
                0x00031d74                GateMPDrv_ioctl
 .text          0x00031ea8      0x58c /home/liao/src/syslink/packages/ti/syslink/lib/syslink.a_debug(GateMutex.o)
                0x00031ea8                GateMutex_Instance_init
                0x00031fb0                GateMutex_Instance_finalize
                0x00032048                GateMutex_enter
                0x0003211c                GateMutex_leave
                0x000321dc                GateMutex_create
                0x000322e4                GateMutex_delete
 .text          0x00032434      0xa34 /home/liao/src/syslink/packages/ti/syslink/lib/syslink.a_debug(Memory.o)
                0x000325fc                Memory_alloc
                0x00032790                Memory_calloc
                0x00032914                Memory_free
                0x00032a0c                Memory_getStats
                0x00032ae0                Memory_query
                0x00032bd0                Memory_getMaxDefaultTypeAlign
                0x00032bec                Memory_valloc
                0x00032dd4                Memory_translate
 .text          0x00032e68     0x15f4 /home/liao/src/syslink/packages/ti/syslink/lib/syslink.a_debug(List.o)
                0x00032e68                List_Params_init
                0x00032f34                List_create
                0x00033058                List_delete
                0x000331cc                List_construct
                0x000332c4                List_destruct
                0x000333bc                List_elemClear
                0x000334b0                List_empty
                0x000335d4                List_get
                0x000336f0                List_put
                0x00033864                List_next
                0x000339a4                List_prev
                0x00033b4c                List_insert
                0x00033d24                List_remove
                0x00033e9c                List_putHead
                0x00034000                List_dequeue
                0x0003413c                List_enqueue
                0x000342cc                List_enqueueHead
 .text          0x0003445c      0x5f8 /home/liao/src/syslink/packages/ti/syslink/lib/syslink.a_debug(String.o)
                0x0003445c                String_cat
                0x00034514                String_cmp
                0x00034648                String_ncmp
                0x00034750                String_cpy
                0x000347cc                String_ncpy
                0x000348ac                String_len
                0x00034920                String_hexToStr
                0x000349b4                String_hash
 .text          0x00034a54      0x560 /home/liao/src/syslink/packages/ti/syslink/lib/syslink.a_debug(Trace.o)
                0x00034a54                _GT_0trace
                0x00034ad8                _GT_1trace
                0x00034b68                _GT_2trace
                0x00034c00                _GT_3trace
                0x00034ca0                _GT_4trace
                0x00034d50                _GT_5trace
                0x00034e10                _GT_6trace
                0x00034ee0                _GT_setFailureReason
                0x00034f44                _GT_setTrace
 .text          0x00034fb4     0x2d80 /home/liao/src/syslink/packages/ti/syslink/lib/syslink.a_debug(NameServer.o)
                0x00034fb4                NameServer_getConfig
                0x00035168                NameServer_setup
                0x000352e0                NameServer_destroy
                0x000353dc                NameServer_Params_init
                0x00035570                NameServer_create
                0x00035814                NameServer_delete
                0x00035a58                NameServer_open
                0x00035d0c                NameServer_close
                0x00035f70                NameServer_add
                0x000362b0                NameServer_addUInt32
                0x00036490                NameServer_remove
                0x000366d4                NameServer_removeEntry
                0x0003690c                NameServer_get
                0x00036d34                NameServer_getLocal
                0x000370f4                NameServer_getUInt32
                0x000373c0                NameServer_getLocalUInt32
                0x0003767c                NameServer_match
                0x00037940                NameServer_getHandle
                0x00037b6c                NameServer_isRegistered
 .text          0x00037d34      0xcf4 /home/liao/src/syslink/packages/ti/syslink/lib/syslink.a_debug(MultiProc.o)
                0x00037d34                MultiProc_getConfig
                0x00037ee8                MultiProc_setup
                0x00038088                MultiProc_destroy
                0x00038184                MultiProc_setLocalId
                0x00038390                MultiProc_getId
                0x000385a0                MultiProc_getName
                0x00038730                MultiProc_getNumProcessors
                0x000387ac                MultiProc_self
                0x00038828                MultiProc_getSlot
 .text          0x00038a28      0x10c /home/liao/src/syslink/packages/ti/syslink/lib/syslink.a_debug(Gate.o)
                0x00038a28                Gate_enterSystem
                0x00038a8c                Gate_leaveSystem
 .text          0x00038b34       0xc8 /home/liao/src/syslink/packages/ti/syslink/lib/syslink.a_debug(SysLink.o)
                0x00038b34                SysLink_setup
                0x00038ba4                SysLink_destroy
 .text          0x00038bfc      0x4c0 /home/liao/src/syslink/packages/ti/syslink/lib/syslink.a_debug(Cache.o)
                0x00038bfc                Cache_inv
                0x00038d04                Cache_wb
                0x00038e0c                Cache_wbInv
                0x00038f14                Cache_wait
                0x00038fcc                Cache_setMode
 .text          0x000390bc      0x3e8 /home/liao/src/syslink/packages/ti/syslink/lib/syslink.a_debug(NameServerDrv.o)
                0x000390bc                NameServerDrv_open
                0x00039254                NameServerDrv_close
                0x00039370                NameServerDrv_ioctl
 .text          0x000394a4      0x3b4 /home/liao/src/syslink/packages/ti/syslink/lib/syslink.a_debug(MultiProcDrv.o)
                0x000394a4                MultiProcDrv_open
                0x00039638                MultiProcDrv_close
                0x00039754                MultiProcDrv_ioctl
 .text          0x00039858      0x160 /home/liao/src/syslink/packages/ti/syslink/lib/syslink.a_debug(TraceDrv.o)
                0x00039858                TraceDrv_ioctl
 .text          0x000399b8       0xf0 /home/liao/src/syslink/packages/ti/syslink/lib/syslink.a_debug(CacheDrv.o)
                0x000399b8                CacheDrv_ioctl
 .text          0x00039aa8     0x15fc /home/liao/src/syslink/packages/ti/syslink/lib/syslink.a_debug(MemoryOS.o)
                0x00039d90                MemoryOS_setup
                0x00039f3c                MemoryOS_destroy
                0x0003a0f0                MemoryOS_alloc
                0x0003a204                MemoryOS_calloc
                0x0003a308                MemoryOS_free
                0x0003a3fc                MemoryOS_map
                0x0003a858                MemoryOS_unmap
                0x0003ab94                MemoryOS_copy
                0x0003ad2c                MemoryOS_set
                0x0003aeb4                MemoryOS_translate
 .text          0x0003b0a4      0x6e0 /home/liao/src/syslink/packages/ti/syslink/lib/syslink.a_debug(OsalDrv.o)
                0x0003b0a4                OsalDrv_open
                0x0003b244                OsalDrv_close
                0x0003b368                OsalDrv_map
                0x0003b56c                OsalDrv_unmap
                0x0003b648                OsalDrv_ioctl
 .text          0x0003b784      0x530 /home/liao/src/syslink/packages/ti/syslink/lib/syslink.a_debug(OsalMutex.o)
                0x0003b784                OsalMutex_create
                0x0003b8ec                OsalMutex_delete
                0x0003ba58                OsalMutex_enter
                0x0003bb88                OsalMutex_leave
 .text          0x0003bcb4       0x58 /home/liao/src/syslink/packages/ti/syslink/lib/syslink.a_debug(OsalPrint.o)
                0x0003bcb4                Osal_printf
 .text          0x0003bd0c     0x4f2c /home/liao/src/syslink/packages/ti/syslink/lib/syslink.a_debug(ProcMgr.o)
                0x0003bd0c                ProcMgr_getConfig
                0x0003be8c                ProcMgr_setup
                0x0003c03c                ProcMgr_destroy
                0x0003c214                ProcMgr_Params_init
                0x0003c394                ProcMgr_create
                0x0003c7d0                ProcMgr_delete
                0x0003ca8c                ProcMgr_open
                0x0003d12c                ProcMgr_close
                0x0003d568                ProcMgr_getAttachParams
                0x0003d6e0                ProcMgr_attach
                0x0003db54                ProcMgr_detach
                0x0003ddac                ProcMgr_load
                0x0003e0c0                ProcMgr_unload
                0x0003e238                ProcMgr_getStartParams
                0x0003e398                ProcMgr_start
                0x0003e510                ProcMgr_stop
                0x0003e670                ProcMgr_getState
                0x0003e7dc                ProcMgr_read
                0x0003ea78                ProcMgr_write
                0x0003ed14                ProcMgr_control
                0x0003eea0                ProcMgr_translateAddr
                0x0003f314                ProcMgr_getSymbolAddress
                0x0003f5a4                ProcMgr_map
                0x0003fac8                ProcMgr_unmap
                0x000401d0                ProcMgr_registerNotify
                0x000403dc                ProcMgr_getMaxMemoryRegions
                0x0004049c                ProcMgr_getProcInfo
                0x0004068c                ProcMgr_getSectionInfo
                0x0004089c                ProcMgr_getSectionData
                0x00040ad8                ProcMgr_getLoadedFileId
 .text          0x00040c38      0x4f8 /home/liao/src/syslink/packages/ti/syslink/lib/syslink.a_debug(ProcMgrDrvUsr.o)
                0x00040c38                ProcMgrDrvUsr_open
                0x00040dd0                ProcMgrDrvUsr_close
                0x00040eec                ProcMgrDrvUsr_ioctl
 .text          0x00041130      0xa30 /home/liao/src/syslink/packages/ti/syslink/lib/syslink.a_debug(FrameQ_common.o)
                0x00041130                FrameQ_isSupportedInterface
                0x00041178                FrameQ_getExtendedHeaderPtr
                0x000411f8                FrameQ_getNumFrameBuffers
                0x000412e8                FrameQ_getFrameBuffer
                0x0004143c                FrameQ_getFrameBufSize
                0x0004158c                FrameQ_getFrameBufValidSize
                0x000416e8                FrameQ_getFrameBufDataStartOffset
                0x00041840                FrameQ_setFrameBufValidSize
                0x000419d0                FrameQ_setFrameBufDataStartOffset
 .text          0x00041b60     0x292c /home/liao/src/syslink/packages/ti/syslink/lib/syslink.a_debug(ListMP.o)
                0x00041b60                ListMP_getConfig
                0x00041ce0                ListMP_setup
                0x00041e68                ListMP_destroy
                0x00041f98                ListMP_Params_init
                0x00042128                ListMP_create
                0x00042494                ListMP_delete
                0x00042700                ListMP_sharedMemReq
                0x000428ec                ListMP_open
                0x00042b80                ListMP_openByAddr
                0x00042dbc                ListMP_close
                0x00043024                ListMP_empty
                0x000431e0                ListMP_getHead
                0x000433ac                ListMP_getTail
                0x0004356c                ListMP_putHead
                0x000437c0                ListMP_putTail
                0x00043a1c                ListMP_insert
                0x00043cec                ListMP_remove
                0x00043f48                ListMP_next
                0x0004414c                ListMP_prev
                0x00044350                _ListMP_create
                0x00044468                ListMP_getGate
 .text          0x0004448c      0x3e8 /home/liao/src/syslink/packages/ti/syslink/lib/syslink.a_debug(ListMPDrv.o)
                0x0004448c                ListMPDrv_open
                0x00044624                ListMPDrv_close
                0x00044740                ListMPDrv_ioctl
 .text          0x00044874      0x3f8 syslinksamples.o_debug
                0x00044874                SysLinkSamples_startup
                0x000448ac                SysLinkSamples_shutdown
                0x000448e4                SysLinkSamples_setHiddenProcId
                0x000448fc                SysLinkSamples_isAvailableProcId
                0x00044910                SysLinkSamples_setToRunProcIds
                0x00044a90                SysLinkSamples_toRunProcId
                0x00044aa4                SysLinkSamples_osStartup
                0x00044c4c                SysLinkSamples_osShutdown
 .text          0x00044c6c     0x1190 slaveloader.o_debug
                0x000450d4                SlaveLoader_startupArgs
                0x00045498                SlaveLoader_startup
                0x000457fc                SlaveLoader_shutdown
                0x00045ac0                SlaveLoader_printStatus
 .text          0x00045dfc       0x64 /opt/linux-devkit/bin/../arm-arago-linux-gnueabi/usr/lib/./libc_nonshared.a(elf-init.oS)
                0x00045dfc                __libc_csu_init
                0x00045e5c                __libc_csu_fini
 .text          0x00045e60      0x114 /opt/linux-devkit/bin/../lib/gcc/arm-arago-linux-gnueabi/4.5.3/libgcc.a(_udivsi3.o)
                0x00045e60                __udivsi3
                0x00045e60                __aeabi_uidiv
                0x00045f54                __aeabi_uidivmod
 .text          0x00045f74       0x14 /opt/linux-devkit/bin/../lib/gcc/arm-arago-linux-gnueabi/4.5.3/libgcc.a(_dvmd_lnx.o)
                0x00045f74                __aeabi_idiv0
                0x00045f74                __aeabi_ldiv0
 .text          0x00045f88        0x0 /opt/linux-devkit/bin/../lib/gcc/arm-arago-linux-gnueabi/4.5.3/crtend.o
 .text          0x00045f88        0x0 /opt/linux-devkit/bin/../arm-arago-linux-gnueabi/usr/lib/crtn.o
 *(.gnu.warning)
 *(.glue_7t)
 .glue_7t       0x00000000        0x0 linker stubs
 *(.glue_7)
 .glue_7        0x00000000        0x0 linker stubs
 *(.vfp11_veneer)
 .vfp11_veneer  0x00000000        0x0 linker stubs
 *(.v4_bx)
 .v4_bx         0x00000000        0x0 linker stubs

.fini           0x00045f88        0x8
 *(.fini)
 .fini          0x00045f88        0x4 /opt/linux-devkit/bin/../arm-arago-linux-gnueabi/usr/lib/crti.o
                0x00045f88                _fini
 .fini          0x00045f8c        0x4 /opt/linux-devkit/bin/../arm-arago-linux-gnueabi/usr/lib/crtn.o
                0x00045f90                PROVIDE (__etext, .)
                0x00045f90                PROVIDE (_etext, .)
                0x00045f90                PROVIDE (etext, .)

.rodata         0x00045f90    0x160fc
 *(.rodata .rodata.* .gnu.linkonce.r.*)
 .rodata.cst4   0x00045f90        0x4 /opt/linux-devkit/bin/../arm-arago-linux-gnueabi/usr/lib/crt1.o
                0x00045f90                _IO_stdin_used
 .rodata        0x00045f94       0x30 bin/debug/obj/main.ov5T
 .rodata        0x00045fc4      0x248 bin/debug/obj/syslink.ov5T
 .rodata        0x0004620c       0x6c bin/debug/obj/pseudo.ov5T
 .rodata        0x00046278     0x12e8 /home/liao/src/syslink/packages/ti/syslink/lib/syslink.a_debug(SharedRegion.o)
 .rodata        0x00047560      0xc38 /home/liao/src/syslink/packages/ti/syslink/lib/syslink.a_debug(Notify.o)
 .rodata        0x00048198      0xf54 /home/liao/src/syslink/packages/ti/syslink/lib/syslink.a_debug(MessageQ.o)
 .rodata        0x000490ec      0x794 /home/liao/src/syslink/packages/ti/syslink/lib/syslink.a_debug(Ipc.o)
 .rodata        0x00049880     0x117c /home/liao/src/syslink/packages/ti/syslink/lib/syslink.a_debug(RingIO.o)
 .rodata        0x0004a9fc      0x348 /home/liao/src/syslink/packages/ti/syslink/lib/syslink.a_debug(RingIOShm.o)
 .rodata        0x0004ad44     0x1c64 /home/liao/src/syslink/packages/ti/syslink/lib/syslink.a_debug(FrameQ.o)
 .rodata        0x0004c9a8     0x1fc4 /home/liao/src/syslink/packages/ti/syslink/lib/syslink.a_debug(FrameQBufMgr.o)
 .rodata        0x0004e96c     0x13a8 /home/liao/src/syslink/packages/ti/syslink/lib/syslink.a_debug(ClientNotifyMgr.o)
 .rodata        0x0004fd14      0xd08 /home/liao/src/syslink/packages/ti/syslink/lib/syslink.a_debug(HeapMemMP.o)
 .rodata        0x00050a1c      0xca8 /home/liao/src/syslink/packages/ti/syslink/lib/syslink.a_debug(HeapBufMP.o)
 .rodata        0x000516c4      0x9e0 /home/liao/src/syslink/packages/ti/syslink/lib/syslink.a_debug(GateMP.o)
 .rodata        0x000520a4      0x2fc /home/liao/src/syslink/packages/ti/syslink/lib/syslink.a_debug(SharedRegionDrv.o)
 .rodata        0x000523a0      0x418 /home/liao/src/syslink/packages/ti/syslink/lib/syslink.a_debug(NotifyDrvUsr.o)
 .rodata        0x000527b8      0x29c /home/liao/src/syslink/packages/ti/syslink/lib/syslink.a_debug(HeapBufMPDrv.o)
 .rodata        0x00052a54      0x290 /home/liao/src/syslink/packages/ti/syslink/lib/syslink.a_debug(MessageQDrv.o)
 .rodata        0x00052ce4      0x244 /home/liao/src/syslink/packages/ti/syslink/lib/syslink.a_debug(IpcDrv.o)
 .rodata        0x00052f28      0x268 /home/liao/src/syslink/packages/ti/syslink/lib/syslink.a_debug(FrameQDrv.o)
 .rodata        0x00053190      0x2cc /home/liao/src/syslink/packages/ti/syslink/lib/syslink.a_debug(FrameQBufMgrDrv.o)
 .rodata        0x0005345c      0x2f8 /home/liao/src/syslink/packages/ti/syslink/lib/syslink.a_debug(ClientNotifyMgrDrv.o)
 .rodata        0x00053754      0x268 /home/liao/src/syslink/packages/ti/syslink/lib/syslink.a_debug(RingIODrv.o)
 .rodata        0x000539bc      0x290 /home/liao/src/syslink/packages/ti/syslink/lib/syslink.a_debug(RingIOShmDrv.o)
 .rodata        0x00053c4c      0x29c /home/liao/src/syslink/packages/ti/syslink/lib/syslink.a_debug(HeapMemMPDrv.o)
 .rodata        0x00053ee8      0x268 /home/liao/src/syslink/packages/ti/syslink/lib/syslink.a_debug(GateMPDrv.o)
 .rodata        0x00054150      0x228 /home/liao/src/syslink/packages/ti/syslink/lib/syslink.a_debug(GateMutex.o)
 .rodata        0x00054378      0x4cc /home/liao/src/syslink/packages/ti/syslink/lib/syslink.a_debug(Memory.o)
 .rodata        0x00054844      0x84c /home/liao/src/syslink/packages/ti/syslink/lib/syslink.a_debug(List.o)
 .rodata        0x00055090      0x414 /home/liao/src/syslink/packages/ti/syslink/lib/syslink.a_debug(String.o)
 .rodata        0x000554a4       0x50 /home/liao/src/syslink/packages/ti/syslink/lib/syslink.a_debug(Trace.o)
 .rodata        0x000554f4      0xdfc /home/liao/src/syslink/packages/ti/syslink/lib/syslink.a_debug(NameServer.o)
 .rodata        0x000562f0      0x60c /home/liao/src/syslink/packages/ti/syslink/lib/syslink.a_debug(MultiProc.o)
 .rodata        0x000568fc       0x80 /home/liao/src/syslink/packages/ti/syslink/lib/syslink.a_debug(Gate.o)
 .rodata        0x0005697c       0x68 /home/liao/src/syslink/packages/ti/syslink/lib/syslink.a_debug(SysLink.o)
 .rodata        0x000569e4      0x248 /home/liao/src/syslink/packages/ti/syslink/lib/syslink.a_debug(Cache.o)
 .rodata        0x00056c2c      0x2c0 /home/liao/src/syslink/packages/ti/syslink/lib/syslink.a_debug(NameServerDrv.o)
 .rodata        0x00056eec      0x250 /home/liao/src/syslink/packages/ti/syslink/lib/syslink.a_debug(MultiProcDrv.o)
 .rodata        0x0005713c      0x100 /home/liao/src/syslink/packages/ti/syslink/lib/syslink.a_debug(TraceDrv.o)
 .rodata        0x0005723c       0xd0 /home/liao/src/syslink/packages/ti/syslink/lib/syslink.a_debug(CacheDrv.o)
 .rodata        0x0005730c      0x8d0 /home/liao/src/syslink/packages/ti/syslink/lib/syslink.a_debug(MemoryOS.o)
 .rodata        0x00057bdc      0x374 /home/liao/src/syslink/packages/ti/syslink/lib/syslink.a_debug(OsalDrv.o)
 .rodata        0x00057f50      0x328 /home/liao/src/syslink/packages/ti/syslink/lib/syslink.a_debug(OsalMutex.o)
 .rodata        0x00058278        0x4 /home/liao/src/syslink/packages/ti/syslink/lib/syslink.a_debug(OsalPrint.o)
 .rodata        0x0005827c     0x1f48 /home/liao/src/syslink/packages/ti/syslink/lib/syslink.a_debug(ProcMgr.o)
 .rodata        0x0005a1c4      0x358 /home/liao/src/syslink/packages/ti/syslink/lib/syslink.a_debug(ProcMgrDrvUsr.o)
 .rodata        0x0005a51c      0x5e8 /home/liao/src/syslink/packages/ti/syslink/lib/syslink.a_debug(FrameQ_common.o)
 .rodata        0x0005ab04      0xbe8 /home/liao/src/syslink/packages/ti/syslink/lib/syslink.a_debug(ListMP.o)
 .rodata        0x0005b6ec      0x268 /home/liao/src/syslink/packages/ti/syslink/lib/syslink.a_debug(ListMPDrv.o)
 .rodata.str1.4
                0x0005b954      0x180 syslinksamples.o_debug
 .rodata.str1.4
                0x0005bad4      0x5b8 slaveloader.o_debug

.rodata1
 *(.rodata1)

.ARM.extab      0x0005c08c        0x0
 *(.ARM.extab* .gnu.linkonce.armextab.*)
 .ARM.extab     0x0005c08c        0x0 /opt/linux-devkit/bin/../arm-arago-linux-gnueabi/usr/lib/crt1.o
                0x0005c08c                __exidx_start = .

.ARM.exidx      0x0005c08c        0x8
 *(.ARM.exidx* .gnu.linkonce.armexidx.*)
 .ARM.exidx     0x0005c08c        0x8 /opt/linux-devkit/bin/../arm-arago-linux-gnueabi/usr/lib/crt1.o
                0x0005c094                __exidx_end = .

.eh_frame_hdr
 *(.eh_frame_hdr)

.eh_frame
 *(.eh_frame)

.gcc_except_table
 *(.gcc_except_table .gcc_except_table.*)
                0x0005c094                . = (ALIGN (0x8000) - ((0x8000 - .) & 0x7fff))
                0x00064094                . = (0x8000 DATA_SEGMENT_ALIGN 0x1000)

.eh_frame
 *(.eh_frame)

.gcc_except_table
 *(.gcc_except_table .gcc_except_table.*)

.tdata
 *(.tdata .tdata.* .gnu.linkonce.td.*)

.tbss
 *(.tbss .tbss.* .gnu.linkonce.tb.*)
 *(.tcommon)

.preinit_array  0x00064094        0x0
                0x00064094                PROVIDE (__preinit_array_start, .)
 *(.preinit_array)
                0x00064094                PROVIDE (__preinit_array_end, .)

.init_array     0x00064094        0x4
                0x00064094                PROVIDE (__init_array_start, .)
 *(SORT(.init_array.*))
 *(.init_array)
 .init_array    0x00064094        0x4 /opt/linux-devkit/bin/../lib/gcc/arm-arago-linux-gnueabi/4.5.3/crtbegin.o
                0x00064098                PROVIDE (__init_array_end, .)

.fini_array     0x00064098        0x4
                0x00064098                PROVIDE (__fini_array_start, .)
 *(.fini_array)
 .fini_array    0x00064098        0x4 /opt/linux-devkit/bin/../lib/gcc/arm-arago-linux-gnueabi/4.5.3/crtbegin.o
 *(SORT(.fini_array.*))
                0x0006409c                PROVIDE (__fini_array_end, .)

.ctors
 *crtbegin.o(.ctors)
 *crtbegin?.o(.ctors)
 *(EXCLUDE_FILE(*crtend?.o *crtend.o) .ctors)
 *(SORT(.ctors.*))
 *(.ctors)

.dtors
 *crtbegin.o(.dtors)
 *crtbegin?.o(.dtors)
 *(EXCLUDE_FILE(*crtend?.o *crtend.o) .dtors)
 *(SORT(.dtors.*))
 *(.dtors)

.jcr            0x0006409c        0x4
 *(.jcr)
 .jcr           0x0006409c        0x0 /opt/linux-devkit/bin/../lib/gcc/arm-arago-linux-gnueabi/4.5.3/crtbegin.o
 .jcr           0x0006409c        0x4 /opt/linux-devkit/bin/../lib/gcc/arm-arago-linux-gnueabi/4.5.3/crtend.o

.data.rel.ro
 *(.data.rel.ro.local* .gnu.linkonce.d.rel.ro.local.*)
 *(.data.rel.ro* .gnu.linkonce.d.rel.ro.*)

.dynamic        0x000640a0       0xf8
 *(.dynamic)
 .dynamic       0x000640a0       0xf8 /opt/linux-devkit/bin/../arm-arago-linux-gnueabi/usr/lib/crti.o
                0x000640a0                _DYNAMIC
                0x00064198                . = (. DATA_SEGMENT_RELRO_END 0x0)

.got            0x00064198       0xf4
 *(.got.plt)
 .got.plt       0x00064198       0xe0 /opt/linux-devkit/bin/../arm-arago-linux-gnueabi/usr/lib/crti.o
                0x00064198                _GLOBAL_OFFSET_TABLE_
 *(.igot.plt)
 *(.got)
 .got           0x00064278       0x14 /opt/linux-devkit/bin/../arm-arago-linux-gnueabi/usr/lib/crti.o
 *(.igot)

.data           0x0006428c       0xe0
                0x0006428c                PROVIDE (__data_start, .)
 *(.data .data.* .gnu.linkonce.d.*)
 .data          0x0006428c        0x4 /opt/linux-devkit/bin/../arm-arago-linux-gnueabi/usr/lib/crt1.o
                0x0006428c                data_start
                0x0006428c                __data_start
 .data          0x00064290        0x0 /opt/linux-devkit/bin/../arm-arago-linux-gnueabi/usr/lib/crti.o
 .data          0x00064290        0x4 /opt/linux-devkit/bin/../lib/gcc/arm-arago-linux-gnueabi/4.5.3/crtbegin.o
                0x00064290                __dso_handle
 .data          0x00064294        0x0 bin/debug/obj/main.ov5T
 .data          0x00064294        0x0 bin/debug/obj/syslink.ov5T
 .data          0x00064294       0x98 bin/debug/obj/pseudo.ov5T
                0x00064294                baud_arr
                0x000642e0                baud_name
 .data          0x0006432c        0x4 /home/liao/src/syslink/packages/ti/syslink/lib/syslink.a_debug(SharedRegion.o)
                0x0006432c                SharedRegion_module
 .data          0x00064330        0x0 /home/liao/src/syslink/packages/ti/syslink/lib/syslink.a_debug(Notify.o)
 .data          0x00064330        0x4 /home/liao/src/syslink/packages/ti/syslink/lib/syslink.a_debug(MessageQ.o)
                0x00064330                MessageQ_module
 .data          0x00064334        0x0 /home/liao/src/syslink/packages/ti/syslink/lib/syslink.a_debug(Ipc.o)
 .data          0x00064334        0x0 /home/liao/src/syslink/packages/ti/syslink/lib/syslink.a_debug(RingIO.o)
 .data          0x00064334        0x0 /home/liao/src/syslink/packages/ti/syslink/lib/syslink.a_debug(RingIOShm.o)
 .data          0x00064334        0x4 /home/liao/src/syslink/packages/ti/syslink/lib/syslink.a_debug(FrameQ.o)
                0x00064334                FrameQ_module
 .data          0x00064338        0x4 /home/liao/src/syslink/packages/ti/syslink/lib/syslink.a_debug(FrameQBufMgr.o)
                0x00064338                FrameQBufMgr_module
 .data          0x0006433c        0x4 /home/liao/src/syslink/packages/ti/syslink/lib/syslink.a_debug(ClientNotifyMgr.o)
                0x0006433c                ClientNotifyMgr_module
 .data          0x00064340        0x0 /home/liao/src/syslink/packages/ti/syslink/lib/syslink.a_debug(HeapMemMP.o)
 .data          0x00064340        0x4 /home/liao/src/syslink/packages/ti/syslink/lib/syslink.a_debug(HeapBufMP.o)
                0x00064340                HeapBufMP_module
 .data          0x00064344        0x4 /home/liao/src/syslink/packages/ti/syslink/lib/syslink.a_debug(GateMP.o)
 .data          0x00064348        0x0 /home/liao/src/syslink/packages/ti/syslink/lib/syslink.a_debug(SharedRegionDrv.o)
 .data          0x00064348        0x4 /home/liao/src/syslink/packages/ti/syslink/lib/syslink.a_debug(NotifyDrvUsr.o)
 .data          0x0006434c        0x0 /home/liao/src/syslink/packages/ti/syslink/lib/syslink.a_debug(HeapBufMPDrv.o)
 .data          0x0006434c        0x0 /home/liao/src/syslink/packages/ti/syslink/lib/syslink.a_debug(MessageQDrv.o)
 .data          0x0006434c        0x0 /home/liao/src/syslink/packages/ti/syslink/lib/syslink.a_debug(IpcDrv.o)
 .data          0x0006434c        0x0 /home/liao/src/syslink/packages/ti/syslink/lib/syslink.a_debug(FrameQDrv.o)
 .data          0x0006434c        0x0 /home/liao/src/syslink/packages/ti/syslink/lib/syslink.a_debug(FrameQBufMgrDrv.o)
 .data          0x0006434c        0x0 /home/liao/src/syslink/packages/ti/syslink/lib/syslink.a_debug(ClientNotifyMgrDrv.o)
 .data          0x0006434c        0x0 /home/liao/src/syslink/packages/ti/syslink/lib/syslink.a_debug(RingIODrv.o)
 .data          0x0006434c        0x0 /home/liao/src/syslink/packages/ti/syslink/lib/syslink.a_debug(RingIOShmDrv.o)
 .data          0x0006434c        0x0 /home/liao/src/syslink/packages/ti/syslink/lib/syslink.a_debug(HeapMemMPDrv.o)
 .data          0x0006434c        0x0 /home/liao/src/syslink/packages/ti/syslink/lib/syslink.a_debug(GateMPDrv.o)
 .data          0x0006434c        0x0 /home/liao/src/syslink/packages/ti/syslink/lib/syslink.a_debug(GateMutex.o)
 .data          0x0006434c        0x0 /home/liao/src/syslink/packages/ti/syslink/lib/syslink.a_debug(Memory.o)
 .data          0x0006434c        0x0 /home/liao/src/syslink/packages/ti/syslink/lib/syslink.a_debug(List.o)
 .data          0x0006434c        0x0 /home/liao/src/syslink/packages/ti/syslink/lib/syslink.a_debug(String.o)
 .data          0x0006434c        0x0 /home/liao/src/syslink/packages/ti/syslink/lib/syslink.a_debug(Trace.o)
 .data          0x0006434c        0x4 /home/liao/src/syslink/packages/ti/syslink/lib/syslink.a_debug(NameServer.o)
                0x0006434c                NameServer_module
 .data          0x00064350        0x4 /home/liao/src/syslink/packages/ti/syslink/lib/syslink.a_debug(MultiProc.o)
                0x00064350                MultiProc_module
 .data          0x00064354        0xc /home/liao/src/syslink/packages/ti/syslink/lib/syslink.a_debug(Gate.o)
                0x00064354                Gate_systemObject
                0x0006435c                Gate_systemHandle
 .data          0x00064360        0x0 /home/liao/src/syslink/packages/ti/syslink/lib/syslink.a_debug(SysLink.o)
 .data          0x00064360        0x0 /home/liao/src/syslink/packages/ti/syslink/lib/syslink.a_debug(Cache.o)
 .data          0x00064360        0x0 /home/liao/src/syslink/packages/ti/syslink/lib/syslink.a_debug(NameServerDrv.o)
 .data          0x00064360        0x0 /home/liao/src/syslink/packages/ti/syslink/lib/syslink.a_debug(MultiProcDrv.o)
 .data          0x00064360        0x0 /home/liao/src/syslink/packages/ti/syslink/lib/syslink.a_debug(TraceDrv.o)
 .data          0x00064360        0x0 /home/liao/src/syslink/packages/ti/syslink/lib/syslink.a_debug(CacheDrv.o)
 .data          0x00064360        0x0 /home/liao/src/syslink/packages/ti/syslink/lib/syslink.a_debug(MemoryOS.o)
 .data          0x00064360        0x4 /home/liao/src/syslink/packages/ti/syslink/lib/syslink.a_debug(OsalDrv.o)
 .data          0x00064364        0x0 /home/liao/src/syslink/packages/ti/syslink/lib/syslink.a_debug(OsalMutex.o)
 .data          0x00064364        0x0 /home/liao/src/syslink/packages/ti/syslink/lib/syslink.a_debug(OsalPrint.o)
 .data          0x00064364        0x0 /home/liao/src/syslink/packages/ti/syslink/lib/syslink.a_debug(ProcMgr.o)
 .data          0x00064364        0x4 /home/liao/src/syslink/packages/ti/syslink/lib/syslink.a_debug(ProcMgrDrvUsr.o)
 .data          0x00064368        0x0 /home/liao/src/syslink/packages/ti/syslink/lib/syslink.a_debug(FrameQ_common.o)
 .data          0x00064368        0x4 /home/liao/src/syslink/packages/ti/syslink/lib/syslink.a_debug(ListMP.o)
                0x00064368                ListMP_module
 .data          0x0006436c        0x0 /home/liao/src/syslink/packages/ti/syslink/lib/syslink.a_debug(ListMPDrv.o)
 .data          0x0006436c        0x0 syslinksamples.o_debug
 .data          0x0006436c        0x0 slaveloader.o_debug
 .data          0x0006436c        0x0 /opt/linux-devkit/bin/../arm-arago-linux-gnueabi/usr/lib/./libc_nonshared.a(elf-init.oS)
 .data          0x0006436c        0x0 /opt/linux-devkit/bin/../lib/gcc/arm-arago-linux-gnueabi/4.5.3/libgcc.a(_udivsi3.o)
 .data          0x0006436c        0x0 /opt/linux-devkit/bin/../lib/gcc/arm-arago-linux-gnueabi/4.5.3/libgcc.a(_dvmd_lnx.o)
 .data          0x0006436c        0x0 /opt/linux-devkit/bin/../lib/gcc/arm-arago-linux-gnueabi/4.5.3/crtend.o
 .data          0x0006436c        0x0 /opt/linux-devkit/bin/../arm-arago-linux-gnueabi/usr/lib/crtn.o

.data1
 *(.data1)
                0x0006436c                _edata = .
                0x0006436c                PROVIDE (edata, .)
                0x0006436c                __bss_start = .
                0x0006436c                __bss_start__ = .

.bss            0x0006436c    0x2d974
 *(.dynbss)
 .dynbss        0x00000000        0x0 /opt/linux-devkit/bin/../arm-arago-linux-gnueabi/usr/lib/crti.o
 *(.bss .bss.* .gnu.linkonce.b.*)
 .bss           0x0006436c        0x0 /opt/linux-devkit/bin/../arm-arago-linux-gnueabi/usr/lib/crt1.o
 .bss           0x0006436c        0x0 /opt/linux-devkit/bin/../arm-arago-linux-gnueabi/usr/lib/crti.o
 .bss           0x0006436c        0x1 /opt/linux-devkit/bin/../lib/gcc/arm-arago-linux-gnueabi/4.5.3/crtbegin.o
 .bss           0x0006436d        0x0 bin/debug/obj/main.ov5T
 *fill*         0x0006436d        0x3 00
 .bss           0x00064370        0x4 bin/debug/obj/syslink.ov5T
 .bss           0x00064374      0x200 bin/debug/obj/pseudo.ov5T
 .bss           0x00064574      0x138 /home/liao/src/syslink/packages/ti/syslink/lib/syslink.a_debug(SharedRegion.o)
                0x00064574                SharedRegion_state
 .bss           0x000646ac       0x14 /home/liao/src/syslink/packages/ti/syslink/lib/syslink.a_debug(Notify.o)
                0x000646ac                Notify_state
 .bss           0x000646c0        0x4 /home/liao/src/syslink/packages/ti/syslink/lib/syslink.a_debug(MessageQ.o)
                0x000646c0                MessageQ_state
 .bss           0x000646c4       0x34 /home/liao/src/syslink/packages/ti/syslink/lib/syslink.a_debug(Ipc.o)
                0x000646c4                Ipc_state
                0x000646ec                SysLinkCfg_sysMemMap
                0x000646f4                SysLink_params
 .bss           0x000646f8        0xc /home/liao/src/syslink/packages/ti/syslink/lib/syslink.a_debug(RingIO.o)
                0x000646f8                RingIO_state
 .bss           0x00064704        0x8 /home/liao/src/syslink/packages/ti/syslink/lib/syslink.a_debug(RingIOShm.o)
                0x00064704                RingIOShm_state
 .bss           0x0006470c       0x20 /home/liao/src/syslink/packages/ti/syslink/lib/syslink.a_debug(FrameQ.o)
                0x0006470c                FrameQ_module_obj
 .bss           0x0006472c       0x20 /home/liao/src/syslink/packages/ti/syslink/lib/syslink.a_debug(FrameQBufMgr.o)
                0x0006472c                FrameQBufMgr_module_obj
 .bss           0x0006474c    0x2d024 /home/liao/src/syslink/packages/ti/syslink/lib/syslink.a_debug(ClientNotifyMgr.o)
                0x0006474c                ClientNotifyMgr_module_obj
 .bss           0x00091770        0x4 /home/liao/src/syslink/packages/ti/syslink/lib/syslink.a_debug(HeapMemMP.o)
                0x00091770                HeapMemMP_state
 .bss           0x00091774        0x4 /home/liao/src/syslink/packages/ti/syslink/lib/syslink.a_debug(HeapBufMP.o)
                0x00091774                HeapBufMP_state
 .bss           0x00091778       0x1c /home/liao/src/syslink/packages/ti/syslink/lib/syslink.a_debug(GateMP.o)
 .bss           0x00091794        0x8 /home/liao/src/syslink/packages/ti/syslink/lib/syslink.a_debug(SharedRegionDrv.o)
 .bss           0x0009179c        0xc /home/liao/src/syslink/packages/ti/syslink/lib/syslink.a_debug(NotifyDrvUsr.o)
 .bss           0x000917a8        0x8 /home/liao/src/syslink/packages/ti/syslink/lib/syslink.a_debug(HeapBufMPDrv.o)
 .bss           0x000917b0        0x8 /home/liao/src/syslink/packages/ti/syslink/lib/syslink.a_debug(MessageQDrv.o)
 .bss           0x000917b8        0x8 /home/liao/src/syslink/packages/ti/syslink/lib/syslink.a_debug(IpcDrv.o)
 .bss           0x000917c0        0x8 /home/liao/src/syslink/packages/ti/syslink/lib/syslink.a_debug(FrameQDrv.o)
 .bss           0x000917c8        0x8 /home/liao/src/syslink/packages/ti/syslink/lib/syslink.a_debug(FrameQBufMgrDrv.o)
 .bss           0x000917d0        0x8 /home/liao/src/syslink/packages/ti/syslink/lib/syslink.a_debug(ClientNotifyMgrDrv.o)
 .bss           0x000917d8        0x8 /home/liao/src/syslink/packages/ti/syslink/lib/syslink.a_debug(RingIODrv.o)
 .bss           0x000917e0        0x8 /home/liao/src/syslink/packages/ti/syslink/lib/syslink.a_debug(RingIOShmDrv.o)
 .bss           0x000917e8        0x8 /home/liao/src/syslink/packages/ti/syslink/lib/syslink.a_debug(HeapMemMPDrv.o)
 .bss           0x000917f0        0x8 /home/liao/src/syslink/packages/ti/syslink/lib/syslink.a_debug(GateMPDrv.o)
 .bss           0x000917f8        0x4 /home/liao/src/syslink/packages/ti/syslink/lib/syslink.a_debug(GateMutex.o)
 .bss           0x000917fc        0x0 /home/liao/src/syslink/packages/ti/syslink/lib/syslink.a_debug(Memory.o)
 .bss           0x000917fc        0x0 /home/liao/src/syslink/packages/ti/syslink/lib/syslink.a_debug(List.o)
 .bss           0x000917fc        0x0 /home/liao/src/syslink/packages/ti/syslink/lib/syslink.a_debug(String.o)
 .bss           0x000917fc        0x4 /home/liao/src/syslink/packages/ti/syslink/lib/syslink.a_debug(Trace.o)
                0x000917fc                curTrace
 .bss           0x00091800        0xc /home/liao/src/syslink/packages/ti/syslink/lib/syslink.a_debug(NameServer.o)
                0x00091800                NameServer_state
 .bss           0x0009180c      0x298 /home/liao/src/syslink/packages/ti/syslink/lib/syslink.a_debug(MultiProc.o)
                0x0009180c                MultiProc_state
 .bss           0x00091aa4       0x18 /home/liao/src/syslink/packages/ti/syslink/lib/syslink.a_debug(Gate.o)
                0x00091aa4                staticMutex
 .bss           0x00091abc        0x0 /home/liao/src/syslink/packages/ti/syslink/lib/syslink.a_debug(SysLink.o)
 .bss           0x00091abc        0x0 /home/liao/src/syslink/packages/ti/syslink/lib/syslink.a_debug(Cache.o)
 .bss           0x00091abc        0x8 /home/liao/src/syslink/packages/ti/syslink/lib/syslink.a_debug(NameServerDrv.o)
 .bss           0x00091ac4        0x8 /home/liao/src/syslink/packages/ti/syslink/lib/syslink.a_debug(MultiProcDrv.o)
 .bss           0x00091acc        0x0 /home/liao/src/syslink/packages/ti/syslink/lib/syslink.a_debug(TraceDrv.o)
 .bss           0x00091acc        0x0 /home/liao/src/syslink/packages/ti/syslink/lib/syslink.a_debug(CacheDrv.o)
 .bss           0x00091acc       0x18 /home/liao/src/syslink/packages/ti/syslink/lib/syslink.a_debug(MemoryOS.o)
 .bss           0x00091ae4        0x4 /home/liao/src/syslink/packages/ti/syslink/lib/syslink.a_debug(OsalDrv.o)
 .bss           0x00091ae8        0x0 /home/liao/src/syslink/packages/ti/syslink/lib/syslink.a_debug(OsalMutex.o)
 .bss           0x00091ae8        0x0 /home/liao/src/syslink/packages/ti/syslink/lib/syslink.a_debug(OsalPrint.o)
 .bss           0x00091ae8       0x2c /home/liao/src/syslink/packages/ti/syslink/lib/syslink.a_debug(ProcMgr.o)
                0x00091ae8                ProcMgr_state
 .bss           0x00091b14        0x4 /home/liao/src/syslink/packages/ti/syslink/lib/syslink.a_debug(ProcMgrDrvUsr.o)
 .bss           0x00091b18        0x0 /home/liao/src/syslink/packages/ti/syslink/lib/syslink.a_debug(FrameQ_common.o)
 .bss           0x00091b18        0x4 /home/liao/src/syslink/packages/ti/syslink/lib/syslink.a_debug(ListMP.o)
                0x00091b18                ListMP_state
 .bss           0x00091b1c        0x8 /home/liao/src/syslink/packages/ti/syslink/lib/syslink.a_debug(ListMPDrv.o)
 .bss           0x00091b24        0x4 syslinksamples.o_debug
                0x00091b24                SysLinkSamples_oldTraceMask
 .bss           0x00091b28        0x0 slaveloader.o_debug
 .bss           0x00091b28        0x0 /opt/linux-devkit/bin/../arm-arago-linux-gnueabi/usr/lib/./libc_nonshared.a(elf-init.oS)
 .bss           0x00091b28        0x0 /opt/linux-devkit/bin/../lib/gcc/arm-arago-linux-gnueabi/4.5.3/libgcc.a(_udivsi3.o)
 .bss           0x00091b28        0x0 /opt/linux-devkit/bin/../lib/gcc/arm-arago-linux-gnueabi/4.5.3/libgcc.a(_dvmd_lnx.o)
 .bss           0x00091b28        0x0 /opt/linux-devkit/bin/../lib/gcc/arm-arago-linux-gnueabi/4.5.3/crtend.o
 .bss           0x00091b28        0x0 /opt/linux-devkit/bin/../arm-arago-linux-gnueabi/usr/lib/crtn.o
 *(COMMON)
 COMMON         0x00091b28      0x17c bin/debug/obj/syslink.ov5T
                0x00091b28                syslink
 COMMON         0x00091ca4        0x4 /home/liao/src/syslink/packages/ti/syslink/lib/syslink.a_debug(NameServer.o)
                0x00091ca4                NameServer_Object
 COMMON         0x00091ca8       0x10 /home/liao/src/syslink/packages/ti/syslink/lib/syslink.a_debug(MemoryOS.o)
                0x00091ca8                MemoryOS_state
 COMMON         0x00091cb8       0x28 syslinksamples.o_debug
                0x00091cb8                SysLinkSamples_runProcIds
                0x00091ccc                SysLinkSamples_availableProcIds
                0x00091ce0                . = ALIGN ((. != 0x0)?0x4:0x1)
                0x00091ce0                _bss_end__ = .
                0x00091ce0                __bss_end__ = .
                0x00091ce0                . = ALIGN (0x4)
                0x00091ce0                . = ALIGN (0x4)
                0x00091ce0                __end__ = .
                0x00091ce0                _end = .
                0x00091ce0                PROVIDE (end, .)
                0x00091ce0                . = DATA_SEGMENT_END (.)

.stab
 *(.stab)

.stabstr
 *(.stabstr)

.stab.excl
 *(.stab.excl)

.stab.exclstr
 *(.stab.exclstr)

.stab.index
 *(.stab.index)

.stab.indexstr
 *(.stab.indexstr)

.ARM.attributes
                0x00000000       0x29
 .ARM.attributes
                0x00000000       0x29 /opt/linux-devkit/bin/../arm-arago-linux-gnueabi/usr/lib/crt1.o
 .ARM.attributes
                0x00000029       0x2b /opt/linux-devkit/bin/../arm-arago-linux-gnueabi/usr/lib/crti.o
 .ARM.attributes
                0x00000054       0x32 /opt/linux-devkit/bin/../lib/gcc/arm-arago-linux-gnueabi/4.5.3/crtbegin.o
 .ARM.attributes
                0x00000086       0x2a bin/debug/obj/main.ov5T
 .ARM.attributes
                0x000000b0       0x2a bin/debug/obj/syslink.ov5T
 .ARM.attributes
                0x000000da       0x2a bin/debug/obj/pseudo.ov5T
 .ARM.attributes
                0x00000104       0x32 /home/liao/src/syslink/packages/ti/syslink/lib/syslink.a_debug(SharedRegion.o)
 .ARM.attributes
                0x00000136       0x32 /home/liao/src/syslink/packages/ti/syslink/lib/syslink.a_debug(Notify.o)
 .ARM.attributes
                0x00000168       0x32 /home/liao/src/syslink/packages/ti/syslink/lib/syslink.a_debug(MessageQ.o)
 .ARM.attributes
                0x0000019a       0x32 /home/liao/src/syslink/packages/ti/syslink/lib/syslink.a_debug(Ipc.o)
 .ARM.attributes
                0x000001cc       0x32 /home/liao/src/syslink/packages/ti/syslink/lib/syslink.a_debug(RingIO.o)
 .ARM.attributes
                0x000001fe       0x32 /home/liao/src/syslink/packages/ti/syslink/lib/syslink.a_debug(RingIOShm.o)
 .ARM.attributes
                0x00000230       0x32 /home/liao/src/syslink/packages/ti/syslink/lib/syslink.a_debug(FrameQ.o)
 .ARM.attributes
                0x00000262       0x32 /home/liao/src/syslink/packages/ti/syslink/lib/syslink.a_debug(FrameQBufMgr.o)
 .ARM.attributes
                0x00000294       0x32 /home/liao/src/syslink/packages/ti/syslink/lib/syslink.a_debug(ClientNotifyMgr.o)
 .ARM.attributes
                0x000002c6       0x32 /home/liao/src/syslink/packages/ti/syslink/lib/syslink.a_debug(HeapMemMP.o)
 .ARM.attributes
                0x000002f8       0x32 /home/liao/src/syslink/packages/ti/syslink/lib/syslink.a_debug(HeapBufMP.o)
 .ARM.attributes
                0x0000032a       0x32 /home/liao/src/syslink/packages/ti/syslink/lib/syslink.a_debug(GateMP.o)
 .ARM.attributes
                0x0000035c       0x32 /home/liao/src/syslink/packages/ti/syslink/lib/syslink.a_debug(SharedRegionDrv.o)
 .ARM.attributes
                0x0000038e       0x32 /home/liao/src/syslink/packages/ti/syslink/lib/syslink.a_debug(NotifyDrvUsr.o)
 .ARM.attributes
                0x000003c0       0x32 /home/liao/src/syslink/packages/ti/syslink/lib/syslink.a_debug(HeapBufMPDrv.o)
 .ARM.attributes
                0x000003f2       0x32 /home/liao/src/syslink/packages/ti/syslink/lib/syslink.a_debug(MessageQDrv.o)
 .ARM.attributes
                0x00000424       0x32 /home/liao/src/syslink/packages/ti/syslink/lib/syslink.a_debug(IpcDrv.o)
 .ARM.attributes
                0x00000456       0x32 /home/liao/src/syslink/packages/ti/syslink/lib/syslink.a_debug(FrameQDrv.o)
 .ARM.attributes
                0x00000488       0x32 /home/liao/src/syslink/packages/ti/syslink/lib/syslink.a_debug(FrameQBufMgrDrv.o)
 .ARM.attributes
                0x000004ba       0x32 /home/liao/src/syslink/packages/ti/syslink/lib/syslink.a_debug(ClientNotifyMgrDrv.o)
 .ARM.attributes
                0x000004ec       0x32 /home/liao/src/syslink/packages/ti/syslink/lib/syslink.a_debug(RingIODrv.o)
 .ARM.attributes
                0x0000051e       0x32 /home/liao/src/syslink/packages/ti/syslink/lib/syslink.a_debug(RingIOShmDrv.o)
 .ARM.attributes
                0x00000550       0x32 /home/liao/src/syslink/packages/ti/syslink/lib/syslink.a_debug(HeapMemMPDrv.o)
 .ARM.attributes
                0x00000582       0x32 /home/liao/src/syslink/packages/ti/syslink/lib/syslink.a_debug(GateMPDrv.o)
 .ARM.attributes
                0x000005b4       0x32 /home/liao/src/syslink/packages/ti/syslink/lib/syslink.a_debug(GateMutex.o)
 .ARM.attributes
                0x000005e6       0x32 /home/liao/src/syslink/packages/ti/syslink/lib/syslink.a_debug(Memory.o)
 .ARM.attributes
                0x00000618       0x32 /home/liao/src/syslink/packages/ti/syslink/lib/syslink.a_debug(List.o)
 .ARM.attributes
                0x0000064a       0x32 /home/liao/src/syslink/packages/ti/syslink/lib/syslink.a_debug(String.o)
 .ARM.attributes
                0x0000067c       0x32 /home/liao/src/syslink/packages/ti/syslink/lib/syslink.a_debug(Trace.o)
 .ARM.attributes
                0x000006ae       0x32 /home/liao/src/syslink/packages/ti/syslink/lib/syslink.a_debug(NameServer.o)
 .ARM.attributes
                0x000006e0       0x32 /home/liao/src/syslink/packages/ti/syslink/lib/syslink.a_debug(MultiProc.o)
 .ARM.attributes
                0x00000712       0x32 /home/liao/src/syslink/packages/ti/syslink/lib/syslink.a_debug(Gate.o)
 .ARM.attributes
                0x00000744       0x32 /home/liao/src/syslink/packages/ti/syslink/lib/syslink.a_debug(SysLink.o)
 .ARM.attributes
                0x00000776       0x32 /home/liao/src/syslink/packages/ti/syslink/lib/syslink.a_debug(Cache.o)
 .ARM.attributes
                0x000007a8       0x32 /home/liao/src/syslink/packages/ti/syslink/lib/syslink.a_debug(NameServerDrv.o)
 .ARM.attributes
                0x000007da       0x32 /home/liao/src/syslink/packages/ti/syslink/lib/syslink.a_debug(MultiProcDrv.o)
 .ARM.attributes
                0x0000080c       0x32 /home/liao/src/syslink/packages/ti/syslink/lib/syslink.a_debug(TraceDrv.o)
 .ARM.attributes
                0x0000083e       0x32 /home/liao/src/syslink/packages/ti/syslink/lib/syslink.a_debug(CacheDrv.o)
 .ARM.attributes
                0x00000870       0x32 /home/liao/src/syslink/packages/ti/syslink/lib/syslink.a_debug(MemoryOS.o)
 .ARM.attributes
                0x000008a2       0x32 /home/liao/src/syslink/packages/ti/syslink/lib/syslink.a_debug(OsalDrv.o)
 .ARM.attributes
                0x000008d4       0x32 /home/liao/src/syslink/packages/ti/syslink/lib/syslink.a_debug(OsalMutex.o)
 .ARM.attributes
                0x00000906       0x32 /home/liao/src/syslink/packages/ti/syslink/lib/syslink.a_debug(OsalPrint.o)
 .ARM.attributes
                0x00000938       0x32 /home/liao/src/syslink/packages/ti/syslink/lib/syslink.a_debug(ProcMgr.o)
 .ARM.attributes
                0x0000096a       0x32 /home/liao/src/syslink/packages/ti/syslink/lib/syslink.a_debug(ProcMgrDrvUsr.o)
 .ARM.attributes
                0x0000099c       0x32 /home/liao/src/syslink/packages/ti/syslink/lib/syslink.a_debug(FrameQ_common.o)
 .ARM.attributes
                0x000009ce       0x32 /home/liao/src/syslink/packages/ti/syslink/lib/syslink.a_debug(ListMP.o)
 .ARM.attributes
                0x00000a00       0x32 /home/liao/src/syslink/packages/ti/syslink/lib/syslink.a_debug(ListMPDrv.o)
 .ARM.attributes
                0x00000a32       0x32 syslinksamples.o_debug
 .ARM.attributes
                0x00000a64       0x32 slaveloader.o_debug
 .ARM.attributes
                0x00000a96       0x2b /opt/linux-devkit/bin/../arm-arago-linux-gnueabi/usr/lib/./libc_nonshared.a(elf-init.oS)
 .ARM.attributes
                0x00000ac1       0x18 /opt/linux-devkit/bin/../lib/gcc/arm-arago-linux-gnueabi/4.5.3/libgcc.a(_udivsi3.o)
 .ARM.attributes
                0x00000ad9       0x18 /opt/linux-devkit/bin/../lib/gcc/arm-arago-linux-gnueabi/4.5.3/libgcc.a(_dvmd_lnx.o)
 .ARM.attributes
                0x00000af1       0x32 /opt/linux-devkit/bin/../lib/gcc/arm-arago-linux-gnueabi/4.5.3/crtend.o
 .ARM.attributes
                0x00000b23       0x2b /opt/linux-devkit/bin/../arm-arago-linux-gnueabi/usr/lib/crtn.o

.comment        0x00000000       0x27
 *(.comment)
 .comment       0x00000000       0x27 /opt/linux-devkit/bin/../arm-arago-linux-gnueabi/usr/lib/crt1.o
                                 0x28 (size before relaxing)
 .comment       0x00000000       0x28 /opt/linux-devkit/bin/../arm-arago-linux-gnueabi/usr/lib/crti.o
 .comment       0x00000000       0x28 /opt/linux-devkit/bin/../lib/gcc/arm-arago-linux-gnueabi/4.5.3/crtbegin.o
 .comment       0x00000000       0x28 bin/debug/obj/main.ov5T
 .comment       0x00000000       0x28 bin/debug/obj/syslink.ov5T
 .comment       0x00000000       0x28 bin/debug/obj/pseudo.ov5T
 .comment       0x00000000       0x28 /home/liao/src/syslink/packages/ti/syslink/lib/syslink.a_debug(SharedRegion.o)
 .comment       0x00000000       0x28 /home/liao/src/syslink/packages/ti/syslink/lib/syslink.a_debug(Notify.o)
 .comment       0x00000000       0x28 /home/liao/src/syslink/packages/ti/syslink/lib/syslink.a_debug(MessageQ.o)
 .comment       0x00000000       0x28 /home/liao/src/syslink/packages/ti/syslink/lib/syslink.a_debug(Ipc.o)
 .comment       0x00000000       0x28 /home/liao/src/syslink/packages/ti/syslink/lib/syslink.a_debug(RingIO.o)
 .comment       0x00000000       0x28 /home/liao/src/syslink/packages/ti/syslink/lib/syslink.a_debug(RingIOShm.o)
 .comment       0x00000000       0x28 /home/liao/src/syslink/packages/ti/syslink/lib/syslink.a_debug(FrameQ.o)
 .comment       0x00000000       0x28 /home/liao/src/syslink/packages/ti/syslink/lib/syslink.a_debug(FrameQBufMgr.o)
 .comment       0x00000000       0x28 /home/liao/src/syslink/packages/ti/syslink/lib/syslink.a_debug(ClientNotifyMgr.o)
 .comment       0x00000000       0x28 /home/liao/src/syslink/packages/ti/syslink/lib/syslink.a_debug(HeapMemMP.o)
 .comment       0x00000000       0x28 /home/liao/src/syslink/packages/ti/syslink/lib/syslink.a_debug(HeapBufMP.o)
 .comment       0x00000000       0x28 /home/liao/src/syslink/packages/ti/syslink/lib/syslink.a_debug(GateMP.o)
 .comment       0x00000000       0x28 /home/liao/src/syslink/packages/ti/syslink/lib/syslink.a_debug(SharedRegionDrv.o)
 .comment       0x00000000       0x28 /home/liao/src/syslink/packages/ti/syslink/lib/syslink.a_debug(NotifyDrvUsr.o)
 .comment       0x00000000       0x28 /home/liao/src/syslink/packages/ti/syslink/lib/syslink.a_debug(HeapBufMPDrv.o)
 .comment       0x00000000       0x28 /home/liao/src/syslink/packages/ti/syslink/lib/syslink.a_debug(MessageQDrv.o)
 .comment       0x00000000       0x28 /home/liao/src/syslink/packages/ti/syslink/lib/syslink.a_debug(IpcDrv.o)
 .comment       0x00000000       0x28 /home/liao/src/syslink/packages/ti/syslink/lib/syslink.a_debug(FrameQDrv.o)
 .comment       0x00000000       0x28 /home/liao/src/syslink/packages/ti/syslink/lib/syslink.a_debug(FrameQBufMgrDrv.o)
 .comment       0x00000000       0x28 /home/liao/src/syslink/packages/ti/syslink/lib/syslink.a_debug(ClientNotifyMgrDrv.o)
 .comment       0x00000000       0x28 /home/liao/src/syslink/packages/ti/syslink/lib/syslink.a_debug(RingIODrv.o)
 .comment       0x00000000       0x28 /home/liao/src/syslink/packages/ti/syslink/lib/syslink.a_debug(RingIOShmDrv.o)
 .comment       0x00000000       0x28 /home/liao/src/syslink/packages/ti/syslink/lib/syslink.a_debug(HeapMemMPDrv.o)
 .comment       0x00000000       0x28 /home/liao/src/syslink/packages/ti/syslink/lib/syslink.a_debug(GateMPDrv.o)
 .comment       0x00000000       0x28 /home/liao/src/syslink/packages/ti/syslink/lib/syslink.a_debug(GateMutex.o)
 .comment       0x00000000       0x28 /home/liao/src/syslink/packages/ti/syslink/lib/syslink.a_debug(Memory.o)
 .comment       0x00000000       0x28 /home/liao/src/syslink/packages/ti/syslink/lib/syslink.a_debug(List.o)
 .comment       0x00000000       0x28 /home/liao/src/syslink/packages/ti/syslink/lib/syslink.a_debug(String.o)
 .comment       0x00000000       0x28 /home/liao/src/syslink/packages/ti/syslink/lib/syslink.a_debug(Trace.o)
 .comment       0x00000000       0x28 /home/liao/src/syslink/packages/ti/syslink/lib/syslink.a_debug(NameServer.o)
 .comment       0x00000000       0x28 /home/liao/src/syslink/packages/ti/syslink/lib/syslink.a_debug(MultiProc.o)
 .comment       0x00000000       0x28 /home/liao/src/syslink/packages/ti/syslink/lib/syslink.a_debug(Gate.o)
 .comment       0x00000000       0x28 /home/liao/src/syslink/packages/ti/syslink/lib/syslink.a_debug(SysLink.o)
 .comment       0x00000000       0x28 /home/liao/src/syslink/packages/ti/syslink/lib/syslink.a_debug(Cache.o)
 .comment       0x00000000       0x28 /home/liao/src/syslink/packages/ti/syslink/lib/syslink.a_debug(NameServerDrv.o)
 .comment       0x00000000       0x28 /home/liao/src/syslink/packages/ti/syslink/lib/syslink.a_debug(MultiProcDrv.o)
 .comment       0x00000000       0x28 /home/liao/src/syslink/packages/ti/syslink/lib/syslink.a_debug(TraceDrv.o)
 .comment       0x00000000       0x28 /home/liao/src/syslink/packages/ti/syslink/lib/syslink.a_debug(CacheDrv.o)
 .comment       0x00000000       0x28 /home/liao/src/syslink/packages/ti/syslink/lib/syslink.a_debug(MemoryOS.o)
 .comment       0x00000000       0x28 /home/liao/src/syslink/packages/ti/syslink/lib/syslink.a_debug(OsalDrv.o)
 .comment       0x00000000       0x28 /home/liao/src/syslink/packages/ti/syslink/lib/syslink.a_debug(OsalMutex.o)
 .comment       0x00000000       0x28 /home/liao/src/syslink/packages/ti/syslink/lib/syslink.a_debug(OsalPrint.o)
 .comment       0x00000000       0x28 /home/liao/src/syslink/packages/ti/syslink/lib/syslink.a_debug(ProcMgr.o)
 .comment       0x00000000       0x28 /home/liao/src/syslink/packages/ti/syslink/lib/syslink.a_debug(ProcMgrDrvUsr.o)
 .comment       0x00000000       0x28 /home/liao/src/syslink/packages/ti/syslink/lib/syslink.a_debug(FrameQ_common.o)
 .comment       0x00000000       0x28 /home/liao/src/syslink/packages/ti/syslink/lib/syslink.a_debug(ListMP.o)
 .comment       0x00000000       0x28 /home/liao/src/syslink/packages/ti/syslink/lib/syslink.a_debug(ListMPDrv.o)
 .comment       0x00000000       0x50 syslinksamples.o_debug
 .comment       0x00000000       0x28 slaveloader.o_debug
 .comment       0x00000000       0x28 /opt/linux-devkit/bin/../arm-arago-linux-gnueabi/usr/lib/./libc_nonshared.a(elf-init.oS)
 .comment       0x00000000       0x28 /opt/linux-devkit/bin/../lib/gcc/arm-arago-linux-gnueabi/4.5.3/crtend.o
 .comment       0x00000000       0x28 /opt/linux-devkit/bin/../arm-arago-linux-gnueabi/usr/lib/crtn.o

.debug
 *(.debug)

.line
 *(.line)

.debug_srcinfo
 *(.debug_srcinfo)

.debug_sfnames
 *(.debug_sfnames)

.debug_aranges  0x00000000      0x700
 *(.debug_aranges)
 .debug_aranges
                0x00000000       0x20 bin/debug/obj/main.ov5T
 .debug_aranges
                0x00000020       0x20 bin/debug/obj/syslink.ov5T
 .debug_aranges
                0x00000040       0x20 bin/debug/obj/pseudo.ov5T
 .debug_aranges
                0x00000060       0x20 /home/liao/src/syslink/packages/ti/syslink/lib/syslink.a_debug(SharedRegion.o)
 .debug_aranges
                0x00000080       0x20 /home/liao/src/syslink/packages/ti/syslink/lib/syslink.a_debug(Notify.o)
 .debug_aranges
                0x000000a0       0x20 /home/liao/src/syslink/packages/ti/syslink/lib/syslink.a_debug(MessageQ.o)
 .debug_aranges
                0x000000c0       0x20 /home/liao/src/syslink/packages/ti/syslink/lib/syslink.a_debug(Ipc.o)
 .debug_aranges
                0x000000e0       0x20 /home/liao/src/syslink/packages/ti/syslink/lib/syslink.a_debug(RingIO.o)
 .debug_aranges
                0x00000100       0x20 /home/liao/src/syslink/packages/ti/syslink/lib/syslink.a_debug(RingIOShm.o)
 .debug_aranges
                0x00000120       0x20 /home/liao/src/syslink/packages/ti/syslink/lib/syslink.a_debug(FrameQ.o)
 .debug_aranges
                0x00000140       0x20 /home/liao/src/syslink/packages/ti/syslink/lib/syslink.a_debug(FrameQBufMgr.o)
 .debug_aranges
                0x00000160       0x20 /home/liao/src/syslink/packages/ti/syslink/lib/syslink.a_debug(ClientNotifyMgr.o)
 .debug_aranges
                0x00000180       0x20 /home/liao/src/syslink/packages/ti/syslink/lib/syslink.a_debug(HeapMemMP.o)
 .debug_aranges
                0x000001a0       0x20 /home/liao/src/syslink/packages/ti/syslink/lib/syslink.a_debug(HeapBufMP.o)
 .debug_aranges
                0x000001c0       0x20 /home/liao/src/syslink/packages/ti/syslink/lib/syslink.a_debug(GateMP.o)
 .debug_aranges
                0x000001e0       0x20 /home/liao/src/syslink/packages/ti/syslink/lib/syslink.a_debug(SharedRegionDrv.o)
 .debug_aranges
                0x00000200       0x20 /home/liao/src/syslink/packages/ti/syslink/lib/syslink.a_debug(NotifyDrvUsr.o)
 .debug_aranges
                0x00000220       0x20 /home/liao/src/syslink/packages/ti/syslink/lib/syslink.a_debug(HeapBufMPDrv.o)
 .debug_aranges
                0x00000240       0x20 /home/liao/src/syslink/packages/ti/syslink/lib/syslink.a_debug(MessageQDrv.o)
 .debug_aranges
                0x00000260       0x20 /home/liao/src/syslink/packages/ti/syslink/lib/syslink.a_debug(IpcDrv.o)
 .debug_aranges
                0x00000280       0x20 /home/liao/src/syslink/packages/ti/syslink/lib/syslink.a_debug(FrameQDrv.o)
 .debug_aranges
                0x000002a0       0x20 /home/liao/src/syslink/packages/ti/syslink/lib/syslink.a_debug(FrameQBufMgrDrv.o)
 .debug_aranges
                0x000002c0       0x20 /home/liao/src/syslink/packages/ti/syslink/lib/syslink.a_debug(ClientNotifyMgrDrv.o)
 .debug_aranges
                0x000002e0       0x20 /home/liao/src/syslink/packages/ti/syslink/lib/syslink.a_debug(RingIODrv.o)
 .debug_aranges
                0x00000300       0x20 /home/liao/src/syslink/packages/ti/syslink/lib/syslink.a_debug(RingIOShmDrv.o)
 .debug_aranges
                0x00000320       0x20 /home/liao/src/syslink/packages/ti/syslink/lib/syslink.a_debug(HeapMemMPDrv.o)
 .debug_aranges
                0x00000340       0x20 /home/liao/src/syslink/packages/ti/syslink/lib/syslink.a_debug(GateMPDrv.o)
 .debug_aranges
                0x00000360       0x20 /home/liao/src/syslink/packages/ti/syslink/lib/syslink.a_debug(GateMutex.o)
 .debug_aranges
                0x00000380       0x20 /home/liao/src/syslink/packages/ti/syslink/lib/syslink.a_debug(Memory.o)
 .debug_aranges
                0x000003a0       0x20 /home/liao/src/syslink/packages/ti/syslink/lib/syslink.a_debug(List.o)
 .debug_aranges
                0x000003c0       0x20 /home/liao/src/syslink/packages/ti/syslink/lib/syslink.a_debug(String.o)
 .debug_aranges
                0x000003e0       0x20 /home/liao/src/syslink/packages/ti/syslink/lib/syslink.a_debug(Trace.o)
 .debug_aranges
                0x00000400       0x20 /home/liao/src/syslink/packages/ti/syslink/lib/syslink.a_debug(NameServer.o)
 .debug_aranges
                0x00000420       0x20 /home/liao/src/syslink/packages/ti/syslink/lib/syslink.a_debug(MultiProc.o)
 .debug_aranges
                0x00000440       0x20 /home/liao/src/syslink/packages/ti/syslink/lib/syslink.a_debug(Gate.o)
 .debug_aranges
                0x00000460       0x20 /home/liao/src/syslink/packages/ti/syslink/lib/syslink.a_debug(SysLink.o)
 .debug_aranges
                0x00000480       0x20 /home/liao/src/syslink/packages/ti/syslink/lib/syslink.a_debug(Cache.o)
 .debug_aranges
                0x000004a0       0x20 /home/liao/src/syslink/packages/ti/syslink/lib/syslink.a_debug(NameServerDrv.o)
 .debug_aranges
                0x000004c0       0x20 /home/liao/src/syslink/packages/ti/syslink/lib/syslink.a_debug(MultiProcDrv.o)
 .debug_aranges
                0x000004e0       0x20 /home/liao/src/syslink/packages/ti/syslink/lib/syslink.a_debug(TraceDrv.o)
 .debug_aranges
                0x00000500       0x20 /home/liao/src/syslink/packages/ti/syslink/lib/syslink.a_debug(CacheDrv.o)
 .debug_aranges
                0x00000520       0x20 /home/liao/src/syslink/packages/ti/syslink/lib/syslink.a_debug(MemoryOS.o)
 .debug_aranges
                0x00000540       0x20 /home/liao/src/syslink/packages/ti/syslink/lib/syslink.a_debug(OsalDrv.o)
 .debug_aranges
                0x00000560       0x20 /home/liao/src/syslink/packages/ti/syslink/lib/syslink.a_debug(OsalMutex.o)
 .debug_aranges
                0x00000580       0x20 /home/liao/src/syslink/packages/ti/syslink/lib/syslink.a_debug(OsalPrint.o)
 .debug_aranges
                0x000005a0       0x20 /home/liao/src/syslink/packages/ti/syslink/lib/syslink.a_debug(ProcMgr.o)
 .debug_aranges
                0x000005c0       0x20 /home/liao/src/syslink/packages/ti/syslink/lib/syslink.a_debug(ProcMgrDrvUsr.o)
 .debug_aranges
                0x000005e0       0x20 /home/liao/src/syslink/packages/ti/syslink/lib/syslink.a_debug(FrameQ_common.o)
 .debug_aranges
                0x00000600       0x20 /home/liao/src/syslink/packages/ti/syslink/lib/syslink.a_debug(ListMP.o)
 .debug_aranges
                0x00000620       0x20 /home/liao/src/syslink/packages/ti/syslink/lib/syslink.a_debug(ListMPDrv.o)
 .debug_aranges
                0x00000640       0x40 syslinksamples.o_debug
 .debug_aranges
                0x00000680       0x20 slaveloader.o_debug
 .debug_aranges
                0x000006a0       0x20 /opt/linux-devkit/bin/../arm-arago-linux-gnueabi/usr/lib/./libc_nonshared.a(elf-init.oS)
 .debug_aranges
                0x000006c0       0x20 /opt/linux-devkit/bin/../lib/gcc/arm-arago-linux-gnueabi/4.5.3/libgcc.a(_udivsi3.o)
 .debug_aranges
                0x000006e0       0x20 /opt/linux-devkit/bin/../lib/gcc/arm-arago-linux-gnueabi/4.5.3/libgcc.a(_dvmd_lnx.o)

.debug_pubnames
                0x00000000     0x3282
 *(.debug_pubnames)
 .debug_pubnames
                0x00000000       0x25 /opt/linux-devkit/bin/../arm-arago-linux-gnueabi/usr/lib/crt1.o
 .debug_pubnames
                0x00000025       0x1b bin/debug/obj/main.ov5T
 .debug_pubnames
                0x00000040       0xa8 bin/debug/obj/syslink.ov5T
 .debug_pubnames
                0x000000e8       0x78 bin/debug/obj/pseudo.ov5T
 .debug_pubnames