Archive member included because of file (symbol)

/home/liao/src/syslink/packages/ti/syslink/lib/syslink.a_debug(SharedRegion.o)
                              bin/debug/obj/syslink.ov5T (SharedRegion_getId)
/home/liao/src/syslink/packages/ti/syslink/lib/syslink.a_debug(Notify.o)
                              bin/debug/obj/syslink.ov5T (Notify_sendEvent)
/home/liao/src/syslink/packages/ti/syslink/lib/syslink.a_debug(MessageQ.o)
                              bin/debug/obj/syslink.ov5T (MessageQ_create)
/home/liao/src/syslink/packages/ti/syslink/lib/syslink.a_debug(Ipc.o)
                              bin/debug/obj/syslink.ov5T (Ipc_control)
/home/liao/src/syslink/packages/ti/syslink/lib/syslink.a_debug(RingIO.o)
                              /home/liao/src/syslink/packages/ti/syslink/lib/syslink.a_debug(Ipc.o) (RingIO_getConfig)
/home/liao/src/syslink/packages/ti/syslink/lib/syslink.a_debug(RingIOShm.o)
                              /home/liao/src/syslink/packages/ti/syslink/lib/syslink.a_debug(Ipc.o) (RingIOShm_getConfig)
/home/liao/src/syslink/packages/ti/syslink/lib/syslink.a_debug(FrameQ.o)
                              /home/liao/src/syslink/packages/ti/syslink/lib/syslink.a_debug(Ipc.o) (FrameQ_getConfig)
/home/liao/src/syslink/packages/ti/syslink/lib/syslink.a_debug(FrameQBufMgr.o)
                              /home/liao/src/syslink/packages/ti/syslink/lib/syslink.a_debug(Ipc.o) (FrameQBufMgr_getConfig)
/home/liao/src/syslink/packages/ti/syslink/lib/syslink.a_debug(ClientNotifyMgr.o)
                              /home/liao/src/syslink/packages/ti/syslink/lib/syslink.a_debug(RingIO.o) (ClientNotifyMgr_sharedMemReq)
/home/liao/src/syslink/packages/ti/syslink/lib/syslink.a_debug(HeapMemMP.o)
                              /home/liao/src/syslink/packages/ti/syslink/lib/syslink.a_debug(Ipc.o) (HeapMemMP_getConfig)
/home/liao/src/syslink/packages/ti/syslink/lib/syslink.a_debug(HeapBufMP.o)
                              /home/liao/src/syslink/packages/ti/syslink/lib/syslink.a_debug(Ipc.o) (HeapBufMP_getConfig)
/home/liao/src/syslink/packages/ti/syslink/lib/syslink.a_debug(GateMP.o)
                              /home/liao/src/syslink/packages/ti/syslink/lib/syslink.a_debug(Ipc.o) (GateMP_getConfig)
/home/liao/src/syslink/packages/ti/syslink/lib/syslink.a_debug(SharedRegionDrv.o)
                              /home/liao/src/syslink/packages/ti/syslink/lib/syslink.a_debug(SharedRegion.o) (SharedRegionDrv_open)
/home/liao/src/syslink/packages/ti/syslink/lib/syslink.a_debug(NotifyDrvUsr.o)
                              /home/liao/src/syslink/packages/ti/syslink/lib/syslink.a_debug(Notify.o) (NotifyDrvUsr_open)
/home/liao/src/syslink/packages/ti/syslink/lib/syslink.a_debug(HeapBufMPDrv.o)
                              /home/liao/src/syslink/packages/ti/syslink/lib/syslink.a_debug(HeapBufMP.o) (HeapBufMPDrv_open)
/home/liao/src/syslink/packages/ti/syslink/lib/syslink.a_debug(MessageQDrv.o)
                              /home/liao/src/syslink/packages/ti/syslink/lib/syslink.a_debug(MessageQ.o) (MessageQDrv_open)
/home/liao/src/syslink/packages/ti/syslink/lib/syslink.a_debug(IpcDrv.o)
                              /home/liao/src/syslink/packages/ti/syslink/lib/syslink.a_debug(Ipc.o) (IpcDrv_open)
/home/liao/src/syslink/packages/ti/syslink/lib/syslink.a_debug(FrameQDrv.o)
                              /home/liao/src/syslink/packages/ti/syslink/lib/syslink.a_debug(FrameQ.o) (FrameQDrv_open)
/home/liao/src/syslink/packages/ti/syslink/lib/syslink.a_debug(FrameQBufMgrDrv.o)
                              /home/liao/src/syslink/packages/ti/syslink/lib/syslink.a_debug(FrameQBufMgr.o) (FrameQBufMgrDrv_open)
/home/liao/src/syslink/packages/ti/syslink/lib/syslink.a_debug(ClientNotifyMgrDrv.o)
                              /home/liao/src/syslink/packages/ti/syslink/lib/syslink.a_debug(ClientNotifyMgr.o) (ClientNotifyMgrDrv_open)
/home/liao/src/syslink/packages/ti/syslink/lib/syslink.a_debug(RingIODrv.o)
                              /home/liao/src/syslink/packages/ti/syslink/lib/syslink.a_debug(RingIO.o) (RingIODrv_open)
/home/liao/src/syslink/packages/ti/syslink/lib/syslink.a_debug(RingIOShmDrv.o)
                              /home/liao/src/syslink/packages/ti/syslink/lib/syslink.a_debug(RingIOShm.o) (RingIOShmDrv_open)
/home/liao/src/syslink/packages/ti/syslink/lib/syslink.a_debug(HeapMemMPDrv.o)
                              /home/liao/src/syslink/packages/ti/syslink/lib/syslink.a_debug(HeapMemMP.o) (HeapMemMPDrv_open)
/home/liao/src/syslink/packages/ti/syslink/lib/syslink.a_debug(GateMPDrv.o)
                              /home/liao/src/syslink/packages/ti/syslink/lib/syslink.a_debug(GateMP.o) (GateMPDrv_open)
/home/liao/src/syslink/packages/ti/syslink/lib/syslink.a_debug(GateMutex.o)
                              /home/liao/src/syslink/packages/ti/syslink/lib/syslink.a_debug(SharedRegion.o) (GateMutex_create)
/home/liao/src/syslink/packages/ti/syslink/lib/syslink.a_debug(Memory.o)
[...]
Memory Configuration

Name             Origin             Length             Attributes
*default*        0x00000000         0xffffffff

Linker script and memory map

LOAD /opt/linux-devkit/bin/../arm-arago-linux-gnueabi/usr/lib/crt1.o
LOAD /opt/linux-devkit/bin/../arm-arago-linux-gnueabi/usr/lib/crti.o
LOAD /opt/linux-devkit/bin/../lib/gcc/arm-arago-linux-gnueabi/4.5.3/crtbegin.o
LOAD bin/debug/obj/main.ov5T
LOAD bin/debug/obj/syslink.ov5T
LOAD bin/debug/obj/pseudo.ov5T
LOAD /home/liao/src/syslink/packages/ti/syslink/lib/syslink.a_debug
LOAD syslinksamples.o_debug
LOAD slaveloader.o_debug
LOAD /opt/linux-devkit/bin/../arm-arago-linux-gnueabi/usr/lib/libpthread.so
START GROUP
LOAD /opt/linux-devkit/bin/../arm-arago-linux-gnueabi/usr/lib/../../lib/libpthread.so.0
LOAD /opt/linux-devkit/bin/../arm-arago-linux-gnueabi/usr/lib/./libpthread_nonshared.a
END GROUP
LOAD /opt/linux-devkit/bin/../arm-arago-linux-gnueabi/usr/lib/libc.so
START GROUP
LOAD /opt/linux-devkit/bin/../arm-arago-linux-gnueabi/usr/lib/../../lib/libc.so.6
LOAD /opt/linux-devkit/bin/../arm-arago-linux-gnueabi/usr/lib/./libc_nonshared.a
LOAD /opt/linux-devkit/bin/../arm-arago-linux-gnueabi/usr/lib/../../lib/ld-linux.so.3
END GROUP
LOAD /opt/linux-devkit/bin/../arm-arago-linux-gnueabi/usr/lib/librt.so
LOAD /opt/linux-devkit/bin/../lib/gcc/arm-arago-linux-gnueabi/4.5.3/libgcc.a
LOAD /opt/linux-devkit/bin/../lib/gcc/arm-arago-linux-gnueabi/4.5.3/../../../../arm-arago-linux-gnueabi/lib/libgcc_s.so
START GROUP
LOAD /opt/linux-devkit/bin/../lib/gcc/arm-arago-linux-gnueabi/4.5.3/../../../../arm-arago-linux-gnueabi/lib/libgcc_s.so.1
LOAD /opt/linux-devkit/bin/../lib/gcc/arm-arago-linux-gnueabi/4.5.3/libgcc.a
END GROUP
LOAD /opt/linux-devkit/bin/../arm-arago-linux-gnueabi/usr/lib/libc.so
START GROUP
LOAD /opt/linux-devkit/bin/../arm-arago-linux-gnueabi/usr/lib/../../lib/libc.so.6
LOAD /opt/linux-devkit/bin/../arm-arago-linux-gnueabi/usr/lib/./libc_nonshared.a
LOAD /opt/linux-devkit/bin/../arm-arago-linux-gnueabi/usr/lib/../../lib/ld-linux.so.3
END GROUP
LOAD /opt/linux-devkit/bin/../lib/gcc/arm-arago-linux-gnueabi/4.5.3/libgcc.a
LOAD /opt/linux-devkit/bin/../lib/gcc/arm-arago-linux-gnueabi/4.5.3/../../../../arm-arago-linux-gnueabi/lib/libgcc_s.so
START GROUP
LOAD /opt/linux-devkit/bin/../lib/gcc/arm-arago-linux-gnueabi/4.5.3/../../../../arm-arago-linux-gnueabi/lib/libgcc_s.so.1
LOAD /opt/linux-devkit/bin/../lib/gcc/arm-arago-linux-gnueabi/4.5.3/libgcc.a
END GROUP
LOAD /opt/linux-devkit/bin/../lib/gcc/arm-arago-linux-gnueabi/4.5.3/crtend.o
LOAD /opt/linux-devkit/bin/../arm-arago-linux-gnueabi/usr/lib/crtn.o
                0x00008000                PROVIDE (__executable_start, 0x8000)
                0x00008134                . = (0x8000 + SIZEOF_HEADERS)

.interp         0x00008134       0x13
 *(.interp)
 .interp        0x00008134       0x13 /opt/linux-devkit/bin/../arm-arago-linux-gnueabi/usr/lib/crti.o

.note.ABI-tag   0x00008148       0x20
 .note.ABI-tag  0x00008148       0x20 /opt/linux-devkit/bin/../arm-arago-linux-gnueabi/usr/lib/crt1.o

.note.gnu.build-id
 *(.note.gnu.build-id)

.hash           0x00008168      0x188
 *(.hash)
 .hash          0x00008168      0x188 /opt/linux-devkit/bin/../arm-arago-linux-gnueabi/usr/lib/crti.o

.gnu.hash
 *(.gnu.hash)

.dynsym         0x000082f0      0x3b0
 *(.dynsym)
 .dynsym        0x000082f0      0x3b0 /opt/linux-devkit/bin/../arm-arago-linux-gnueabi/usr/lib/crti.o

.dynstr         0x000086a0      0x238
 *(.dynstr)
 .dynstr        0x000086a0      0x238 /opt/linux-devkit/bin/../arm-arago-linux-gnueabi/usr/lib/crti.o

.gnu.version    0x000088d8       0x76
 *(.gnu.version)
 .gnu.version   0x000088d8       0x76 /opt/linux-devkit/bin/../arm-arago-linux-gnueabi/usr/lib/crti.o

.gnu.version_d  0x00008950        0x0 load address 0x0000894e
 *(.gnu.version_d)
 .gnu.version_d
                0x00000000        0x0 /opt/linux-devkit/bin/../arm-arago-linux-gnueabi/usr/lib/crti.o

.gnu.version_r  0x00008950       0x40
 *(.gnu.version_r)
 .gnu.version_r
                0x00008950       0x40 /opt/linux-devkit/bin/../arm-arago-linux-gnueabi/usr/lib/crti.o

.rel.dyn        0x00008990       0x28
 *(.rel.init)
 *(.rel.text .rel.text.* .rel.gnu.linkonce.t.*)
 *(.rel.fini)
 *(.rel.rodata .rel.rodata.* .rel.gnu.linkonce.r.*)
 *(.rel.data.rel.ro* .rel.gnu.linkonce.d.rel.ro.*)
 *(.rel.data .rel.data.* .rel.gnu.linkonce.d.*)
 *(.rel.tdata .rel.tdata.* .rel.gnu.linkonce.td.*)
 *(.rel.tbss .rel.tbss.* .rel.gnu.linkonce.tb.*)
 *(.rel.ctors)
 *(.rel.dtors)
 *(.rel.got)
 .rel.got       0x00008990       0x28 /opt/linux-devkit/bin/../arm-arago-linux-gnueabi/usr/lib/crti.o
 *(.rel.bss .rel.bss.* .rel.gnu.linkonce.b.*)
 .rel.bss       0x00000000        0x0 /opt/linux-devkit/bin/../arm-arago-linux-gnueabi/usr/lib/crti.o
                0x000089b8                PROVIDE (__rel_iplt_start, .)
 *(.rel.iplt)
                0x000089b8                PROVIDE (__rel_iplt_end, .)
                0x000089b8                PROVIDE (__rela_iplt_start, .)
                0x000089b8                PROVIDE (__rela_iplt_end, .)

.rela.dyn       0x000089b8        0x0
 *(.rela.init)
 *(.rela.text .rela.text.* .rela.gnu.linkonce.t.*)
 *(.rela.fini)
 *(.rela.rodata .rela.rodata.* .rela.gnu.linkonce.r.*)
 *(.rela.data .rela.data.* .rela.gnu.linkonce.d.*)
 *(.rela.tdata .rela.tdata.* .rela.gnu.linkonce.td.*)
 *(.rela.tbss .rela.tbss.* .rela.gnu.linkonce.tb.*)
 *(.rela.ctors)
 *(.rela.dtors)
 *(.rela.got)
 *(.rela.bss .rela.bss.* .rela.gnu.linkonce.b.*)
                0x000089b8                PROVIDE (__rel_iplt_start, .)
                0x000089b8                PROVIDE (__rel_iplt_end, .)
                0x000089b8                PROVIDE (__rela_iplt_start, .)
 *(.rela.iplt)
                0x000089b8                PROVIDE (__rela_iplt_end, .)

.rel.plt        0x000089b8      0x1a8
 *(.rel.plt)
 .rel.plt       0x000089b8      0x1a8 /opt/linux-devkit/bin/../arm-arago-linux-gnueabi/usr/lib/crti.o

.rela.plt
 *(.rela.plt)

.init           0x00008b60        0xc
 *(.init)
 .init          0x00008b60        0x8 /opt/linux-devkit/bin/../arm-arago-linux-gnueabi/usr/lib/crti.o
                0x00008b60                _init
 .init          0x00008b68        0x4 /opt/linux-devkit/bin/../arm-arago-linux-gnueabi/usr/lib/crtn.o

.plt            0x00008b6c      0x290
 *(.plt)
 .plt           0x00008b6c      0x290 /opt/linux-devkit/bin/../arm-arago-linux-gnueabi/usr/lib/crti.o
                0x00008b80                open@@GLIBC_2.4
                0x00008b8c                mmap@@GLIBC_2.4
                0x00008b98                abort@@GLIBC_2.4
                0x00008ba4                pthread_exit@@GLIBC_2.4
                0x00008bb0                __libc_start_main@@GLIBC_2.4
                0x00008bc8                vsprintf@@GLIBC_2.4
                0x00008bd4                strncpy@@GLIBC_2.4
                0x00008be0                fclose@@GLIBC_2.4
                0x00008bec                fgets@@GLIBC_2.4
                0x00008bf8                getenv@@GLIBC_2.4
                0x00008c04                posix_openpt@@GLIBC_2.4
                0x00008c10                fopen@@GLIBC_2.4
                0x00008c1c                memset@@GLIBC_2.4
                0x00008c28                perror@@GLIBC_2.4
                0x00008c34                usleep@@GLIBC_2.4
                0x00008c40                free@@GLIBC_2.4
                0x00008c4c                read@@GLIBC_2.4
                0x00008c58                write@@GLIBC_2.4
                0x00008c64                tcgetattr@@GLIBC_2.4
                0x00008c70                pthread_mutex_unlock@@GLIBC_2.4
                0x00008c7c                tcflush@@GLIBC_2.4
                0x00008c88                ioctl@@GLIBC_2.4
                0x00008c94                pthread_mutex_lock@@GLIBC_2.4
                0x00008ca0                strlen@@GLIBC_2.4
                0x00008cac                strtoul@@GLIBC_2.4
                0x00008cb8                pthread_create@@GLIBC_2.4
                0x00008cc4                memcpy@@GLIBC_2.4
                0x00008cd0                strtol@@GLIBC_2.4
                0x00008cdc                pthread_sigmask@@GLIBC_2.4
                0x00008ce8                printf@@GLIBC_2.4
                0x00008cf4                raise@@GLIBC_2.4
                0x00008d00                pthread_mutex_init@@GLIBC_2.4
                0x00008d0c                close@@GLIBC_2.4
                0x00008d18                fwrite@@GLIBC_2.4
                0x00008d24                unlockpt@@GLIBC_2.4
                0x00008d30                malloc@@GLIBC_2.4
                0x00008d3c                cfsetospeed@@GLIBC_2.4
                0x00008d48                grantpt@@GLIBC_2.4
                0x00008d54                strtok@@GLIBC_2.4
                0x00008d60                sigfillset@@GLIBC_2.4
                0x00008d6c                puts@@GLIBC_2.4
                0x00008d78                tcsetattr@@GLIBC_2.4
                0x00008d84                getpid@@GLIBC_2.4
                0x00008d90                fcntl@@GLIBC_2.4
                0x00008d9c                ptsname@@GLIBC_2.4
                0x00008da8                munmap@@GLIBC_2.4
                0x00008db4                strncmp@@GLIBC_2.4
                0x00008dc0                strcmp@@GLIBC_2.4
                0x00008dcc                cfsetispeed@@GLIBC_2.4
                0x00008dd8                __errno_location@@GLIBC_2.4
                0x00008de4                pthread_join@@GLIBC_2.4
                0x00008df0                getpagesize@@GLIBC_2.4

.iplt
 *(.iplt)

.text           0x00008dfc    0x3d11c
 *(.text.unlikely .text.*_unlikely)
 *(.text .stub .text.* .gnu.linkonce.t.*)
 .text          0x00008dfc       0x3c /opt/linux-devkit/bin/../arm-arago-linux-gnueabi/usr/lib/crt1.o
                0x00008dfc                _start
 .text          0x00008e38       0x24 /opt/linux-devkit/bin/../arm-arago-linux-gnueabi/usr/lib/crti.o
 .text          0x00008e5c       0x50 /opt/linux-devkit/bin/../lib/gcc/arm-arago-linux-gnueabi/4.5.3/crtbegin.o
 .text          0x00008eac      0x100 bin/debug/obj/main.ov5T
                0x00008eac                main
 .text          0x00008fac      0xbb0 bin/debug/obj/syslink.ov5T
                0x00008fac                ReCATSyslinkRecv
                0x00009110                ReCATSyslinkSend
                0x000096b8                ReCATSyslinkInit
                0x00009940                ReCATSyslinkClear
                0x00009ab4                ReCATSyslinkReadBuffer
                0x00009b0c                ReCATSyslinkSendEvent
 .text          0x00009b5c      0x6a0 bin/debug/obj/pseudo.ov5T
                0x00009b5c                ReCATSerialInit
                0x00009c4c                ReCATSeialConf
                0x0000a168                ReCATDataRecv
                0x0000a1c4                ReCATDataSend
 .text          0x0000a1fc     0x3adc /home/liao/src/syslink/packages/ti/syslink/lib/syslink.a_debug(SharedRegion.o)
                0x0000a300                SharedRegion_getConfig
                0x0000a480                SharedRegion_setup
                0x0000ab2c                SharedRegion_destroy
                0x0000ada8                SharedRegion_start
                0x0000aecc                SharedRegion_stop
                0x0000aff0                SharedRegion_attach
                0x0000b150                SharedRegion_detach
                0x0000b2b8                SharedRegion_setEntry
                0x0000b57c                SharedRegion_getId
                0x0000b744                SharedRegion_getPtr
                0x0000b92c                SharedRegion_getSRPtr
                0x0000bc4c                SharedRegion_clearEntry
                0x0000bf78                SharedRegion_getHeap
                0x0000c1e8                SharedRegion_getIdByName
                0x0000c400                SharedRegion_getEntry
                0x0000c624                SharedRegion_getCacheLineSize
                0x0000c834                SharedRegion_isCacheEnabled
                0x0000ca48                SharedRegion_translateEnabled
                0x0000cabc                SharedRegion_getNumRegions
                0x0000cb30                SharedRegion_entryInit
                0x0000ccc0                SharedRegion_invalidSRPtr
                0x0000ccdc                SharedRegion_reserveMemory
                0x0000d02c                SharedRegion_getNumOffsetBits
                0x0000d174                SharedRegion_checkOverlap
                0x0000d3d8                SharedRegion_clearReservedMemory
                0x0000d4e4                SharedRegion_getRegionInfo
                0x0000d6e4                _SharedRegion_setRegions
                0x0000da88                _SharedRegion_clearRegions
 .text          0x0000dcd8     0x2a68 /home/liao/src/syslink/packages/ti/syslink/lib/syslink.a_debug(Notify.o)
                0x0000dcd8                Notify_getConfig
                0x0000de74                Notify_setup
                0x0000e060                Notify_destroy
                0x0000e194                Notify_attach
                0x0000e320                Notify_detach
                0x0000e42c                Notify_sharedMemReq
                0x0000e5bc                Notify_eventAvailable
                0x0000e858                Notify_intLineRegistered
                0x0000ea80                Notify_registerEventSingle
                0x0000ee6c                Notify_registerEvent
                0x0000f260                Notify_unregisterEventSingle
                0x0000f5cc                Notify_unregisterEvent
                0x0000f974                Notify_sendEvent
                0x0000fd00                Notify_disable
                0x0000fef8                Notify_restore
                0x000100e0                Notify_disableEvent
                0x00010410                Notify_enableEvent
 .text          0x00010740     0x26fc /home/liao/src/syslink/packages/ti/syslink/lib/syslink.a_debug(MessageQ.o)
                0x000107b0                MessageQ_getConfig
                0x00010934                MessageQ_setup
                0x00010ac4                MessageQ_destroy
                0x00010bc0                MessageQ_Params_init
                0x00010d50                MessageQ_create
                0x00010f98                MessageQ_delete
                0x00011228                MessageQ_open
                0x000114a8                MessageQ_close
                0x00011660                MessageQ_put
                0x000118bc                MessageQ_get
                0x00011b80                MessageQ_count
                0x00011d68                MessageQ_staticMsgInit
                0x00011ecc                MessageQ_alloc
                0x0001204c                MessageQ_free
                0x00012234                MessageQ_registerHeap
                0x0001242c                MessageQ_unregisterHeap
                0x00012568                MessageQ_unblock
                0x00012700                MessageQ_setReplyQueue
                0x0001288c                MessageQ_getQueueId
                0x00012990                MessageQ_setMsgTrace
                0x00012af8                MessageQ_sharedMemReq
                0x00012c24                MessageQ_attach
                0x00012d48                MessageQ_detach
 .text          0x00012e3c     0x1570 /home/liao/src/syslink/packages/ti/syslink/lib/syslink.a_debug(Ipc.o)
                0x00012e3c                Ipc_getConfig
                0x0001306c                Ipc_setup
                0x000138ac                Ipc_destroy
                0x00013f8c                Ipc_control
                0x00014174                Ipc_readConfig
                0x00014290                Ipc_writeConfig
 .text          0x000143ac     0x2ef8 /home/liao/src/syslink/packages/ti/syslink/lib/syslink.a_debug(RingIO.o)
                0x000143ac                RingIO_getConfig
                0x0001452c                RingIO_setup
                0x000146c4                RingIO_destroy
                0x000147f0                RingIO_Params_init
                0x00014970                RingIO_create
                0x00014f54                RingIO_delete
                0x000151c4                RingIO_open
                0x000155ac                RingIO_openByAddr
                0x000159ac                RingIO_close
                0x00015c2c                RingIO_registerNotifier
                0x00015eb4                RingIO_unregisterNotifier
                0x00016070                RingIO_setNotifyType
                0x000161ac                RingIO_getValidSize
                0x00016288                RingIO_getEmptySize
                0x00016364                RingIO_getValidAttrSize
                0x00016440                RingIO_getEmptyAttrSize
                0x0001651c                RingIO_getAcquiredOffset
                0x000165f8                RingIO_getAcquiredSize
                0x000166d4                RingIO_getWaterMark
                0x000167b0                RingIO_setWaterMark
                0x00016880                RingIO_acquire
                0x00016a00                RingIO_release
                0x00016ad0                RingIO_cancel
                0x00016b8c                RingIO_getAttribute
                0x00016c5c                RingIO_getvAttribute
                0x00016d84                RingIO_setAttribute
                0x00016e64                RingIO_setvAttribute
                0x00016f74                RingIO_flush
                0x00017094                RingIO_sendNotify
                0x00017178                RingIO_sharedMemReq
 .text          0x000172a4      0x5c4 /home/liao/src/syslink/packages/ti/syslink/lib/syslink.a_debug(RingIOShm.o)
                0x000172a4                RingIOShm_getConfig
                0x00017424                RingIOShm_setup
                0x000175bc                RingIOShm_destroy
                0x000176e8                RingIOShm_Params_init
 .text          0x00017868     0x5adc /home/liao/src/syslink/packages/ti/syslink/lib/syslink.a_debug(FrameQ.o)
                0x0001796c                FrameQ_getConfig
                0x00017b04                FrameQ_setup
                0x00017da4                FrameQ_destroy
                0x00017fb4                FrameQ_create
                0x00018254                FrameQ_delete
                0x00018640                FrameQ_open
                0x00018f64                FrameQ_close
                0x0001932c                FrameQ_alloc
                0x000195c4                FrameQ_allocv
                0x000198c4                FrameQ_free
                0x00019b2c                FrameQ_freev
                0x00019e40                FrameQ_put
                0x0001a1d4                FrameQ_putv
                0x0001a638                FrameQ_get
                0x0001a994                FrameQ_getv
                0x0001ae4c                FrameQ_registerNotifier
                0x0001b2d0                FrameQ_unregisterNotifier
                0x0001b624                FrameQ_dup
                0x0001b8e8                FrameQ_sendNotify
                0x0001bb04                FrameQ_getNumFrames
                0x0001bd60                FrameQ_getvNumFrames
                0x0001bfc4                FrameQ_getNumFreeFrames
                0x0001c194                FrameQ_getvNumFreeFrames
                0x0001c420                FrameQ_control
                0x0001c598                FrameQ_ShMem_Params_init
                0x0001c730                FrameQ_Params_init
                0x0001d198                FrameQ_ShMem_sharedMemReq
 .text          0x0001d344     0x5e3c /home/liao/src/syslink/packages/ti/syslink/lib/syslink.a_debug(FrameQBufMgr.o)
                0x0001d448                FrameQBufMgr_getConfig
                0x0001d5e8                FrameQBufMgr_setup
                0x0001d888                FrameQBufMgr_destroy
                0x0001dab8                FrameQBufMgr_create
                0x0001dd44                FrameQBufMgr_delete
                0x0001e174                FrameQBufMgr_open
                0x0001ea40                FrameQBufMgr_close
                0x0001ec10                FrameQBufMgr_alloc
                0x0001eef4                FrameQBufMgr_allocv
                0x0001f3c4                FrameQBufMgr_free
                0x0001f6dc                FrameQBufMgr_freev
                0x0001fb04                FrameQBufMgr_dup
                0x0001fea4                FrameQBufMgr_dupv
                0x0002026c                FrameQBufMgr_registerNotifier
                0x00020580                FrameQBufMgr_unregisterNotifier
                0x00020814                FrameQBufMgr_add
                0x00020970                FrameQBufMgr_remove
                0x00020b04                FrameQBufMgr_writeBackHeaderBuf
                0x00020d24                FrameQBufMgr_invalidateHeaderBuf
                0x00020f54                FrameQBufMgr_writeBackFrameBuf
                0x00021228                FrameQBufMgr_invalidateFrameBuf
                0x000214fc                FrameQBufMgr_writeBack
                0x00021820                FrameQBufMgr_invalidate
                0x00021b30                FrameQBufMgr_translateAddr
                0x00021e80                FrameQBufMgr_getId
                0x00021f28                FrameQBufMgr_getHandle
                0x0002206c                FrameQBufMgr_getKnlHandle
                0x0002213c                FrameQBufMgr_getNumFreeFrames
                0x00022310                FrameQBufMgr_getvNumFreeFrames
                0x0002259c                FrameQBufMgr_getBaseHeaderSize
                0x00022604                FrameQBufMgr_isSupportedInterface
                0x0002264c                FrameQBufMgr_isSupportedBufInterface
                0x000226b0                FrameQBufMgr_ShMem_Params_init
                0x00022848                FrameQBufMgr_Params_init
 .text          0x00023180     0x514c /home/liao/src/syslink/packages/ti/syslink/lib/syslink.a_debug(ClientNotifyMgr.o)
                0x00023180                ClientNotifyMgr_sharedMemModReq
                0x000231e8                ClientNotifyMgr_sharedMemReq
                0x0002335c                ClientNotifyMgr_callBack
                0x00023b14                ClientNotifyMgr_getConfig
                0x00023cb4                ClientNotifyMgr_setup
                0x00024050                ClientNotifyMgr_destroy
                0x000241fc                ClientNotifyMgr_Params_init
                0x0002439c                ClientNotifyMgr_create
                0x00024d90                ClientNotifyMgr_delete
                0x00025330                ClientNotifyMgr_open
                0x000254b8                ClientNotifyMgr_close
                0x000255dc                ClientNotifyMgr_registerClient
                0x00025d0c                ClientNotifyMgr_unregisterClient
                0x000262b4                ClientNotifyMgr_enableNotification
                0x00026588                ClientNotifyMgr_disableNotification
                0x00026854                ClientNotifyMgr_sendNotification
                0x00027028                ClientNotifyMgr_sendForceNotification
                0x000274d4                ClientNotifyMgr_sendNotificationMulti
                0x00027dc0                ClientNotifyMgr_sendForceNotificationMulti
 .text          0x000282cc     0x23f8 /home/liao/src/syslink/packages/ti/syslink/lib/syslink.a_debug(HeapMemMP.o)
                0x000282cc                HeapMemMP_getConfig
                0x00028454                HeapMemMP_setup
                0x000285d8                HeapMemMP_destroy
                0x00028704                HeapMemMP_Params_init
                0x00028890                HeapMemMP_create
                0x00028bac                HeapMemMP_delete
                0x00028e30                HeapMemMP_openByAddr
                0x000290f4                HeapMemMP_open
                0x000293c0                HeapMemMP_close
                0x0002963c                HeapMemMP_alloc
                0x00029844                HeapMemMP_free
                0x00029aa0                HeapMemMP_getStats
                0x00029ccc                HeapMemMP_getExtendedStats
                0x00029ee0                HeapMemMP_sharedMemReq
                0x0002a064                HeapMemMP_getKnlHandle
                0x0002a1ec                HeapMemMP_getUsrHandle
                0x0002a3a8                _HeapMemMP_create
                0x0002a584                HeapMemMP_restore
 .text          0x0002a6c4     0x2238 /home/liao/src/syslink/packages/ti/syslink/lib/syslink.a_debug(HeapBufMP.o)
                0x0002a6c4                HeapBufMP_getConfig
                0x0002a84c                HeapBufMP_setup
                0x0002a9dc                HeapBufMP_destroy
                0x0002ab14                HeapBufMP_Params_init
                0x0002aca4                HeapBufMP_create
                0x0002afac                HeapBufMP_delete
                0x0002b228                HeapBufMP_openByAddr
                0x0002b4f4                HeapBufMP_open
                0x0002b7c4                HeapBufMP_close
                0x0002ba40                HeapBufMP_alloc
                0x0002bc4c                HeapBufMP_free
                0x0002beac                HeapBufMP_getStats
                0x0002c0dc                HeapBufMP_isBlocking
                0x0002c1d4                HeapBufMP_getExtendedStats
                0x0002c400                HeapBufMP_sharedMemReq
                0x0002c588                HeapBufMP_getKnlHandle
                0x0002c718                _HeapBufMP_create
 .text          0x0002c8fc     0x21bc /home/liao/src/syslink/packages/ti/syslink/lib/syslink.a_debug(GateMP.o)
                0x0002c8fc                GateMP_getConfig
                0x0002ca8c                GateMP_setup
                0x0002ccf0                GateMP_destroy
                0x0002ceac                GateMP_Params_init
                0x0002d054                GateMP_Instance_init
                0x0002d20c                GateMP_Instance_finalize
                0x0002d268                _GateMP_create
                0x0002d3a0                GateMP_create
                0x0002d5d0                GateMP_delete
                0x0002d84c                GateMP_open
                0x0002db44                GateMP_openByAddr
                0x0002de50                GateMP_close
                0x0002e154                GateMP_enter
                0x0002e320                GateMP_leave
                0x0002e4f8                GateMP_sharedMemReq
                0x0002e614                GateMP_getDefaultRemote
                0x0002e714                GateMP_getSharedAddr
                0x0002e808                GateMP_setReserved
                0x0002e8c0                GateMP_getLocalProtect
                0x0002e914                GateMP_getRemoteProtect
                0x0002e968                GateMP_getKnlHandle
 .text          0x0002eab8      0x4fc /home/liao/src/syslink/packages/ti/syslink/lib/syslink.a_debug(SharedRegionDrv.o)
                0x0002eab8                SharedRegionDrv_open
                0x0002ec50                SharedRegionDrv_close
                0x0002ed6c                SharedRegionDrv_ioctl
 .text          0x0002efb4      0x78c /home/liao/src/syslink/packages/ti/syslink/lib/syslink.a_debug(NotifyDrvUsr.o)
                0x0002efb4                NotifyDrvUsr_open
                0x0002f2c0                NotifyDrvUsr_close
                0x0002f494                NotifyDrvUsr_ioctl
                0x0002f5cc                _NotifyDrvUsr_eventWorker
 .text          0x0002f740      0x3e8 /home/liao/src/syslink/packages/ti/syslink/lib/syslink.a_debug(HeapBufMPDrv.o)
                0x0002f740                HeapBufMPDrv_open
                0x0002f8d8                HeapBufMPDrv_close
                0x0002f9f4                HeapBufMPDrv_ioctl
 .text          0x0002fb28      0x3e4 /home/liao/src/syslink/packages/ti/syslink/lib/syslink.a_debug(MessageQDrv.o)
                0x0002fb28                MessageQDrv_open
                0x0002fcbc                MessageQDrv_close
                0x0002fdd8                MessageQDrv_ioctl
 .text          0x0002ff0c      0x3e8 /home/liao/src/syslink/packages/ti/syslink/lib/syslink.a_debug(IpcDrv.o)
                0x0002ff0c                IpcDrv_open
                0x000300a4                IpcDrv_close
                0x000301c0                IpcDrv_ioctl
 .text          0x000302f4      0x3e4 /home/liao/src/syslink/packages/ti/syslink/lib/syslink.a_debug(FrameQDrv.o)
                0x000302f4                FrameQDrv_open
                0x00030488                FrameQDrv_close
                0x000305a4                FrameQDrv_ioctl
 .text          0x000306d8      0x3e4 /home/liao/src/syslink/packages/ti/syslink/lib/syslink.a_debug(FrameQBufMgrDrv.o)
                0x000306d8                FrameQBufMgrDrv_open
                0x0003086c                FrameQBufMgrDrv_close
                0x00030988                FrameQBufMgrDrv_ioctl
 .text          0x00030abc      0x3e4 /home/liao/src/syslink/packages/ti/syslink/lib/syslink.a_debug(ClientNotifyMgrDrv.o)
                0x00030abc                ClientNotifyMgrDrv_open
                0x00030c50                ClientNotifyMgrDrv_close
                0x00030d6c                ClientNotifyMgrDrv_ioctl
 .text          0x00030ea0      0x3e4 /home/liao/src/syslink/packages/ti/syslink/lib/syslink.a_debug(RingIODrv.o)
                0x00030ea0                RingIODrv_open
                0x00031034                RingIODrv_close
                0x00031150                RingIODrv_ioctl
 .text          0x00031284      0x3e4 /home/liao/src/syslink/packages/ti/syslink/lib/syslink.a_debug(RingIOShmDrv.o)
                0x00031284                RingIOShmDrv_open
                0x00031418                RingIOShmDrv_close
                0x00031534                RingIOShmDrv_ioctl
 .text          0x00031668      0x3e8 /home/liao/src/syslink/packages/ti/syslink/lib/syslink.a_debug(HeapMemMPDrv.o)
                0x00031668                HeapMemMPDrv_open
                0x00031800                HeapMemMPDrv_close
                0x0003191c                HeapMemMPDrv_ioctl
 .text          0x00031a50      0x3e8 /home/liao/src/syslink/packages/ti/syslink/lib/syslink.a_debug(GateMPDrv.o)
                0x00031a50                GateMPDrv_open
                0x00031be8                GateMPDrv_close
                0x00031d04                GateMPDrv_ioctl
 .text          0x00031e38      0x58c /home/liao/src/syslink/packages/ti/syslink/lib/syslink.a_debug(GateMutex.o)
                0x00031e38                GateMutex_Instance_init
                0x00031f40                GateMutex_Instance_finalize
                0x00031fd8                GateMutex_enter
                0x000320ac                GateMutex_leave
                0x0003216c                GateMutex_create
                0x00032274                GateMutex_delete
 .text          0x000323c4      0xa34 /home/liao/src/syslink/packages/ti/syslink/lib/syslink.a_debug(Memory.o)
                0x0003258c                Memory_alloc
                0x00032720                Memory_calloc
                0x000328a4                Memory_free
                0x0003299c                Memory_getStats
                0x00032a70                Memory_query
                0x00032b60                Memory_getMaxDefaultTypeAlign
                0x00032b7c                Memory_valloc
                0x00032d64                Memory_translate
 .text          0x00032df8     0x15f4 /home/liao/src/syslink/packages/ti/syslink/lib/syslink.a_debug(List.o)
                0x00032df8                List_Params_init
                0x00032ec4                List_create
                0x00032fe8                List_delete
                0x0003315c                List_construct
                0x00033254                List_destruct
                0x0003334c                List_elemClear
                0x00033440                List_empty
                0x00033564                List_get
                0x00033680                List_put
                0x000337f4                List_next
                0x00033934                List_prev
                0x00033adc                List_insert
                0x00033cb4                List_remove
                0x00033e2c                List_putHead
                0x00033f90                List_dequeue
                0x000340cc                List_enqueue
                0x0003425c                List_enqueueHead
 .text          0x000343ec      0x5f8 /home/liao/src/syslink/packages/ti/syslink/lib/syslink.a_debug(String.o)
                0x000343ec                String_cat
                0x000344a4                String_cmp
                0x000345d8                String_ncmp
                0x000346e0                String_cpy
                0x0003475c                String_ncpy
                0x0003483c                String_len
                0x000348b0                String_hexToStr
                0x00034944                String_hash
 .text          0x000349e4      0x560 /home/liao/src/syslink/packages/ti/syslink/lib/syslink.a_debug(Trace.o)
                0x000349e4                _GT_0trace
                0x00034a68                _GT_1trace
                0x00034af8                _GT_2trace
                0x00034b90                _GT_3trace
                0x00034c30                _GT_4trace
                0x00034ce0                _GT_5trace
                0x00034da0                _GT_6trace
                0x00034e70                _GT_setFailureReason
                0x00034ed4                _GT_setTrace
 .text          0x00034f44     0x2d80 /home/liao/src/syslink/packages/ti/syslink/lib/syslink.a_debug(NameServer.o)
                0x00034f44                NameServer_getConfig
                0x000350f8                NameServer_setup
                0x00035270                NameServer_destroy
                0x0003536c                NameServer_Params_init
                0x00035500                NameServer_create
                0x000357a4                NameServer_delete
                0x000359e8                NameServer_open
                0x00035c9c                NameServer_close
                0x00035f00                NameServer_add
                0x00036240                NameServer_addUInt32
                0x00036420                NameServer_remove
                0x00036664                NameServer_removeEntry
                0x0003689c                NameServer_get
                0x00036cc4                NameServer_getLocal
                0x00037084                NameServer_getUInt32
                0x00037350                NameServer_getLocalUInt32
                0x0003760c                NameServer_match
                0x000378d0                NameServer_getHandle
                0x00037afc                NameServer_isRegistered
 .text          0x00037cc4      0xcf4 /home/liao/src/syslink/packages/ti/syslink/lib/syslink.a_debug(MultiProc.o)
                0x00037cc4                MultiProc_getConfig
                0x00037e78                MultiProc_setup
                0x00038018                MultiProc_destroy
                0x00038114                MultiProc_setLocalId
                0x00038320                MultiProc_getId
                0x00038530                MultiProc_getName
                0x000386c0                MultiProc_getNumProcessors
                0x0003873c                MultiProc_self
                0x000387b8                MultiProc_getSlot
 .text          0x000389b8      0x10c /home/liao/src/syslink/packages/ti/syslink/lib/syslink.a_debug(Gate.o)
                0x000389b8                Gate_enterSystem
                0x00038a1c                Gate_leaveSystem
 .text          0x00038ac4       0xc8 /home/liao/src/syslink/packages/ti/syslink/lib/syslink.a_debug(SysLink.o)
                0x00038ac4                SysLink_setup
                0x00038b34                SysLink_destroy
 .text          0x00038b8c      0x4c0 /home/liao/src/syslink/packages/ti/syslink/lib/syslink.a_debug(Cache.o)
                0x00038b8c                Cache_inv
                0x00038c94                Cache_wb
                0x00038d9c                Cache_wbInv
                0x00038ea4                Cache_wait
                0x00038f5c                Cache_setMode
 .text          0x0003904c      0x3e8 /home/liao/src/syslink/packages/ti/syslink/lib/syslink.a_debug(NameServerDrv.o)
                0x0003904c                NameServerDrv_open
                0x000391e4                NameServerDrv_close
                0x00039300                NameServerDrv_ioctl
 .text          0x00039434      0x3b4 /home/liao/src/syslink/packages/ti/syslink/lib/syslink.a_debug(MultiProcDrv.o)
                0x00039434                MultiProcDrv_open
                0x000395c8                MultiProcDrv_close
                0x000396e4                MultiProcDrv_ioctl
 .text          0x000397e8      0x160 /home/liao/src/syslink/packages/ti/syslink/lib/syslink.a_debug(TraceDrv.o)
                0x000397e8                TraceDrv_ioctl
 .text          0x00039948       0xf0 /home/liao/src/syslink/packages/ti/syslink/lib/syslink.a_debug(CacheDrv.o)
                0x00039948                CacheDrv_ioctl
 .text          0x00039a38     0x15fc /home/liao/src/syslink/packages/ti/syslink/lib/syslink.a_debug(MemoryOS.o)
                0x00039d20                MemoryOS_setup
                0x00039ecc                MemoryOS_destroy
                0x0003a080                MemoryOS_alloc
                0x0003a194                MemoryOS_calloc
                0x0003a298                MemoryOS_free
                0x0003a38c                MemoryOS_map
                0x0003a7e8                MemoryOS_unmap
                0x0003ab24                MemoryOS_copy
                0x0003acbc                MemoryOS_set
                0x0003ae44                MemoryOS_translate
 .text          0x0003b034      0x6e0 /home/liao/src/syslink/packages/ti/syslink/lib/syslink.a_debug(OsalDrv.o)
                0x0003b034                OsalDrv_open
                0x0003b1d4                OsalDrv_close
                0x0003b2f8                OsalDrv_map
                0x0003b4fc                OsalDrv_unmap
                0x0003b5d8                OsalDrv_ioctl
 .text          0x0003b714      0x530 /home/liao/src/syslink/packages/ti/syslink/lib/syslink.a_debug(OsalMutex.o)
                0x0003b714                OsalMutex_create
                0x0003b87c                OsalMutex_delete
                0x0003b9e8                OsalMutex_enter
                0x0003bb18                OsalMutex_leave
 .text          0x0003bc44       0x58 /home/liao/src/syslink/packages/ti/syslink/lib/syslink.a_debug(OsalPrint.o)
                0x0003bc44                Osal_printf
 .text          0x0003bc9c     0x4f2c /home/liao/src/syslink/packages/ti/syslink/lib/syslink.a_debug(ProcMgr.o)
                0x0003bc9c                ProcMgr_getConfig
                0x0003be1c                ProcMgr_setup
                0x0003bfcc                ProcMgr_destroy
                0x0003c1a4                ProcMgr_Params_init
                0x0003c324                ProcMgr_create
                0x0003c760                ProcMgr_delete
                0x0003ca1c                ProcMgr_open
                0x0003d0bc                ProcMgr_close
                0x0003d4f8                ProcMgr_getAttachParams
                0x0003d670                ProcMgr_attach
                0x0003dae4                ProcMgr_detach
                0x0003dd3c                ProcMgr_load
                0x0003e050                ProcMgr_unload
                0x0003e1c8                ProcMgr_getStartParams
                0x0003e328                ProcMgr_start
                0x0003e4a0                ProcMgr_stop
                0x0003e600                ProcMgr_getState
                0x0003e76c                ProcMgr_read
                0x0003ea08                ProcMgr_write
                0x0003eca4                ProcMgr_control
                0x0003ee30                ProcMgr_translateAddr
                0x0003f2a4                ProcMgr_getSymbolAddress
                0x0003f534                ProcMgr_map
                0x0003fa58                ProcMgr_unmap
                0x00040160                ProcMgr_registerNotify
                0x0004036c                ProcMgr_getMaxMemoryRegions
                0x0004042c                ProcMgr_getProcInfo
                0x0004061c                ProcMgr_getSectionInfo
                0x0004082c                ProcMgr_getSectionData
                0x00040a68                ProcMgr_getLoadedFileId
 .text          0x00040bc8      0x4f8 /home/liao/src/syslink/packages/ti/syslink/lib/syslink.a_debug(ProcMgrDrvUsr.o)
                0x00040bc8                ProcMgrDrvUsr_open
                0x00040d60                ProcMgrDrvUsr_close
                0x00040e7c                ProcMgrDrvUsr_ioctl
 .text          0x000410c0      0xa30 /home/liao/src/syslink/packages/ti/syslink/lib/syslink.a_debug(FrameQ_common.o)
                0x000410c0                FrameQ_isSupportedInterface
                0x00041108                FrameQ_getExtendedHeaderPtr
                0x00041188                FrameQ_getNumFrameBuffers
                0x00041278                FrameQ_getFrameBuffer
                0x000413cc                FrameQ_getFrameBufSize
                0x0004151c                FrameQ_getFrameBufValidSize
                0x00041678                FrameQ_getFrameBufDataStartOffset
                0x000417d0                FrameQ_setFrameBufValidSize
                0x00041960                FrameQ_setFrameBufDataStartOffset
 .text          0x00041af0     0x292c /home/liao/src/syslink/packages/ti/syslink/lib/syslink.a_debug(ListMP.o)
                0x00041af0                ListMP_getConfig
                0x00041c70                ListMP_setup
                0x00041df8                ListMP_destroy
                0x00041f28                ListMP_Params_init
                0x000420b8                ListMP_create
                0x00042424                ListMP_delete
                0x00042690                ListMP_sharedMemReq
                0x0004287c                ListMP_open
                0x00042b10                ListMP_openByAddr
                0x00042d4c                ListMP_close
                0x00042fb4                ListMP_empty
                0x00043170                ListMP_getHead
                0x0004333c                ListMP_getTail
                0x000434fc                ListMP_putHead
                0x00043750                ListMP_putTail
                0x000439ac                ListMP_insert
                0x00043c7c                ListMP_remove
                0x00043ed8                ListMP_next
                0x000440dc                ListMP_prev
                0x000442e0                _ListMP_create
                0x000443f8                ListMP_getGate
 .text          0x0004441c      0x3e8 /home/liao/src/syslink/packages/ti/syslink/lib/syslink.a_debug(ListMPDrv.o)
                0x0004441c                ListMPDrv_open
                0x000445b4                ListMPDrv_close
                0x000446d0                ListMPDrv_ioctl
 .text          0x00044804      0x3f8 syslinksamples.o_debug
                0x00044804                SysLinkSamples_startup
                0x0004483c                SysLinkSamples_shutdown
                0x00044874                SysLinkSamples_setHiddenProcId
                0x0004488c                SysLinkSamples_isAvailableProcId
                0x000448a0                SysLinkSamples_setToRunProcIds
                0x00044a20                SysLinkSamples_toRunProcId
                0x00044a34                SysLinkSamples_osStartup
                0x00044bdc                SysLinkSamples_osShutdown
 .text          0x00044bfc     0x1190 slaveloader.o_debug
                0x00045064                SlaveLoader_startupArgs
                0x00045428                SlaveLoader_startup
                0x0004578c                SlaveLoader_shutdown
                0x00045a50                SlaveLoader_printStatus
 .text          0x00045d8c       0x64 /opt/linux-devkit/bin/../arm-arago-linux-gnueabi/usr/lib/./libc_nonshared.a(elf-init.oS)
                0x00045d8c                __libc_csu_init
                0x00045dec                __libc_csu_fini
 .text          0x00045df0      0x114 /opt/linux-devkit/bin/../lib/gcc/arm-arago-linux-gnueabi/4.5.3/libgcc.a(_udivsi3.o)
                0x00045df0                __udivsi3
                0x00045df0                __aeabi_uidiv
                0x00045ee4                __aeabi_uidivmod
 .text          0x00045f04       0x14 /opt/linux-devkit/bin/../lib/gcc/arm-arago-linux-gnueabi/4.5.3/libgcc.a(_dvmd_lnx.o)
                0x00045f04                __aeabi_idiv0
                0x00045f04                __aeabi_ldiv0
 .text          0x00045f18        0x0 /opt/linux-devkit/bin/../lib/gcc/arm-arago-linux-gnueabi/4.5.3/crtend.o
 .text          0x00045f18        0x0 /opt/linux-devkit/bin/../arm-arago-linux-gnueabi/usr/lib/crtn.o
 *(.gnu.warning)
 *(.glue_7t)
 .glue_7t       0x00000000        0x0 linker stubs
 *(.glue_7)
 .glue_7        0x00000000        0x0 linker stubs
 *(.vfp11_veneer)
 .vfp11_veneer  0x00000000        0x0 linker stubs
 *(.v4_bx)
 .v4_bx         0x00000000        0x0 linker stubs

.fini           0x00045f18        0x8
 *(.fini)
 .fini          0x00045f18        0x4 /opt/linux-devkit/bin/../arm-arago-linux-gnueabi/usr/lib/crti.o
                0x00045f18                _fini
 .fini          0x00045f1c        0x4 /opt/linux-devkit/bin/../arm-arago-linux-gnueabi/usr/lib/crtn.o
                0x00045f20                PROVIDE (__etext, .)
                0x00045f20                PROVIDE (_etext, .)
                0x00045f20                PROVIDE (etext, .)

.rodata         0x00045f20    0x16108
 *(.rodata .rodata.* .gnu.linkonce.r.*)
 .rodata.cst4   0x00045f20        0x4 /opt/linux-devkit/bin/../arm-arago-linux-gnueabi/usr/lib/crt1.o
                0x00045f20                _IO_stdin_used
 .rodata        0x00045f24       0x3c bin/debug/obj/main.ov5T
 .rodata        0x00045f60      0x248 bin/debug/obj/syslink.ov5T
 .rodata        0x000461a8       0x6c bin/debug/obj/pseudo.ov5T
 .rodata        0x00046214     0x12e8 /home/liao/src/syslink/packages/ti/syslink/lib/syslink.a_debug(SharedRegion.o)
 .rodata        0x000474fc      0xc38 /home/liao/src/syslink/packages/ti/syslink/lib/syslink.a_debug(Notify.o)
 .rodata        0x00048134      0xf54 /home/liao/src/syslink/packages/ti/syslink/lib/syslink.a_debug(MessageQ.o)
 .rodata        0x00049088      0x794 /home/liao/src/syslink/packages/ti/syslink/lib/syslink.a_debug(Ipc.o)
 .rodata        0x0004981c     0x117c /home/liao/src/syslink/packages/ti/syslink/lib/syslink.a_debug(RingIO.o)
 .rodata        0x0004a998      0x348 /home/liao/src/syslink/packages/ti/syslink/lib/syslink.a_debug(RingIOShm.o)
 .rodata        0x0004ace0     0x1c64 /home/liao/src/syslink/packages/ti/syslink/lib/syslink.a_debug(FrameQ.o)
 .rodata        0x0004c944     0x1fc4 /home/liao/src/syslink/packages/ti/syslink/lib/syslink.a_debug(FrameQBufMgr.o)
 .rodata        0x0004e908     0x13a8 /home/liao/src/syslink/packages/ti/syslink/lib/syslink.a_debug(ClientNotifyMgr.o)
 .rodata        0x0004fcb0      0xd08 /home/liao/src/syslink/packages/ti/syslink/lib/syslink.a_debug(HeapMemMP.o)
 .rodata        0x000509b8      0xca8 /home/liao/src/syslink/packages/ti/syslink/lib/syslink.a_debug(HeapBufMP.o)
 .rodata        0x00051660      0x9e0 /home/liao/src/syslink/packages/ti/syslink/lib/syslink.a_debug(GateMP.o)
 .rodata        0x00052040      0x2fc /home/liao/src/syslink/packages/ti/syslink/lib/syslink.a_debug(SharedRegionDrv.o)
 .rodata        0x0005233c      0x418 /home/liao/src/syslink/packages/ti/syslink/lib/syslink.a_debug(NotifyDrvUsr.o)
 .rodata        0x00052754      0x29c /home/liao/src/syslink/packages/ti/syslink/lib/syslink.a_debug(HeapBufMPDrv.o)
 .rodata        0x000529f0      0x290 /home/liao/src/syslink/packages/ti/syslink/lib/syslink.a_debug(MessageQDrv.o)
 .rodata        0x00052c80      0x244 /home/liao/src/syslink/packages/ti/syslink/lib/syslink.a_debug(IpcDrv.o)
 .rodata        0x00052ec4      0x268 /home/liao/src/syslink/packages/ti/syslink/lib/syslink.a_debug(FrameQDrv.o)
 .rodata        0x0005312c      0x2cc /home/liao/src/syslink/packages/ti/syslink/lib/syslink.a_debug(FrameQBufMgrDrv.o)
 .rodata        0x000533f8      0x2f8 /home/liao/src/syslink/packages/ti/syslink/lib/syslink.a_debug(ClientNotifyMgrDrv.o)
 .rodata        0x000536f0      0x268 /home/liao/src/syslink/packages/ti/syslink/lib/syslink.a_debug(RingIODrv.o)
 .rodata        0x00053958      0x290 /home/liao/src/syslink/packages/ti/syslink/lib/syslink.a_debug(RingIOShmDrv.o)
 .rodata        0x00053be8      0x29c /home/liao/src/syslink/packages/ti/syslink/lib/syslink.a_debug(HeapMemMPDrv.o)
 .rodata        0x00053e84      0x268 /home/liao/src/syslink/packages/ti/syslink/lib/syslink.a_debug(GateMPDrv.o)
 .rodata        0x000540ec      0x228 /home/liao/src/syslink/packages/ti/syslink/lib/syslink.a_debug(GateMutex.o)
 .rodata        0x00054314      0x4cc /home/liao/src/syslink/packages/ti/syslink/lib/syslink.a_debug(Memory.o)
 .rodata        0x000547e0      0x84c /home/liao/src/syslink/packages/ti/syslink/lib/syslink.a_debug(List.o)
 .rodata        0x0005502c      0x414 /home/liao/src/syslink/packages/ti/syslink/lib/syslink.a_debug(String.o)
 .rodata        0x00055440       0x50 /home/liao/src/syslink/packages/ti/syslink/lib/syslink.a_debug(Trace.o)
 .rodata        0x00055490      0xdfc /home/liao/src/syslink/packages/ti/syslink/lib/syslink.a_debug(NameServer.o)
 .rodata        0x0005628c      0x60c /home/liao/src/syslink/packages/ti/syslink/lib/syslink.a_debug(MultiProc.o)
 .rodata        0x00056898       0x80 /home/liao/src/syslink/packages/ti/syslink/lib/syslink.a_debug(Gate.o)
 .rodata        0x00056918       0x68 /home/liao/src/syslink/packages/ti/syslink/lib/syslink.a_debug(SysLink.o)
 .rodata        0x00056980      0x248 /home/liao/src/syslink/packages/ti/syslink/lib/syslink.a_debug(Cache.o)
 .rodata        0x00056bc8      0x2c0 /home/liao/src/syslink/packages/ti/syslink/lib/syslink.a_debug(NameServerDrv.o)
 .rodata        0x00056e88      0x250 /home/liao/src/syslink/packages/ti/syslink/lib/syslink.a_debug(MultiProcDrv.o)
 .rodata        0x000570d8      0x100 /home/liao/src/syslink/packages/ti/syslink/lib/syslink.a_debug(TraceDrv.o)
 .rodata        0x000571d8       0xd0 /home/liao/src/syslink/packages/ti/syslink/lib/syslink.a_debug(CacheDrv.o)
 .rodata        0x000572a8      0x8d0 /home/liao/src/syslink/packages/ti/syslink/lib/syslink.a_debug(MemoryOS.o)
 .rodata        0x00057b78      0x374 /home/liao/src/syslink/packages/ti/syslink/lib/syslink.a_debug(OsalDrv.o)
 .rodata        0x00057eec      0x328 /home/liao/src/syslink/packages/ti/syslink/lib/syslink.a_debug(OsalMutex.o)
 .rodata        0x00058214        0x4 /home/liao/src/syslink/packages/ti/syslink/lib/syslink.a_debug(OsalPrint.o)
 .rodata        0x00058218     0x1f48 /home/liao/src/syslink/packages/ti/syslink/lib/syslink.a_debug(ProcMgr.o)
 .rodata        0x0005a160      0x358 /home/liao/src/syslink/packages/ti/syslink/lib/syslink.a_debug(ProcMgrDrvUsr.o)
 .rodata        0x0005a4b8      0x5e8 /home/liao/src/syslink/packages/ti/syslink/lib/syslink.a_debug(FrameQ_common.o)
 .rodata        0x0005aaa0      0xbe8 /home/liao/src/syslink/packages/ti/syslink/lib/syslink.a_debug(ListMP.o)
 .rodata        0x0005b688      0x268 /home/liao/src/syslink/packages/ti/syslink/lib/syslink.a_debug(ListMPDrv.o)
 .rodata.str1.4
                0x0005b8f0      0x180 syslinksamples.o_debug
 .rodata.str1.4
                0x0005ba70      0x5b8 slaveloader.o_debug

.rodata1
 *(.rodata1)

.ARM.extab      0x0005c028        0x0
 *(.ARM.extab* .gnu.linkonce.armextab.*)
 .ARM.extab     0x0005c028        0x0 /opt/linux-devkit/bin/../arm-arago-linux-gnueabi/usr/lib/crt1.o
                0x0005c028                __exidx_start = .

.ARM.exidx      0x0005c028        0x8
 *(.ARM.exidx* .gnu.linkonce.armexidx.*)
 .ARM.exidx     0x0005c028        0x8 /opt/linux-devkit/bin/../arm-arago-linux-gnueabi/usr/lib/crt1.o
                0x0005c030                __exidx_end = .

.eh_frame_hdr
 *(.eh_frame_hdr)

.eh_frame
 *(.eh_frame)

.gcc_except_table
 *(.gcc_except_table .gcc_except_table.*)
                0x0005c030                . = (ALIGN (0x8000) - ((0x8000 - .) & 0x7fff))
                0x00064030                . = (0x8000 DATA_SEGMENT_ALIGN 0x1000)

.eh_frame
 *(.eh_frame)

.gcc_except_table
 *(.gcc_except_table .gcc_except_table.*)

.tdata
 *(.tdata .tdata.* .gnu.linkonce.td.*)

.tbss
 *(.tbss .tbss.* .gnu.linkonce.tb.*)
 *(.tcommon)

.preinit_array  0x00064030        0x0
                0x00064030                PROVIDE (__preinit_array_start, .)
 *(.preinit_array)
                0x00064030                PROVIDE (__preinit_array_end, .)

.init_array     0x00064030        0x4
                0x00064030                PROVIDE (__init_array_start, .)
 *(SORT(.init_array.*))
 *(.init_array)
 .init_array    0x00064030        0x4 /opt/linux-devkit/bin/../lib/gcc/arm-arago-linux-gnueabi/4.5.3/crtbegin.o
                0x00064034                PROVIDE (__init_array_end, .)

.fini_array     0x00064034        0x4
                0x00064034                PROVIDE (__fini_array_start, .)
 *(.fini_array)
 .fini_array    0x00064034        0x4 /opt/linux-devkit/bin/../lib/gcc/arm-arago-linux-gnueabi/4.5.3/crtbegin.o
 *(SORT(.fini_array.*))
                0x00064038                PROVIDE (__fini_array_end, .)

.ctors
 *crtbegin.o(.ctors)
 *crtbegin?.o(.ctors)
 *(EXCLUDE_FILE(*crtend?.o *crtend.o) .ctors)
 *(SORT(.ctors.*))
 *(.ctors)

.dtors
 *crtbegin.o(.dtors)
 *crtbegin?.o(.dtors)
 *(EXCLUDE_FILE(*crtend?.o *crtend.o) .dtors)
 *(SORT(.dtors.*))
 *(.dtors)

.jcr            0x00064038        0x4
 *(.jcr)
 .jcr           0x00064038        0x0 /opt/linux-devkit/bin/../lib/gcc/arm-arago-linux-gnueabi/4.5.3/crtbegin.o
 .jcr           0x00064038        0x4 /opt/linux-devkit/bin/../lib/gcc/arm-arago-linux-gnueabi/4.5.3/crtend.o

.data.rel.ro
 *(.data.rel.ro.local* .gnu.linkonce.d.rel.ro.local.*)
 *(.data.rel.ro* .gnu.linkonce.d.rel.ro.*)

.dynamic        0x0006403c       0xf8
 *(.dynamic)
 .dynamic       0x0006403c       0xf8 /opt/linux-devkit/bin/../arm-arago-linux-gnueabi/usr/lib/crti.o
                0x0006403c                _DYNAMIC
                0x00064134                . = (. DATA_SEGMENT_RELRO_END 0x0)

.got            0x00064134       0xf4
 *(.got.plt)
 .got.plt       0x00064134       0xe0 /opt/linux-devkit/bin/../arm-arago-linux-gnueabi/usr/lib/crti.o
                0x00064134                _GLOBAL_OFFSET_TABLE_
 *(.igot.plt)
 *(.got)
 .got           0x00064214       0x14 /opt/linux-devkit/bin/../arm-arago-linux-gnueabi/usr/lib/crti.o
 *(.igot)

.data           0x00064228       0xe0
                0x00064228                PROVIDE (__data_start, .)
 *(.data .data.* .gnu.linkonce.d.*)
 .data          0x00064228        0x4 /opt/linux-devkit/bin/../arm-arago-linux-gnueabi/usr/lib/crt1.o
                0x00064228                data_start
                0x00064228                __data_start
 .data          0x0006422c        0x0 /opt/linux-devkit/bin/../arm-arago-linux-gnueabi/usr/lib/crti.o
 .data          0x0006422c        0x4 /opt/linux-devkit/bin/../lib/gcc/arm-arago-linux-gnueabi/4.5.3/crtbegin.o
                0x0006422c                __dso_handle
 .data          0x00064230        0x0 bin/debug/obj/main.ov5T
 .data          0x00064230        0x0 bin/debug/obj/syslink.ov5T
 .data          0x00064230       0x98 bin/debug/obj/pseudo.ov5T
                0x00064230                baud_arr
                0x0006427c                baud_name
 .data          0x000642c8        0x4 /home/liao/src/syslink/packages/ti/syslink/lib/syslink.a_debug(SharedRegion.o)
                0x000642c8                SharedRegion_module
 .data          0x000642cc        0x0 /home/liao/src/syslink/packages/ti/syslink/lib/syslink.a_debug(Notify.o)
 .data          0x000642cc        0x4 /home/liao/src/syslink/packages/ti/syslink/lib/syslink.a_debug(MessageQ.o)
                0x000642cc                MessageQ_module
 .data          0x000642d0        0x0 /home/liao/src/syslink/packages/ti/syslink/lib/syslink.a_debug(Ipc.o)
 .data          0x000642d0        0x0 /home/liao/src/syslink/packages/ti/syslink/lib/syslink.a_debug(RingIO.o)
 .data          0x000642d0        0x0 /home/liao/src/syslink/packages/ti/syslink/lib/syslink.a_debug(RingIOShm.o)
 .data          0x000642d0        0x4 /home/liao/src/syslink/packages/ti/syslink/lib/syslink.a_debug(FrameQ.o)
                0x000642d0                FrameQ_module
 .data          0x000642d4        0x4 /home/liao/src/syslink/packages/ti/syslink/lib/syslink.a_debug(FrameQBufMgr.o)
                0x000642d4                FrameQBufMgr_module
 .data          0x000642d8        0x4 /home/liao/src/syslink/packages/ti/syslink/lib/syslink.a_debug(ClientNotifyMgr.o)
                0x000642d8                ClientNotifyMgr_module
 .data          0x000642dc        0x0 /home/liao/src/syslink/packages/ti/syslink/lib/syslink.a_debug(HeapMemMP.o)
 .data          0x000642dc        0x4 /home/liao/src/syslink/packages/ti/syslink/lib/syslink.a_debug(HeapBufMP.o)
                0x000642dc                HeapBufMP_module
 .data          0x000642e0        0x4 /home/liao/src/syslink/packages/ti/syslink/lib/syslink.a_debug(GateMP.o)
 .data          0x000642e4        0x0 /home/liao/src/syslink/packages/ti/syslink/lib/syslink.a_debug(SharedRegionDrv.o)
 .data          0x000642e4        0x4 /home/liao/src/syslink/packages/ti/syslink/lib/syslink.a_debug(NotifyDrvUsr.o)
 .data          0x000642e8        0x0 /home/liao/src/syslink/packages/ti/syslink/lib/syslink.a_debug(HeapBufMPDrv.o)
 .data          0x000642e8        0x0 /home/liao/src/syslink/packages/ti/syslink/lib/syslink.a_debug(MessageQDrv.o)
 .data          0x000642e8        0x0 /home/liao/src/syslink/packages/ti/syslink/lib/syslink.a_debug(IpcDrv.o)
 .data          0x000642e8        0x0 /home/liao/src/syslink/packages/ti/syslink/lib/syslink.a_debug(FrameQDrv.o)
 .data          0x000642e8        0x0 /home/liao/src/syslink/packages/ti/syslink/lib/syslink.a_debug(FrameQBufMgrDrv.o)
 .data          0x000642e8        0x0 /home/liao/src/syslink/packages/ti/syslink/lib/syslink.a_debug(ClientNotifyMgrDrv.o)
 .data          0x000642e8        0x0 /home/liao/src/syslink/packages/ti/syslink/lib/syslink.a_debug(RingIODrv.o)
 .data          0x000642e8        0x0 /home/liao/src/syslink/packages/ti/syslink/lib/syslink.a_debug(RingIOShmDrv.o)
 .data          0x000642e8        0x0 /home/liao/src/syslink/packages/ti/syslink/lib/syslink.a_debug(HeapMemMPDrv.o)
 .data          0x000642e8        0x0 /home/liao/src/syslink/packages/ti/syslink/lib/syslink.a_debug(GateMPDrv.o)
 .data          0x000642e8        0x0 /home/liao/src/syslink/packages/ti/syslink/lib/syslink.a_debug(GateMutex.o)
 .data          0x000642e8        0x0 /home/liao/src/syslink/packages/ti/syslink/lib/syslink.a_debug(Memory.o)
 .data          0x000642e8        0x0 /home/liao/src/syslink/packages/ti/syslink/lib/syslink.a_debug(List.o)
 .data          0x000642e8        0x0 /home/liao/src/syslink/packages/ti/syslink/lib/syslink.a_debug(String.o)
 .data          0x000642e8        0x0 /home/liao/src/syslink/packages/ti/syslink/lib/syslink.a_debug(Trace.o)
 .data          0x000642e8        0x4 /home/liao/src/syslink/packages/ti/syslink/lib/syslink.a_debug(NameServer.o)
                0x000642e8                NameServer_module
 .data          0x000642ec        0x4 /home/liao/src/syslink/packages/ti/syslink/lib/syslink.a_debug(MultiProc.o)
                0x000642ec                MultiProc_module
 .data          0x000642f0        0xc /home/liao/src/syslink/packages/ti/syslink/lib/syslink.a_debug(Gate.o)
                0x000642f0                Gate_systemObject
                0x000642f8                Gate_systemHandle
 .data          0x000642fc        0x0 /home/liao/src/syslink/packages/ti/syslink/lib/syslink.a_debug(SysLink.o)
 .data          0x000642fc        0x0 /home/liao/src/syslink/packages/ti/syslink/lib/syslink.a_debug(Cache.o)
 .data          0x000642fc        0x0 /home/liao/src/syslink/packages/ti/syslink/lib/syslink.a_debug(NameServerDrv.o)
 .data          0x000642fc        0x0 /home/liao/src/syslink/packages/ti/syslink/lib/syslink.a_debug(MultiProcDrv.o)
 .data          0x000642fc        0x0 /home/liao/src/syslink/packages/ti/syslink/lib/syslink.a_debug(TraceDrv.o)
 .data          0x000642fc        0x0 /home/liao/src/syslink/packages/ti/syslink/lib/syslink.a_debug(CacheDrv.o)
 .data          0x000642fc        0x0 /home/liao/src/syslink/packages/ti/syslink/lib/syslink.a_debug(MemoryOS.o)
 .data          0x000642fc        0x4 /home/liao/src/syslink/packages/ti/syslink/lib/syslink.a_debug(OsalDrv.o)
 .data          0x00064300        0x0 /home/liao/src/syslink/packages/ti/syslink/lib/syslink.a_debug(OsalMutex.o)
 .data          0x00064300        0x0 /home/liao/src/syslink/packages/ti/syslink/lib/syslink.a_debug(OsalPrint.o)
 .data          0x00064300        0x0 /home/liao/src/syslink/packages/ti/syslink/lib/syslink.a_debug(ProcMgr.o)
 .data          0x00064300        0x4 /home/liao/src/syslink/packages/ti/syslink/lib/syslink.a_debug(ProcMgrDrvUsr.o)
 .data          0x00064304        0x0 /home/liao/src/syslink/packages/ti/syslink/lib/syslink.a_debug(FrameQ_common.o)
 .data          0x00064304        0x4 /home/liao/src/syslink/packages/ti/syslink/lib/syslink.a_debug(ListMP.o)
                0x00064304                ListMP_module
 .data          0x00064308        0x0 /home/liao/src/syslink/packages/ti/syslink/lib/syslink.a_debug(ListMPDrv.o)
 .data          0x00064308        0x0 syslinksamples.o_debug
 .data          0x00064308        0x0 slaveloader.o_debug
 .data          0x00064308        0x0 /opt/linux-devkit/bin/../arm-arago-linux-gnueabi/usr/lib/./libc_nonshared.a(elf-init.oS)
 .data          0x00064308        0x0 /opt/linux-devkit/bin/../lib/gcc/arm-arago-linux-gnueabi/4.5.3/libgcc.a(_udivsi3.o)
 .data          0x00064308        0x0 /opt/linux-devkit/bin/../lib/gcc/arm-arago-linux-gnueabi/4.5.3/libgcc.a(_dvmd_lnx.o)
 .data          0x00064308        0x0 /opt/linux-devkit/bin/../lib/gcc/arm-arago-linux-gnueabi/4.5.3/crtend.o
 .data          0x00064308        0x0 /opt/linux-devkit/bin/../arm-arago-linux-gnueabi/usr/lib/crtn.o

.data1
 *(.data1)
                0x00064308                _edata = .
                0x00064308                PROVIDE (edata, .)
                0x00064308                __bss_start = .
                0x00064308                __bss_start__ = .

.bss            0x00064308    0x2d974
 *(.dynbss)
 .dynbss        0x00000000        0x0 /opt/linux-devkit/bin/../arm-arago-linux-gnueabi/usr/lib/crti.o
 *(.bss .bss.* .gnu.linkonce.b.*)
 .bss           0x00064308        0x0 /opt/linux-devkit/bin/../arm-arago-linux-gnueabi/usr/lib/crt1.o
 .bss           0x00064308        0x0 /opt/linux-devkit/bin/../arm-arago-linux-gnueabi/usr/lib/crti.o
 .bss           0x00064308        0x1 /opt/linux-devkit/bin/../lib/gcc/arm-arago-linux-gnueabi/4.5.3/crtbegin.o
 .bss           0x00064309        0x0 bin/debug/obj/main.ov5T
 *fill*         0x00064309        0x3 00
 .bss           0x0006430c        0x4 bin/debug/obj/syslink.ov5T
 .bss           0x00064310      0x200 bin/debug/obj/pseudo.ov5T
 .bss           0x00064510      0x138 /home/liao/src/syslink/packages/ti/syslink/lib/syslink.a_debug(SharedRegion.o)
                0x00064510                SharedRegion_state
 .bss           0x00064648       0x14 /home/liao/src/syslink/packages/ti/syslink/lib/syslink.a_debug(Notify.o)
                0x00064648                Notify_state
 .bss           0x0006465c        0x4 /home/liao/src/syslink/packages/ti/syslink/lib/syslink.a_debug(MessageQ.o)
                0x0006465c                MessageQ_state
 .bss           0x00064660       0x34 /home/liao/src/syslink/packages/ti/syslink/lib/syslink.a_debug(Ipc.o)
                0x00064660                Ipc_state
                0x00064688                SysLinkCfg_sysMemMap
                0x00064690                SysLink_params
 .bss           0x00064694        0xc /home/liao/src/syslink/packages/ti/syslink/lib/syslink.a_debug(RingIO.o)
                0x00064694                RingIO_state
 .bss           0x000646a0        0x8 /home/liao/src/syslink/packages/ti/syslink/lib/syslink.a_debug(RingIOShm.o)
                0x000646a0                RingIOShm_state
 .bss           0x000646a8       0x20 /home/liao/src/syslink/packages/ti/syslink/lib/syslink.a_debug(FrameQ.o)
                0x000646a8                FrameQ_module_obj
 .bss           0x000646c8       0x20 /home/liao/src/syslink/packages/ti/syslink/lib/syslink.a_debug(FrameQBufMgr.o)
                0x000646c8                FrameQBufMgr_module_obj
 .bss           0x000646e8    0x2d024 /home/liao/src/syslink/packages/ti/syslink/lib/syslink.a_debug(ClientNotifyMgr.o)
                0x000646e8                ClientNotifyMgr_module_obj
 .bss           0x0009170c        0x4 /home/liao/src/syslink/packages/ti/syslink/lib/syslink.a_debug(HeapMemMP.o)
                0x0009170c                HeapMemMP_state
 .bss           0x00091710        0x4 /home/liao/src/syslink/packages/ti/syslink/lib/syslink.a_debug(HeapBufMP.o)
                0x00091710                HeapBufMP_state
 .bss           0x00091714       0x1c /home/liao/src/syslink/packages/ti/syslink/lib/syslink.a_debug(GateMP.o)
 .bss           0x00091730        0x8 /home/liao/src/syslink/packages/ti/syslink/lib/syslink.a_debug(SharedRegionDrv.o)
 .bss           0x00091738        0xc /home/liao/src/syslink/packages/ti/syslink/lib/syslink.a_debug(NotifyDrvUsr.o)
 .bss           0x00091744        0x8 /home/liao/src/syslink/packages/ti/syslink/lib/syslink.a_debug(HeapBufMPDrv.o)
 .bss           0x0009174c        0x8 /home/liao/src/syslink/packages/ti/syslink/lib/syslink.a_debug(MessageQDrv.o)
 .bss           0x00091754        0x8 /home/liao/src/syslink/packages/ti/syslink/lib/syslink.a_debug(IpcDrv.o)
 .bss           0x0009175c        0x8 /home/liao/src/syslink/packages/ti/syslink/lib/syslink.a_debug(FrameQDrv.o)
 .bss           0x00091764        0x8 /home/liao/src/syslink/packages/ti/syslink/lib/syslink.a_debug(FrameQBufMgrDrv.o)
 .bss           0x0009176c        0x8 /home/liao/src/syslink/packages/ti/syslink/lib/syslink.a_debug(ClientNotifyMgrDrv.o)
 .bss           0x00091774        0x8 /home/liao/src/syslink/packages/ti/syslink/lib/syslink.a_debug(RingIODrv.o)
 .bss           0x0009177c        0x8 /home/liao/src/syslink/packages/ti/syslink/lib/syslink.a_debug(RingIOShmDrv.o)
 .bss           0x00091784        0x8 /home/liao/src/syslink/packages/ti/syslink/lib/syslink.a_debug(HeapMemMPDrv.o)
 .bss           0x0009178c        0x8 /home/liao/src/syslink/packages/ti/syslink/lib/syslink.a_debug(GateMPDrv.o)
 .bss           0x00091794        0x4 /home/liao/src/syslink/packages/ti/syslink/lib/syslink.a_debug(GateMutex.o)
 .bss           0x00091798        0x0 /home/liao/src/syslink/packages/ti/syslink/lib/syslink.a_debug(Memory.o)
 .bss           0x00091798        0x0 /home/liao/src/syslink/packages/ti/syslink/lib/syslink.a_debug(List.o)
 .bss           0x00091798        0x0 /home/liao/src/syslink/packages/ti/syslink/lib/syslink.a_debug(String.o)
 .bss           0x00091798        0x4 /home/liao/src/syslink/packages/ti/syslink/lib/syslink.a_debug(Trace.o)
                0x00091798                curTrace
 .bss           0x0009179c        0xc /home/liao/src/syslink/packages/ti/syslink/lib/syslink.a_debug(NameServer.o)
                0x0009179c                NameServer_state
 .bss           0x000917a8      0x298 /home/liao/src/syslink/packages/ti/syslink/lib/syslink.a_debug(MultiProc.o)
                0x000917a8                MultiProc_state
 .bss           0x00091a40       0x18 /home/liao/src/syslink/packages/ti/syslink/lib/syslink.a_debug(Gate.o)
                0x00091a40                staticMutex
 .bss           0x00091a58        0x0 /home/liao/src/syslink/packages/ti/syslink/lib/syslink.a_debug(SysLink.o)
 .bss           0x00091a58        0x0 /home/liao/src/syslink/packages/ti/syslink/lib/syslink.a_debug(Cache.o)
 .bss           0x00091a58        0x8 /home/liao/src/syslink/packages/ti/syslink/lib/syslink.a_debug(NameServerDrv.o)
 .bss           0x00091a60        0x8 /home/liao/src/syslink/packages/ti/syslink/lib/syslink.a_debug(MultiProcDrv.o)
 .bss           0x00091a68        0x0 /home/liao/src/syslink/packages/ti/syslink/lib/syslink.a_debug(TraceDrv.o)
 .bss           0x00091a68        0x0 /home/liao/src/syslink/packages/ti/syslink/lib/syslink.a_debug(CacheDrv.o)
 .bss           0x00091a68       0x18 /home/liao/src/syslink/packages/ti/syslink/lib/syslink.a_debug(MemoryOS.o)
 .bss           0x00091a80        0x4 /home/liao/src/syslink/packages/ti/syslink/lib/syslink.a_debug(OsalDrv.o)
 .bss           0x00091a84        0x0 /home/liao/src/syslink/packages/ti/syslink/lib/syslink.a_debug(OsalMutex.o)
 .bss           0x00091a84        0x0 /home/liao/src/syslink/packages/ti/syslink/lib/syslink.a_debug(OsalPrint.o)
 .bss           0x00091a84       0x2c /home/liao/src/syslink/packages/ti/syslink/lib/syslink.a_debug(ProcMgr.o)
                0x00091a84                ProcMgr_state
 .bss           0x00091ab0        0x4 /home/liao/src/syslink/packages/ti/syslink/lib/syslink.a_debug(ProcMgrDrvUsr.o)
 .bss           0x00091ab4        0x0 /home/liao/src/syslink/packages/ti/syslink/lib/syslink.a_debug(FrameQ_common.o)
 .bss           0x00091ab4        0x4 /home/liao/src/syslink/packages/ti/syslink/lib/syslink.a_debug(ListMP.o)
                0x00091ab4                ListMP_state
 .bss           0x00091ab8        0x8 /home/liao/src/syslink/packages/ti/syslink/lib/syslink.a_debug(ListMPDrv.o)
 .bss           0x00091ac0        0x4 syslinksamples.o_debug
                0x00091ac0                SysLinkSamples_oldTraceMask
 .bss           0x00091ac4        0x0 slaveloader.o_debug
 .bss           0x00091ac4        0x0 /opt/linux-devkit/bin/../arm-arago-linux-gnueabi/usr/lib/./libc_nonshared.a(elf-init.oS)
 .bss           0x00091ac4        0x0 /opt/linux-devkit/bin/../lib/gcc/arm-arago-linux-gnueabi/4.5.3/libgcc.a(_udivsi3.o)
 .bss           0x00091ac4        0x0 /opt/linux-devkit/bin/../lib/gcc/arm-arago-linux-gnueabi/4.5.3/libgcc.a(_dvmd_lnx.o)
 .bss           0x00091ac4        0x0 /opt/linux-devkit/bin/../lib/gcc/arm-arago-linux-gnueabi/4.5.3/crtend.o
 .bss           0x00091ac4        0x0 /opt/linux-devkit/bin/../arm-arago-linux-gnueabi/usr/lib/crtn.o
 *(COMMON)
 COMMON         0x00091ac4      0x17c bin/debug/obj/syslink.ov5T
                0x00091ac4                syslink
 COMMON         0x00091c40        0x4 /home/liao/src/syslink/packages/ti/syslink/lib/syslink.a_debug(NameServer.o)
                0x00091c40                NameServer_Object
 COMMON         0x00091c44       0x10 /home/liao/src/syslink/packages/ti/syslink/lib/syslink.a_debug(MemoryOS.o)
                0x00091c44                MemoryOS_state
 COMMON         0x00091c54       0x28 syslinksamples.o_debug
                0x00091c54                SysLinkSamples_runProcIds
                0x00091c68                SysLinkSamples_availableProcIds
                0x00091c7c                . = ALIGN ((. != 0x0)?0x4:0x1)
                0x00091c7c                _bss_end__ = .
                0x00091c7c                __bss_end__ = .
                0x00091c7c                . = ALIGN (0x4)
                0x00091c7c                . = ALIGN (0x4)
                0x00091c7c                __end__ = .
                0x00091c7c                _end = .
                0x00091c7c                PROVIDE (end, .)
                0x00091c7c                . = DATA_SEGMENT_END (.)

.stab
 *(.stab)

.stabstr
 *(.stabstr)

.stab.excl
 *(.stab.excl)

.stab.exclstr
 *(.stab.exclstr)

.stab.index
 *(.stab.index)

.stab.indexstr
 *(.stab.indexstr)

.ARM.attributes
                0x00000000       0x29
 .ARM.attributes
                0x00000000       0x29 /opt/linux-devkit/bin/../arm-arago-linux-gnueabi/usr/lib/crt1.o
 .ARM.attributes
                0x00000029       0x2b /opt/linux-devkit/bin/../arm-arago-linux-gnueabi/usr/lib/crti.o
 .ARM.attributes
                0x00000054       0x32 /opt/linux-devkit/bin/../lib/gcc/arm-arago-linux-gnueabi/4.5.3/crtbegin.o
 .ARM.attributes
                0x00000086       0x2a bin/debug/obj/main.ov5T
 .ARM.attributes
                0x000000b0       0x2a bin/debug/obj/syslink.ov5T
 .ARM.attributes
                0x000000da       0x2a bin/debug/obj/pseudo.ov5T
 .ARM.attributes
                0x00000104       0x32 /home/liao/src/syslink/packages/ti/syslink/lib/syslink.a_debug(SharedRegion.o)
 .ARM.attributes
                0x00000136       0x32 /home/liao/src/syslink/packages/ti/syslink/lib/syslink.a_debug(Notify.o)
 .ARM.attributes
                0x00000168       0x32 /home/liao/src/syslink/packages/ti/syslink/lib/syslink.a_debug(MessageQ.o)
 .ARM.attributes
                0x0000019a       0x32 /home/liao/src/syslink/packages/ti/syslink/lib/syslink.a_debug(Ipc.o)
 .ARM.attributes
                0x000001cc       0x32 /home/liao/src/syslink/packages/ti/syslink/lib/syslink.a_debug(RingIO.o)
 .ARM.attributes
                0x000001fe       0x32 /home/liao/src/syslink/packages/ti/syslink/lib/syslink.a_debug(RingIOShm.o)
 .ARM.attributes
                0x00000230       0x32 /home/liao/src/syslink/packages/ti/syslink/lib/syslink.a_debug(FrameQ.o)
 .ARM.attributes
                0x00000262       0x32 /home/liao/src/syslink/packages/ti/syslink/lib/syslink.a_debug(FrameQBufMgr.o)
 .ARM.attributes
                0x00000294       0x32 /home/liao/src/syslink/packages/ti/syslink/lib/syslink.a_debug(ClientNotifyMgr.o)
 .ARM.attributes
                0x000002c6       0x32 /home/liao/src/syslink/packages/ti/syslink/lib/syslink.a_debug(HeapMemMP.o)
 .ARM.attributes
                0x000002f8       0x32 /home/liao/src/syslink/packages/ti/syslink/lib/syslink.a_debug(HeapBufMP.o)
 .ARM.attributes
                0x0000032a       0x32 /home/liao/src/syslink/packages/ti/syslink/lib/syslink.a_debug(GateMP.o)
 .ARM.attributes
                0x0000035c       0x32 /home/liao/src/syslink/packages/ti/syslink/lib/syslink.a_debug(SharedRegionDrv.o)
 .ARM.attributes
                0x0000038e       0x32 /home/liao/src/syslink/packages/ti/syslink/lib/syslink.a_debug(NotifyDrvUsr.o)
 .ARM.attributes
                0x000003c0       0x32 /home/liao/src/syslink/packages/ti/syslink/lib/syslink.a_debug(HeapBufMPDrv.o)
 .ARM.attributes
                0x000003f2       0x32 /home/liao/src/syslink/packages/ti/syslink/lib/syslink.a_debug(MessageQDrv.o)
 .ARM.attributes
                0x00000424       0x32 /home/liao/src/syslink/packages/ti/syslink/lib/syslink.a_debug(IpcDrv.o)
 .ARM.attributes
                0x00000456       0x32 /home/liao/src/syslink/packages/ti/syslink/lib/syslink.a_debug(FrameQDrv.o)
 .ARM.attributes
                0x00000488       0x32 /home/liao/src/syslink/packages/ti/syslink/lib/syslink.a_debug(FrameQBufMgrDrv.o)
 .ARM.attributes
                0x000004ba       0x32 /home/liao/src/syslink/packages/ti/syslink/lib/syslink.a_debug(ClientNotifyMgrDrv.o)
 .ARM.attributes
                0x000004ec       0x32 /home/liao/src/syslink/packages/ti/syslink/lib/syslink.a_debug(RingIODrv.o)
 .ARM.attributes
                0x0000051e       0x32 /home/liao/src/syslink/packages/ti/syslink/lib/syslink.a_debug(RingIOShmDrv.o)
 .ARM.attributes
                0x00000550       0x32 /home/liao/src/syslink/packages/ti/syslink/lib/syslink.a_debug(HeapMemMPDrv.o)
 .ARM.attributes
                0x00000582       0x32 /home/liao/src/syslink/packages/ti/syslink/lib/syslink.a_debug(GateMPDrv.o)
 .ARM.attributes
                0x000005b4       0x32 /home/liao/src/syslink/packages/ti/syslink/lib/syslink.a_debug(GateMutex.o)
 .ARM.attributes
                0x000005e6       0x32 /home/liao/src/syslink/packages/ti/syslink/lib/syslink.a_debug(Memory.o)
 .ARM.attributes
                0x00000618       0x32 /home/liao/src/syslink/packages/ti/syslink/lib/syslink.a_debug(List.o)
 .ARM.attributes
                0x0000064a       0x32 /home/liao/src/syslink/packages/ti/syslink/lib/syslink.a_debug(String.o)
 .ARM.attributes
                0x0000067c       0x32 /home/liao/src/syslink/packages/ti/syslink/lib/syslink.a_debug(Trace.o)
 .ARM.attributes
                0x000006ae       0x32 /home/liao/src/syslink/packages/ti/syslink/lib/syslink.a_debug(NameServer.o)
 .ARM.attributes
                0x000006e0       0x32 /home/liao/src/syslink/packages/ti/syslink/lib/syslink.a_debug(MultiProc.o)
 .ARM.attributes
                0x00000712       0x32 /home/liao/src/syslink/packages/ti/syslink/lib/syslink.a_debug(Gate.o)
 .ARM.attributes
                0x00000744       0x32 /home/liao/src/syslink/packages/ti/syslink/lib/syslink.a_debug(SysLink.o)
 .ARM.attributes
                0x00000776       0x32 /home/liao/src/syslink/packages/ti/syslink/lib/syslink.a_debug(Cache.o)
 .ARM.attributes
                0x000007a8       0x32 /home/liao/src/syslink/packages/ti/syslink/lib/syslink.a_debug(NameServerDrv.o)
 .ARM.attributes
                0x000007da       0x32 /home/liao/src/syslink/packages/ti/syslink/lib/syslink.a_debug(MultiProcDrv.o)
 .ARM.attributes
                0x0000080c       0x32 /home/liao/src/syslink/packages/ti/syslink/lib/syslink.a_debug(TraceDrv.o)
 .ARM.attributes
                0x0000083e       0x32 /home/liao/src/syslink/packages/ti/syslink/lib/syslink.a_debug(CacheDrv.o)
 .ARM.attributes
                0x00000870       0x32 /home/liao/src/syslink/packages/ti/syslink/lib/syslink.a_debug(MemoryOS.o)
 .ARM.attributes
                0x000008a2       0x32 /home/liao/src/syslink/packages/ti/syslink/lib/syslink.a_debug(OsalDrv.o)
 .ARM.attributes
                0x000008d4       0x32 /home/liao/src/syslink/packages/ti/syslink/lib/syslink.a_debug(OsalMutex.o)
 .ARM.attributes
                0x00000906       0x32 /home/liao/src/syslink/packages/ti/syslink/lib/syslink.a_debug(OsalPrint.o)
 .ARM.attributes
                0x00000938       0x32 /home/liao/src/syslink/packages/ti/syslink/lib/syslink.a_debug(ProcMgr.o)
 .ARM.attributes
                0x0000096a       0x32 /home/liao/src/syslink/packages/ti/syslink/lib/syslink.a_debug(ProcMgrDrvUsr.o)
 .ARM.attributes
                0x0000099c       0x32 /home/liao/src/syslink/packages/ti/syslink/lib/syslink.a_debug(FrameQ_common.o)
 .ARM.attributes
                0x000009ce       0x32 /home/liao/src/syslink/packages/ti/syslink/lib/syslink.a_debug(ListMP.o)
 .ARM.attributes
                0x00000a00       0x32 /home/liao/src/syslink/packages/ti/syslink/lib/syslink.a_debug(ListMPDrv.o)
 .ARM.attributes
                0x00000a32       0x32 syslinksamples.o_debug
 .ARM.attributes
                0x00000a64       0x32 slaveloader.o_debug
 .ARM.attributes
                0x00000a96       0x2b /opt/linux-devkit/bin/../arm-arago-linux-gnueabi/usr/lib/./libc_nonshared.a(elf-init.oS)
 .ARM.attributes
                0x00000ac1       0x18 /opt/linux-devkit/bin/../lib/gcc/arm-arago-linux-gnueabi/4.5.3/libgcc.a(_udivsi3.o)
 .ARM.attributes
                0x00000ad9       0x18 /opt/linux-devkit/bin/../lib/gcc/arm-arago-linux-gnueabi/4.5.3/libgcc.a(_dvmd_lnx.o)
 .ARM.attributes
                0x00000af1       0x32 /opt/linux-devkit/bin/../lib/gcc/arm-arago-linux-gnueabi/4.5.3/crtend.o
 .ARM.attributes
                0x00000b23       0x2b /opt/linux-devkit/bin/../arm-arago-linux-gnueabi/usr/lib/crtn.o

.comment        0x00000000       0x27
 *(.comment)
 .comment       0x00000000       0x27 /opt/linux-devkit/bin/../arm-arago-linux-gnueabi/usr/lib/crt1.o
                                 0x28 (size before relaxing)
 .comment       0x00000000       0x28 /opt/linux-devkit/bin/../arm-arago-linux-gnueabi/usr/lib/crti.o
 .comment       0x00000000       0x28 /opt/linux-devkit/bin/../lib/gcc/arm-arago-linux-gnueabi/4.5.3/crtbegin.o
 .comment       0x00000000       0x28 bin/debug/obj/main.ov5T
 .comment       0x00000000       0x28 bin/debug/obj/syslink.ov5T
 .comment       0x00000000       0x28 bin/debug/obj/pseudo.ov5T
 .comment       0x00000000       0x28 /home/liao/src/syslink/packages/ti/syslink/lib/syslink.a_debug(SharedRegion.o)
 .comment       0x00000000       0x28 /home/liao/src/syslink/packages/ti/syslink/lib/syslink.a_debug(Notify.o)
 .comment       0x00000000       0x28 /home/liao/src/syslink/packages/ti/syslink/lib/syslink.a_debug(MessageQ.o)
 .comment       0x00000000       0x28 /home/liao/src/syslink/packages/ti/syslink/lib/syslink.a_debug(Ipc.o)
 .comment       0x00000000       0x28 /home/liao/src/syslink/packages/ti/syslink/lib/syslink.a_debug(RingIO.o)
 .comment       0x00000000       0x28 /home/liao/src/syslink/packages/ti/syslink/lib/syslink.a_debug(RingIOShm.o)
 .comment       0x00000000       0x28 /home/liao/src/syslink/packages/ti/syslink/lib/syslink.a_debug(FrameQ.o)
 .comment       0x00000000       0x28 /home/liao/src/syslink/packages/ti/syslink/lib/syslink.a_debug(FrameQBufMgr.o)
 .comment       0x00000000       0x28 /home/liao/src/syslink/packages/ti/syslink/lib/syslink.a_debug(ClientNotifyMgr.o)
 .comment       0x00000000       0x28 /home/liao/src/syslink/packages/ti/syslink/lib/syslink.a_debug(HeapMemMP.o)
 .comment       0x00000000       0x28 /home/liao/src/syslink/packages/ti/syslink/lib/syslink.a_debug(HeapBufMP.o)
 .comment       0x00000000       0x28 /home/liao/src/syslink/packages/ti/syslink/lib/syslink.a_debug(GateMP.o)
 .comment       0x00000000       0x28 /home/liao/src/syslink/packages/ti/syslink/lib/syslink.a_debug(SharedRegionDrv.o)
 .comment       0x00000000       0x28 /home/liao/src/syslink/packages/ti/syslink/lib/syslink.a_debug(NotifyDrvUsr.o)
 .comment       0x00000000       0x28 /home/liao/src/syslink/packages/ti/syslink/lib/syslink.a_debug(HeapBufMPDrv.o)
 .comment       0x00000000       0x28 /home/liao/src/syslink/packages/ti/syslink/lib/syslink.a_debug(MessageQDrv.o)
 .comment       0x00000000       0x28 /home/liao/src/syslink/packages/ti/syslink/lib/syslink.a_debug(IpcDrv.o)
 .comment       0x00000000       0x28 /home/liao/src/syslink/packages/ti/syslink/lib/syslink.a_debug(FrameQDrv.o)
 .comment       0x00000000       0x28 /home/liao/src/syslink/packages/ti/syslink/lib/syslink.a_debug(FrameQBufMgrDrv.o)
 .comment       0x00000000       0x28 /home/liao/src/syslink/packages/ti/syslink/lib/syslink.a_debug(ClientNotifyMgrDrv.o)
 .comment       0x00000000       0x28 /home/liao/src/syslink/packages/ti/syslink/lib/syslink.a_debug(RingIODrv.o)
 .comment       0x00000000       0x28 /home/liao/src/syslink/packages/ti/syslink/lib/syslink.a_debug(RingIOShmDrv.o)
 .comment       0x00000000       0x28 /home/liao/src/syslink/packages/ti/syslink/lib/syslink.a_debug(HeapMemMPDrv.o)
 .comment       0x00000000       0x28 /home/liao/src/syslink/packages/ti/syslink/lib/syslink.a_debug(GateMPDrv.o)
 .comment       0x00000000       0x28 /home/liao/src/syslink/packages/ti/syslink/lib/syslink.a_debug(GateMutex.o)
 .comment       0x00000000       0x28 /home/liao/src/syslink/packages/ti/syslink/lib/syslink.a_debug(Memory.o)
 .comment       0x00000000       0x28 /home/liao/src/syslink/packages/ti/syslink/lib/syslink.a_debug(List.o)
 .comment       0x00000000       0x28 /home/liao/src/syslink/packages/ti/syslink/lib/syslink.a_debug(String.o)
 .comment       0x00000000       0x28 /home/liao/src/syslink/packages/ti/syslink/lib/syslink.a_debug(Trace.o)
 .comment       0x00000000       0x28 /home/liao/src/syslink/packages/ti/syslink/lib/syslink.a_debug(NameServer.o)
 .comment       0x00000000       0x28 /home/liao/src/syslink/packages/ti/syslink/lib/syslink.a_debug(MultiProc.o)
 .comment       0x00000000       0x28 /home/liao/src/syslink/packages/ti/syslink/lib/syslink.a_debug(Gate.o)
 .comment       0x00000000       0x28 /home/liao/src/syslink/packages/ti/syslink/lib/syslink.a_debug(SysLink.o)
 .comment       0x00000000       0x28 /home/liao/src/syslink/packages/ti/syslink/lib/syslink.a_debug(Cache.o)
 .comment       0x00000000       0x28 /home/liao/src/syslink/packages/ti/syslink/lib/syslink.a_debug(NameServerDrv.o)
 .comment       0x00000000       0x28 /home/liao/src/syslink/packages/ti/syslink/lib/syslink.a_debug(MultiProcDrv.o)
 .comment       0x00000000       0x28 /home/liao/src/syslink/packages/ti/syslink/lib/syslink.a_debug(TraceDrv.o)
 .comment       0x00000000       0x28 /home/liao/src/syslink/packages/ti/syslink/lib/syslink.a_debug(CacheDrv.o)
 .comment       0x00000000       0x28 /home/liao/src/syslink/packages/ti/syslink/lib/syslink.a_debug(MemoryOS.o)
 .comment       0x00000000       0x28 /home/liao/src/syslink/packages/ti/syslink/lib/syslink.a_debug(OsalDrv.o)
 .comment       0x00000000       0x28 /home/liao/src/syslink/packages/ti/syslink/lib/syslink.a_debug(OsalMutex.o)
 .comment       0x00000000       0x28 /home/liao/src/syslink/packages/ti/syslink/lib/syslink.a_debug(OsalPrint.o)
 .comment       0x00000000       0x28 /home/liao/src/syslink/packages/ti/syslink/lib/syslink.a_debug(ProcMgr.o)
 .comment       0x00000000       0x28 /home/liao/src/syslink/packages/ti/syslink/lib/syslink.a_debug(ProcMgrDrvUsr.o)
 .comment       0x00000000       0x28 /home/liao/src/syslink/packages/ti/syslink/lib/syslink.a_debug(FrameQ_common.o)
 .comment       0x00000000       0x28 /home/liao/src/syslink/packages/ti/syslink/lib/syslink.a_debug(ListMP.o)
 .comment       0x00000000       0x28 /home/liao/src/syslink/packages/ti/syslink/lib/syslink.a_debug(ListMPDrv.o)
 .comment       0x00000000       0x50 syslinksamples.o_debug
 .comment       0x00000000       0x28 slaveloader.o_debug
 .comment       0x00000000       0x28 /opt/linux-devkit/bin/../arm-arago-linux-gnueabi/usr/lib/./libc_nonshared.a(elf-init.oS)
 .comment       0x00000000       0x28 /opt/linux-devkit/bin/../lib/gcc/arm-arago-linux-gnueabi/4.5.3/crtend.o
 .comment       0x00000000       0x28 /opt/linux-devkit/bin/../arm-arago-linux-gnueabi/usr/lib/crtn.o

.debug
 *(.debug)

.line
 *(.line)

.debug_srcinfo
 *(.debug_srcinfo)

.debug_sfnames
 *(.debug_sfnames)

.debug_aranges  0x00000000      0x700
 *(.debug_aranges)
 .debug_aranges
                0x00000000       0x20 bin/debug/obj/main.ov5T
 .debug_aranges
                0x00000020       0x20 bin/debug/obj/syslink.ov5T
 .debug_aranges
                0x00000040       0x20 bin/debug/obj/pseudo.ov5T
 .debug_aranges
                0x00000060       0x20 /home/liao/src/syslink/packages/ti/syslink/lib/syslink.a_debug(SharedRegion.o)
 .debug_aranges
                0x00000080       0x20 /home/liao/src/syslink/packages/ti/syslink/lib/syslink.a_debug(Notify.o)
 .debug_aranges
                0x000000a0       0x20 /home/liao/src/syslink/packages/ti/syslink/lib/syslink.a_debug(MessageQ.o)
 .debug_aranges
                0x000000c0       0x20 /home/liao/src/syslink/packages/ti/syslink/lib/syslink.a_debug(Ipc.o)
 .debug_aranges
                0x000000e0       0x20 /home/liao/src/syslink/packages/ti/syslink/lib/syslink.a_debug(RingIO.o)
 .debug_aranges
                0x00000100       0x20 /home/liao/src/syslink/packages/ti/syslink/lib/syslink.a_debug(RingIOShm.o)
 .debug_aranges
                0x00000120       0x20 /home/liao/src/syslink/packages/ti/syslink/lib/syslink.a_debug(FrameQ.o)
 .debug_aranges
                0x00000140       0x20 /home/liao/src/syslink/packages/ti/syslink/lib/syslink.a_debug(FrameQBufMgr.o)
 .debug_aranges
                0x00000160       0x20 /home/liao/src/syslink/packages/ti/syslink/lib/syslink.a_debug(ClientNotifyMgr.o)
 .debug_aranges
                0x00000180       0x20 /home/liao/src/syslink/packages/ti/syslink/lib/syslink.a_debug(HeapMemMP.o)
 .debug_aranges
                0x000001a0       0x20 /home/liao/src/syslink/packages/ti/syslink/lib/syslink.a_debug(HeapBufMP.o)
 .debug_aranges
                0x000001c0       0x20 /home/liao/src/syslink/packages/ti/syslink/lib/syslink.a_debug(GateMP.o)
 .debug_aranges
                0x000001e0       0x20 /home/liao/src/syslink/packages/ti/syslink/lib/syslink.a_debug(SharedRegionDrv.o)
 .debug_aranges
                0x00000200       0x20 /home/liao/src/syslink/packages/ti/syslink/lib/syslink.a_debug(NotifyDrvUsr.o)
 .debug_aranges
                0x00000220       0x20 /home/liao/src/syslink/packages/ti/syslink/lib/syslink.a_debug(HeapBufMPDrv.o)
 .debug_aranges
                0x00000240       0x20 /home/liao/src/syslink/packages/ti/syslink/lib/syslink.a_debug(MessageQDrv.o)
 .debug_aranges
                0x00000260       0x20 /home/liao/src/syslink/packages/ti/syslink/lib/syslink.a_debug(IpcDrv.o)
 .debug_aranges
                0x00000280       0x20 /home/liao/src/syslink/packages/ti/syslink/lib/syslink.a_debug(FrameQDrv.o)
 .debug_aranges
                0x000002a0       0x20 /home/liao/src/syslink/packages/ti/syslink/lib/syslink.a_debug(FrameQBufMgrDrv.o)
 .debug_aranges
                0x000002c0       0x20 /home/liao/src/syslink/packages/ti/syslink/lib/syslink.a_debug(ClientNotifyMgrDrv.o)
 .debug_aranges
                0x000002e0       0x20 /home/liao/src/syslink/packages/ti/syslink/lib/syslink.a_debug(RingIODrv.o)
 .debug_aranges
                0x00000300       0x20 /home/liao/src/syslink/packages/ti/syslink/lib/syslink.a_debug(RingIOShmDrv.o)
 .debug_aranges
                0x00000320       0x20 /home/liao/src/syslink/packages/ti/syslink/lib/syslink.a_debug(HeapMemMPDrv.o)
 .debug_aranges
                0x00000340       0x20 /home/liao/src/syslink/packages/ti/syslink/lib/syslink.a_debug(GateMPDrv.o)
 .debug_aranges
                0x00000360       0x20 /home/liao/src/syslink/packages/ti/syslink/lib/syslink.a_debug(GateMutex.o)
 .debug_aranges
                0x00000380       0x20 /home/liao/src/syslink/packages/ti/syslink/lib/syslink.a_debug(Memory.o)
 .debug_aranges
                0x000003a0       0x20 /home/liao/src/syslink/packages/ti/syslink/lib/syslink.a_debug(List.o)
 .debug_aranges
                0x000003c0       0x20 /home/liao/src/syslink/packages/ti/syslink/lib/syslink.a_debug(String.o)
 .debug_aranges
                0x000003e0       0x20 /home/liao/src/syslink/packages/ti/syslink/lib/syslink.a_debug(Trace.o)
 .debug_aranges
                0x00000400       0x20 /home/liao/src/syslink/packages/ti/syslink/lib/syslink.a_debug(NameServer.o)
 .debug_aranges
                0x00000420       0x20 /home/liao/src/syslink/packages/ti/syslink/lib/syslink.a_debug(MultiProc.o)
 .debug_aranges
                0x00000440       0x20 /home/liao/src/syslink/packages/ti/syslink/lib/syslink.a_debug(Gate.o)
 .debug_aranges
                0x00000460       0x20 /home/liao/src/syslink/packages/ti/syslink/lib/syslink.a_debug(SysLink.o)
 .debug_aranges
                0x00000480       0x20 /home/liao/src/syslink/packages/ti/syslink/lib/syslink.a_debug(Cache.o)
 .debug_aranges
                0x000004a0       0x20 /home/liao/src/syslink/packages/ti/syslink/lib/syslink.a_debug(NameServerDrv.o)
 .debug_aranges
                0x000004c0       0x20 /home/liao/src/syslink/packages/ti/syslink/lib/syslink.a_debug(MultiProcDrv.o)
 .debug_aranges
                0x000004e0       0x20 /home/liao/src/syslink/packages/ti/syslink/lib/syslink.a_debug(TraceDrv.o)
 .debug_aranges
                0x00000500       0x20 /home/liao/src/syslink/packages/ti/syslink/lib/syslink.a_debug(CacheDrv.o)
 .debug_aranges
                0x00000520       0x20 /home/liao/src/syslink/packages/ti/syslink/lib/syslink.a_debug(MemoryOS.o)
 .debug_aranges
                0x00000540       0x20 /home/liao/src/syslink/packages/ti/syslink/lib/syslink.a_debug(OsalDrv.o)
 .debug_aranges
                0x00000560       0x20 /home/liao/src/syslink/packages/ti/syslink/lib/syslink.a_debug(OsalMutex.o)
 .debug_aranges
                0x00000580       0x20 /home/liao/src/syslink/packages/ti/syslink/lib/syslink.a_debug(OsalPrint.o)
 .debug_aranges
                0x000005a0       0x20 /home/liao/src/syslink/packages/ti/syslink/lib/syslink.a_debug(ProcMgr.o)
 .debug_aranges
                0x000005c0       0x20 /home/liao/src/syslink/packages/ti/syslink/lib/syslink.a_debug(ProcMgrDrvUsr.o)
 .debug_aranges
                0x000005e0       0x20 /home/liao/src/syslink/packages/ti/syslink/lib/syslink.a_debug(FrameQ_common.o)
 .debug_aranges
                0x00000600       0x20 /home/liao/src/syslink/packages/ti/syslink/lib/syslink.a_debug(ListMP.o)
 .debug_aranges
                0x00000620       0x20 /home/liao/src/syslink/packages/ti/syslink/lib/syslink.a_debug(ListMPDrv.o)
 .debug_aranges
                0x00000640       0x40 syslinksamples.o_debug
 .debug_aranges
                0x00000680       0x20 slaveloader.o_debug
 .debug_aranges
                0x000006a0       0x20 /opt/linux-devkit/bin/../arm-arago-linux-gnueabi/usr/lib/./libc_nonshared.a(elf-init.oS)
 .debug_aranges
                0x000006c0       0x20 /opt/linux-devkit/bin/../lib/gcc/arm-arago-linux-gnueabi/4.5.3/libgcc.a(_udivsi3.o)
 .debug_aranges
                0x000006e0       0x20 /opt/linux-devkit/bin/../lib/gcc/arm-arago-linux-gnueabi/4.5.3/libgcc.a(_dvmd_lnx.o)

.debug_pubnames
                0x00000000     0x3282
 *(.debug_pubnames)
 .debug_pubnames
                0x00000000       0x25 /opt/linux-devkit/bin/../arm-arago-linux-gnueabi/usr/lib/crt1.o
 .debug_pubnames
                0x00000025       0x1b bin/debug/obj/main.ov5T
 .debug_pubnames
                0x00000040       0xa8 bin/debug/obj/syslink.ov5T
 .debug_pubnames
                0x000000e8       0x78 bin/debug/obj/pseudo.ov5T
 .debug_pubnames