Archive member included because of file (symbol)

/home/liao/src/syslink/packages/ti/syslink/lib/syslink.a_release(SharedRegion.o)
                              bin/release/obj/syslink.ov5T (SharedRegion_getId)
/home/liao/src/syslink/packages/ti/syslink/lib/syslink.a_release(Notify.o)
                              bin/release/obj/syslink.ov5T (Notify_sendEvent)
/home/liao/src/syslink/packages/ti/syslink/lib/syslink.a_release(MessageQ.o)
                              bin/release/obj/syslink.ov5T (MessageQ_create)
/home/liao/src/syslink/packages/ti/syslink/lib/syslink.a_release(Ipc.o)
                              bin/release/obj/syslink.ov5T (Ipc_control)
/home/liao/src/syslink/packages/ti/syslink/lib/syslink.a_release(RingIO.o)
                              /home/liao/src/syslink/packages/ti/syslink/lib/syslink.a_release(Ipc.o) (RingIO_getConfig)
/home/liao/src/syslink/packages/ti/syslink/lib/syslink.a_release(RingIOShm.o)
                              /home/liao/src/syslink/packages/ti/syslink/lib/syslink.a_release(Ipc.o) (RingIOShm_getConfig)
/home/liao/src/syslink/packages/ti/syslink/lib/syslink.a_release(FrameQ.o)
                              /home/liao/src/syslink/packages/ti/syslink/lib/syslink.a_release(Ipc.o) (FrameQ_getConfig)
/home/liao/src/syslink/packages/ti/syslink/lib/syslink.a_release(FrameQBufMgr.o)
                              /home/liao/src/syslink/packages/ti/syslink/lib/syslink.a_release(Ipc.o) (FrameQBufMgr_getConfig)
/home/liao/src/syslink/packages/ti/syslink/lib/syslink.a_release(ClientNotifyMgr.o)
                              /home/liao/src/syslink/packages/ti/syslink/lib/syslink.a_release(RingIO.o) (ClientNotifyMgr_sharedMemReq)
/home/liao/src/syslink/packages/ti/syslink/lib/syslink.a_release(HeapMemMP.o)
                              /home/liao/src/syslink/packages/ti/syslink/lib/syslink.a_release(Ipc.o) (HeapMemMP_getConfig)
/home/liao/src/syslink/packages/ti/syslink/lib/syslink.a_release(HeapBufMP.o)
                              /home/liao/src/syslink/packages/ti/syslink/lib/syslink.a_release(Ipc.o) (HeapBufMP_getConfig)
/home/liao/src/syslink/packages/ti/syslink/lib/syslink.a_release(GateMP.o)
                              /home/liao/src/syslink/packages/ti/syslink/lib/syslink.a_release(ClientNotifyMgr.o) (GateMP_enter)
/home/liao/src/syslink/packages/ti/syslink/lib/syslink.a_release(SharedRegionDrv.o)
                              /home/liao/src/syslink/packages/ti/syslink/lib/syslink.a_release(SharedRegion.o) (SharedRegionDrv_open)
/home/liao/src/syslink/packages/ti/syslink/lib/syslink.a_release(NotifyDrvUsr.o)
                              /home/liao/src/syslink/packages/ti/syslink/lib/syslink.a_release(Notify.o) (NotifyDrvUsr_open)
/home/liao/src/syslink/packages/ti/syslink/lib/syslink.a_release(HeapBufMPDrv.o)
                              /home/liao/src/syslink/packages/ti/syslink/lib/syslink.a_release(HeapBufMP.o) (HeapBufMPDrv_open)
/home/liao/src/syslink/packages/ti/syslink/lib/syslink.a_release(MessageQDrv.o)
                              /home/liao/src/syslink/packages/ti/syslink/lib/syslink.a_release(MessageQ.o) (MessageQDrv_open)
/home/liao/src/syslink/packages/ti/syslink/lib/syslink.a_release(IpcDrv.o)
                              /home/liao/src/syslink/packages/ti/syslink/lib/syslink.a_release(Ipc.o) (IpcDrv_open)
/home/liao/src/syslink/packages/ti/syslink/lib/syslink.a_release(FrameQDrv.o)
                              /home/liao/src/syslink/packages/ti/syslink/lib/syslink.a_release(FrameQ.o) (FrameQDrv_open)
/home/liao/src/syslink/packages/ti/syslink/lib/syslink.a_release(FrameQBufMgrDrv.o)
                              /home/liao/src/syslink/packages/ti/syslink/lib/syslink.a_release(FrameQBufMgr.o) (FrameQBufMgrDrv_open)
/home/liao/src/syslink/packages/ti/syslink/lib/syslink.a_release(ClientNotifyMgrDrv.o)
                              /home/liao/src/syslink/packages/ti/syslink/lib/syslink.a_release(ClientNotifyMgr.o) (ClientNotifyMgrDrv_open)
/home/liao/src/syslink/packages/ti/syslink/lib/syslink.a_release(RingIODrv.o)
                              /home/liao/src/syslink/packages/ti/syslink/lib/syslink.a_release(RingIO.o) (RingIODrv_open)
/home/liao/src/syslink/packages/ti/syslink/lib/syslink.a_release(RingIOShmDrv.o)
                              /home/liao/src/syslink/packages/ti/syslink/lib/syslink.a_release(RingIOShm.o) (RingIOShmDrv_open)
/home/liao/src/syslink/packages/ti/syslink/lib/syslink.a_release(HeapMemMPDrv.o)
                              /home/liao/src/syslink/packages/ti/syslink/lib/syslink.a_release(HeapMemMP.o) (HeapMemMPDrv_open)
/home/liao/src/syslink/packages/ti/syslink/lib/syslink.a_release(GateMPDrv.o)
                              /home/liao/src/syslink/packages/ti/syslink/lib/syslink.a_release(GateMP.o) (GateMPDrv_open)
/home/liao/src/syslink/packages/ti/syslink/lib/syslink.a_release(GateMutex.o)
                              /home/liao/src/syslink/packages/ti/syslink/lib/syslink.a_release(SharedRegion.o) (GateMutex_create)
[...]
Memory Configuration

Name             Origin             Length             Attributes
*default*        0x00000000         0xffffffff

Linker script and memory map

LOAD /opt/linux-devkit/bin/../arm-arago-linux-gnueabi/usr/lib/crt1.o
LOAD /opt/linux-devkit/bin/../arm-arago-linux-gnueabi/usr/lib/crti.o
LOAD /opt/linux-devkit/bin/../lib/gcc/arm-arago-linux-gnueabi/4.5.3/crtbegin.o
LOAD bin/release/obj/main.ov5T
LOAD bin/release/obj/syslink.ov5T
LOAD bin/release/obj/pseudo.ov5T
LOAD /home/liao/src/syslink/packages/ti/syslink/lib/syslink.a_release
LOAD syslinksamples.o_debug
LOAD slaveloader.o_debug
LOAD /opt/linux-devkit/bin/../arm-arago-linux-gnueabi/usr/lib/libpthread.so
START GROUP
LOAD /opt/linux-devkit/bin/../arm-arago-linux-gnueabi/usr/lib/../../lib/libpthread.so.0
LOAD /opt/linux-devkit/bin/../arm-arago-linux-gnueabi/usr/lib/./libpthread_nonshared.a
END GROUP
LOAD /opt/linux-devkit/bin/../arm-arago-linux-gnueabi/usr/lib/libc.so
START GROUP
LOAD /opt/linux-devkit/bin/../arm-arago-linux-gnueabi/usr/lib/../../lib/libc.so.6
LOAD /opt/linux-devkit/bin/../arm-arago-linux-gnueabi/usr/lib/./libc_nonshared.a
LOAD /opt/linux-devkit/bin/../arm-arago-linux-gnueabi/usr/lib/../../lib/ld-linux.so.3
END GROUP
LOAD /opt/linux-devkit/bin/../arm-arago-linux-gnueabi/usr/lib/librt.so
LOAD /opt/linux-devkit/bin/../lib/gcc/arm-arago-linux-gnueabi/4.5.3/libgcc.a
LOAD /opt/linux-devkit/bin/../lib/gcc/arm-arago-linux-gnueabi/4.5.3/../../../../arm-arago-linux-gnueabi/lib/libgcc_s.so
START GROUP
LOAD /opt/linux-devkit/bin/../lib/gcc/arm-arago-linux-gnueabi/4.5.3/../../../../arm-arago-linux-gnueabi/lib/libgcc_s.so.1
LOAD /opt/linux-devkit/bin/../lib/gcc/arm-arago-linux-gnueabi/4.5.3/libgcc.a
END GROUP
LOAD /opt/linux-devkit/bin/../arm-arago-linux-gnueabi/usr/lib/libc.so
START GROUP
LOAD /opt/linux-devkit/bin/../arm-arago-linux-gnueabi/usr/lib/../../lib/libc.so.6
LOAD /opt/linux-devkit/bin/../arm-arago-linux-gnueabi/usr/lib/./libc_nonshared.a
LOAD /opt/linux-devkit/bin/../arm-arago-linux-gnueabi/usr/lib/../../lib/ld-linux.so.3
END GROUP
LOAD /opt/linux-devkit/bin/../lib/gcc/arm-arago-linux-gnueabi/4.5.3/libgcc.a
LOAD /opt/linux-devkit/bin/../lib/gcc/arm-arago-linux-gnueabi/4.5.3/../../../../arm-arago-linux-gnueabi/lib/libgcc_s.so
START GROUP
LOAD /opt/linux-devkit/bin/../lib/gcc/arm-arago-linux-gnueabi/4.5.3/../../../../arm-arago-linux-gnueabi/lib/libgcc_s.so.1
LOAD /opt/linux-devkit/bin/../lib/gcc/arm-arago-linux-gnueabi/4.5.3/libgcc.a
END GROUP
LOAD /opt/linux-devkit/bin/../lib/gcc/arm-arago-linux-gnueabi/4.5.3/crtend.o
LOAD /opt/linux-devkit/bin/../arm-arago-linux-gnueabi/usr/lib/crtn.o
                0x00008000                PROVIDE (__executable_start, 0x8000)
                0x00008134                . = (0x8000 + SIZEOF_HEADERS)

.interp         0x00008134       0x13
 *(.interp)
 .interp        0x00008134       0x13 /opt/linux-devkit/bin/../arm-arago-linux-gnueabi/usr/lib/crti.o

.note.ABI-tag   0x00008148       0x20
 .note.ABI-tag  0x00008148       0x20 /opt/linux-devkit/bin/../arm-arago-linux-gnueabi/usr/lib/crt1.o

.note.gnu.build-id
 *(.note.gnu.build-id)

.hash           0x00008168      0x188
 *(.hash)
 .hash          0x00008168      0x188 /opt/linux-devkit/bin/../arm-arago-linux-gnueabi/usr/lib/crti.o

.gnu.hash
 *(.gnu.hash)

.dynsym         0x000082f0      0x3b0
 *(.dynsym)
 .dynsym        0x000082f0      0x3b0 /opt/linux-devkit/bin/../arm-arago-linux-gnueabi/usr/lib/crti.o

.dynstr         0x000086a0      0x238
 *(.dynstr)
 .dynstr        0x000086a0      0x238 /opt/linux-devkit/bin/../arm-arago-linux-gnueabi/usr/lib/crti.o

.gnu.version    0x000088d8       0x76
 *(.gnu.version)
 .gnu.version   0x000088d8       0x76 /opt/linux-devkit/bin/../arm-arago-linux-gnueabi/usr/lib/crti.o

.gnu.version_d  0x00008950        0x0 load address 0x0000894e
 *(.gnu.version_d)
 .gnu.version_d
                0x00000000        0x0 /opt/linux-devkit/bin/../arm-arago-linux-gnueabi/usr/lib/crti.o

.gnu.version_r  0x00008950       0x40
 *(.gnu.version_r)
 .gnu.version_r
                0x00008950       0x40 /opt/linux-devkit/bin/../arm-arago-linux-gnueabi/usr/lib/crti.o

.rel.dyn        0x00008990       0x28
 *(.rel.init)
 *(.rel.text .rel.text.* .rel.gnu.linkonce.t.*)
 *(.rel.fini)
 *(.rel.rodata .rel.rodata.* .rel.gnu.linkonce.r.*)
 *(.rel.data.rel.ro* .rel.gnu.linkonce.d.rel.ro.*)
 *(.rel.data .rel.data.* .rel.gnu.linkonce.d.*)
 *(.rel.tdata .rel.tdata.* .rel.gnu.linkonce.td.*)
 *(.rel.tbss .rel.tbss.* .rel.gnu.linkonce.tb.*)
 *(.rel.ctors)
 *(.rel.dtors)
 *(.rel.got)
 .rel.got       0x00008990       0x28 /opt/linux-devkit/bin/../arm-arago-linux-gnueabi/usr/lib/crti.o
 *(.rel.bss .rel.bss.* .rel.gnu.linkonce.b.*)
 .rel.bss       0x00000000        0x0 /opt/linux-devkit/bin/../arm-arago-linux-gnueabi/usr/lib/crti.o
                0x000089b8                PROVIDE (__rel_iplt_start, .)
 *(.rel.iplt)
                0x000089b8                PROVIDE (__rel_iplt_end, .)
                0x000089b8                PROVIDE (__rela_iplt_start, .)
                0x000089b8                PROVIDE (__rela_iplt_end, .)

.rela.dyn       0x000089b8        0x0
 *(.rela.init)
 *(.rela.text .rela.text.* .rela.gnu.linkonce.t.*)
 *(.rela.fini)
 *(.rela.rodata .rela.rodata.* .rela.gnu.linkonce.r.*)
 *(.rela.data .rela.data.* .rela.gnu.linkonce.d.*)
 *(.rela.tdata .rela.tdata.* .rela.gnu.linkonce.td.*)
 *(.rela.tbss .rela.tbss.* .rela.gnu.linkonce.tb.*)
 *(.rela.ctors)
 *(.rela.dtors)
 *(.rela.got)
 *(.rela.bss .rela.bss.* .rela.gnu.linkonce.b.*)
                0x000089b8                PROVIDE (__rel_iplt_start, .)
                0x000089b8                PROVIDE (__rel_iplt_end, .)
                0x000089b8                PROVIDE (__rela_iplt_start, .)
 *(.rela.iplt)
                0x000089b8                PROVIDE (__rela_iplt_end, .)

.rel.plt        0x000089b8      0x1a8
 *(.rel.plt)
 .rel.plt       0x000089b8      0x1a8 /opt/linux-devkit/bin/../arm-arago-linux-gnueabi/usr/lib/crti.o

.rela.plt
 *(.rela.plt)

.init           0x00008b60        0xc
 *(.init)
 .init          0x00008b60        0x8 /opt/linux-devkit/bin/../arm-arago-linux-gnueabi/usr/lib/crti.o
                0x00008b60                _init
 .init          0x00008b68        0x4 /opt/linux-devkit/bin/../arm-arago-linux-gnueabi/usr/lib/crtn.o

.plt            0x00008b6c      0x290
 *(.plt)
 .plt           0x00008b6c      0x290 /opt/linux-devkit/bin/../arm-arago-linux-gnueabi/usr/lib/crti.o
                0x00008b80                open@@GLIBC_2.4
                0x00008b8c                mmap@@GLIBC_2.4
                0x00008b98                abort@@GLIBC_2.4
                0x00008ba4                pthread_exit@@GLIBC_2.4
                0x00008bb0                __libc_start_main@@GLIBC_2.4
                0x00008bc8                vsprintf@@GLIBC_2.4
                0x00008bd4                strncpy@@GLIBC_2.4
                0x00008be0                fclose@@GLIBC_2.4
                0x00008bec                fgets@@GLIBC_2.4
                0x00008bf8                getenv@@GLIBC_2.4
                0x00008c04                posix_openpt@@GLIBC_2.4
                0x00008c10                fopen@@GLIBC_2.4
                0x00008c1c                memset@@GLIBC_2.4
                0x00008c28                perror@@GLIBC_2.4
                0x00008c34                usleep@@GLIBC_2.4
                0x00008c40                free@@GLIBC_2.4
                0x00008c4c                read@@GLIBC_2.4
                0x00008c58                write@@GLIBC_2.4
                0x00008c64                tcgetattr@@GLIBC_2.4
                0x00008c70                pthread_mutex_unlock@@GLIBC_2.4
                0x00008c7c                tcflush@@GLIBC_2.4
                0x00008c88                ioctl@@GLIBC_2.4
                0x00008c94                pthread_mutex_lock@@GLIBC_2.4
                0x00008ca0                strlen@@GLIBC_2.4
                0x00008cac                strtoul@@GLIBC_2.4
                0x00008cb8                pthread_create@@GLIBC_2.4
                0x00008cc4                memcpy@@GLIBC_2.4
                0x00008cd0                strtol@@GLIBC_2.4
                0x00008cdc                pthread_sigmask@@GLIBC_2.4
                0x00008ce8                printf@@GLIBC_2.4
                0x00008cf4                raise@@GLIBC_2.4
                0x00008d00                pthread_mutex_init@@GLIBC_2.4
                0x00008d0c                close@@GLIBC_2.4
                0x00008d18                fwrite@@GLIBC_2.4
                0x00008d24                unlockpt@@GLIBC_2.4
                0x00008d30                malloc@@GLIBC_2.4
                0x00008d3c                cfsetospeed@@GLIBC_2.4
                0x00008d48                grantpt@@GLIBC_2.4
                0x00008d54                strtok@@GLIBC_2.4
                0x00008d60                sigfillset@@GLIBC_2.4
                0x00008d6c                puts@@GLIBC_2.4
                0x00008d78                tcsetattr@@GLIBC_2.4
                0x00008d84                getpid@@GLIBC_2.4
                0x00008d90                fcntl@@GLIBC_2.4
                0x00008d9c                ptsname@@GLIBC_2.4
                0x00008da8                munmap@@GLIBC_2.4
                0x00008db4                strncmp@@GLIBC_2.4
                0x00008dc0                strcmp@@GLIBC_2.4
                0x00008dcc                cfsetispeed@@GLIBC_2.4
                0x00008dd8                __errno_location@@GLIBC_2.4
                0x00008de4                pthread_join@@GLIBC_2.4
                0x00008df0                getpagesize@@GLIBC_2.4

.iplt
 *(.iplt)

.text           0x00008dfc    0x2e27c
 *(.text.unlikely .text.*_unlikely)
 *(.text .stub .text.* .gnu.linkonce.t.*)
 .text          0x00008dfc       0x3c /opt/linux-devkit/bin/../arm-arago-linux-gnueabi/usr/lib/crt1.o
                0x00008dfc                _start
 .text          0x00008e38       0x24 /opt/linux-devkit/bin/../arm-arago-linux-gnueabi/usr/lib/crti.o
 .text          0x00008e5c       0x50 /opt/linux-devkit/bin/../lib/gcc/arm-arago-linux-gnueabi/4.5.3/crtbegin.o
 .text          0x00008eac       0xfc bin/release/obj/main.ov5T
                0x00008eac                main
 .text          0x00008fa8      0x658 bin/release/obj/syslink.ov5T
                0x00008fa8                ReCATSyslinkRecv
                0x00009048                ReCATSyslinkSend
                0x00009124                ReCATSyslinkInit
                0x000094b0                ReCATSyslinkClear
                0x00009580                ReCATSyslinkReadBuffer
                0x000095bc                ReCATSyslinkSendEvent
 .text          0x00009600      0x32c bin/release/obj/pseudo.ov5T
                0x00009600                ReCATSerialInit
                0x000096ac                ReCATSeialConf
                0x00009924                ReCATDataRecv
                0x00009928                ReCATDataSend
 .text          0x0000992c     0x2d18 /home/liao/src/syslink/packages/ti/syslink/lib/syslink.a_release(SharedRegion.o)
                0x0000992c                SharedRegion_getConfig
                0x00009a4c                SharedRegion_destroy
                0x00009c84                SharedRegion_setup
                0x0000a0a0                SharedRegion_start
                0x0000a184                SharedRegion_stop
                0x0000a268                SharedRegion_attach
                0x0000a37c                SharedRegion_detach
                0x0000a498                SharedRegion_setEntry
                0x0000a738                SharedRegion_getId
                0x0000a908                SharedRegion_getPtr
                0x0000aae4                SharedRegion_getSRPtr
                0x0000ada0                SharedRegion_clearEntry
                0x0000b074                SharedRegion_getHeap
                0x0000b220                SharedRegion_getIdByName
                0x0000b468                SharedRegion_getEntry
                0x0000b620                SharedRegion_getCacheLineSize
                0x0000b76c                SharedRegion_isCacheEnabled
                0x0000b8d4                SharedRegion_translateEnabled
                0x0000b928                SharedRegion_getNumRegions
                0x0000b97c                SharedRegion_entryInit
                0x0000baac                SharedRegion_invalidSRPtr
                0x0000bab4                SharedRegion_reserveMemory
                0x0000bd1c                SharedRegion_getNumOffsetBits
                0x0000bdf0                SharedRegion_checkOverlap
                0x0000c020                SharedRegion_clearReservedMemory
                0x0000c0f8                SharedRegion_getRegionInfo
                0x0000c288                _SharedRegion_setRegions
                0x0000c4c0                _SharedRegion_clearRegions
 .text          0x0000c644     0x2164 /home/liao/src/syslink/packages/ti/syslink/lib/syslink.a_release(Notify.o)
                0x0000c644                Notify_getConfig
                0x0000c780                Notify_setup
                0x0000c8e8                Notify_destroy
                0x0000c9c8                Notify_attach
                0x0000cb18                Notify_detach
                0x0000cc00                Notify_sharedMemReq
                0x0000cd54                Notify_eventAvailable
                0x0000cf80                Notify_intLineRegistered
                0x0000d154                Notify_registerEventSingle
                0x0000d454                Notify_registerEvent
                0x0000d75c                Notify_unregisterEventSingle
                0x0000da0c                Notify_unregisterEvent
                0x0000dcdc                Notify_sendEvent
                0x0000df90                Notify_disable
                0x0000e128                Notify_restore
                0x0000e2b0                Notify_disableEvent
                0x0000e52c                Notify_enableEvent
 .text          0x0000e7a8     0x1e18 /home/liao/src/syslink/packages/ti/syslink/lib/syslink.a_release(MessageQ.o)
                0x0000e7a8                MessageQ_getConfig
                0x0000e8cc                MessageQ_setup
                0x0000e9ec                MessageQ_destroy
                0x0000eab4                MessageQ_Params_init
                0x0000ebfc                MessageQ_create
                0x0000edc8                MessageQ_delete
                0x0000efb0                MessageQ_open
                0x0000f190                MessageQ_close
                0x0000f300                MessageQ_put
                0x0000f4e8                MessageQ_get
                0x0000f71c                MessageQ_count
                0x0000f8b4                MessageQ_staticMsgInit
                0x0000f9bc                MessageQ_alloc
                0x0000fae4                MessageQ_free
                0x0000fc74                MessageQ_registerHeap
                0x0000fe40                MessageQ_unregisterHeap
                0x0000ff30                MessageQ_unblock
                0x0001007c                MessageQ_setReplyQueue
                0x000101b0                MessageQ_getQueueId
                0x00010270                MessageQ_setMsgTrace
                0x00010360                MessageQ_sharedMemReq
                0x00010430                MessageQ_attach
                0x00010508                MessageQ_detach
 .text          0x000105c0      0xec4 /home/liao/src/syslink/packages/ti/syslink/lib/syslink.a_release(Ipc.o)
                0x000105c0                Ipc_getConfig
                0x00010720                Ipc_setup
                0x00010c38                Ipc_destroy
                0x00011194                Ipc_control
                0x000112f4                Ipc_readConfig
                0x000113bc                Ipc_writeConfig
 .text          0x00011484     0x21d0 /home/liao/src/syslink/packages/ti/syslink/lib/syslink.a_release(RingIO.o)
                0x00011484                RingIO_getConfig
                0x000115a4                RingIO_setup
                0x000116cc                RingIO_destroy
                0x000117a4                RingIO_Params_init
                0x000118dc                RingIO_delete
                0x00011aa8                RingIO_create
                0x00011e74                RingIO_close
                0x0001204c                RingIO_openByAddr
                0x00012308                RingIO_open
                0x000125c4                RingIO_registerNotifier
                0x00012780                RingIO_unregisterNotifier
                0x000128bc                RingIO_setNotifyType
                0x000129b8                RingIO_getValidSize
                0x00012a4c                RingIO_getEmptySize
                0x00012ae0                RingIO_getValidAttrSize
                0x00012b74                RingIO_getEmptyAttrSize
                0x00012c08                RingIO_getAcquiredOffset
                0x00012c9c                RingIO_getAcquiredSize
                0x00012d30                RingIO_getWaterMark
                0x00012dc4                RingIO_setWaterMark
                0x00012e60                RingIO_acquire
                0x00012f80                RingIO_release
                0x0001301c                RingIO_cancel
                0x000130ac                RingIO_getAttribute
                0x000131b0                RingIO_getvAttribute
                0x00013268                RingIO_setAttribute
                0x00013374                RingIO_setvAttribute
                0x00013434                RingIO_flush
                0x000134ec                RingIO_sendNotify
                0x0001357c                RingIO_sharedMemReq
 .text          0x00013654      0x458 /home/liao/src/syslink/packages/ti/syslink/lib/syslink.a_release(RingIOShm.o)
                0x00013654                RingIOShm_getConfig
                0x00013774                RingIOShm_setup
                0x0001389c                RingIOShm_destroy
                0x00013974                RingIOShm_Params_init
 .text          0x00013aac     0x4364 /home/liao/src/syslink/packages/ti/syslink/lib/syslink.a_release(FrameQ.o)
                0x00013aac                FrameQ_getConfig
                0x00013bd8                FrameQ_setup
                0x00013dd4                FrameQ_destroy
                0x00013f44                FrameQ_create
                0x00014698                FrameQ_delete
                0x000149fc                FrameQ_open
                0x000150e0                FrameQ_close
                0x00015430                FrameQ_alloc
                0x00015644                FrameQ_allocv
                0x00015894                FrameQ_free
                0x00015a64                FrameQ_freev
                0x00015cb4                FrameQ_put
                0x00015f40                FrameQ_putv
                0x00016248                FrameQ_get
                0x000164bc                FrameQ_getv
                0x000167ec                FrameQ_registerNotifier
                0x00016b44                FrameQ_unregisterNotifier
                0x00016db8                FrameQ_dup
                0x00016fe4                FrameQ_sendNotify
                0x00017174                FrameQ_getNumFrames
                0x00017354                FrameQ_getvNumFrames
                0x00017548                FrameQ_getNumFreeFrames
                0x000176d0                FrameQ_getvNumFreeFrames
                0x000178e4                FrameQ_control
                0x00017a1c                FrameQ_ShMem_Params_init
                0x00017b6c                FrameQ_Params_init
                0x00017cb8                FrameQ_ShMem_sharedMemReq
 .text          0x00017e10     0x44fc /home/liao/src/syslink/packages/ti/syslink/lib/syslink.a_release(FrameQBufMgr.o)
                0x00017e10                FrameQBufMgr_getConfig
                0x00017f40                FrameQBufMgr_setup
                0x0001813c                FrameQBufMgr_destroy
                0x000182c4                FrameQBufMgr_create
                0x0001893c                FrameQBufMgr_delete
                0x00018c10                FrameQBufMgr_open
                0x00019240                FrameQBufMgr_close
                0x00019394                FrameQBufMgr_alloc
                0x000195c0                FrameQBufMgr_allocv
                0x00019944                FrameQBufMgr_free
                0x00019b88                FrameQBufMgr_freev
                0x00019e94                FrameQBufMgr_dup
                0x0001a184                FrameQBufMgr_dupv
                0x0001a47c                FrameQBufMgr_registerNotifier
                0x0001a6e8                FrameQBufMgr_unregisterNotifier
                0x0001a8ec                FrameQBufMgr_add
                0x0001aa00                FrameQBufMgr_remove
                0x0001ab4c                FrameQBufMgr_writeBackHeaderBuf
                0x0001ad04                FrameQBufMgr_invalidateHeaderBuf
                0x0001aed0                FrameQBufMgr_writeBackFrameBuf
                0x0001b118                FrameQBufMgr_invalidateFrameBuf
                0x0001b360                FrameQBufMgr_writeBack
                0x0001b580                FrameQBufMgr_invalidate
                0x0001b7b4                FrameQBufMgr_translateAddr
                0x0001ba4c                FrameQBufMgr_getId
                0x0001bac8                FrameQBufMgr_getHandle
                0x0001bbc4                FrameQBufMgr_getKnlHandle
                0x0001bc58                FrameQBufMgr_getNumFreeFrames
                0x0001bde4                FrameQBufMgr_getvNumFreeFrames
                0x0001bff8                FrameQBufMgr_getBaseHeaderSize
                0x0001c038                FrameQBufMgr_isSupportedInterface
                0x0001c044                FrameQBufMgr_isSupportedBufInterface
                0x0001c060                FrameQBufMgr_ShMem_Params_init
                0x0001c1b0                FrameQBufMgr_Params_init
 .text          0x0001c30c     0x3084 /home/liao/src/syslink/packages/ti/syslink/lib/syslink.a_release(ClientNotifyMgr.o)
                0x0001c30c                ClientNotifyMgr_callBack
                0x0001c738                ClientNotifyMgr_sharedMemModReq
                0x0001c77c                ClientNotifyMgr_sharedMemReq
                0x0001c874                ClientNotifyMgr_getConfig
                0x0001c9a8                ClientNotifyMgr_setup
                0x0001cbd0                ClientNotifyMgr_destroy
                0x0001cce4                ClientNotifyMgr_Params_init
                0x0001ce34                ClientNotifyMgr_create
                0x0001d49c                ClientNotifyMgr_delete
                0x0001d7dc                ClientNotifyMgr_open
                0x0001d8ec                ClientNotifyMgr_close
                0x0001d99c                ClientNotifyMgr_registerClient
                0x0001ddcc                ClientNotifyMgr_unregisterClient
                0x0001e09c                ClientNotifyMgr_enableNotification
                0x0001e29c                ClientNotifyMgr_disableNotification
                0x0001e484                ClientNotifyMgr_sendNotification
                0x0001e874                ClientNotifyMgr_sendForceNotification
                0x0001eb24                ClientNotifyMgr_sendNotificationMulti
                0x0001f074                ClientNotifyMgr_sendForceNotificationMulti
 .text          0x0001f390     0x1be4 /home/liao/src/syslink/packages/ti/syslink/lib/syslink.a_release(HeapMemMP.o)
                0x0001f390                HeapMemMP_getKnlHandle
                0x0001f4dc                HeapMemMP_getStats
                0x0001f698                HeapMemMP_free
                0x0001f86c                HeapMemMP_alloc
                0x0001fa0c                HeapMemMP_getConfig
                0x0001fb2c                HeapMemMP_setup
                0x0001fc44                HeapMemMP_destroy
                0x0001fd18                HeapMemMP_Params_init
                0x0001fe5c                HeapMemMP_delete
                0x00020054                HeapMemMP_close
                0x0002024c                HeapMemMP_getExtendedStats
                0x00020408                HeapMemMP_sharedMemReq
                0x00020538                _HeapMemMP_create
                0x00020670                HeapMemMP_getUsrHandle
                0x000207d8                HeapMemMP_open
                0x00020a0c                HeapMemMP_openByAddr
                0x00020c48                HeapMemMP_create
                0x00020e80                HeapMemMP_restore
 .text          0x00020f74     0x1a7c /home/liao/src/syslink/packages/ti/syslink/lib/syslink.a_release(HeapBufMP.o)
                0x00020f74                HeapBufMP_getKnlHandle
                0x000210c8                HeapBufMP_isBlocking
                0x00021188                HeapBufMP_getStats
                0x00021348                HeapBufMP_free
                0x00021520                HeapBufMP_alloc
                0x000216c4                HeapBufMP_getConfig
                0x000217e4                HeapBufMP_setup
                0x00021904                HeapBufMP_destroy
                0x000219e0                HeapBufMP_Params_init
                0x00021b28                HeapBufMP_delete
                0x00021d20                HeapBufMP_close
                0x00021f18                HeapBufMP_getExtendedStats
                0x000220d4                HeapBufMP_sharedMemReq
                0x00022208                _HeapBufMP_create
                0x00022348                HeapBufMP_open
                0x00022580                HeapBufMP_openByAddr
                0x000227c4                HeapBufMP_create
 .text          0x000229f0     0x198c /home/liao/src/syslink/packages/ti/syslink/lib/syslink.a_release(GateMP.o)
                0x000229f0                GateMP_enter
                0x00022b4c                GateMP_leave
                0x00022cb8                GateMP_getConfig
                0x00022dec                GateMP_setup
                0x00022f94                GateMP_destroy
                0x000230d8                GateMP_Params_init
                0x0002322c                GateMP_Instance_init
                0x00023348                GateMP_Instance_finalize
                0x0002337c                _GateMP_create
                0x00023448                GateMP_create
                0x000236bc                GateMP_delete
                0x000238a4                GateMP_open
                0x00023acc                GateMP_openByAddr
                0x00023cf8                GateMP_close
                0x00023f30                GateMP_sharedMemReq
                0x00024008                GateMP_getDefaultRemote
                0x000240bc                GateMP_getSharedAddr
                0x00024164                GateMP_setReserved
                0x000241f0                GateMP_getLocalProtect
                0x00024230                GateMP_getRemoteProtect
                0x00024270                GateMP_getKnlHandle
 .text          0x0002437c      0x398 /home/liao/src/syslink/packages/ti/syslink/lib/syslink.a_release(SharedRegionDrv.o)
                0x0002437c                SharedRegionDrv_open
                0x0002449c                SharedRegionDrv_close
                0x00024568                SharedRegionDrv_ioctl
 .text          0x00024714      0x710 /home/liao/src/syslink/packages/ti/syslink/lib/syslink.a_release(NotifyDrvUsr.o)
                0x00024714                _NotifyDrvUsr_eventWorker
                0x0002481c                NotifyDrvUsr_open
                0x00024b14                NotifyDrvUsr_close
                0x00024d30                NotifyDrvUsr_ioctl
 .text          0x00024e24      0x2d8 /home/liao/src/syslink/packages/ti/syslink/lib/syslink.a_release(HeapBufMPDrv.o)
                0x00024e24                HeapBufMPDrv_open
                0x00024f48                HeapBufMPDrv_close
                0x00025014                HeapBufMPDrv_ioctl
 .text          0x000250fc      0x2d0 /home/liao/src/syslink/packages/ti/syslink/lib/syslink.a_release(MessageQDrv.o)
                0x000250fc                MessageQDrv_open
                0x00025218                MessageQDrv_close
                0x000252e4                MessageQDrv_ioctl
 .text          0x000253cc      0x2d8 /home/liao/src/syslink/packages/ti/syslink/lib/syslink.a_release(IpcDrv.o)
                0x000253cc                IpcDrv_open
                0x000254f0                IpcDrv_close
                0x000255bc                IpcDrv_ioctl
 .text          0x000256a4      0x2d0 /home/liao/src/syslink/packages/ti/syslink/lib/syslink.a_release(FrameQDrv.o)
                0x000256a4                FrameQDrv_open
                0x000257c0                FrameQDrv_close
                0x0002588c                FrameQDrv_ioctl
 .text          0x00025974      0x2d0 /home/liao/src/syslink/packages/ti/syslink/lib/syslink.a_release(FrameQBufMgrDrv.o)
                0x00025974                FrameQBufMgrDrv_open
                0x00025a90                FrameQBufMgrDrv_close
                0x00025b5c                FrameQBufMgrDrv_ioctl
 .text          0x00025c44      0x2d0 /home/liao/src/syslink/packages/ti/syslink/lib/syslink.a_release(ClientNotifyMgrDrv.o)
                0x00025c44                ClientNotifyMgrDrv_open
                0x00025d60                ClientNotifyMgrDrv_close
                0x00025e2c                ClientNotifyMgrDrv_ioctl
 .text          0x00025f14      0x2d0 /home/liao/src/syslink/packages/ti/syslink/lib/syslink.a_release(RingIODrv.o)
                0x00025f14                RingIODrv_open
                0x00026030                RingIODrv_close
                0x000260fc                RingIODrv_ioctl
 .text          0x000261e4      0x2d0 /home/liao/src/syslink/packages/ti/syslink/lib/syslink.a_release(RingIOShmDrv.o)
                0x000261e4                RingIOShmDrv_open
                0x00026300                RingIOShmDrv_close
                0x000263cc                RingIOShmDrv_ioctl
 .text          0x000264b4      0x2d8 /home/liao/src/syslink/packages/ti/syslink/lib/syslink.a_release(HeapMemMPDrv.o)
                0x000264b4                HeapMemMPDrv_open
                0x000265d8                HeapMemMPDrv_close
                0x000266a4                HeapMemMPDrv_ioctl
 .text          0x0002678c      0x2d8 /home/liao/src/syslink/packages/ti/syslink/lib/syslink.a_release(GateMPDrv.o)
                0x0002678c                GateMPDrv_open
                0x000268b0                GateMPDrv_close
                0x0002697c                GateMPDrv_ioctl
 .text          0x00026a64      0x4c8 /home/liao/src/syslink/packages/ti/syslink/lib/syslink.a_release(GateMutex.o)
                0x00026a64                GateMutex_leave
                0x00026afc                GateMutex_enter
                0x00026ba0                GateMutex_Instance_init
                0x00026c68                GateMutex_Instance_finalize
                0x00026cd8                GateMutex_create
                0x00026e1c                GateMutex_delete
 .text          0x00026f2c      0x8d8 /home/liao/src/syslink/packages/ti/syslink/lib/syslink.a_release(Memory.o)
                0x00026f2c                Memory_alloc
                0x0002709c                Memory_calloc
                0x000272d8                Memory_free
                0x000273e8                Memory_getStats
                0x000274d8                Memory_query
                0x000275cc                Memory_getMaxDefaultTypeAlign
                0x000275d4                Memory_valloc
                0x00027794                Memory_translate
 .text          0x00027804     0x1194 /home/liao/src/syslink/packages/ti/syslink/lib/syslink.a_release(List.o)
                0x00027804                List_Params_init
                0x000278a8                List_create
                0x0002796c                List_delete
                0x00027a98                List_construct
                0x00027b4c                List_destruct
                0x00027c04                List_elemClear
                0x00027cb8                List_empty
                0x00027d80                List_get
                0x00027e9c                List_put
                0x00028010                List_next
                0x000280e8                List_prev
                0x0002822c                List_insert
                0x000283a0                List_remove
                0x000284d4                List_putHead
                0x00028648                List_dequeue
                0x00028720                List_enqueue
                0x0002885c                List_enqueueHead
 .text          0x00028998      0x390 /home/liao/src/syslink/packages/ti/syslink/lib/syslink.a_release(String.o)
                0x00028998                String_cat
                0x000289e4                String_cmp
                0x00028aa8                String_ncmp
                0x00028af0                String_cpy
                0x00028b08                String_ncpy
                0x00028be4                String_len
                0x00028c18                String_hexToStr
                0x00028ca4                String_hash
 .text          0x00028d28      0x368 /home/liao/src/syslink/packages/ti/syslink/lib/syslink.a_release(Trace.o)
                0x00028d28                _GT_0trace
                0x00028d74                _GT_1trace
                0x00028dc4                _GT_2trace
                0x00028e1c                _GT_3trace
                0x00028e7c                _GT_4trace
                0x00028eec                _GT_5trace
                0x00028f60                _GT_6trace
                0x00028fdc                _GT_setFailureReason
                0x00029020                _GT_setTrace
 .text          0x00029090     0x2624 /home/liao/src/syslink/packages/ti/syslink/lib/syslink.a_release(NameServer.o)
                0x00029090                NameServer_getConfig
                0x000291e0                NameServer_setup
                0x000292f0                NameServer_destroy
                0x000293b8                NameServer_Params_init
                0x00029504                NameServer_create
                0x00029740                NameServer_delete
                0x00029908                NameServer_open
                0x00029b4c                NameServer_close
                0x00029d34                NameServer_add
                0x0002a000                NameServer_addUInt32
                0x0002a284                NameServer_remove
                0x0002a458                NameServer_removeEntry
                0x0002a624                NameServer_get
                0x0002a968                NameServer_getLocal
                0x0002ac88                NameServer_getUInt32
                0x0002aed0                NameServer_getLocalUInt32
                0x0002b114                NameServer_match
                0x0002b374                NameServer_getHandle
                0x0002b540                NameServer_isRegistered
 .text          0x0002b6b4      0xa64 /home/liao/src/syslink/packages/ti/syslink/lib/syslink.a_release(MultiProc.o)
                0x0002b6b4                MultiProc_getConfig
                0x0002b804                MultiProc_setup
                0x0002b93c                MultiProc_destroy
                0x0002ba04                MultiProc_setLocalId
                0x0002bb98                MultiProc_getId
                0x0002bd3c                MultiProc_getName
                0x0002be6c                MultiProc_getNumProcessors
                0x0002bec0                MultiProc_self
                0x0002bf18                MultiProc_getSlot
 .text          0x0002c118      0x108 /home/liao/src/syslink/packages/ti/syslink/lib/syslink.a_release(Gate.o)
                0x0002c19c                Gate_enterSystem
                0x0002c1e0                Gate_leaveSystem
 .text          0x0002c220       0x9c /home/liao/src/syslink/packages/ti/syslink/lib/syslink.a_release(SysLink.o)
                0x0002c220                SysLink_setup
                0x0002c278                SysLink_destroy
 .text          0x0002c2bc      0x368 /home/liao/src/syslink/packages/ti/syslink/lib/syslink.a_release(Cache.o)
                0x0002c2bc                Cache_inv
                0x0002c378                Cache_wb
                0x0002c434                Cache_wbInv
                0x0002c4f0                Cache_wait
                0x0002c57c                Cache_setMode
 .text          0x0002c624      0x2d4 /home/liao/src/syslink/packages/ti/syslink/lib/syslink.a_release(NameServerDrv.o)
                0x0002c624                NameServerDrv_open
                0x0002c744                NameServerDrv_close
                0x0002c810                NameServerDrv_ioctl
 .text          0x0002c8f8      0x2a4 /home/liao/src/syslink/packages/ti/syslink/lib/syslink.a_release(MultiProcDrv.o)
                0x0002c8f8                MultiProcDrv_open
                0x0002ca14                MultiProcDrv_close
                0x0002cae0                MultiProcDrv_ioctl
 .text          0x0002cb9c       0xf0 /home/liao/src/syslink/packages/ti/syslink/lib/syslink.a_release(TraceDrv.o)
                0x0002cb9c                TraceDrv_ioctl
 .text          0x0002cc8c       0xb8 /home/liao/src/syslink/packages/ti/syslink/lib/syslink.a_release(CacheDrv.o)
                0x0002cc8c                CacheDrv_ioctl
 .text          0x0002cd44     0x1268 /home/liao/src/syslink/packages/ti/syslink/lib/syslink.a_release(MemoryOS.o)
                0x0002cd44                MemoryOS_destroy
                0x0002cec4                MemoryOS_setup
                0x0002d04c                MemoryOS_alloc
                0x0002d12c                MemoryOS_calloc
                0x0002d298                MemoryOS_free
                0x0002d358                MemoryOS_map
                0x0002d770                MemoryOS_unmap
                0x0002da9c                MemoryOS_copy
                0x0002dc0c                MemoryOS_set
                0x0002dd90                MemoryOS_translate
 .text          0x0002dfac      0x5a0 /home/liao/src/syslink/packages/ti/syslink/lib/syslink.a_release(OsalDrv.o)
                0x0002dfac                OsalDrv_open
                0x0002e0e0                OsalDrv_close
                0x0002e1bc                OsalDrv_map
                0x0002e3d4                OsalDrv_unmap
                0x0002e450                OsalDrv_ioctl
 .text          0x0002e54c      0x3e8 /home/liao/src/syslink/packages/ti/syslink/lib/syslink.a_release(OsalMutex.o)
                0x0002e54c                OsalMutex_create
                0x0002e66c                OsalMutex_delete
                0x0002e77c                OsalMutex_enter
                0x0002e854                OsalMutex_leave
 .text          0x0002e934       0x44 /home/liao/src/syslink/packages/ti/syslink/lib/syslink.a_release(OsalPrint.o)
                0x0002e934                Osal_printf
 .text          0x0002e978     0x4138 /home/liao/src/syslink/packages/ti/syslink/lib/syslink.a_release(ProcMgr.o)
                0x0002ef90                ProcMgr_getConfig
                0x0002f0b0                ProcMgr_setup
                0x0002f1e8                ProcMgr_Params_init
                0x0002f2f8                ProcMgr_create
                0x0002f5d8                ProcMgr_delete
                0x0002f7d8                ProcMgr_close
                0x0002fae4                ProcMgr_destroy
                0x0002fdd4                ProcMgr_getAttachParams
                0x0002fee4                ProcMgr_detach
                0x0003009c                ProcMgr_load
                0x00030308                ProcMgr_unload
                0x0003041c                ProcMgr_getStartParams
                0x00030524                ProcMgr_start
                0x00030638                ProcMgr_stop
                0x00030738                ProcMgr_getState
                0x00030840                ProcMgr_read
                0x00030a58                ProcMgr_write
                0x00030c70                ProcMgr_control
                0x00030d90                ProcMgr_translateAddr
                0x000310f4                ProcMgr_getSymbolAddress
                0x000312f8                ProcMgr_map
                0x00031674                ProcMgr_unmap
                0x00031c5c                ProcMgr_registerNotify
                0x00031dec                ProcMgr_getMaxMemoryRegions
                0x00031e68                ProcMgr_getProcInfo
                0x00031fec                ProcMgr_attach
                0x00032278                ProcMgr_open
                0x0003265c                ProcMgr_getSectionInfo
                0x000327f0                ProcMgr_getSectionData
                0x000329b4                ProcMgr_getLoadedFileId
 .text          0x00032ab0      0x45c /home/liao/src/syslink/packages/ti/syslink/lib/syslink.a_release(ProcMgrDrvUsr.o)
                0x00032ab0                ProcMgrDrvUsr_open
                0x00032bd8                ProcMgrDrvUsr_close
                0x00032cac                ProcMgrDrvUsr_ioctl
 .text          0x00032f0c      0x730 /home/liao/src/syslink/packages/ti/syslink/lib/syslink.a_release(FrameQ_common.o)
                0x00032f0c                FrameQ_isSupportedInterface
                0x00032f18                FrameQ_getExtendedHeaderPtr
                0x00032f5c                FrameQ_getNumFrameBuffers
                0x0003300c                FrameQ_getFrameBuffer
                0x00033108                FrameQ_getFrameBufSize
                0x00033200                FrameQ_getFrameBufValidSize
                0x00033304                FrameQ_getFrameBufDataStartOffset
                0x00033404                FrameQ_setFrameBufValidSize
                0x00033520                FrameQ_setFrameBufDataStartOffset
 .text          0x0003363c     0x2050 /home/liao/src/syslink/packages/ti/syslink/lib/syslink.a_release(ListMP.o)
                0x0003363c                ListMP_getConfig
                0x0003375c                ListMP_setup
                0x00033874                ListMP_destroy
                0x0003394c                ListMP_Params_init
                0x00033a94                ListMP_create
                0x00033d48                ListMP_delete
                0x00033f28                ListMP_sharedMemReq
                0x00034070                ListMP_open
                0x000342b0                ListMP_openByAddr
                0x000344b8                ListMP_close
                0x0003469c                ListMP_empty
                0x00034804                ListMP_getHead
                0x00034978                ListMP_getTail
                0x00034ae0                ListMP_putHead
                0x00034cb4                ListMP_putTail
                0x00034e90                ListMP_insert
                0x000350bc                ListMP_remove
                0x00035298                ListMP_next
                0x0003542c                ListMP_prev
                0x000355c0                _ListMP_create
                0x00035684                ListMP_getGate
 .text          0x0003568c      0x2d8 /home/liao/src/syslink/packages/ti/syslink/lib/syslink.a_release(ListMPDrv.o)
                0x0003568c                ListMPDrv_open
                0x000357b0                ListMPDrv_close
                0x0003587c                ListMPDrv_ioctl
 .text          0x00035964      0x3f8 syslinksamples.o_debug
                0x00035964                SysLinkSamples_startup
                0x0003599c                SysLinkSamples_shutdown
                0x000359d4                SysLinkSamples_setHiddenProcId
                0x000359ec                SysLinkSamples_isAvailableProcId
                0x00035a00                SysLinkSamples_setToRunProcIds
                0x00035b80                SysLinkSamples_toRunProcId
                0x00035b94                SysLinkSamples_osStartup
                0x00035d3c                SysLinkSamples_osShutdown
 .text          0x00035d5c     0x1190 slaveloader.o_debug
                0x000361c4                SlaveLoader_startupArgs
                0x00036588                SlaveLoader_startup
                0x000368ec                SlaveLoader_shutdown
                0x00036bb0                SlaveLoader_printStatus
 .text          0x00036eec       0x64 /opt/linux-devkit/bin/../arm-arago-linux-gnueabi/usr/lib/./libc_nonshared.a(elf-init.oS)
                0x00036eec                __libc_csu_init
                0x00036f4c                __libc_csu_fini
 .text          0x00036f50      0x114 /opt/linux-devkit/bin/../lib/gcc/arm-arago-linux-gnueabi/4.5.3/libgcc.a(_udivsi3.o)
                0x00036f50                __udivsi3
                0x00036f50                __aeabi_uidiv
                0x00037044                __aeabi_uidivmod
 .text          0x00037064       0x14 /opt/linux-devkit/bin/../lib/gcc/arm-arago-linux-gnueabi/4.5.3/libgcc.a(_dvmd_lnx.o)
                0x00037064                __aeabi_idiv0
                0x00037064                __aeabi_ldiv0
 .text          0x00037078        0x0 /opt/linux-devkit/bin/../lib/gcc/arm-arago-linux-gnueabi/4.5.3/crtend.o
 .text          0x00037078        0x0 /opt/linux-devkit/bin/../arm-arago-linux-gnueabi/usr/lib/crtn.o
 *(.gnu.warning)
 *(.glue_7t)
 .glue_7t       0x00000000        0x0 linker stubs
 *(.glue_7)
 .glue_7        0x00000000        0x0 linker stubs
 *(.vfp11_veneer)
 .vfp11_veneer  0x00000000        0x0 linker stubs
 *(.v4_bx)
 .v4_bx         0x00000000        0x0 linker stubs

.fini           0x00037078        0x8
 *(.fini)
 .fini          0x00037078        0x4 /opt/linux-devkit/bin/../arm-arago-linux-gnueabi/usr/lib/crti.o
                0x00037078                _fini
 .fini          0x0003707c        0x4 /opt/linux-devkit/bin/../arm-arago-linux-gnueabi/usr/lib/crtn.o
                0x00037080                PROVIDE (__etext, .)
                0x00037080                PROVIDE (_etext, .)
                0x00037080                PROVIDE (etext, .)

.rodata         0x00037080    0x13874
 *(.rodata .rodata.* .gnu.linkonce.r.*)
 .rodata.cst4   0x00037080        0x4 /opt/linux-devkit/bin/../arm-arago-linux-gnueabi/usr/lib/crt1.o
                0x00037080                _IO_stdin_used
 .rodata.str1.4
                0x00037084       0x2f bin/release/obj/main.ov5T
                                 0x30 (size before relaxing)
 *fill*         0x000370b3        0x1 00
 .rodata.str1.4
                0x000370b4      0x246 bin/release/obj/syslink.ov5T
                                0x248 (size before relaxing)
 *fill*         0x000372fa        0x2 00
 .rodata.str1.4
                0x000372fc       0x53 bin/release/obj/pseudo.ov5T
                                 0x5c (size before relaxing)
 *fill*         0x0003734f        0x1 00
 .rodata.str1.4
                0x00037350     0x12bc /home/liao/src/syslink/packages/ti/syslink/lib/syslink.a_release(SharedRegion.o)
                               0x12e8 (size before relaxing)
 .rodata.str1.4
                0x0003860c      0xbbc /home/liao/src/syslink/packages/ti/syslink/lib/syslink.a_release(Notify.o)
                                0xc38 (size before relaxing)
 .rodata.str1.4
                0x000391c8      0xea0 /home/liao/src/syslink/packages/ti/syslink/lib/syslink.a_release(MessageQ.o)
                                0xf54 (size before relaxing)
 .rodata.str1.4
                0x0003a068      0x704 /home/liao/src/syslink/packages/ti/syslink/lib/syslink.a_release(Ipc.o)
                                0x794 (size before relaxing)
 .rodata.str1.4
                0x0003a76c      0xffb /home/liao/src/syslink/packages/ti/syslink/lib/syslink.a_release(RingIO.o)
                               0x117c (size before relaxing)
 *fill*         0x0003b767        0x1 00
 .rodata.str1.4
                0x0003b768      0x287 /home/liao/src/syslink/packages/ti/syslink/lib/syslink.a_release(RingIOShm.o)
                                0x348 (size before relaxing)
 *fill*         0x0003b9ef        0x1 00
 .rodata.str1.4
                0x0003b9f0     0x197e /home/liao/src/syslink/packages/ti/syslink/lib/syslink.a_release(FrameQ.o)
                               0x1bf8 (size before relaxing)
 *fill*         0x0003d36e        0x2 00
 .rodata.str1.4
                0x0003d370     0x1876 /home/liao/src/syslink/packages/ti/syslink/lib/syslink.a_release(FrameQBufMgr.o)
                               0x1f64 (size before relaxing)
 *fill*         0x0003ebe6        0x2 00
 .rodata.str1.4
                0x0003ebe8     0x11d3 /home/liao/src/syslink/packages/ti/syslink/lib/syslink.a_release(ClientNotifyMgr.o)
                               0x133c (size before relaxing)
 *fill*         0x0003fdbb        0x1 00
 .rodata.str1.4
                0x0003fdbc      0xb43 /home/liao/src/syslink/packages/ti/syslink/lib/syslink.a_release(HeapMemMP.o)
                                0xd08 (size before relaxing)
 *fill*         0x000408ff        0x1 00
 .rodata.str1.4
                0x00040900      0x925 /home/liao/src/syslink/packages/ti/syslink/lib/syslink.a_release(HeapBufMP.o)
                                0xca8 (size before relaxing)
 *fill*         0x00041225        0x3 00
 .rodata.str1.4
                0x00041228      0x891 /home/liao/src/syslink/packages/ti/syslink/lib/syslink.a_release(GateMP.o)
                                0x9e0 (size before relaxing)
 *fill*         0x00041ab9        0x3 00
 .rodata.str1.4
                0x00041abc      0x2b6 /home/liao/src/syslink/packages/ti/syslink/lib/syslink.a_release(SharedRegionDrv.o)
                                0x2fc (size before relaxing)
 *fill*         0x00041d72        0x2 00
 .rodata.str1.4
                0x00041d74      0x36b /home/liao/src/syslink/packages/ti/syslink/lib/syslink.a_release(NotifyDrvUsr.o)
                                0x3f4 (size before relaxing)
 *fill*         0x000420df        0x1 00
 .rodata.str1.4
                0x000420e0      0x22b /home/liao/src/syslink/packages/ti/syslink/lib/syslink.a_release(HeapBufMPDrv.o)
                                0x29c (size before relaxing)
 *fill*         0x0004230b        0x1 00
 .rodata.str1.4
                0x0004230c      0x21e /home/liao/src/syslink/packages/ti/syslink/lib/syslink.a_release(MessageQDrv.o)
                                0x290 (size before relaxing)
 *fill*         0x0004252a        0x2 00
 .rodata.str1.4
                0x0004252c      0x1d1 /home/liao/src/syslink/packages/ti/syslink/lib/syslink.a_release(IpcDrv.o)
                                0x244 (size before relaxing)
 *fill*         0x000426fd        0x3 00
 .rodata.str1.4
                0x00042700      0x1f8 /home/liao/src/syslink/packages/ti/syslink/lib/syslink.a_release(FrameQDrv.o)
                                0x268 (size before relaxing)
 .rodata.str1.4
                0x000428f8      0x25a /home/liao/src/syslink/packages/ti/syslink/lib/syslink.a_release(FrameQBufMgrDrv.o)
                                0x2cc (size before relaxing)
 *fill*         0x00042b52        0x2 00
 .rodata.str1.4
                0x00042b54      0x285 /home/liao/src/syslink/packages/ti/syslink/lib/syslink.a_release(ClientNotifyMgrDrv.o)
                                0x2f8 (size before relaxing)
 *fill*         0x00042dd9        0x3 00
 .rodata.str1.4
                0x00042ddc      0x1f8 /home/liao/src/syslink/packages/ti/syslink/lib/syslink.a_release(RingIODrv.o)
                                0x268 (size before relaxing)
 .rodata.str1.4
                0x00042fd4      0x1b7 /home/liao/src/syslink/packages/ti/syslink/lib/syslink.a_release(RingIOShmDrv.o)
                                0x290 (size before relaxing)
 *fill*         0x0004318b        0x1 00
 .rodata.str1.4
                0x0004318c      0x22b /home/liao/src/syslink/packages/ti/syslink/lib/syslink.a_release(HeapMemMPDrv.o)
                                0x29c (size before relaxing)
 *fill*         0x000433b7        0x1 00
 .rodata.str1.4
                0x000433b8      0x1f8 /home/liao/src/syslink/packages/ti/syslink/lib/syslink.a_release(GateMPDrv.o)
                                0x268 (size before relaxing)
 .rodata.str1.4
                0x000435b0      0x209 /home/liao/src/syslink/packages/ti/syslink/lib/syslink.a_release(GateMutex.o)
                                0x228 (size before relaxing)
 *fill*         0x000437b9        0x3 00
 .rodata.str1.4
                0x000437bc      0x43d /home/liao/src/syslink/packages/ti/syslink/lib/syslink.a_release(Memory.o)
                                0x4cc (size before relaxing)
 *fill*         0x00043bf9        0x3 00
 .rodata.str1.4
                0x00043bfc      0x7ad /home/liao/src/syslink/packages/ti/syslink/lib/syslink.a_release(List.o)
                                0x84c (size before relaxing)
 *fill*         0x000443a9        0x3 00
 .rodata        0x000443ac      0x400 /home/liao/src/syslink/packages/ti/syslink/lib/syslink.a_release(String.o)
 .rodata.str1.4
                0x000447ac       0x11 /home/liao/src/syslink/packages/ti/syslink/lib/syslink.a_release(String.o)
                                 0x14 (size before relaxing)
 *fill*         0x000447bd        0x3 00
 .rodata.str1.4
                0x000447c0       0x4f /home/liao/src/syslink/packages/ti/syslink/lib/syslink.a_release(Trace.o)
                                 0x50 (size before relaxing)
 *fill*         0x0004480f        0x1 00
 .rodata.str1.4
                0x00044810      0xbc4 /home/liao/src/syslink/packages/ti/syslink/lib/syslink.a_release(NameServer.o)
                                0xdfc (size before relaxing)
 .rodata.str1.4
                0x000453d4      0x580 /home/liao/src/syslink/packages/ti/syslink/lib/syslink.a_release(MultiProc.o)
                                0x60c (size before relaxing)
 .rodata.str1.4
                0x00045954       0x4f /home/liao/src/syslink/packages/ti/syslink/lib/syslink.a_release(Gate.o)
                                 0x80 (size before relaxing)
 *fill*         0x000459a3        0x1 00
 .rodata.str1.4
                0x000459a4       0x65 /home/liao/src/syslink/packages/ti/syslink/lib/syslink.a_release(SysLink.o)
                                 0x68 (size before relaxing)
 *fill*         0x00045a09        0x3 00
 .rodata.str1.4
                0x00045a0c      0x21b /home/liao/src/syslink/packages/ti/syslink/lib/syslink.a_release(Cache.o)
                                0x248 (size before relaxing)
 *fill*         0x00045c27        0x1 00
 .rodata.str1.4
                0x00045c28      0x250 /home/liao/src/syslink/packages/ti/syslink/lib/syslink.a_release(NameServerDrv.o)
                                0x2c0 (size before relaxing)
 .rodata.str1.4
                0x00045e78      0x20f /home/liao/src/syslink/packages/ti/syslink/lib/syslink.a_release(MultiProcDrv.o)
                                0x250 (size before relaxing)
 *fill*         0x00046087        0x1 00
 .rodata.str1.4
                0x00046088       0xb8 /home/liao/src/syslink/packages/ti/syslink/lib/syslink.a_release(TraceDrv.o)
                                0x100 (size before relaxing)
 .rodata.str1.4
                0x00046140       0xb7 /home/liao/src/syslink/packages/ti/syslink/lib/syslink.a_release(CacheDrv.o)
                                 0xd0 (size before relaxing)
 *fill*         0x000461f7        0x1 00
 .rodata.str1.4
                0x000461f8      0x7e8 /home/liao/src/syslink/packages/ti/syslink/lib/syslink.a_release(MemoryOS.o)
                                0x8d0 (size before relaxing)
 .rodata.str1.4
                0x000469e0      0x2db /home/liao/src/syslink/packages/ti/syslink/lib/syslink.a_release(OsalDrv.o)
                                0x374 (size before relaxing)
 *fill*         0x00046cbb        0x1 00
 .rodata.str1.4
                0x00046cbc      0x2e9 /home/liao/src/syslink/packages/ti/syslink/lib/syslink.a_release(OsalMutex.o)
                                0x328 (size before relaxing)
 *fill*         0x00046fa5        0x3 00
 .rodata.str1.4
                0x00046fa8        0x3 /home/liao/src/syslink/packages/ti/syslink/lib/syslink.a_release(OsalPrint.o)
                                  0x4 (size before relaxing)
 *fill*         0x00046fab        0x1 00
 .rodata.str1.4
                0x00046fac     0x1de4 /home/liao/src/syslink/packages/ti/syslink/lib/syslink.a_release(ProcMgr.o)
                               0x1f2c (size before relaxing)
 .rodata.str1.4
                0x00048d90      0x2e8 /home/liao/src/syslink/packages/ti/syslink/lib/syslink.a_release(ProcMgrDrvUsr.o)
                                0x358 (size before relaxing)
 .rodata.str1.4
                0x00049078      0x5a6 /home/liao/src/syslink/packages/ti/syslink/lib/syslink.a_release(FrameQ_common.o)
                                0x5e8 (size before relaxing)
 *fill*         0x0004961e        0x2 00
 .rodata.str1.4
                0x00049620      0x9da /home/liao/src/syslink/packages/ti/syslink/lib/syslink.a_release(ListMP.o)
                                0xbe8 (size before relaxing)
 *fill*         0x00049ffa        0x2 00
 .rodata.str1.4
                0x00049ffc      0x1f8 /home/liao/src/syslink/packages/ti/syslink/lib/syslink.a_release(ListMPDrv.o)
                                0x268 (size before relaxing)
 .rodata.str1.4
                0x0004a1f4      0x180 syslinksamples.o_debug
 .rodata.str1.4
                0x0004a374      0x580 slaveloader.o_debug
                                0x5b8 (size before relaxing)

.rodata1
 *(.rodata1)

.ARM.extab      0x0004a8f4        0x0
 *(.ARM.extab* .gnu.linkonce.armextab.*)
 .ARM.extab     0x0004a8f4        0x0 /opt/linux-devkit/bin/../arm-arago-linux-gnueabi/usr/lib/crt1.o
                0x0004a8f4                __exidx_start = .

.ARM.exidx      0x0004a8f4        0x8
 *(.ARM.exidx* .gnu.linkonce.armexidx.*)
 .ARM.exidx     0x0004a8f4        0x8 /opt/linux-devkit/bin/../arm-arago-linux-gnueabi/usr/lib/crt1.o
                0x0004a8fc                __exidx_end = .

.eh_frame_hdr
 *(.eh_frame_hdr)

.eh_frame
 *(.eh_frame)

.gcc_except_table
 *(.gcc_except_table .gcc_except_table.*)
                0x0004a8fc                . = (ALIGN (0x8000) - ((0x8000 - .) & 0x7fff))
                0x00053000                . = (0x8000 DATA_SEGMENT_ALIGN 0x1000)

.eh_frame
 *(.eh_frame)

.gcc_except_table
 *(.gcc_except_table .gcc_except_table.*)

.tdata
 *(.tdata .tdata.* .gnu.linkonce.td.*)

.tbss
 *(.tbss .tbss.* .gnu.linkonce.tb.*)
 *(.tcommon)

.preinit_array  0x00053000        0x0
                0x00053000                PROVIDE (__preinit_array_start, .)
 *(.preinit_array)
                0x00053000                PROVIDE (__preinit_array_end, .)

.init_array     0x00053000        0x4
                0x00053000                PROVIDE (__init_array_start, .)
 *(SORT(.init_array.*))
 *(.init_array)
 .init_array    0x00053000        0x4 /opt/linux-devkit/bin/../lib/gcc/arm-arago-linux-gnueabi/4.5.3/crtbegin.o
                0x00053004                PROVIDE (__init_array_end, .)

.fini_array     0x00053004        0x4
                0x00053004                PROVIDE (__fini_array_start, .)
 *(.fini_array)
 .fini_array    0x00053004        0x4 /opt/linux-devkit/bin/../lib/gcc/arm-arago-linux-gnueabi/4.5.3/crtbegin.o
 *(SORT(.fini_array.*))
                0x00053008                PROVIDE (__fini_array_end, .)

.ctors
 *crtbegin.o(.ctors)
 *crtbegin?.o(.ctors)
 *(EXCLUDE_FILE(*crtend?.o *crtend.o) .ctors)
 *(SORT(.ctors.*))
 *(.ctors)

.dtors
 *crtbegin.o(.dtors)
 *crtbegin?.o(.dtors)
 *(EXCLUDE_FILE(*crtend?.o *crtend.o) .dtors)
 *(SORT(.dtors.*))
 *(.dtors)

.jcr            0x00053008        0x4
 *(.jcr)
 .jcr           0x00053008        0x0 /opt/linux-devkit/bin/../lib/gcc/arm-arago-linux-gnueabi/4.5.3/crtbegin.o
 .jcr           0x00053008        0x4 /opt/linux-devkit/bin/../lib/gcc/arm-arago-linux-gnueabi/4.5.3/crtend.o

.data.rel.ro
 *(.data.rel.ro.local* .gnu.linkonce.d.rel.ro.local.*)
 *(.data.rel.ro* .gnu.linkonce.d.rel.ro.*)

.dynamic        0x0005300c       0xf8
 *(.dynamic)
 .dynamic       0x0005300c       0xf8 /opt/linux-devkit/bin/../arm-arago-linux-gnueabi/usr/lib/crti.o
                0x0005300c                _DYNAMIC
                0x00053104                . = (. DATA_SEGMENT_RELRO_END 0x0)

.got            0x00053104       0xf4
 *(.got.plt)
 .got.plt       0x00053104       0xe0 /opt/linux-devkit/bin/../arm-arago-linux-gnueabi/usr/lib/crti.o
                0x00053104                _GLOBAL_OFFSET_TABLE_
 *(.igot.plt)
 *(.got)
 .got           0x000531e4       0x14 /opt/linux-devkit/bin/../arm-arago-linux-gnueabi/usr/lib/crti.o
 *(.igot)

.data           0x000531f8       0xdc
                0x000531f8                PROVIDE (__data_start, .)
 *(.data .data.* .gnu.linkonce.d.*)
 .data          0x000531f8        0x4 /opt/linux-devkit/bin/../arm-arago-linux-gnueabi/usr/lib/crt1.o
                0x000531f8                data_start
                0x000531f8                __data_start
 .data          0x000531fc        0x0 /opt/linux-devkit/bin/../arm-arago-linux-gnueabi/usr/lib/crti.o
 .data          0x000531fc        0x4 /opt/linux-devkit/bin/../lib/gcc/arm-arago-linux-gnueabi/4.5.3/crtbegin.o
                0x000531fc                __dso_handle
 .data          0x00053200        0x0 bin/release/obj/main.ov5T
 .data          0x00053200        0x0 bin/release/obj/syslink.ov5T
 .data          0x00053200       0x98 bin/release/obj/pseudo.ov5T
                0x00053200                baud_arr
                0x0005324c                baud_name
 .data          0x00053298        0x4 /home/liao/src/syslink/packages/ti/syslink/lib/syslink.a_release(SharedRegion.o)
                0x00053298                SharedRegion_module
 .data          0x0005329c        0x0 /home/liao/src/syslink/packages/ti/syslink/lib/syslink.a_release(Notify.o)
 .data          0x0005329c        0x4 /home/liao/src/syslink/packages/ti/syslink/lib/syslink.a_release(MessageQ.o)
                0x0005329c                MessageQ_module
 .data          0x000532a0        0x0 /home/liao/src/syslink/packages/ti/syslink/lib/syslink.a_release(Ipc.o)
 .data          0x000532a0        0x0 /home/liao/src/syslink/packages/ti/syslink/lib/syslink.a_release(RingIO.o)
 .data          0x000532a0        0x0 /home/liao/src/syslink/packages/ti/syslink/lib/syslink.a_release(RingIOShm.o)
 .data          0x000532a0        0x4 /home/liao/src/syslink/packages/ti/syslink/lib/syslink.a_release(FrameQ.o)
                0x000532a0                FrameQ_module
 .data          0x000532a4        0x4 /home/liao/src/syslink/packages/ti/syslink/lib/syslink.a_release(FrameQBufMgr.o)
                0x000532a4                FrameQBufMgr_module
 .data          0x000532a8        0x4 /home/liao/src/syslink/packages/ti/syslink/lib/syslink.a_release(ClientNotifyMgr.o)
                0x000532a8                ClientNotifyMgr_module
 .data          0x000532ac        0x0 /home/liao/src/syslink/packages/ti/syslink/lib/syslink.a_release(HeapMemMP.o)
 .data          0x000532ac        0x4 /home/liao/src/syslink/packages/ti/syslink/lib/syslink.a_release(HeapBufMP.o)
                0x000532ac                HeapBufMP_module
 .data          0x000532b0        0x0 /home/liao/src/syslink/packages/ti/syslink/lib/syslink.a_release(GateMP.o)
 .data          0x000532b0        0x0 /home/liao/src/syslink/packages/ti/syslink/lib/syslink.a_release(SharedRegionDrv.o)
 .data          0x000532b0        0x4 /home/liao/src/syslink/packages/ti/syslink/lib/syslink.a_release(NotifyDrvUsr.o)
 .data          0x000532b4        0x0 /home/liao/src/syslink/packages/ti/syslink/lib/syslink.a_release(HeapBufMPDrv.o)
 .data          0x000532b4        0x0 /home/liao/src/syslink/packages/ti/syslink/lib/syslink.a_release(MessageQDrv.o)
 .data          0x000532b4        0x0 /home/liao/src/syslink/packages/ti/syslink/lib/syslink.a_release(IpcDrv.o)
 .data          0x000532b4        0x0 /home/liao/src/syslink/packages/ti/syslink/lib/syslink.a_release(FrameQDrv.o)
 .data          0x000532b4        0x0 /home/liao/src/syslink/packages/ti/syslink/lib/syslink.a_release(FrameQBufMgrDrv.o)
 .data          0x000532b4        0x0 /home/liao/src/syslink/packages/ti/syslink/lib/syslink.a_release(ClientNotifyMgrDrv.o)
 .data          0x000532b4        0x0 /home/liao/src/syslink/packages/ti/syslink/lib/syslink.a_release(RingIODrv.o)
 .data          0x000532b4        0x0 /home/liao/src/syslink/packages/ti/syslink/lib/syslink.a_release(RingIOShmDrv.o)
 .data          0x000532b4        0x0 /home/liao/src/syslink/packages/ti/syslink/lib/syslink.a_release(HeapMemMPDrv.o)
 .data          0x000532b4        0x0 /home/liao/src/syslink/packages/ti/syslink/lib/syslink.a_release(GateMPDrv.o)
 .data          0x000532b4        0x0 /home/liao/src/syslink/packages/ti/syslink/lib/syslink.a_release(GateMutex.o)
 .data          0x000532b4        0x0 /home/liao/src/syslink/packages/ti/syslink/lib/syslink.a_release(Memory.o)
 .data          0x000532b4        0x0 /home/liao/src/syslink/packages/ti/syslink/lib/syslink.a_release(List.o)
 .data          0x000532b4        0x0 /home/liao/src/syslink/packages/ti/syslink/lib/syslink.a_release(String.o)
 .data          0x000532b4        0x0 /home/liao/src/syslink/packages/ti/syslink/lib/syslink.a_release(Trace.o)
 .data          0x000532b4        0x4 /home/liao/src/syslink/packages/ti/syslink/lib/syslink.a_release(NameServer.o)
                0x000532b4                NameServer_module
 .data          0x000532b8        0x4 /home/liao/src/syslink/packages/ti/syslink/lib/syslink.a_release(MultiProc.o)
                0x000532b8                MultiProc_module
 .data          0x000532bc        0xc /home/liao/src/syslink/packages/ti/syslink/lib/syslink.a_release(Gate.o)
                0x000532bc                Gate_systemObject
                0x000532c4                Gate_systemHandle
 .data          0x000532c8        0x0 /home/liao/src/syslink/packages/ti/syslink/lib/syslink.a_release(SysLink.o)
 .data          0x000532c8        0x0 /home/liao/src/syslink/packages/ti/syslink/lib/syslink.a_release(Cache.o)
 .data          0x000532c8        0x0 /home/liao/src/syslink/packages/ti/syslink/lib/syslink.a_release(NameServerDrv.o)
 .data          0x000532c8        0x0 /home/liao/src/syslink/packages/ti/syslink/lib/syslink.a_release(MultiProcDrv.o)
 .data          0x000532c8        0x0 /home/liao/src/syslink/packages/ti/syslink/lib/syslink.a_release(TraceDrv.o)
 .data          0x000532c8        0x0 /home/liao/src/syslink/packages/ti/syslink/lib/syslink.a_release(CacheDrv.o)
 .data          0x000532c8        0x0 /home/liao/src/syslink/packages/ti/syslink/lib/syslink.a_release(MemoryOS.o)
 .data          0x000532c8        0x4 /home/liao/src/syslink/packages/ti/syslink/lib/syslink.a_release(OsalDrv.o)
 .data          0x000532cc        0x0 /home/liao/src/syslink/packages/ti/syslink/lib/syslink.a_release(OsalMutex.o)
 .data          0x000532cc        0x0 /home/liao/src/syslink/packages/ti/syslink/lib/syslink.a_release(OsalPrint.o)
 .data          0x000532cc        0x0 /home/liao/src/syslink/packages/ti/syslink/lib/syslink.a_release(ProcMgr.o)
 .data          0x000532cc        0x4 /home/liao/src/syslink/packages/ti/syslink/lib/syslink.a_release(ProcMgrDrvUsr.o)
 .data          0x000532d0        0x0 /home/liao/src/syslink/packages/ti/syslink/lib/syslink.a_release(FrameQ_common.o)
 .data          0x000532d0        0x4 /home/liao/src/syslink/packages/ti/syslink/lib/syslink.a_release(ListMP.o)
                0x000532d0                ListMP_module
 .data          0x000532d4        0x0 /home/liao/src/syslink/packages/ti/syslink/lib/syslink.a_release(ListMPDrv.o)
 .data          0x000532d4        0x0 syslinksamples.o_debug
 .data          0x000532d4        0x0 slaveloader.o_debug
 .data          0x000532d4        0x0 /opt/linux-devkit/bin/../arm-arago-linux-gnueabi/usr/lib/./libc_nonshared.a(elf-init.oS)
 .data          0x000532d4        0x0 /opt/linux-devkit/bin/../lib/gcc/arm-arago-linux-gnueabi/4.5.3/libgcc.a(_udivsi3.o)
 .data          0x000532d4        0x0 /opt/linux-devkit/bin/../lib/gcc/arm-arago-linux-gnueabi/4.5.3/libgcc.a(_dvmd_lnx.o)
 .data          0x000532d4        0x0 /opt/linux-devkit/bin/../lib/gcc/arm-arago-linux-gnueabi/4.5.3/crtend.o
 .data          0x000532d4        0x0 /opt/linux-devkit/bin/../arm-arago-linux-gnueabi/usr/lib/crtn.o

.data1
 *(.data1)
                0x000532d4                _edata = .
                0x000532d4                PROVIDE (edata, .)
                0x000532d4                __bss_start = .
                0x000532d4                __bss_start__ = .

.bss            0x000532d4    0x2d75c
 *(.dynbss)
 .dynbss        0x00000000        0x0 /opt/linux-devkit/bin/../arm-arago-linux-gnueabi/usr/lib/crti.o
 *(.bss .bss.* .gnu.linkonce.b.*)
 .bss           0x000532d4        0x0 /opt/linux-devkit/bin/../arm-arago-linux-gnueabi/usr/lib/crt1.o
 .bss           0x000532d4        0x0 /opt/linux-devkit/bin/../arm-arago-linux-gnueabi/usr/lib/crti.o
 .bss           0x000532d4        0x1 /opt/linux-devkit/bin/../lib/gcc/arm-arago-linux-gnueabi/4.5.3/crtbegin.o
 .bss           0x000532d5        0x0 bin/release/obj/main.ov5T
 *fill*         0x000532d5        0x3 00
 .bss           0x000532d8        0x4 bin/release/obj/syslink.ov5T
 .bss           0x000532dc        0x0 bin/release/obj/pseudo.ov5T
 .bss           0x000532dc      0x120 /home/liao/src/syslink/packages/ti/syslink/lib/syslink.a_release(SharedRegion.o)
                0x000532dc                SharedRegion_state
 .bss           0x000533fc       0x14 /home/liao/src/syslink/packages/ti/syslink/lib/syslink.a_release(Notify.o)
                0x000533fc                Notify_state
 .bss           0x00053410        0x4 /home/liao/src/syslink/packages/ti/syslink/lib/syslink.a_release(MessageQ.o)
                0x00053410                MessageQ_state
 .bss           0x00053414       0x34 /home/liao/src/syslink/packages/ti/syslink/lib/syslink.a_release(Ipc.o)
                0x00053414                SysLinkCfg_sysMemMap
                0x0005341c                SysLink_params
                0x00053420                Ipc_state
 .bss           0x00053448        0xc /home/liao/src/syslink/packages/ti/syslink/lib/syslink.a_release(RingIO.o)
                0x00053448                RingIO_state
 .bss           0x00053454        0x8 /home/liao/src/syslink/packages/ti/syslink/lib/syslink.a_release(RingIOShm.o)
                0x00053454                RingIOShm_state
 .bss           0x0005345c       0x20 /home/liao/src/syslink/packages/ti/syslink/lib/syslink.a_release(FrameQ.o)
                0x0005345c                FrameQ_module_obj
 .bss           0x0005347c       0x20 /home/liao/src/syslink/packages/ti/syslink/lib/syslink.a_release(FrameQBufMgr.o)
                0x0005347c                FrameQBufMgr_module_obj
 .bss           0x0005349c    0x2d024 /home/liao/src/syslink/packages/ti/syslink/lib/syslink.a_release(ClientNotifyMgr.o)
                0x0005349c                ClientNotifyMgr_module_obj
 .bss           0x000804c0        0x4 /home/liao/src/syslink/packages/ti/syslink/lib/syslink.a_release(HeapMemMP.o)
                0x000804c0                HeapMemMP_state
 .bss           0x000804c4        0x4 /home/liao/src/syslink/packages/ti/syslink/lib/syslink.a_release(HeapBufMP.o)
                0x000804c4                HeapBufMP_state
 .bss           0x000804c8       0x1c /home/liao/src/syslink/packages/ti/syslink/lib/syslink.a_release(GateMP.o)
 .bss           0x000804e4        0x8 /home/liao/src/syslink/packages/ti/syslink/lib/syslink.a_release(SharedRegionDrv.o)
 .bss           0x000804ec        0xc /home/liao/src/syslink/packages/ti/syslink/lib/syslink.a_release(NotifyDrvUsr.o)
 .bss           0x000804f8        0x8 /home/liao/src/syslink/packages/ti/syslink/lib/syslink.a_release(HeapBufMPDrv.o)
 .bss           0x00080500        0x8 /home/liao/src/syslink/packages/ti/syslink/lib/syslink.a_release(MessageQDrv.o)
 .bss           0x00080508        0x8 /home/liao/src/syslink/packages/ti/syslink/lib/syslink.a_release(IpcDrv.o)
 .bss           0x00080510        0x8 /home/liao/src/syslink/packages/ti/syslink/lib/syslink.a_release(FrameQDrv.o)
 .bss           0x00080518        0x8 /home/liao/src/syslink/packages/ti/syslink/lib/syslink.a_release(FrameQBufMgrDrv.o)
 .bss           0x00080520        0x8 /home/liao/src/syslink/packages/ti/syslink/lib/syslink.a_release(ClientNotifyMgrDrv.o)
 .bss           0x00080528        0x8 /home/liao/src/syslink/packages/ti/syslink/lib/syslink.a_release(RingIODrv.o)
 .bss           0x00080530        0x8 /home/liao/src/syslink/packages/ti/syslink/lib/syslink.a_release(RingIOShmDrv.o)
 .bss           0x00080538        0x8 /home/liao/src/syslink/packages/ti/syslink/lib/syslink.a_release(HeapMemMPDrv.o)
 .bss           0x00080540        0x8 /home/liao/src/syslink/packages/ti/syslink/lib/syslink.a_release(GateMPDrv.o)
 .bss           0x00080548        0x4 /home/liao/src/syslink/packages/ti/syslink/lib/syslink.a_release(GateMutex.o)
 .bss           0x0008054c        0x0 /home/liao/src/syslink/packages/ti/syslink/lib/syslink.a_release(Memory.o)
 .bss           0x0008054c        0x0 /home/liao/src/syslink/packages/ti/syslink/lib/syslink.a_release(List.o)
 .bss           0x0008054c        0x0 /home/liao/src/syslink/packages/ti/syslink/lib/syslink.a_release(String.o)
 .bss           0x0008054c        0x4 /home/liao/src/syslink/packages/ti/syslink/lib/syslink.a_release(Trace.o)
                0x0008054c                curTrace
 .bss           0x00080550        0xc /home/liao/src/syslink/packages/ti/syslink/lib/syslink.a_release(NameServer.o)
                0x00080550                NameServer_state
 .bss           0x0008055c      0x298 /home/liao/src/syslink/packages/ti/syslink/lib/syslink.a_release(MultiProc.o)
                0x0008055c                MultiProc_state
 .bss           0x000807f4       0x18 /home/liao/src/syslink/packages/ti/syslink/lib/syslink.a_release(Gate.o)
                0x000807f4                staticMutex
 .bss           0x0008080c        0x0 /home/liao/src/syslink/packages/ti/syslink/lib/syslink.a_release(SysLink.o)
 .bss           0x0008080c        0x0 /home/liao/src/syslink/packages/ti/syslink/lib/syslink.a_release(Cache.o)
 .bss           0x0008080c        0x8 /home/liao/src/syslink/packages/ti/syslink/lib/syslink.a_release(NameServerDrv.o)
 .bss           0x00080814        0x8 /home/liao/src/syslink/packages/ti/syslink/lib/syslink.a_release(MultiProcDrv.o)
 .bss           0x0008081c        0x0 /home/liao/src/syslink/packages/ti/syslink/lib/syslink.a_release(TraceDrv.o)
 .bss           0x0008081c        0x0 /home/liao/src/syslink/packages/ti/syslink/lib/syslink.a_release(CacheDrv.o)
 .bss           0x0008081c       0x18 /home/liao/src/syslink/packages/ti/syslink/lib/syslink.a_release(MemoryOS.o)
 .bss           0x00080834        0x4 /home/liao/src/syslink/packages/ti/syslink/lib/syslink.a_release(OsalDrv.o)
 .bss           0x00080838        0x0 /home/liao/src/syslink/packages/ti/syslink/lib/syslink.a_release(OsalMutex.o)
 .bss           0x00080838        0x0 /home/liao/src/syslink/packages/ti/syslink/lib/syslink.a_release(OsalPrint.o)
 .bss           0x00080838       0x2c /home/liao/src/syslink/packages/ti/syslink/lib/syslink.a_release(ProcMgr.o)
                0x00080838                ProcMgr_state
 .bss           0x00080864        0x4 /home/liao/src/syslink/packages/ti/syslink/lib/syslink.a_release(ProcMgrDrvUsr.o)
 .bss           0x00080868        0x0 /home/liao/src/syslink/packages/ti/syslink/lib/syslink.a_release(FrameQ_common.o)
 .bss           0x00080868        0x4 /home/liao/src/syslink/packages/ti/syslink/lib/syslink.a_release(ListMP.o)
                0x00080868                ListMP_state
 .bss           0x0008086c        0x8 /home/liao/src/syslink/packages/ti/syslink/lib/syslink.a_release(ListMPDrv.o)
 .bss           0x00080874        0x4 syslinksamples.o_debug
                0x00080874                SysLinkSamples_oldTraceMask
 .bss           0x00080878        0x0 slaveloader.o_debug
 .bss           0x00080878        0x0 /opt/linux-devkit/bin/../arm-arago-linux-gnueabi/usr/lib/./libc_nonshared.a(elf-init.oS)
 .bss           0x00080878        0x0 /opt/linux-devkit/bin/../lib/gcc/arm-arago-linux-gnueabi/4.5.3/libgcc.a(_udivsi3.o)
 .bss           0x00080878        0x0 /opt/linux-devkit/bin/../lib/gcc/arm-arago-linux-gnueabi/4.5.3/libgcc.a(_dvmd_lnx.o)
 .bss           0x00080878        0x0 /opt/linux-devkit/bin/../lib/gcc/arm-arago-linux-gnueabi/4.5.3/crtend.o
 .bss           0x00080878        0x0 /opt/linux-devkit/bin/../arm-arago-linux-gnueabi/usr/lib/crtn.o
 *(COMMON)
 COMMON         0x00080878      0x17c bin/release/obj/syslink.ov5T
                0x00080878                syslink
 COMMON         0x000809f4        0x4 /home/liao/src/syslink/packages/ti/syslink/lib/syslink.a_release(NameServer.o)
                0x000809f4                NameServer_Object
 COMMON         0x000809f8       0x10 /home/liao/src/syslink/packages/ti/syslink/lib/syslink.a_release(MemoryOS.o)
                0x000809f8                MemoryOS_state
 COMMON         0x00080a08       0x28 syslinksamples.o_debug
                0x00080a08                SysLinkSamples_runProcIds
                0x00080a1c                SysLinkSamples_availableProcIds
                0x00080a30                . = ALIGN ((. != 0x0)?0x4:0x1)
                0x00080a30                _bss_end__ = .
                0x00080a30                __bss_end__ = .
                0x00080a30                . = ALIGN (0x4)
                0x00080a30                . = ALIGN (0x4)
                0x00080a30                __end__ = .
                0x00080a30                _end = .
                0x00080a30                PROVIDE (end, .)
                0x00080a30                . = DATA_SEGMENT_END (.)

.stab
 *(.stab)

.stabstr
 *(.stabstr)

.stab.excl
 *(.stab.excl)

.stab.exclstr
 *(.stab.exclstr)

.stab.index
 *(.stab.index)

.stab.indexstr
 *(.stab.indexstr)

.ARM.attributes
                0x00000000       0x29
 .ARM.attributes
                0x00000000       0x29 /opt/linux-devkit/bin/../arm-arago-linux-gnueabi/usr/lib/crt1.o
 .ARM.attributes
                0x00000029       0x2b /opt/linux-devkit/bin/../arm-arago-linux-gnueabi/usr/lib/crti.o
 .ARM.attributes
                0x00000054       0x32 /opt/linux-devkit/bin/../lib/gcc/arm-arago-linux-gnueabi/4.5.3/crtbegin.o
 .ARM.attributes
                0x00000086       0x2a bin/release/obj/main.ov5T
 .ARM.attributes
                0x000000b0       0x2a bin/release/obj/syslink.ov5T
 .ARM.attributes
                0x000000da       0x2a bin/release/obj/pseudo.ov5T
 .ARM.attributes
                0x00000104       0x32 /home/liao/src/syslink/packages/ti/syslink/lib/syslink.a_release(SharedRegion.o)
 .ARM.attributes
                0x00000136       0x32 /home/liao/src/syslink/packages/ti/syslink/lib/syslink.a_release(Notify.o)
 .ARM.attributes
                0x00000168       0x32 /home/liao/src/syslink/packages/ti/syslink/lib/syslink.a_release(MessageQ.o)
 .ARM.attributes
                0x0000019a       0x32 /home/liao/src/syslink/packages/ti/syslink/lib/syslink.a_release(Ipc.o)
 .ARM.attributes
                0x000001cc       0x32 /home/liao/src/syslink/packages/ti/syslink/lib/syslink.a_release(RingIO.o)
 .ARM.attributes
                0x000001fe       0x32 /home/liao/src/syslink/packages/ti/syslink/lib/syslink.a_release(RingIOShm.o)
 .ARM.attributes
                0x00000230       0x32 /home/liao/src/syslink/packages/ti/syslink/lib/syslink.a_release(FrameQ.o)
 .ARM.attributes
                0x00000262       0x32 /home/liao/src/syslink/packages/ti/syslink/lib/syslink.a_release(FrameQBufMgr.o)
 .ARM.attributes
                0x00000294       0x32 /home/liao/src/syslink/packages/ti/syslink/lib/syslink.a_release(ClientNotifyMgr.o)
 .ARM.attributes
                0x000002c6       0x32 /home/liao/src/syslink/packages/ti/syslink/lib/syslink.a_release(HeapMemMP.o)
 .ARM.attributes
                0x000002f8       0x32 /home/liao/src/syslink/packages/ti/syslink/lib/syslink.a_release(HeapBufMP.o)
 .ARM.attributes
                0x0000032a       0x32 /home/liao/src/syslink/packages/ti/syslink/lib/syslink.a_release(GateMP.o)
 .ARM.attributes
                0x0000035c       0x32 /home/liao/src/syslink/packages/ti/syslink/lib/syslink.a_release(SharedRegionDrv.o)
 .ARM.attributes
                0x0000038e       0x32 /home/liao/src/syslink/packages/ti/syslink/lib/syslink.a_release(NotifyDrvUsr.o)
 .ARM.attributes
                0x000003c0       0x32 /home/liao/src/syslink/packages/ti/syslink/lib/syslink.a_release(HeapBufMPDrv.o)
 .ARM.attributes
                0x000003f2       0x32 /home/liao/src/syslink/packages/ti/syslink/lib/syslink.a_release(MessageQDrv.o)
 .ARM.attributes
                0x00000424       0x32 /home/liao/src/syslink/packages/ti/syslink/lib/syslink.a_release(IpcDrv.o)
 .ARM.attributes
                0x00000456       0x32 /home/liao/src/syslink/packages/ti/syslink/lib/syslink.a_release(FrameQDrv.o)
 .ARM.attributes
                0x00000488       0x32 /home/liao/src/syslink/packages/ti/syslink/lib/syslink.a_release(FrameQBufMgrDrv.o)
 .ARM.attributes
                0x000004ba       0x32 /home/liao/src/syslink/packages/ti/syslink/lib/syslink.a_release(ClientNotifyMgrDrv.o)
 .ARM.attributes
                0x000004ec       0x32 /home/liao/src/syslink/packages/ti/syslink/lib/syslink.a_release(RingIODrv.o)
 .ARM.attributes
                0x0000051e       0x32 /home/liao/src/syslink/packages/ti/syslink/lib/syslink.a_release(RingIOShmDrv.o)
 .ARM.attributes
                0x00000550       0x32 /home/liao/src/syslink/packages/ti/syslink/lib/syslink.a_release(HeapMemMPDrv.o)
 .ARM.attributes
                0x00000582       0x32 /home/liao/src/syslink/packages/ti/syslink/lib/syslink.a_release(GateMPDrv.o)
 .ARM.attributes
                0x000005b4       0x32 /home/liao/src/syslink/packages/ti/syslink/lib/syslink.a_release(GateMutex.o)
 .ARM.attributes
                0x000005e6       0x32 /home/liao/src/syslink/packages/ti/syslink/lib/syslink.a_release(Memory.o)
 .ARM.attributes
                0x00000618       0x32 /home/liao/src/syslink/packages/ti/syslink/lib/syslink.a_release(List.o)
 .ARM.attributes
                0x0000064a       0x32 /home/liao/src/syslink/packages/ti/syslink/lib/syslink.a_release(String.o)
 .ARM.attributes
                0x0000067c       0x32 /home/liao/src/syslink/packages/ti/syslink/lib/syslink.a_release(Trace.o)
 .ARM.attributes
                0x000006ae       0x32 /home/liao/src/syslink/packages/ti/syslink/lib/syslink.a_release(NameServer.o)
 .ARM.attributes
                0x000006e0       0x32 /home/liao/src/syslink/packages/ti/syslink/lib/syslink.a_release(MultiProc.o)
 .ARM.attributes
                0x00000712       0x32 /home/liao/src/syslink/packages/ti/syslink/lib/syslink.a_release(Gate.o)
 .ARM.attributes
                0x00000744       0x32 /home/liao/src/syslink/packages/ti/syslink/lib/syslink.a_release(SysLink.o)
 .ARM.attributes
                0x00000776       0x32 /home/liao/src/syslink/packages/ti/syslink/lib/syslink.a_release(Cache.o)
 .ARM.attributes
                0x000007a8       0x32 /home/liao/src/syslink/packages/ti/syslink/lib/syslink.a_release(NameServerDrv.o)
 .ARM.attributes
                0x000007da       0x32 /home/liao/src/syslink/packages/ti/syslink/lib/syslink.a_release(MultiProcDrv.o)
 .ARM.attributes
                0x0000080c       0x32 /home/liao/src/syslink/packages/ti/syslink/lib/syslink.a_release(TraceDrv.o)
 .ARM.attributes
                0x0000083e       0x32 /home/liao/src/syslink/packages/ti/syslink/lib/syslink.a_release(CacheDrv.o)
 .ARM.attributes
                0x00000870       0x32 /home/liao/src/syslink/packages/ti/syslink/lib/syslink.a_release(MemoryOS.o)
 .ARM.attributes
                0x000008a2       0x32 /home/liao/src/syslink/packages/ti/syslink/lib/syslink.a_release(OsalDrv.o)
 .ARM.attributes
                0x000008d4       0x32 /home/liao/src/syslink/packages/ti/syslink/lib/syslink.a_release(OsalMutex.o)
 .ARM.attributes
                0x00000906       0x32 /home/liao/src/syslink/packages/ti/syslink/lib/syslink.a_release(OsalPrint.o)
 .ARM.attributes
                0x00000938       0x32 /home/liao/src/syslink/packages/ti/syslink/lib/syslink.a_release(ProcMgr.o)
 .ARM.attributes
                0x0000096a       0x32 /home/liao/src/syslink/packages/ti/syslink/lib/syslink.a_release(ProcMgrDrvUsr.o)
 .ARM.attributes
                0x0000099c       0x32 /home/liao/src/syslink/packages/ti/syslink/lib/syslink.a_release(FrameQ_common.o)
 .ARM.attributes
                0x000009ce       0x32 /home/liao/src/syslink/packages/ti/syslink/lib/syslink.a_release(ListMP.o)
 .ARM.attributes
                0x00000a00       0x32 /home/liao/src/syslink/packages/ti/syslink/lib/syslink.a_release(ListMPDrv.o)
 .ARM.attributes
                0x00000a32       0x32 syslinksamples.o_debug
 .ARM.attributes
                0x00000a64       0x32 slaveloader.o_debug
 .ARM.attributes
                0x00000a96       0x2b /opt/linux-devkit/bin/../arm-arago-linux-gnueabi/usr/lib/./libc_nonshared.a(elf-init.oS)
 .ARM.attributes
                0x00000ac1       0x18 /opt/linux-devkit/bin/../lib/gcc/arm-arago-linux-gnueabi/4.5.3/libgcc.a(_udivsi3.o)
 .ARM.attributes
                0x00000ad9       0x18 /opt/linux-devkit/bin/../lib/gcc/arm-arago-linux-gnueabi/4.5.3/libgcc.a(_dvmd_lnx.o)
 .ARM.attributes
                0x00000af1       0x32 /opt/linux-devkit/bin/../lib/gcc/arm-arago-linux-gnueabi/4.5.3/crtend.o
 .ARM.attributes
                0x00000b23       0x2b /opt/linux-devkit/bin/../arm-arago-linux-gnueabi/usr/lib/crtn.o

.comment        0x00000000       0x27
 *(.comment)
 .comment       0x00000000       0x27 /opt/linux-devkit/bin/../arm-arago-linux-gnueabi/usr/lib/crt1.o
                                 0x28 (size before relaxing)
 .comment       0x00000000       0x28 /opt/linux-devkit/bin/../arm-arago-linux-gnueabi/usr/lib/crti.o
 .comment       0x00000000       0x28 /opt/linux-devkit/bin/../lib/gcc/arm-arago-linux-gnueabi/4.5.3/crtbegin.o
 .comment       0x00000000       0x28 bin/release/obj/main.ov5T
 .comment       0x00000000       0x28 bin/release/obj/syslink.ov5T
 .comment       0x00000000       0x28 bin/release/obj/pseudo.ov5T
 .comment       0x00000000       0x28 /home/liao/src/syslink/packages/ti/syslink/lib/syslink.a_release(SharedRegion.o)
 .comment       0x00000000       0x28 /home/liao/src/syslink/packages/ti/syslink/lib/syslink.a_release(Notify.o)
 .comment       0x00000000       0x28 /home/liao/src/syslink/packages/ti/syslink/lib/syslink.a_release(MessageQ.o)
 .comment       0x00000000       0x28 /home/liao/src/syslink/packages/ti/syslink/lib/syslink.a_release(Ipc.o)
 .comment       0x00000000       0x28 /home/liao/src/syslink/packages/ti/syslink/lib/syslink.a_release(RingIO.o)
 .comment       0x00000000       0x28 /home/liao/src/syslink/packages/ti/syslink/lib/syslink.a_release(RingIOShm.o)
 .comment       0x00000000       0x28 /home/liao/src/syslink/packages/ti/syslink/lib/syslink.a_release(FrameQ.o)
 .comment       0x00000000       0x28 /home/liao/src/syslink/packages/ti/syslink/lib/syslink.a_release(FrameQBufMgr.o)
 .comment       0x00000000       0x28 /home/liao/src/syslink/packages/ti/syslink/lib/syslink.a_release(ClientNotifyMgr.o)
 .comment       0x00000000       0x28 /home/liao/src/syslink/packages/ti/syslink/lib/syslink.a_release(HeapMemMP.o)
 .comment       0x00000000       0x28 /home/liao/src/syslink/packages/ti/syslink/lib/syslink.a_release(HeapBufMP.o)
 .comment       0x00000000       0x28 /home/liao/src/syslink/packages/ti/syslink/lib/syslink.a_release(GateMP.o)
 .comment       0x00000000       0x28 /home/liao/src/syslink/packages/ti/syslink/lib/syslink.a_release(SharedRegionDrv.o)
 .comment       0x00000000       0x28 /home/liao/src/syslink/packages/ti/syslink/lib/syslink.a_release(NotifyDrvUsr.o)
 .comment       0x00000000       0x28 /home/liao/src/syslink/packages/ti/syslink/lib/syslink.a_release(HeapBufMPDrv.o)
 .comment       0x00000000       0x28 /home/liao/src/syslink/packages/ti/syslink/lib/syslink.a_release(MessageQDrv.o)
 .comment       0x00000000       0x28 /home/liao/src/syslink/packages/ti/syslink/lib/syslink.a_release(IpcDrv.o)
 .comment       0x00000000       0x28 /home/liao/src/syslink/packages/ti/syslink/lib/syslink.a_release(FrameQDrv.o)
 .comment       0x00000000       0x28 /home/liao/src/syslink/packages/ti/syslink/lib/syslink.a_release(FrameQBufMgrDrv.o)
 .comment       0x00000000       0x28 /home/liao/src/syslink/packages/ti/syslink/lib/syslink.a_release(ClientNotifyMgrDrv.o)
 .comment       0x00000000       0x28 /home/liao/src/syslink/packages/ti/syslink/lib/syslink.a_release(RingIODrv.o)
 .comment       0x00000000       0x28 /home/liao/src/syslink/packages/ti/syslink/lib/syslink.a_release(RingIOShmDrv.o)
 .comment       0x00000000       0x28 /home/liao/src/syslink/packages/ti/syslink/lib/syslink.a_release(HeapMemMPDrv.o)
 .comment       0x00000000       0x28 /home/liao/src/syslink/packages/ti/syslink/lib/syslink.a_release(GateMPDrv.o)
 .comment       0x00000000       0x28 /home/liao/src/syslink/packages/ti/syslink/lib/syslink.a_release(GateMutex.o)
 .comment       0x00000000       0x28 /home/liao/src/syslink/packages/ti/syslink/lib/syslink.a_release(Memory.o)
 .comment       0x00000000       0x28 /home/liao/src/syslink/packages/ti/syslink/lib/syslink.a_release(List.o)
 .comment       0x00000000       0x28 /home/liao/src/syslink/packages/ti/syslink/lib/syslink.a_release(String.o)
 .comment       0x00000000       0x28 /home/liao/src/syslink/packages/ti/syslink/lib/syslink.a_release(Trace.o)
 .comment       0x00000000       0x28 /home/liao/src/syslink/packages/ti/syslink/lib/syslink.a_release(NameServer.o)
 .comment       0x00000000       0x28 /home/liao/src/syslink/packages/ti/syslink/lib/syslink.a_release(MultiProc.o)
 .comment       0x00000000       0x28 /home/liao/src/syslink/packages/ti/syslink/lib/syslink.a_release(Gate.o)
 .comment       0x00000000       0x28 /home/liao/src/syslink/packages/ti/syslink/lib/syslink.a_release(SysLink.o)
 .comment       0x00000000       0x28 /home/liao/src/syslink/packages/ti/syslink/lib/syslink.a_release(Cache.o)
 .comment       0x00000000       0x28 /home/liao/src/syslink/packages/ti/syslink/lib/syslink.a_release(NameServerDrv.o)
 .comment       0x00000000       0x28 /home/liao/src/syslink/packages/ti/syslink/lib/syslink.a_release(MultiProcDrv.o)
 .comment       0x00000000       0x28 /home/liao/src/syslink/packages/ti/syslink/lib/syslink.a_release(TraceDrv.o)
 .comment       0x00000000       0x28 /home/liao/src/syslink/packages/ti/syslink/lib/syslink.a_release(CacheDrv.o)
 .comment       0x00000000       0x28 /home/liao/src/syslink/packages/ti/syslink/lib/syslink.a_release(MemoryOS.o)
 .comment       0x00000000       0x28 /home/liao/src/syslink/packages/ti/syslink/lib/syslink.a_release(OsalDrv.o)
 .comment       0x00000000       0x28 /home/liao/src/syslink/packages/ti/syslink/lib/syslink.a_release(OsalMutex.o)
 .comment       0x00000000       0x28 /home/liao/src/syslink/packages/ti/syslink/lib/syslink.a_release(OsalPrint.o)
 .comment       0x00000000       0x28 /home/liao/src/syslink/packages/ti/syslink/lib/syslink.a_release(ProcMgr.o)
 .comment       0x00000000       0x28 /home/liao/src/syslink/packages/ti/syslink/lib/syslink.a_release(ProcMgrDrvUsr.o)
 .comment       0x00000000       0x28 /home/liao/src/syslink/packages/ti/syslink/lib/syslink.a_release(FrameQ_common.o)
 .comment       0x00000000       0x28 /home/liao/src/syslink/packages/ti/syslink/lib/syslink.a_release(ListMP.o)
 .comment       0x00000000       0x28 /home/liao/src/syslink/packages/ti/syslink/lib/syslink.a_release(ListMPDrv.o)
 .comment       0x00000000       0x50 syslinksamples.o_debug
 .comment       0x00000000       0x28 slaveloader.o_debug
 .comment       0x00000000       0x28 /opt/linux-devkit/bin/../arm-arago-linux-gnueabi/usr/lib/./libc_nonshared.a(elf-init.oS)
 .comment       0x00000000       0x28 /opt/linux-devkit/bin/../lib/gcc/arm-arago-linux-gnueabi/4.5.3/crtend.o
 .comment       0x00000000       0x28 /opt/linux-devkit/bin/../arm-arago-linux-gnueabi/usr/lib/crtn.o

.debug
 *(.debug)

.line
 *(.line)

.debug_srcinfo
 *(.debug_srcinfo)

.debug_sfnames
 *(.debug_sfnames)

.debug_aranges  0x00000000       0xc0
 *(.debug_aranges)
 .debug_aranges
                0x00000000       0x40 syslinksamples.o_debug
 .debug_aranges
                0x00000040       0x20 slaveloader.o_debug
 .debug_aranges
                0x00000060       0x20 /opt/linux-devkit/bin/../arm-arago-linux-gnueabi/usr/lib/./libc_nonshared.a(elf-init.oS)
 .debug_aranges
                0x00000080       0x20 /opt/linux-devkit/bin/../lib/gcc/arm-arago-linux-gnueabi/4.5.3/libgcc.a(_udivsi3.o)
 .debug_aranges
                0x000000a0       0x20 /opt/linux-devkit/bin/../lib/gcc/arm-arago-linux-gnueabi/4.5.3/libgcc.a(_dvmd_lnx.o)

.debug_pubnames
                0x00000000      0x25c
 *(.debug_pubnames)
 .debug_pubnames
                0x00000000       0x25 /opt/linux-devkit/bin/../arm-arago-linux-gnueabi/usr/lib/crt1.o
 .debug_pubnames
                0x00000025      0x182 syslinksamples.o_debug
 .debug_pubnames
                0x000001a7       0x7b slaveloader.o_debug
 .debug_pubnames
                0x00000222       0x3a /opt/linux-devkit/bin/../arm-arago-linux-gnueabi/usr/lib/./libc_nonshared.a(elf-init.oS)

.debug_info     0x00000000     0x230f
 *(.debug_info .gnu.linkonce.wi.*)
 .debug_info    0x00000000       0x8e /opt/linux-devkit/bin/../arm-arago-linux-gnueabi/usr/lib/crt1.o
 .debug_info    0x0000008e      0x9c7 syslinksamples.o_debug