Archive member included because of file (symbol)

/home/liao/src/syslink/packages/ti/syslink/lib/syslink.a_release(SharedRegion.o)
                              bin/release/obj/syslink.ov5T (SharedRegion_getId)
/home/liao/src/syslink/packages/ti/syslink/lib/syslink.a_release(Notify.o)
                              bin/release/obj/syslink.ov5T (Notify_sendEvent)
/home/liao/src/syslink/packages/ti/syslink/lib/syslink.a_release(MessageQ.o)
                              bin/release/obj/syslink.ov5T (MessageQ_create)
/home/liao/src/syslink/packages/ti/syslink/lib/syslink.a_release(Ipc.o)
                              bin/release/obj/syslink.ov5T (Ipc_control)
/home/liao/src/syslink/packages/ti/syslink/lib/syslink.a_release(RingIO.o)
                              /home/liao/src/syslink/packages/ti/syslink/lib/syslink.a_release(Ipc.o) (RingIO_getConfig)
/home/liao/src/syslink/packages/ti/syslink/lib/syslink.a_release(RingIOShm.o)
                              /home/liao/src/syslink/packages/ti/syslink/lib/syslink.a_release(Ipc.o) (RingIOShm_getConfig)
/home/liao/src/syslink/packages/ti/syslink/lib/syslink.a_release(FrameQ.o)
                              /home/liao/src/syslink/packages/ti/syslink/lib/syslink.a_release(Ipc.o) (FrameQ_getConfig)
/home/liao/src/syslink/packages/ti/syslink/lib/syslink.a_release(FrameQBufMgr.o)
                              /home/liao/src/syslink/packages/ti/syslink/lib/syslink.a_release(Ipc.o) (FrameQBufMgr_getConfig)
/home/liao/src/syslink/packages/ti/syslink/lib/syslink.a_release(ClientNotifyMgr.o)
                              /home/liao/src/syslink/packages/ti/syslink/lib/syslink.a_release(RingIO.o) (ClientNotifyMgr_sharedMemReq)
/home/liao/src/syslink/packages/ti/syslink/lib/syslink.a_release(HeapMemMP.o)
                              /home/liao/src/syslink/packages/ti/syslink/lib/syslink.a_release(Ipc.o) (HeapMemMP_getConfig)
/home/liao/src/syslink/packages/ti/syslink/lib/syslink.a_release(HeapBufMP.o)
                              /home/liao/src/syslink/packages/ti/syslink/lib/syslink.a_release(Ipc.o) (HeapBufMP_getConfig)
/home/liao/src/syslink/packages/ti/syslink/lib/syslink.a_release(GateMP.o)
                              /home/liao/src/syslink/packages/ti/syslink/lib/syslink.a_release(ClientNotifyMgr.o) (GateMP_enter)
/home/liao/src/syslink/packages/ti/syslink/lib/syslink.a_release(SharedRegionDrv.o)
                              /home/liao/src/syslink/packages/ti/syslink/lib/syslink.a_release(SharedRegion.o) (SharedRegionDrv_open)
/home/liao/src/syslink/packages/ti/syslink/lib/syslink.a_release(NotifyDrvUsr.o)
                              /home/liao/src/syslink/packages/ti/syslink/lib/syslink.a_release(Notify.o) (NotifyDrvUsr_open)
/home/liao/src/syslink/packages/ti/syslink/lib/syslink.a_release(HeapBufMPDrv.o)
                              /home/liao/src/syslink/packages/ti/syslink/lib/syslink.a_release(HeapBufMP.o) (HeapBufMPDrv_open)
/home/liao/src/syslink/packages/ti/syslink/lib/syslink.a_release(MessageQDrv.o)
                              /home/liao/src/syslink/packages/ti/syslink/lib/syslink.a_release(MessageQ.o) (MessageQDrv_open)
/home/liao/src/syslink/packages/ti/syslink/lib/syslink.a_release(IpcDrv.o)
                              /home/liao/src/syslink/packages/ti/syslink/lib/syslink.a_release(Ipc.o) (IpcDrv_open)
/home/liao/src/syslink/packages/ti/syslink/lib/syslink.a_release(FrameQDrv.o)
                              /home/liao/src/syslink/packages/ti/syslink/lib/syslink.a_release(FrameQ.o) (FrameQDrv_open)
/home/liao/src/syslink/packages/ti/syslink/lib/syslink.a_release(FrameQBufMgrDrv.o)
                              /home/liao/src/syslink/packages/ti/syslink/lib/syslink.a_release(FrameQBufMgr.o) (FrameQBufMgrDrv_open)
/home/liao/src/syslink/packages/ti/syslink/lib/syslink.a_release(ClientNotifyMgrDrv.o)
                              /home/liao/src/syslink/packages/ti/syslink/lib/syslink.a_release(ClientNotifyMgr.o) (ClientNotifyMgrDrv_open)
/home/liao/src/syslink/packages/ti/syslink/lib/syslink.a_release(RingIODrv.o)
                              /home/liao/src/syslink/packages/ti/syslink/lib/syslink.a_release(RingIO.o) (RingIODrv_open)
/home/liao/src/syslink/packages/ti/syslink/lib/syslink.a_release(RingIOShmDrv.o)
                              /home/liao/src/syslink/packages/ti/syslink/lib/syslink.a_release(RingIOShm.o) (RingIOShmDrv_open)
/home/liao/src/syslink/packages/ti/syslink/lib/syslink.a_release(HeapMemMPDrv.o)
                              /home/liao/src/syslink/packages/ti/syslink/lib/syslink.a_release(HeapMemMP.o) (HeapMemMPDrv_open)
/home/liao/src/syslink/packages/ti/syslink/lib/syslink.a_release(GateMPDrv.o)
                              /home/liao/src/syslink/packages/ti/syslink/lib/syslink.a_release(GateMP.o) (GateMPDrv_open)
/home/liao/src/syslink/packages/ti/syslink/lib/syslink.a_release(GateMutex.o)
                              /home/liao/src/syslink/packages/ti/syslink/lib/syslink.a_release(SharedRegion.o) (GateMutex_create)
[...]
Memory Configuration

Name             Origin             Length             Attributes
*default*        0x00000000         0xffffffff

Linker script and memory map

LOAD /opt/linux-devkit/bin/../arm-arago-linux-gnueabi/usr/lib/crt1.o
LOAD /opt/linux-devkit/bin/../arm-arago-linux-gnueabi/usr/lib/crti.o
LOAD /opt/linux-devkit/bin/../lib/gcc/arm-arago-linux-gnueabi/4.5.3/crtbegin.o
LOAD bin/release/obj/main.ov5T
LOAD bin/release/obj/syslink.ov5T
LOAD bin/release/obj/pseudo.ov5T
LOAD /home/liao/src/syslink/packages/ti/syslink/lib/syslink.a_release
LOAD syslinksamples.o_debug
LOAD slaveloader.o_debug
LOAD /opt/linux-devkit/bin/../arm-arago-linux-gnueabi/usr/lib/libpthread.so
START GROUP
LOAD /opt/linux-devkit/bin/../arm-arago-linux-gnueabi/usr/lib/../../lib/libpthread.so.0
LOAD /opt/linux-devkit/bin/../arm-arago-linux-gnueabi/usr/lib/./libpthread_nonshared.a
END GROUP
LOAD /opt/linux-devkit/bin/../arm-arago-linux-gnueabi/usr/lib/libc.so
START GROUP
LOAD /opt/linux-devkit/bin/../arm-arago-linux-gnueabi/usr/lib/../../lib/libc.so.6
LOAD /opt/linux-devkit/bin/../arm-arago-linux-gnueabi/usr/lib/./libc_nonshared.a
LOAD /opt/linux-devkit/bin/../arm-arago-linux-gnueabi/usr/lib/../../lib/ld-linux.so.3
END GROUP
LOAD /opt/linux-devkit/bin/../arm-arago-linux-gnueabi/usr/lib/librt.so
LOAD /opt/linux-devkit/bin/../lib/gcc/arm-arago-linux-gnueabi/4.5.3/libgcc.a
LOAD /opt/linux-devkit/bin/../lib/gcc/arm-arago-linux-gnueabi/4.5.3/../../../../arm-arago-linux-gnueabi/lib/libgcc_s.so
START GROUP
LOAD /opt/linux-devkit/bin/../lib/gcc/arm-arago-linux-gnueabi/4.5.3/../../../../arm-arago-linux-gnueabi/lib/libgcc_s.so.1
LOAD /opt/linux-devkit/bin/../lib/gcc/arm-arago-linux-gnueabi/4.5.3/libgcc.a
END GROUP
LOAD /opt/linux-devkit/bin/../arm-arago-linux-gnueabi/usr/lib/libc.so
START GROUP
LOAD /opt/linux-devkit/bin/../arm-arago-linux-gnueabi/usr/lib/../../lib/libc.so.6
LOAD /opt/linux-devkit/bin/../arm-arago-linux-gnueabi/usr/lib/./libc_nonshared.a
LOAD /opt/linux-devkit/bin/../arm-arago-linux-gnueabi/usr/lib/../../lib/ld-linux.so.3
END GROUP
LOAD /opt/linux-devkit/bin/../lib/gcc/arm-arago-linux-gnueabi/4.5.3/libgcc.a
LOAD /opt/linux-devkit/bin/../lib/gcc/arm-arago-linux-gnueabi/4.5.3/../../../../arm-arago-linux-gnueabi/lib/libgcc_s.so
START GROUP
LOAD /opt/linux-devkit/bin/../lib/gcc/arm-arago-linux-gnueabi/4.5.3/../../../../arm-arago-linux-gnueabi/lib/libgcc_s.so.1
LOAD /opt/linux-devkit/bin/../lib/gcc/arm-arago-linux-gnueabi/4.5.3/libgcc.a
END GROUP
LOAD /opt/linux-devkit/bin/../lib/gcc/arm-arago-linux-gnueabi/4.5.3/crtend.o
LOAD /opt/linux-devkit/bin/../arm-arago-linux-gnueabi/usr/lib/crtn.o
                0x00008000                PROVIDE (__executable_start, 0x8000)
                0x00008134                . = (0x8000 + SIZEOF_HEADERS)

.interp         0x00008134       0x13
 *(.interp)
 .interp        0x00008134       0x13 /opt/linux-devkit/bin/../arm-arago-linux-gnueabi/usr/lib/crti.o

.note.ABI-tag   0x00008148       0x20
 .note.ABI-tag  0x00008148       0x20 /opt/linux-devkit/bin/../arm-arago-linux-gnueabi/usr/lib/crt1.o

.note.gnu.build-id
 *(.note.gnu.build-id)

.hash           0x00008168      0x188
 *(.hash)
 .hash          0x00008168      0x188 /opt/linux-devkit/bin/../arm-arago-linux-gnueabi/usr/lib/crti.o

.gnu.hash
 *(.gnu.hash)

.dynsym         0x000082f0      0x3b0
 *(.dynsym)
 .dynsym        0x000082f0      0x3b0 /opt/linux-devkit/bin/../arm-arago-linux-gnueabi/usr/lib/crti.o

.dynstr         0x000086a0      0x238
 *(.dynstr)
 .dynstr        0x000086a0      0x238 /opt/linux-devkit/bin/../arm-arago-linux-gnueabi/usr/lib/crti.o

.gnu.version    0x000088d8       0x76
 *(.gnu.version)
 .gnu.version   0x000088d8       0x76 /opt/linux-devkit/bin/../arm-arago-linux-gnueabi/usr/lib/crti.o

.gnu.version_d  0x00008950        0x0 load address 0x0000894e
 *(.gnu.version_d)
 .gnu.version_d
                0x00000000        0x0 /opt/linux-devkit/bin/../arm-arago-linux-gnueabi/usr/lib/crti.o

.gnu.version_r  0x00008950       0x40
 *(.gnu.version_r)
 .gnu.version_r
                0x00008950       0x40 /opt/linux-devkit/bin/../arm-arago-linux-gnueabi/usr/lib/crti.o

.rel.dyn        0x00008990       0x28
 *(.rel.init)
 *(.rel.text .rel.text.* .rel.gnu.linkonce.t.*)
 *(.rel.fini)
 *(.rel.rodata .rel.rodata.* .rel.gnu.linkonce.r.*)
 *(.rel.data.rel.ro* .rel.gnu.linkonce.d.rel.ro.*)
 *(.rel.data .rel.data.* .rel.gnu.linkonce.d.*)
 *(.rel.tdata .rel.tdata.* .rel.gnu.linkonce.td.*)
 *(.rel.tbss .rel.tbss.* .rel.gnu.linkonce.tb.*)
 *(.rel.ctors)
 *(.rel.dtors)
 *(.rel.got)
 .rel.got       0x00008990       0x28 /opt/linux-devkit/bin/../arm-arago-linux-gnueabi/usr/lib/crti.o
 *(.rel.bss .rel.bss.* .rel.gnu.linkonce.b.*)
 .rel.bss       0x00000000        0x0 /opt/linux-devkit/bin/../arm-arago-linux-gnueabi/usr/lib/crti.o
                0x000089b8                PROVIDE (__rel_iplt_start, .)
 *(.rel.iplt)
                0x000089b8                PROVIDE (__rel_iplt_end, .)
                0x000089b8                PROVIDE (__rela_iplt_start, .)
                0x000089b8                PROVIDE (__rela_iplt_end, .)

.rela.dyn       0x000089b8        0x0
 *(.rela.init)
 *(.rela.text .rela.text.* .rela.gnu.linkonce.t.*)
 *(.rela.fini)
 *(.rela.rodata .rela.rodata.* .rela.gnu.linkonce.r.*)
 *(.rela.data .rela.data.* .rela.gnu.linkonce.d.*)
 *(.rela.tdata .rela.tdata.* .rela.gnu.linkonce.td.*)
 *(.rela.tbss .rela.tbss.* .rela.gnu.linkonce.tb.*)
 *(.rela.ctors)
 *(.rela.dtors)
 *(.rela.got)
 *(.rela.bss .rela.bss.* .rela.gnu.linkonce.b.*)
                0x000089b8                PROVIDE (__rel_iplt_start, .)
                0x000089b8                PROVIDE (__rel_iplt_end, .)
                0x000089b8                PROVIDE (__rela_iplt_start, .)
 *(.rela.iplt)
                0x000089b8                PROVIDE (__rela_iplt_end, .)

.rel.plt        0x000089b8      0x1a8
 *(.rel.plt)
 .rel.plt       0x000089b8      0x1a8 /opt/linux-devkit/bin/../arm-arago-linux-gnueabi/usr/lib/crti.o

.rela.plt
 *(.rela.plt)

.init           0x00008b60        0xc
 *(.init)
 .init          0x00008b60        0x8 /opt/linux-devkit/bin/../arm-arago-linux-gnueabi/usr/lib/crti.o
                0x00008b60                _init
 .init          0x00008b68        0x4 /opt/linux-devkit/bin/../arm-arago-linux-gnueabi/usr/lib/crtn.o

.plt            0x00008b6c      0x290
 *(.plt)
 .plt           0x00008b6c      0x290 /opt/linux-devkit/bin/../arm-arago-linux-gnueabi/usr/lib/crti.o
                0x00008b80                open@@GLIBC_2.4
                0x00008b8c                mmap@@GLIBC_2.4
                0x00008b98                abort@@GLIBC_2.4
                0x00008ba4                pthread_exit@@GLIBC_2.4
                0x00008bb0                __libc_start_main@@GLIBC_2.4
                0x00008bc8                vsprintf@@GLIBC_2.4
                0x00008bd4                strncpy@@GLIBC_2.4
                0x00008be0                fclose@@GLIBC_2.4
                0x00008bec                fgets@@GLIBC_2.4
                0x00008bf8                getenv@@GLIBC_2.4
                0x00008c04                posix_openpt@@GLIBC_2.4
                0x00008c10                fopen@@GLIBC_2.4
                0x00008c1c                memset@@GLIBC_2.4
                0x00008c28                perror@@GLIBC_2.4
                0x00008c34                usleep@@GLIBC_2.4
                0x00008c40                free@@GLIBC_2.4
                0x00008c4c                read@@GLIBC_2.4
                0x00008c58                write@@GLIBC_2.4
                0x00008c64                tcgetattr@@GLIBC_2.4
                0x00008c70                pthread_mutex_unlock@@GLIBC_2.4
                0x00008c7c                tcflush@@GLIBC_2.4
                0x00008c88                ioctl@@GLIBC_2.4
                0x00008c94                pthread_mutex_lock@@GLIBC_2.4
                0x00008ca0                strlen@@GLIBC_2.4
                0x00008cac                strtoul@@GLIBC_2.4
                0x00008cb8                pthread_create@@GLIBC_2.4
                0x00008cc4                memcpy@@GLIBC_2.4
                0x00008cd0                strtol@@GLIBC_2.4
                0x00008cdc                pthread_sigmask@@GLIBC_2.4
                0x00008ce8                printf@@GLIBC_2.4
                0x00008cf4                raise@@GLIBC_2.4
                0x00008d00                pthread_mutex_init@@GLIBC_2.4
                0x00008d0c                close@@GLIBC_2.4
                0x00008d18                fwrite@@GLIBC_2.4
                0x00008d24                unlockpt@@GLIBC_2.4
                0x00008d30                malloc@@GLIBC_2.4
                0x00008d3c                cfsetospeed@@GLIBC_2.4
                0x00008d48                grantpt@@GLIBC_2.4
                0x00008d54                strtok@@GLIBC_2.4
                0x00008d60                sigfillset@@GLIBC_2.4
                0x00008d6c                puts@@GLIBC_2.4
                0x00008d78                tcsetattr@@GLIBC_2.4
                0x00008d84                getpid@@GLIBC_2.4
                0x00008d90                fcntl@@GLIBC_2.4
                0x00008d9c                ptsname@@GLIBC_2.4
                0x00008da8                munmap@@GLIBC_2.4
                0x00008db4                strncmp@@GLIBC_2.4
                0x00008dc0                strcmp@@GLIBC_2.4
                0x00008dcc                cfsetispeed@@GLIBC_2.4
                0x00008dd8                __errno_location@@GLIBC_2.4
                0x00008de4                pthread_join@@GLIBC_2.4
                0x00008df0                getpagesize@@GLIBC_2.4

.iplt
 *(.iplt)

.text           0x00008dfc    0x2e250
 *(.text.unlikely .text.*_unlikely)
 *(.text .stub .text.* .gnu.linkonce.t.*)
 .text          0x00008dfc       0x3c /opt/linux-devkit/bin/../arm-arago-linux-gnueabi/usr/lib/crt1.o
                0x00008dfc                _start
 .text          0x00008e38       0x24 /opt/linux-devkit/bin/../arm-arago-linux-gnueabi/usr/lib/crti.o
 .text          0x00008e5c       0x50 /opt/linux-devkit/bin/../lib/gcc/arm-arago-linux-gnueabi/4.5.3/crtbegin.o
 .text          0x00008eac       0xd0 bin/release/obj/main.ov5T
                0x00008eac                main
 .text          0x00008f7c      0x658 bin/release/obj/syslink.ov5T
                0x00008f7c                ReCATSyslinkRecv
                0x0000901c                ReCATSyslinkSend
                0x000090f8                ReCATSyslinkInit
                0x00009484                ReCATSyslinkClear
                0x00009554                ReCATSyslinkReadBuffer
                0x00009590                ReCATSyslinkSendEvent
 .text          0x000095d4      0x32c bin/release/obj/pseudo.ov5T
                0x000095d4                ReCATSerialInit
                0x00009680                ReCATSeialConf
                0x000098f8                ReCATDataRecv
                0x000098fc                ReCATDataSend
 .text          0x00009900     0x2d18 /home/liao/src/syslink/packages/ti/syslink/lib/syslink.a_release(SharedRegion.o)
                0x00009900                SharedRegion_getConfig
                0x00009a20                SharedRegion_destroy
                0x00009c58                SharedRegion_setup
                0x0000a074                SharedRegion_start
                0x0000a158                SharedRegion_stop
                0x0000a23c                SharedRegion_attach
                0x0000a350                SharedRegion_detach
                0x0000a46c                SharedRegion_setEntry
                0x0000a70c                SharedRegion_getId
                0x0000a8dc                SharedRegion_getPtr
                0x0000aab8                SharedRegion_getSRPtr
                0x0000ad74                SharedRegion_clearEntry
                0x0000b048                SharedRegion_getHeap
                0x0000b1f4                SharedRegion_getIdByName
                0x0000b43c                SharedRegion_getEntry
                0x0000b5f4                SharedRegion_getCacheLineSize
                0x0000b740                SharedRegion_isCacheEnabled
                0x0000b8a8                SharedRegion_translateEnabled
                0x0000b8fc                SharedRegion_getNumRegions
                0x0000b950                SharedRegion_entryInit
                0x0000ba80                SharedRegion_invalidSRPtr
                0x0000ba88                SharedRegion_reserveMemory
                0x0000bcf0                SharedRegion_getNumOffsetBits
                0x0000bdc4                SharedRegion_checkOverlap
                0x0000bff4                SharedRegion_clearReservedMemory
                0x0000c0cc                SharedRegion_getRegionInfo
                0x0000c25c                _SharedRegion_setRegions
                0x0000c494                _SharedRegion_clearRegions
 .text          0x0000c618     0x2164 /home/liao/src/syslink/packages/ti/syslink/lib/syslink.a_release(Notify.o)
                0x0000c618                Notify_getConfig
                0x0000c754                Notify_setup
                0x0000c8bc                Notify_destroy
                0x0000c99c                Notify_attach
                0x0000caec                Notify_detach
                0x0000cbd4                Notify_sharedMemReq
                0x0000cd28                Notify_eventAvailable
                0x0000cf54                Notify_intLineRegistered
                0x0000d128                Notify_registerEventSingle
                0x0000d428                Notify_registerEvent
                0x0000d730                Notify_unregisterEventSingle
                0x0000d9e0                Notify_unregisterEvent
                0x0000dcb0                Notify_sendEvent
                0x0000df64                Notify_disable
                0x0000e0fc                Notify_restore
                0x0000e284                Notify_disableEvent
                0x0000e500                Notify_enableEvent
 .text          0x0000e77c     0x1e18 /home/liao/src/syslink/packages/ti/syslink/lib/syslink.a_release(MessageQ.o)
                0x0000e77c                MessageQ_getConfig
                0x0000e8a0                MessageQ_setup
                0x0000e9c0                MessageQ_destroy
                0x0000ea88                MessageQ_Params_init
                0x0000ebd0                MessageQ_create
                0x0000ed9c                MessageQ_delete
                0x0000ef84                MessageQ_open
                0x0000f164                MessageQ_close
                0x0000f2d4                MessageQ_put
                0x0000f4bc                MessageQ_get
                0x0000f6f0                MessageQ_count
                0x0000f888                MessageQ_staticMsgInit
                0x0000f990                MessageQ_alloc
                0x0000fab8                MessageQ_free
                0x0000fc48                MessageQ_registerHeap
                0x0000fe14                MessageQ_unregisterHeap
                0x0000ff04                MessageQ_unblock
                0x00010050                MessageQ_setReplyQueue
                0x00010184                MessageQ_getQueueId
                0x00010244                MessageQ_setMsgTrace
                0x00010334                MessageQ_sharedMemReq
                0x00010404                MessageQ_attach
                0x000104dc                MessageQ_detach
 .text          0x00010594      0xec4 /home/liao/src/syslink/packages/ti/syslink/lib/syslink.a_release(Ipc.o)
                0x00010594                Ipc_getConfig
                0x000106f4                Ipc_setup
                0x00010c0c                Ipc_destroy
                0x00011168                Ipc_control
                0x000112c8                Ipc_readConfig
                0x00011390                Ipc_writeConfig
 .text          0x00011458     0x21d0 /home/liao/src/syslink/packages/ti/syslink/lib/syslink.a_release(RingIO.o)
                0x00011458                RingIO_getConfig
                0x00011578                RingIO_setup
                0x000116a0                RingIO_destroy
                0x00011778                RingIO_Params_init
                0x000118b0                RingIO_delete
                0x00011a7c                RingIO_create
                0x00011e48                RingIO_close
                0x00012020                RingIO_openByAddr
                0x000122dc                RingIO_open
                0x00012598                RingIO_registerNotifier
                0x00012754                RingIO_unregisterNotifier
                0x00012890                RingIO_setNotifyType
                0x0001298c                RingIO_getValidSize
                0x00012a20                RingIO_getEmptySize
                0x00012ab4                RingIO_getValidAttrSize
                0x00012b48                RingIO_getEmptyAttrSize
                0x00012bdc                RingIO_getAcquiredOffset
                0x00012c70                RingIO_getAcquiredSize
                0x00012d04                RingIO_getWaterMark
                0x00012d98                RingIO_setWaterMark
                0x00012e34                RingIO_acquire
                0x00012f54                RingIO_release
                0x00012ff0                RingIO_cancel
                0x00013080                RingIO_getAttribute
                0x00013184                RingIO_getvAttribute
                0x0001323c                RingIO_setAttribute
                0x00013348                RingIO_setvAttribute
                0x00013408                RingIO_flush
                0x000134c0                RingIO_sendNotify
                0x00013550                RingIO_sharedMemReq
 .text          0x00013628      0x458 /home/liao/src/syslink/packages/ti/syslink/lib/syslink.a_release(RingIOShm.o)
                0x00013628                RingIOShm_getConfig
                0x00013748                RingIOShm_setup
                0x00013870                RingIOShm_destroy
                0x00013948                RingIOShm_Params_init
 .text          0x00013a80     0x4364 /home/liao/src/syslink/packages/ti/syslink/lib/syslink.a_release(FrameQ.o)
                0x00013a80                FrameQ_getConfig
                0x00013bac                FrameQ_setup
                0x00013da8                FrameQ_destroy
                0x00013f18                FrameQ_create
                0x0001466c                FrameQ_delete
                0x000149d0                FrameQ_open
                0x000150b4                FrameQ_close
                0x00015404                FrameQ_alloc
                0x00015618                FrameQ_allocv
                0x00015868                FrameQ_free
                0x00015a38                FrameQ_freev
                0x00015c88                FrameQ_put
                0x00015f14                FrameQ_putv
                0x0001621c                FrameQ_get
                0x00016490                FrameQ_getv
                0x000167c0                FrameQ_registerNotifier
                0x00016b18                FrameQ_unregisterNotifier
                0x00016d8c                FrameQ_dup
                0x00016fb8                FrameQ_sendNotify
                0x00017148                FrameQ_getNumFrames
                0x00017328                FrameQ_getvNumFrames
                0x0001751c                FrameQ_getNumFreeFrames
                0x000176a4                FrameQ_getvNumFreeFrames
                0x000178b8                FrameQ_control
                0x000179f0                FrameQ_ShMem_Params_init
                0x00017b40                FrameQ_Params_init
                0x00017c8c                FrameQ_ShMem_sharedMemReq
 .text          0x00017de4     0x44fc /home/liao/src/syslink/packages/ti/syslink/lib/syslink.a_release(FrameQBufMgr.o)
                0x00017de4                FrameQBufMgr_getConfig
                0x00017f14                FrameQBufMgr_setup
                0x00018110                FrameQBufMgr_destroy
                0x00018298                FrameQBufMgr_create
                0x00018910                FrameQBufMgr_delete
                0x00018be4                FrameQBufMgr_open
                0x00019214                FrameQBufMgr_close
                0x00019368                FrameQBufMgr_alloc
                0x00019594                FrameQBufMgr_allocv
                0x00019918                FrameQBufMgr_free
                0x00019b5c                FrameQBufMgr_freev
                0x00019e68                FrameQBufMgr_dup
                0x0001a158                FrameQBufMgr_dupv
                0x0001a450                FrameQBufMgr_registerNotifier
                0x0001a6bc                FrameQBufMgr_unregisterNotifier
                0x0001a8c0                FrameQBufMgr_add
                0x0001a9d4                FrameQBufMgr_remove
                0x0001ab20                FrameQBufMgr_writeBackHeaderBuf
                0x0001acd8                FrameQBufMgr_invalidateHeaderBuf
                0x0001aea4                FrameQBufMgr_writeBackFrameBuf
                0x0001b0ec                FrameQBufMgr_invalidateFrameBuf
                0x0001b334                FrameQBufMgr_writeBack
                0x0001b554                FrameQBufMgr_invalidate
                0x0001b788                FrameQBufMgr_translateAddr
                0x0001ba20                FrameQBufMgr_getId
                0x0001ba9c                FrameQBufMgr_getHandle
                0x0001bb98                FrameQBufMgr_getKnlHandle
                0x0001bc2c                FrameQBufMgr_getNumFreeFrames
                0x0001bdb8                FrameQBufMgr_getvNumFreeFrames
                0x0001bfcc                FrameQBufMgr_getBaseHeaderSize
                0x0001c00c                FrameQBufMgr_isSupportedInterface
                0x0001c018                FrameQBufMgr_isSupportedBufInterface
                0x0001c034                FrameQBufMgr_ShMem_Params_init
                0x0001c184                FrameQBufMgr_Params_init
 .text          0x0001c2e0     0x3084 /home/liao/src/syslink/packages/ti/syslink/lib/syslink.a_release(ClientNotifyMgr.o)
                0x0001c2e0                ClientNotifyMgr_callBack
                0x0001c70c                ClientNotifyMgr_sharedMemModReq
                0x0001c750                ClientNotifyMgr_sharedMemReq
                0x0001c848                ClientNotifyMgr_getConfig
                0x0001c97c                ClientNotifyMgr_setup
                0x0001cba4                ClientNotifyMgr_destroy
                0x0001ccb8                ClientNotifyMgr_Params_init
                0x0001ce08                ClientNotifyMgr_create
                0x0001d470                ClientNotifyMgr_delete
                0x0001d7b0                ClientNotifyMgr_open
                0x0001d8c0                ClientNotifyMgr_close
                0x0001d970                ClientNotifyMgr_registerClient
                0x0001dda0                ClientNotifyMgr_unregisterClient
                0x0001e070                ClientNotifyMgr_enableNotification
                0x0001e270                ClientNotifyMgr_disableNotification
                0x0001e458                ClientNotifyMgr_sendNotification
                0x0001e848                ClientNotifyMgr_sendForceNotification
                0x0001eaf8                ClientNotifyMgr_sendNotificationMulti
                0x0001f048                ClientNotifyMgr_sendForceNotificationMulti
 .text          0x0001f364     0x1be4 /home/liao/src/syslink/packages/ti/syslink/lib/syslink.a_release(HeapMemMP.o)
                0x0001f364                HeapMemMP_getKnlHandle
                0x0001f4b0                HeapMemMP_getStats
                0x0001f66c                HeapMemMP_free
                0x0001f840                HeapMemMP_alloc
                0x0001f9e0                HeapMemMP_getConfig
                0x0001fb00                HeapMemMP_setup
                0x0001fc18                HeapMemMP_destroy
                0x0001fcec                HeapMemMP_Params_init
                0x0001fe30                HeapMemMP_delete
                0x00020028                HeapMemMP_close
                0x00020220                HeapMemMP_getExtendedStats
                0x000203dc                HeapMemMP_sharedMemReq
                0x0002050c                _HeapMemMP_create
                0x00020644                HeapMemMP_getUsrHandle
                0x000207ac                HeapMemMP_open
                0x000209e0                HeapMemMP_openByAddr
                0x00020c1c                HeapMemMP_create
                0x00020e54                HeapMemMP_restore
 .text          0x00020f48     0x1a7c /home/liao/src/syslink/packages/ti/syslink/lib/syslink.a_release(HeapBufMP.o)
                0x00020f48                HeapBufMP_getKnlHandle
                0x0002109c                HeapBufMP_isBlocking
                0x0002115c                HeapBufMP_getStats
                0x0002131c                HeapBufMP_free
                0x000214f4                HeapBufMP_alloc
                0x00021698                HeapBufMP_getConfig
                0x000217b8                HeapBufMP_setup
                0x000218d8                HeapBufMP_destroy
                0x000219b4                HeapBufMP_Params_init
                0x00021afc                HeapBufMP_delete
                0x00021cf4                HeapBufMP_close
                0x00021eec                HeapBufMP_getExtendedStats
                0x000220a8                HeapBufMP_sharedMemReq
                0x000221dc                _HeapBufMP_create
                0x0002231c                HeapBufMP_open
                0x00022554                HeapBufMP_openByAddr
                0x00022798                HeapBufMP_create
 .text          0x000229c4     0x198c /home/liao/src/syslink/packages/ti/syslink/lib/syslink.a_release(GateMP.o)
                0x000229c4                GateMP_enter
                0x00022b20                GateMP_leave
                0x00022c8c                GateMP_getConfig
                0x00022dc0                GateMP_setup
                0x00022f68                GateMP_destroy
                0x000230ac                GateMP_Params_init
                0x00023200                GateMP_Instance_init
                0x0002331c                GateMP_Instance_finalize
                0x00023350                _GateMP_create
                0x0002341c                GateMP_create
                0x00023690                GateMP_delete
                0x00023878                GateMP_open
                0x00023aa0                GateMP_openByAddr
                0x00023ccc                GateMP_close
                0x00023f04                GateMP_sharedMemReq
                0x00023fdc                GateMP_getDefaultRemote
                0x00024090                GateMP_getSharedAddr
                0x00024138                GateMP_setReserved
                0x000241c4                GateMP_getLocalProtect
                0x00024204                GateMP_getRemoteProtect
                0x00024244                GateMP_getKnlHandle
 .text          0x00024350      0x398 /home/liao/src/syslink/packages/ti/syslink/lib/syslink.a_release(SharedRegionDrv.o)
                0x00024350                SharedRegionDrv_open
                0x00024470                SharedRegionDrv_close
                0x0002453c                SharedRegionDrv_ioctl
 .text          0x000246e8      0x710 /home/liao/src/syslink/packages/ti/syslink/lib/syslink.a_release(NotifyDrvUsr.o)
                0x000246e8                _NotifyDrvUsr_eventWorker
                0x000247f0                NotifyDrvUsr_open
                0x00024ae8                NotifyDrvUsr_close
                0x00024d04                NotifyDrvUsr_ioctl
 .text          0x00024df8      0x2d8 /home/liao/src/syslink/packages/ti/syslink/lib/syslink.a_release(HeapBufMPDrv.o)
                0x00024df8                HeapBufMPDrv_open
                0x00024f1c                HeapBufMPDrv_close
                0x00024fe8                HeapBufMPDrv_ioctl
 .text          0x000250d0      0x2d0 /home/liao/src/syslink/packages/ti/syslink/lib/syslink.a_release(MessageQDrv.o)
                0x000250d0                MessageQDrv_open
                0x000251ec                MessageQDrv_close
                0x000252b8                MessageQDrv_ioctl
 .text          0x000253a0      0x2d8 /home/liao/src/syslink/packages/ti/syslink/lib/syslink.a_release(IpcDrv.o)
                0x000253a0                IpcDrv_open
                0x000254c4                IpcDrv_close
                0x00025590                IpcDrv_ioctl
 .text          0x00025678      0x2d0 /home/liao/src/syslink/packages/ti/syslink/lib/syslink.a_release(FrameQDrv.o)
                0x00025678                FrameQDrv_open
                0x00025794                FrameQDrv_close
                0x00025860                FrameQDrv_ioctl
 .text          0x00025948      0x2d0 /home/liao/src/syslink/packages/ti/syslink/lib/syslink.a_release(FrameQBufMgrDrv.o)
                0x00025948                FrameQBufMgrDrv_open
                0x00025a64                FrameQBufMgrDrv_close
                0x00025b30                FrameQBufMgrDrv_ioctl
 .text          0x00025c18      0x2d0 /home/liao/src/syslink/packages/ti/syslink/lib/syslink.a_release(ClientNotifyMgrDrv.o)
                0x00025c18                ClientNotifyMgrDrv_open
                0x00025d34                ClientNotifyMgrDrv_close
                0x00025e00                ClientNotifyMgrDrv_ioctl
 .text          0x00025ee8      0x2d0 /home/liao/src/syslink/packages/ti/syslink/lib/syslink.a_release(RingIODrv.o)
                0x00025ee8                RingIODrv_open
                0x00026004                RingIODrv_close
                0x000260d0                RingIODrv_ioctl
 .text          0x000261b8      0x2d0 /home/liao/src/syslink/packages/ti/syslink/lib/syslink.a_release(RingIOShmDrv.o)
                0x000261b8                RingIOShmDrv_open
                0x000262d4                RingIOShmDrv_close
                0x000263a0                RingIOShmDrv_ioctl
 .text          0x00026488      0x2d8 /home/liao/src/syslink/packages/ti/syslink/lib/syslink.a_release(HeapMemMPDrv.o)
                0x00026488                HeapMemMPDrv_open
                0x000265ac                HeapMemMPDrv_close
                0x00026678                HeapMemMPDrv_ioctl
 .text          0x00026760      0x2d8 /home/liao/src/syslink/packages/ti/syslink/lib/syslink.a_release(GateMPDrv.o)
                0x00026760                GateMPDrv_open
                0x00026884                GateMPDrv_close
                0x00026950                GateMPDrv_ioctl
 .text          0x00026a38      0x4c8 /home/liao/src/syslink/packages/ti/syslink/lib/syslink.a_release(GateMutex.o)
                0x00026a38                GateMutex_leave
                0x00026ad0                GateMutex_enter
                0x00026b74                GateMutex_Instance_init
                0x00026c3c                GateMutex_Instance_finalize
                0x00026cac                GateMutex_create
                0x00026df0                GateMutex_delete
 .text          0x00026f00      0x8d8 /home/liao/src/syslink/packages/ti/syslink/lib/syslink.a_release(Memory.o)
                0x00026f00                Memory_alloc
                0x00027070                Memory_calloc
                0x000272ac                Memory_free
                0x000273bc                Memory_getStats
                0x000274ac                Memory_query
                0x000275a0                Memory_getMaxDefaultTypeAlign
                0x000275a8                Memory_valloc
                0x00027768                Memory_translate
 .text          0x000277d8     0x1194 /home/liao/src/syslink/packages/ti/syslink/lib/syslink.a_release(List.o)
                0x000277d8                List_Params_init
                0x0002787c                List_create
                0x00027940                List_delete
                0x00027a6c                List_construct
                0x00027b20                List_destruct
                0x00027bd8                List_elemClear
                0x00027c8c                List_empty
                0x00027d54                List_get
                0x00027e70                List_put
                0x00027fe4                List_next
                0x000280bc                List_prev
                0x00028200                List_insert
                0x00028374                List_remove
                0x000284a8                List_putHead
                0x0002861c                List_dequeue
                0x000286f4                List_enqueue
                0x00028830                List_enqueueHead
 .text          0x0002896c      0x390 /home/liao/src/syslink/packages/ti/syslink/lib/syslink.a_release(String.o)
                0x0002896c                String_cat
                0x000289b8                String_cmp
                0x00028a7c                String_ncmp
                0x00028ac4                String_cpy
                0x00028adc                String_ncpy
                0x00028bb8                String_len
                0x00028bec                String_hexToStr
                0x00028c78                String_hash
 .text          0x00028cfc      0x368 /home/liao/src/syslink/packages/ti/syslink/lib/syslink.a_release(Trace.o)
                0x00028cfc                _GT_0trace
                0x00028d48                _GT_1trace
                0x00028d98                _GT_2trace
                0x00028df0                _GT_3trace
                0x00028e50                _GT_4trace
                0x00028ec0                _GT_5trace
                0x00028f34                _GT_6trace
                0x00028fb0                _GT_setFailureReason
                0x00028ff4                _GT_setTrace
 .text          0x00029064     0x2624 /home/liao/src/syslink/packages/ti/syslink/lib/syslink.a_release(NameServer.o)
                0x00029064                NameServer_getConfig
                0x000291b4                NameServer_setup
                0x000292c4                NameServer_destroy
                0x0002938c                NameServer_Params_init
                0x000294d8                NameServer_create
                0x00029714                NameServer_delete
                0x000298dc                NameServer_open
                0x00029b20                NameServer_close
                0x00029d08                NameServer_add
                0x00029fd4                NameServer_addUInt32
                0x0002a258                NameServer_remove
                0x0002a42c                NameServer_removeEntry
                0x0002a5f8                NameServer_get
                0x0002a93c                NameServer_getLocal
                0x0002ac5c                NameServer_getUInt32
                0x0002aea4                NameServer_getLocalUInt32
                0x0002b0e8                NameServer_match
                0x0002b348                NameServer_getHandle
                0x0002b514                NameServer_isRegistered
 .text          0x0002b688      0xa64 /home/liao/src/syslink/packages/ti/syslink/lib/syslink.a_release(MultiProc.o)
                0x0002b688                MultiProc_getConfig
                0x0002b7d8                MultiProc_setup
                0x0002b910                MultiProc_destroy
                0x0002b9d8                MultiProc_setLocalId
                0x0002bb6c                MultiProc_getId
                0x0002bd10                MultiProc_getName
                0x0002be40                MultiProc_getNumProcessors
                0x0002be94                MultiProc_self
                0x0002beec                MultiProc_getSlot
 .text          0x0002c0ec      0x108 /home/liao/src/syslink/packages/ti/syslink/lib/syslink.a_release(Gate.o)
                0x0002c170                Gate_enterSystem
                0x0002c1b4                Gate_leaveSystem
 .text          0x0002c1f4       0x9c /home/liao/src/syslink/packages/ti/syslink/lib/syslink.a_release(SysLink.o)
                0x0002c1f4                SysLink_setup
                0x0002c24c                SysLink_destroy
 .text          0x0002c290      0x368 /home/liao/src/syslink/packages/ti/syslink/lib/syslink.a_release(Cache.o)
                0x0002c290                Cache_inv
                0x0002c34c                Cache_wb
                0x0002c408                Cache_wbInv
                0x0002c4c4                Cache_wait
                0x0002c550                Cache_setMode
 .text          0x0002c5f8      0x2d4 /home/liao/src/syslink/packages/ti/syslink/lib/syslink.a_release(NameServerDrv.o)
                0x0002c5f8                NameServerDrv_open
                0x0002c718                NameServerDrv_close
                0x0002c7e4                NameServerDrv_ioctl
 .text          0x0002c8cc      0x2a4 /home/liao/src/syslink/packages/ti/syslink/lib/syslink.a_release(MultiProcDrv.o)
                0x0002c8cc                MultiProcDrv_open
                0x0002c9e8                MultiProcDrv_close
                0x0002cab4                MultiProcDrv_ioctl
 .text          0x0002cb70       0xf0 /home/liao/src/syslink/packages/ti/syslink/lib/syslink.a_release(TraceDrv.o)
                0x0002cb70                TraceDrv_ioctl
 .text          0x0002cc60       0xb8 /home/liao/src/syslink/packages/ti/syslink/lib/syslink.a_release(CacheDrv.o)
                0x0002cc60                CacheDrv_ioctl
 .text          0x0002cd18     0x1268 /home/liao/src/syslink/packages/ti/syslink/lib/syslink.a_release(MemoryOS.o)
                0x0002cd18                MemoryOS_destroy
                0x0002ce98                MemoryOS_setup
                0x0002d020                MemoryOS_alloc
                0x0002d100                MemoryOS_calloc
                0x0002d26c                MemoryOS_free
                0x0002d32c                MemoryOS_map
                0x0002d744                MemoryOS_unmap
                0x0002da70                MemoryOS_copy
                0x0002dbe0                MemoryOS_set
                0x0002dd64                MemoryOS_translate
 .text          0x0002df80      0x5a0 /home/liao/src/syslink/packages/ti/syslink/lib/syslink.a_release(OsalDrv.o)
                0x0002df80                OsalDrv_open
                0x0002e0b4                OsalDrv_close
                0x0002e190                OsalDrv_map
                0x0002e3a8                OsalDrv_unmap
                0x0002e424                OsalDrv_ioctl
 .text          0x0002e520      0x3e8 /home/liao/src/syslink/packages/ti/syslink/lib/syslink.a_release(OsalMutex.o)
                0x0002e520                OsalMutex_create
                0x0002e640                OsalMutex_delete
                0x0002e750                OsalMutex_enter
                0x0002e828                OsalMutex_leave
 .text          0x0002e908       0x44 /home/liao/src/syslink/packages/ti/syslink/lib/syslink.a_release(OsalPrint.o)
                0x0002e908                Osal_printf
 .text          0x0002e94c     0x4138 /home/liao/src/syslink/packages/ti/syslink/lib/syslink.a_release(ProcMgr.o)
                0x0002ef64                ProcMgr_getConfig
                0x0002f084                ProcMgr_setup
                0x0002f1bc                ProcMgr_Params_init
                0x0002f2cc                ProcMgr_create
                0x0002f5ac                ProcMgr_delete
                0x0002f7ac                ProcMgr_close
                0x0002fab8                ProcMgr_destroy
                0x0002fda8                ProcMgr_getAttachParams
                0x0002feb8                ProcMgr_detach
                0x00030070                ProcMgr_load
                0x000302dc                ProcMgr_unload
                0x000303f0                ProcMgr_getStartParams
                0x000304f8                ProcMgr_start
                0x0003060c                ProcMgr_stop
                0x0003070c                ProcMgr_getState
                0x00030814                ProcMgr_read
                0x00030a2c                ProcMgr_write
                0x00030c44                ProcMgr_control
                0x00030d64                ProcMgr_translateAddr
                0x000310c8                ProcMgr_getSymbolAddress
                0x000312cc                ProcMgr_map
                0x00031648                ProcMgr_unmap
                0x00031c30                ProcMgr_registerNotify
                0x00031dc0                ProcMgr_getMaxMemoryRegions
                0x00031e3c                ProcMgr_getProcInfo
                0x00031fc0                ProcMgr_attach
                0x0003224c                ProcMgr_open
                0x00032630                ProcMgr_getSectionInfo
                0x000327c4                ProcMgr_getSectionData
                0x00032988                ProcMgr_getLoadedFileId
 .text          0x00032a84      0x45c /home/liao/src/syslink/packages/ti/syslink/lib/syslink.a_release(ProcMgrDrvUsr.o)
                0x00032a84                ProcMgrDrvUsr_open
                0x00032bac                ProcMgrDrvUsr_close
                0x00032c80                ProcMgrDrvUsr_ioctl
 .text          0x00032ee0      0x730 /home/liao/src/syslink/packages/ti/syslink/lib/syslink.a_release(FrameQ_common.o)
                0x00032ee0                FrameQ_isSupportedInterface
                0x00032eec                FrameQ_getExtendedHeaderPtr
                0x00032f30                FrameQ_getNumFrameBuffers
                0x00032fe0                FrameQ_getFrameBuffer
                0x000330dc                FrameQ_getFrameBufSize
                0x000331d4                FrameQ_getFrameBufValidSize
                0x000332d8                FrameQ_getFrameBufDataStartOffset
                0x000333d8                FrameQ_setFrameBufValidSize
                0x000334f4                FrameQ_setFrameBufDataStartOffset
 .text          0x00033610     0x2050 /home/liao/src/syslink/packages/ti/syslink/lib/syslink.a_release(ListMP.o)
                0x00033610                ListMP_getConfig
                0x00033730                ListMP_setup
                0x00033848                ListMP_destroy
                0x00033920                ListMP_Params_init
                0x00033a68                ListMP_create
                0x00033d1c                ListMP_delete
                0x00033efc                ListMP_sharedMemReq
                0x00034044                ListMP_open
                0x00034284                ListMP_openByAddr
                0x0003448c                ListMP_close
                0x00034670                ListMP_empty
                0x000347d8                ListMP_getHead
                0x0003494c                ListMP_getTail
                0x00034ab4                ListMP_putHead
                0x00034c88                ListMP_putTail
                0x00034e64                ListMP_insert
                0x00035090                ListMP_remove
                0x0003526c                ListMP_next
                0x00035400                ListMP_prev
                0x00035594                _ListMP_create
                0x00035658                ListMP_getGate
 .text          0x00035660      0x2d8 /home/liao/src/syslink/packages/ti/syslink/lib/syslink.a_release(ListMPDrv.o)
                0x00035660                ListMPDrv_open
                0x00035784                ListMPDrv_close
                0x00035850                ListMPDrv_ioctl
 .text          0x00035938      0x3f8 syslinksamples.o_debug
                0x00035938                SysLinkSamples_startup
                0x00035970                SysLinkSamples_shutdown
                0x000359a8                SysLinkSamples_setHiddenProcId
                0x000359c0                SysLinkSamples_isAvailableProcId
                0x000359d4                SysLinkSamples_setToRunProcIds
                0x00035b54                SysLinkSamples_toRunProcId
                0x00035b68                SysLinkSamples_osStartup
                0x00035d10                SysLinkSamples_osShutdown
 .text          0x00035d30     0x1190 slaveloader.o_debug
                0x00036198                SlaveLoader_startupArgs
                0x0003655c                SlaveLoader_startup
                0x000368c0                SlaveLoader_shutdown
                0x00036b84                SlaveLoader_printStatus
 .text          0x00036ec0       0x64 /opt/linux-devkit/bin/../arm-arago-linux-gnueabi/usr/lib/./libc_nonshared.a(elf-init.oS)
                0x00036ec0                __libc_csu_init
                0x00036f20                __libc_csu_fini
 .text          0x00036f24      0x114 /opt/linux-devkit/bin/../lib/gcc/arm-arago-linux-gnueabi/4.5.3/libgcc.a(_udivsi3.o)
                0x00036f24                __udivsi3
                0x00036f24                __aeabi_uidiv
                0x00037018                __aeabi_uidivmod
 .text          0x00037038       0x14 /opt/linux-devkit/bin/../lib/gcc/arm-arago-linux-gnueabi/4.5.3/libgcc.a(_dvmd_lnx.o)
                0x00037038                __aeabi_idiv0
                0x00037038                __aeabi_ldiv0
 .text          0x0003704c        0x0 /opt/linux-devkit/bin/../lib/gcc/arm-arago-linux-gnueabi/4.5.3/crtend.o
 .text          0x0003704c        0x0 /opt/linux-devkit/bin/../arm-arago-linux-gnueabi/usr/lib/crtn.o
 *(.gnu.warning)
 *(.glue_7t)
 .glue_7t       0x00000000        0x0 linker stubs
 *(.glue_7)
 .glue_7        0x00000000        0x0 linker stubs
 *(.vfp11_veneer)
 .vfp11_veneer  0x00000000        0x0 linker stubs
 *(.v4_bx)
 .v4_bx         0x00000000        0x0 linker stubs

.fini           0x0003704c        0x8
 *(.fini)
 .fini          0x0003704c        0x4 /opt/linux-devkit/bin/../arm-arago-linux-gnueabi/usr/lib/crti.o
                0x0003704c                _fini
 .fini          0x00037050        0x4 /opt/linux-devkit/bin/../arm-arago-linux-gnueabi/usr/lib/crtn.o
                0x00037054                PROVIDE (__etext, .)
                0x00037054                PROVIDE (_etext, .)
                0x00037054                PROVIDE (etext, .)

.rodata         0x00037054    0x13880
 *(.rodata .rodata.* .gnu.linkonce.r.*)
 .rodata.cst4   0x00037054        0x4 /opt/linux-devkit/bin/../arm-arago-linux-gnueabi/usr/lib/crt1.o
                0x00037054                _IO_stdin_used
 .rodata.str1.4
                0x00037058       0x39 bin/release/obj/main.ov5T
                                 0x3c (size before relaxing)
 *fill*         0x00037091        0x3 00
 .rodata.str1.4
                0x00037094      0x246 bin/release/obj/syslink.ov5T
                                0x248 (size before relaxing)
 *fill*         0x000372da        0x2 00
 .rodata.str1.4
                0x000372dc       0x53 bin/release/obj/pseudo.ov5T
                                 0x5c (size before relaxing)
 *fill*         0x0003732f        0x1 00
 .rodata.str1.4
                0x00037330     0x12bc /home/liao/src/syslink/packages/ti/syslink/lib/syslink.a_release(SharedRegion.o)
                               0x12e8 (size before relaxing)
 .rodata.str1.4
                0x000385ec      0xbbc /home/liao/src/syslink/packages/ti/syslink/lib/syslink.a_release(Notify.o)
                                0xc38 (size before relaxing)
 .rodata.str1.4
                0x000391a8      0xea0 /home/liao/src/syslink/packages/ti/syslink/lib/syslink.a_release(MessageQ.o)
                                0xf54 (size before relaxing)
 .rodata.str1.4
                0x0003a048      0x704 /home/liao/src/syslink/packages/ti/syslink/lib/syslink.a_release(Ipc.o)
                                0x794 (size before relaxing)
 .rodata.str1.4
                0x0003a74c      0xffb /home/liao/src/syslink/packages/ti/syslink/lib/syslink.a_release(RingIO.o)
                               0x117c (size before relaxing)
 *fill*         0x0003b747        0x1 00
 .rodata.str1.4
                0x0003b748      0x287 /home/liao/src/syslink/packages/ti/syslink/lib/syslink.a_release(RingIOShm.o)
                                0x348 (size before relaxing)
 *fill*         0x0003b9cf        0x1 00
 .rodata.str1.4
                0x0003b9d0     0x197e /home/liao/src/syslink/packages/ti/syslink/lib/syslink.a_release(FrameQ.o)
                               0x1bf8 (size before relaxing)
 *fill*         0x0003d34e        0x2 00
 .rodata.str1.4
                0x0003d350     0x1876 /home/liao/src/syslink/packages/ti/syslink/lib/syslink.a_release(FrameQBufMgr.o)
                               0x1f64 (size before relaxing)
 *fill*         0x0003ebc6        0x2 00
 .rodata.str1.4
                0x0003ebc8     0x11d3 /home/liao/src/syslink/packages/ti/syslink/lib/syslink.a_release(ClientNotifyMgr.o)
                               0x133c (size before relaxing)
 *fill*         0x0003fd9b        0x1 00
 .rodata.str1.4
                0x0003fd9c      0xb43 /home/liao/src/syslink/packages/ti/syslink/lib/syslink.a_release(HeapMemMP.o)
                                0xd08 (size before relaxing)
 *fill*         0x000408df        0x1 00
 .rodata.str1.4
                0x000408e0      0x925 /home/liao/src/syslink/packages/ti/syslink/lib/syslink.a_release(HeapBufMP.o)
                                0xca8 (size before relaxing)
 *fill*         0x00041205        0x3 00
 .rodata.str1.4
                0x00041208      0x891 /home/liao/src/syslink/packages/ti/syslink/lib/syslink.a_release(GateMP.o)
                                0x9e0 (size before relaxing)
 *fill*         0x00041a99        0x3 00
 .rodata.str1.4
                0x00041a9c      0x2b6 /home/liao/src/syslink/packages/ti/syslink/lib/syslink.a_release(SharedRegionDrv.o)
                                0x2fc (size before relaxing)
 *fill*         0x00041d52        0x2 00
 .rodata.str1.4
                0x00041d54      0x36b /home/liao/src/syslink/packages/ti/syslink/lib/syslink.a_release(NotifyDrvUsr.o)
                                0x3f4 (size before relaxing)
 *fill*         0x000420bf        0x1 00
 .rodata.str1.4
                0x000420c0      0x22b /home/liao/src/syslink/packages/ti/syslink/lib/syslink.a_release(HeapBufMPDrv.o)
                                0x29c (size before relaxing)
 *fill*         0x000422eb        0x1 00
 .rodata.str1.4
                0x000422ec      0x21e /home/liao/src/syslink/packages/ti/syslink/lib/syslink.a_release(MessageQDrv.o)
                                0x290 (size before relaxing)
 *fill*         0x0004250a        0x2 00
 .rodata.str1.4
                0x0004250c      0x1d1 /home/liao/src/syslink/packages/ti/syslink/lib/syslink.a_release(IpcDrv.o)
                                0x244 (size before relaxing)
 *fill*         0x000426dd        0x3 00
 .rodata.str1.4
                0x000426e0      0x1f8 /home/liao/src/syslink/packages/ti/syslink/lib/syslink.a_release(FrameQDrv.o)
                                0x268 (size before relaxing)
 .rodata.str1.4
                0x000428d8      0x25a /home/liao/src/syslink/packages/ti/syslink/lib/syslink.a_release(FrameQBufMgrDrv.o)
                                0x2cc (size before relaxing)
 *fill*         0x00042b32        0x2 00
 .rodata.str1.4
                0x00042b34      0x285 /home/liao/src/syslink/packages/ti/syslink/lib/syslink.a_release(ClientNotifyMgrDrv.o)
                                0x2f8 (size before relaxing)
 *fill*         0x00042db9        0x3 00
 .rodata.str1.4
                0x00042dbc      0x1f8 /home/liao/src/syslink/packages/ti/syslink/lib/syslink.a_release(RingIODrv.o)
                                0x268 (size before relaxing)
 .rodata.str1.4
                0x00042fb4      0x1b7 /home/liao/src/syslink/packages/ti/syslink/lib/syslink.a_release(RingIOShmDrv.o)
                                0x290 (size before relaxing)
 *fill*         0x0004316b        0x1 00
 .rodata.str1.4
                0x0004316c      0x22b /home/liao/src/syslink/packages/ti/syslink/lib/syslink.a_release(HeapMemMPDrv.o)
                                0x29c (size before relaxing)
 *fill*         0x00043397        0x1 00
 .rodata.str1.4
                0x00043398      0x1f8 /home/liao/src/syslink/packages/ti/syslink/lib/syslink.a_release(GateMPDrv.o)
                                0x268 (size before relaxing)
 .rodata.str1.4
                0x00043590      0x209 /home/liao/src/syslink/packages/ti/syslink/lib/syslink.a_release(GateMutex.o)
                                0x228 (size before relaxing)
 *fill*         0x00043799        0x3 00
 .rodata.str1.4
                0x0004379c      0x43d /home/liao/src/syslink/packages/ti/syslink/lib/syslink.a_release(Memory.o)
                                0x4cc (size before relaxing)
 *fill*         0x00043bd9        0x3 00
 .rodata.str1.4
                0x00043bdc      0x7ad /home/liao/src/syslink/packages/ti/syslink/lib/syslink.a_release(List.o)
                                0x84c (size before relaxing)
 *fill*         0x00044389        0x3 00
 .rodata        0x0004438c      0x400 /home/liao/src/syslink/packages/ti/syslink/lib/syslink.a_release(String.o)
 .rodata.str1.4
                0x0004478c       0x11 /home/liao/src/syslink/packages/ti/syslink/lib/syslink.a_release(String.o)
                                 0x14 (size before relaxing)
 *fill*         0x0004479d        0x3 00
 .rodata.str1.4
                0x000447a0       0x4f /home/liao/src/syslink/packages/ti/syslink/lib/syslink.a_release(Trace.o)
                                 0x50 (size before relaxing)
 *fill*         0x000447ef        0x1 00
 .rodata.str1.4
                0x000447f0      0xbc4 /home/liao/src/syslink/packages/ti/syslink/lib/syslink.a_release(NameServer.o)
                                0xdfc (size before relaxing)
 .rodata.str1.4
                0x000453b4      0x580 /home/liao/src/syslink/packages/ti/syslink/lib/syslink.a_release(MultiProc.o)
                                0x60c (size before relaxing)
 .rodata.str1.4
                0x00045934       0x4f /home/liao/src/syslink/packages/ti/syslink/lib/syslink.a_release(Gate.o)
                                 0x80 (size before relaxing)
 *fill*         0x00045983        0x1 00
 .rodata.str1.4
                0x00045984       0x65 /home/liao/src/syslink/packages/ti/syslink/lib/syslink.a_release(SysLink.o)
                                 0x68 (size before relaxing)
 *fill*         0x000459e9        0x3 00
 .rodata.str1.4
                0x000459ec      0x21b /home/liao/src/syslink/packages/ti/syslink/lib/syslink.a_release(Cache.o)
                                0x248 (size before relaxing)
 *fill*         0x00045c07        0x1 00
 .rodata.str1.4
                0x00045c08      0x250 /home/liao/src/syslink/packages/ti/syslink/lib/syslink.a_release(NameServerDrv.o)
                                0x2c0 (size before relaxing)
 .rodata.str1.4
                0x00045e58      0x20f /home/liao/src/syslink/packages/ti/syslink/lib/syslink.a_release(MultiProcDrv.o)
                                0x250 (size before relaxing)
 *fill*         0x00046067        0x1 00
 .rodata.str1.4
                0x00046068       0xb8 /home/liao/src/syslink/packages/ti/syslink/lib/syslink.a_release(TraceDrv.o)
                                0x100 (size before relaxing)
 .rodata.str1.4
                0x00046120       0xb7 /home/liao/src/syslink/packages/ti/syslink/lib/syslink.a_release(CacheDrv.o)
                                 0xd0 (size before relaxing)
 *fill*         0x000461d7        0x1 00
 .rodata.str1.4
                0x000461d8      0x7e8 /home/liao/src/syslink/packages/ti/syslink/lib/syslink.a_release(MemoryOS.o)
                                0x8d0 (size before relaxing)
 .rodata.str1.4
                0x000469c0      0x2db /home/liao/src/syslink/packages/ti/syslink/lib/syslink.a_release(OsalDrv.o)
                                0x374 (size before relaxing)
 *fill*         0x00046c9b        0x1 00
 .rodata.str1.4
                0x00046c9c      0x2e9 /home/liao/src/syslink/packages/ti/syslink/lib/syslink.a_release(OsalMutex.o)
                                0x328 (size before relaxing)
 *fill*         0x00046f85        0x3 00
 .rodata.str1.4
                0x00046f88        0x3 /home/liao/src/syslink/packages/ti/syslink/lib/syslink.a_release(OsalPrint.o)
                                  0x4 (size before relaxing)
 *fill*         0x00046f8b        0x1 00
 .rodata.str1.4
                0x00046f8c     0x1de4 /home/liao/src/syslink/packages/ti/syslink/lib/syslink.a_release(ProcMgr.o)
                               0x1f2c (size before relaxing)
 .rodata.str1.4
                0x00048d70      0x2e8 /home/liao/src/syslink/packages/ti/syslink/lib/syslink.a_release(ProcMgrDrvUsr.o)
                                0x358 (size before relaxing)
 .rodata.str1.4
                0x00049058      0x5a6 /home/liao/src/syslink/packages/ti/syslink/lib/syslink.a_release(FrameQ_common.o)
                                0x5e8 (size before relaxing)
 *fill*         0x000495fe        0x2 00
 .rodata.str1.4
                0x00049600      0x9da /home/liao/src/syslink/packages/ti/syslink/lib/syslink.a_release(ListMP.o)
                                0xbe8 (size before relaxing)
 *fill*         0x00049fda        0x2 00
 .rodata.str1.4
                0x00049fdc      0x1f8 /home/liao/src/syslink/packages/ti/syslink/lib/syslink.a_release(ListMPDrv.o)
                                0x268 (size before relaxing)
 .rodata.str1.4
                0x0004a1d4      0x180 syslinksamples.o_debug
 .rodata.str1.4
                0x0004a354      0x580 slaveloader.o_debug
                                0x5b8 (size before relaxing)

.rodata1
 *(.rodata1)

.ARM.extab      0x0004a8d4        0x0
 *(.ARM.extab* .gnu.linkonce.armextab.*)
 .ARM.extab     0x0004a8d4        0x0 /opt/linux-devkit/bin/../arm-arago-linux-gnueabi/usr/lib/crt1.o
                0x0004a8d4                __exidx_start = .

.ARM.exidx      0x0004a8d4        0x8
 *(.ARM.exidx* .gnu.linkonce.armexidx.*)
 .ARM.exidx     0x0004a8d4        0x8 /opt/linux-devkit/bin/../arm-arago-linux-gnueabi/usr/lib/crt1.o
                0x0004a8dc                __exidx_end = .

.eh_frame_hdr
 *(.eh_frame_hdr)

.eh_frame
 *(.eh_frame)

.gcc_except_table
 *(.gcc_except_table .gcc_except_table.*)
                0x0004a8dc                . = (ALIGN (0x8000) - ((0x8000 - .) & 0x7fff))
                0x00053000                . = (0x8000 DATA_SEGMENT_ALIGN 0x1000)

.eh_frame
 *(.eh_frame)

.gcc_except_table
 *(.gcc_except_table .gcc_except_table.*)

.tdata
 *(.tdata .tdata.* .gnu.linkonce.td.*)

.tbss
 *(.tbss .tbss.* .gnu.linkonce.tb.*)
 *(.tcommon)

.preinit_array  0x00053000        0x0
                0x00053000                PROVIDE (__preinit_array_start, .)
 *(.preinit_array)
                0x00053000                PROVIDE (__preinit_array_end, .)

.init_array     0x00053000        0x4
                0x00053000                PROVIDE (__init_array_start, .)
 *(SORT(.init_array.*))
 *(.init_array)
 .init_array    0x00053000        0x4 /opt/linux-devkit/bin/../lib/gcc/arm-arago-linux-gnueabi/4.5.3/crtbegin.o
                0x00053004                PROVIDE (__init_array_end, .)

.fini_array     0x00053004        0x4
                0x00053004                PROVIDE (__fini_array_start, .)
 *(.fini_array)
 .fini_array    0x00053004        0x4 /opt/linux-devkit/bin/../lib/gcc/arm-arago-linux-gnueabi/4.5.3/crtbegin.o
 *(SORT(.fini_array.*))
                0x00053008                PROVIDE (__fini_array_end, .)

.ctors
 *crtbegin.o(.ctors)
 *crtbegin?.o(.ctors)
 *(EXCLUDE_FILE(*crtend?.o *crtend.o) .ctors)
 *(SORT(.ctors.*))
 *(.ctors)

.dtors
 *crtbegin.o(.dtors)
 *crtbegin?.o(.dtors)
 *(EXCLUDE_FILE(*crtend?.o *crtend.o) .dtors)
 *(SORT(.dtors.*))
 *(.dtors)

.jcr            0x00053008        0x4
 *(.jcr)
 .jcr           0x00053008        0x0 /opt/linux-devkit/bin/../lib/gcc/arm-arago-linux-gnueabi/4.5.3/crtbegin.o
 .jcr           0x00053008        0x4 /opt/linux-devkit/bin/../lib/gcc/arm-arago-linux-gnueabi/4.5.3/crtend.o

.data.rel.ro
 *(.data.rel.ro.local* .gnu.linkonce.d.rel.ro.local.*)
 *(.data.rel.ro* .gnu.linkonce.d.rel.ro.*)

.dynamic        0x0005300c       0xf8
 *(.dynamic)
 .dynamic       0x0005300c       0xf8 /opt/linux-devkit/bin/../arm-arago-linux-gnueabi/usr/lib/crti.o
                0x0005300c                _DYNAMIC
                0x00053104                . = (. DATA_SEGMENT_RELRO_END 0x0)

.got            0x00053104       0xf4
 *(.got.plt)
 .got.plt       0x00053104       0xe0 /opt/linux-devkit/bin/../arm-arago-linux-gnueabi/usr/lib/crti.o
                0x00053104                _GLOBAL_OFFSET_TABLE_
 *(.igot.plt)
 *(.got)
 .got           0x000531e4       0x14 /opt/linux-devkit/bin/../arm-arago-linux-gnueabi/usr/lib/crti.o
 *(.igot)

.data           0x000531f8       0xdc
                0x000531f8                PROVIDE (__data_start, .)
 *(.data .data.* .gnu.linkonce.d.*)
 .data          0x000531f8        0x4 /opt/linux-devkit/bin/../arm-arago-linux-gnueabi/usr/lib/crt1.o
                0x000531f8                data_start
                0x000531f8                __data_start
 .data          0x000531fc        0x0 /opt/linux-devkit/bin/../arm-arago-linux-gnueabi/usr/lib/crti.o
 .data          0x000531fc        0x4 /opt/linux-devkit/bin/../lib/gcc/arm-arago-linux-gnueabi/4.5.3/crtbegin.o
                0x000531fc                __dso_handle
 .data          0x00053200        0x0 bin/release/obj/main.ov5T
 .data          0x00053200        0x0 bin/release/obj/syslink.ov5T
 .data          0x00053200       0x98 bin/release/obj/pseudo.ov5T
                0x00053200                baud_arr
                0x0005324c                baud_name
 .data          0x00053298        0x4 /home/liao/src/syslink/packages/ti/syslink/lib/syslink.a_release(SharedRegion.o)
                0x00053298                SharedRegion_module
 .data          0x0005329c        0x0 /home/liao/src/syslink/packages/ti/syslink/lib/syslink.a_release(Notify.o)
 .data          0x0005329c        0x4 /home/liao/src/syslink/packages/ti/syslink/lib/syslink.a_release(MessageQ.o)
                0x0005329c                MessageQ_module
 .data          0x000532a0        0x0 /home/liao/src/syslink/packages/ti/syslink/lib/syslink.a_release(Ipc.o)
 .data          0x000532a0        0x0 /home/liao/src/syslink/packages/ti/syslink/lib/syslink.a_release(RingIO.o)
 .data          0x000532a0        0x0 /home/liao/src/syslink/packages/ti/syslink/lib/syslink.a_release(RingIOShm.o)
 .data          0x000532a0        0x4 /home/liao/src/syslink/packages/ti/syslink/lib/syslink.a_release(FrameQ.o)
                0x000532a0                FrameQ_module
 .data          0x000532a4        0x4 /home/liao/src/syslink/packages/ti/syslink/lib/syslink.a_release(FrameQBufMgr.o)
                0x000532a4                FrameQBufMgr_module
 .data          0x000532a8        0x4 /home/liao/src/syslink/packages/ti/syslink/lib/syslink.a_release(ClientNotifyMgr.o)
                0x000532a8                ClientNotifyMgr_module
 .data          0x000532ac        0x0 /home/liao/src/syslink/packages/ti/syslink/lib/syslink.a_release(HeapMemMP.o)
 .data          0x000532ac        0x4 /home/liao/src/syslink/packages/ti/syslink/lib/syslink.a_release(HeapBufMP.o)
                0x000532ac                HeapBufMP_module
 .data          0x000532b0        0x0 /home/liao/src/syslink/packages/ti/syslink/lib/syslink.a_release(GateMP.o)
 .data          0x000532b0        0x0 /home/liao/src/syslink/packages/ti/syslink/lib/syslink.a_release(SharedRegionDrv.o)
 .data          0x000532b0        0x4 /home/liao/src/syslink/packages/ti/syslink/lib/syslink.a_release(NotifyDrvUsr.o)
 .data          0x000532b4        0x0 /home/liao/src/syslink/packages/ti/syslink/lib/syslink.a_release(HeapBufMPDrv.o)
 .data          0x000532b4        0x0 /home/liao/src/syslink/packages/ti/syslink/lib/syslink.a_release(MessageQDrv.o)
 .data          0x000532b4        0x0 /home/liao/src/syslink/packages/ti/syslink/lib/syslink.a_release(IpcDrv.o)
 .data          0x000532b4        0x0 /home/liao/src/syslink/packages/ti/syslink/lib/syslink.a_release(FrameQDrv.o)
 .data          0x000532b4        0x0 /home/liao/src/syslink/packages/ti/syslink/lib/syslink.a_release(FrameQBufMgrDrv.o)
 .data          0x000532b4        0x0 /home/liao/src/syslink/packages/ti/syslink/lib/syslink.a_release(ClientNotifyMgrDrv.o)
 .data          0x000532b4        0x0 /home/liao/src/syslink/packages/ti/syslink/lib/syslink.a_release(RingIODrv.o)
 .data          0x000532b4        0x0 /home/liao/src/syslink/packages/ti/syslink/lib/syslink.a_release(RingIOShmDrv.o)
 .data          0x000532b4        0x0 /home/liao/src/syslink/packages/ti/syslink/lib/syslink.a_release(HeapMemMPDrv.o)
 .data          0x000532b4        0x0 /home/liao/src/syslink/packages/ti/syslink/lib/syslink.a_release(GateMPDrv.o)
 .data          0x000532b4        0x0 /home/liao/src/syslink/packages/ti/syslink/lib/syslink.a_release(GateMutex.o)
 .data          0x000532b4        0x0 /home/liao/src/syslink/packages/ti/syslink/lib/syslink.a_release(Memory.o)
 .data          0x000532b4        0x0 /home/liao/src/syslink/packages/ti/syslink/lib/syslink.a_release(List.o)
 .data          0x000532b4        0x0 /home/liao/src/syslink/packages/ti/syslink/lib/syslink.a_release(String.o)
 .data          0x000532b4        0x0 /home/liao/src/syslink/packages/ti/syslink/lib/syslink.a_release(Trace.o)
 .data          0x000532b4        0x4 /home/liao/src/syslink/packages/ti/syslink/lib/syslink.a_release(NameServer.o)
                0x000532b4                NameServer_module
 .data          0x000532b8        0x4 /home/liao/src/syslink/packages/ti/syslink/lib/syslink.a_release(MultiProc.o)
                0x000532b8                MultiProc_module
 .data          0x000532bc        0xc /home/liao/src/syslink/packages/ti/syslink/lib/syslink.a_release(Gate.o)
                0x000532bc                Gate_systemObject
                0x000532c4                Gate_systemHandle
 .data          0x000532c8        0x0 /home/liao/src/syslink/packages/ti/syslink/lib/syslink.a_release(SysLink.o)
 .data          0x000532c8        0x0 /home/liao/src/syslink/packages/ti/syslink/lib/syslink.a_release(Cache.o)
 .data          0x000532c8        0x0 /home/liao/src/syslink/packages/ti/syslink/lib/syslink.a_release(NameServerDrv.o)
 .data          0x000532c8        0x0 /home/liao/src/syslink/packages/ti/syslink/lib/syslink.a_release(MultiProcDrv.o)
 .data          0x000532c8        0x0 /home/liao/src/syslink/packages/ti/syslink/lib/syslink.a_release(TraceDrv.o)
 .data          0x000532c8        0x0 /home/liao/src/syslink/packages/ti/syslink/lib/syslink.a_release(CacheDrv.o)
 .data          0x000532c8        0x0 /home/liao/src/syslink/packages/ti/syslink/lib/syslink.a_release(MemoryOS.o)
 .data          0x000532c8        0x4 /home/liao/src/syslink/packages/ti/syslink/lib/syslink.a_release(OsalDrv.o)
 .data          0x000532cc        0x0 /home/liao/src/syslink/packages/ti/syslink/lib/syslink.a_release(OsalMutex.o)
 .data          0x000532cc        0x0 /home/liao/src/syslink/packages/ti/syslink/lib/syslink.a_release(OsalPrint.o)
 .data          0x000532cc        0x0 /home/liao/src/syslink/packages/ti/syslink/lib/syslink.a_release(ProcMgr.o)
 .data          0x000532cc        0x4 /home/liao/src/syslink/packages/ti/syslink/lib/syslink.a_release(ProcMgrDrvUsr.o)
 .data          0x000532d0        0x0 /home/liao/src/syslink/packages/ti/syslink/lib/syslink.a_release(FrameQ_common.o)
 .data          0x000532d0        0x4 /home/liao/src/syslink/packages/ti/syslink/lib/syslink.a_release(ListMP.o)
                0x000532d0                ListMP_module
 .data          0x000532d4        0x0 /home/liao/src/syslink/packages/ti/syslink/lib/syslink.a_release(ListMPDrv.o)
 .data          0x000532d4        0x0 syslinksamples.o_debug
 .data          0x000532d4        0x0 slaveloader.o_debug
 .data          0x000532d4        0x0 /opt/linux-devkit/bin/../arm-arago-linux-gnueabi/usr/lib/./libc_nonshared.a(elf-init.oS)
 .data          0x000532d4        0x0 /opt/linux-devkit/bin/../lib/gcc/arm-arago-linux-gnueabi/4.5.3/libgcc.a(_udivsi3.o)
 .data          0x000532d4        0x0 /opt/linux-devkit/bin/../lib/gcc/arm-arago-linux-gnueabi/4.5.3/libgcc.a(_dvmd_lnx.o)
 .data          0x000532d4        0x0 /opt/linux-devkit/bin/../lib/gcc/arm-arago-linux-gnueabi/4.5.3/crtend.o
 .data          0x000532d4        0x0 /opt/linux-devkit/bin/../arm-arago-linux-gnueabi/usr/lib/crtn.o

.data1
 *(.data1)
                0x000532d4                _edata = .
                0x000532d4                PROVIDE (edata, .)
                0x000532d4                __bss_start = .
                0x000532d4                __bss_start__ = .

.bss            0x000532d4    0x2d75c
 *(.dynbss)
 .dynbss        0x00000000        0x0 /opt/linux-devkit/bin/../arm-arago-linux-gnueabi/usr/lib/crti.o
 *(.bss .bss.* .gnu.linkonce.b.*)
 .bss           0x000532d4        0x0 /opt/linux-devkit/bin/../arm-arago-linux-gnueabi/usr/lib/crt1.o
 .bss           0x000532d4        0x0 /opt/linux-devkit/bin/../arm-arago-linux-gnueabi/usr/lib/crti.o
 .bss           0x000532d4        0x1 /opt/linux-devkit/bin/../lib/gcc/arm-arago-linux-gnueabi/4.5.3/crtbegin.o
 .bss           0x000532d5        0x0 bin/release/obj/main.ov5T
 *fill*         0x000532d5        0x3 00
 .bss           0x000532d8        0x4 bin/release/obj/syslink.ov5T
 .bss           0x000532dc        0x0 bin/release/obj/pseudo.ov5T
 .bss           0x000532dc      0x120 /home/liao/src/syslink/packages/ti/syslink/lib/syslink.a_release(SharedRegion.o)
                0x000532dc                SharedRegion_state
 .bss           0x000533fc       0x14 /home/liao/src/syslink/packages/ti/syslink/lib/syslink.a_release(Notify.o)
                0x000533fc                Notify_state
 .bss           0x00053410        0x4 /home/liao/src/syslink/packages/ti/syslink/lib/syslink.a_release(MessageQ.o)
                0x00053410                MessageQ_state
 .bss           0x00053414       0x34 /home/liao/src/syslink/packages/ti/syslink/lib/syslink.a_release(Ipc.o)
                0x00053414                SysLinkCfg_sysMemMap
                0x0005341c                SysLink_params
                0x00053420                Ipc_state
 .bss           0x00053448        0xc /home/liao/src/syslink/packages/ti/syslink/lib/syslink.a_release(RingIO.o)
                0x00053448                RingIO_state
 .bss           0x00053454        0x8 /home/liao/src/syslink/packages/ti/syslink/lib/syslink.a_release(RingIOShm.o)
                0x00053454                RingIOShm_state
 .bss           0x0005345c       0x20 /home/liao/src/syslink/packages/ti/syslink/lib/syslink.a_release(FrameQ.o)
                0x0005345c                FrameQ_module_obj
 .bss           0x0005347c       0x20 /home/liao/src/syslink/packages/ti/syslink/lib/syslink.a_release(FrameQBufMgr.o)
                0x0005347c                FrameQBufMgr_module_obj
 .bss           0x0005349c    0x2d024 /home/liao/src/syslink/packages/ti/syslink/lib/syslink.a_release(ClientNotifyMgr.o)
                0x0005349c                ClientNotifyMgr_module_obj
 .bss           0x000804c0        0x4 /home/liao/src/syslink/packages/ti/syslink/lib/syslink.a_release(HeapMemMP.o)
                0x000804c0                HeapMemMP_state
 .bss           0x000804c4        0x4 /home/liao/src/syslink/packages/ti/syslink/lib/syslink.a_release(HeapBufMP.o)
                0x000804c4                HeapBufMP_state
 .bss           0x000804c8       0x1c /home/liao/src/syslink/packages/ti/syslink/lib/syslink.a_release(GateMP.o)
 .bss           0x000804e4        0x8 /home/liao/src/syslink/packages/ti/syslink/lib/syslink.a_release(SharedRegionDrv.o)
 .bss           0x000804ec        0xc /home/liao/src/syslink/packages/ti/syslink/lib/syslink.a_release(NotifyDrvUsr.o)
 .bss           0x000804f8        0x8 /home/liao/src/syslink/packages/ti/syslink/lib/syslink.a_release(HeapBufMPDrv.o)
 .bss           0x00080500        0x8 /home/liao/src/syslink/packages/ti/syslink/lib/syslink.a_release(MessageQDrv.o)
 .bss           0x00080508        0x8 /home/liao/src/syslink/packages/ti/syslink/lib/syslink.a_release(IpcDrv.o)
 .bss           0x00080510        0x8 /home/liao/src/syslink/packages/ti/syslink/lib/syslink.a_release(FrameQDrv.o)
 .bss           0x00080518        0x8 /home/liao/src/syslink/packages/ti/syslink/lib/syslink.a_release(FrameQBufMgrDrv.o)
 .bss           0x00080520        0x8 /home/liao/src/syslink/packages/ti/syslink/lib/syslink.a_release(ClientNotifyMgrDrv.o)
 .bss           0x00080528        0x8 /home/liao/src/syslink/packages/ti/syslink/lib/syslink.a_release(RingIODrv.o)
 .bss           0x00080530        0x8 /home/liao/src/syslink/packages/ti/syslink/lib/syslink.a_release(RingIOShmDrv.o)
 .bss           0x00080538        0x8 /home/liao/src/syslink/packages/ti/syslink/lib/syslink.a_release(HeapMemMPDrv.o)
 .bss           0x00080540        0x8 /home/liao/src/syslink/packages/ti/syslink/lib/syslink.a_release(GateMPDrv.o)
 .bss           0x00080548        0x4 /home/liao/src/syslink/packages/ti/syslink/lib/syslink.a_release(GateMutex.o)
 .bss           0x0008054c        0x0 /home/liao/src/syslink/packages/ti/syslink/lib/syslink.a_release(Memory.o)
 .bss           0x0008054c        0x0 /home/liao/src/syslink/packages/ti/syslink/lib/syslink.a_release(List.o)
 .bss           0x0008054c        0x0 /home/liao/src/syslink/packages/ti/syslink/lib/syslink.a_release(String.o)
 .bss           0x0008054c        0x4 /home/liao/src/syslink/packages/ti/syslink/lib/syslink.a_release(Trace.o)
                0x0008054c                curTrace
 .bss           0x00080550        0xc /home/liao/src/syslink/packages/ti/syslink/lib/syslink.a_release(NameServer.o)
                0x00080550                NameServer_state
 .bss           0x0008055c      0x298 /home/liao/src/syslink/packages/ti/syslink/lib/syslink.a_release(MultiProc.o)
                0x0008055c                MultiProc_state
 .bss           0x000807f4       0x18 /home/liao/src/syslink/packages/ti/syslink/lib/syslink.a_release(Gate.o)
                0x000807f4                staticMutex
 .bss           0x0008080c        0x0 /home/liao/src/syslink/packages/ti/syslink/lib/syslink.a_release(SysLink.o)
 .bss           0x0008080c        0x0 /home/liao/src/syslink/packages/ti/syslink/lib/syslink.a_release(Cache.o)
 .bss           0x0008080c        0x8 /home/liao/src/syslink/packages/ti/syslink/lib/syslink.a_release(NameServerDrv.o)
 .bss           0x00080814        0x8 /home/liao/src/syslink/packages/ti/syslink/lib/syslink.a_release(MultiProcDrv.o)
 .bss           0x0008081c        0x0 /home/liao/src/syslink/packages/ti/syslink/lib/syslink.a_release(TraceDrv.o)
 .bss           0x0008081c        0x0 /home/liao/src/syslink/packages/ti/syslink/lib/syslink.a_release(CacheDrv.o)
 .bss           0x0008081c       0x18 /home/liao/src/syslink/packages/ti/syslink/lib/syslink.a_release(MemoryOS.o)
 .bss           0x00080834        0x4 /home/liao/src/syslink/packages/ti/syslink/lib/syslink.a_release(OsalDrv.o)
 .bss           0x00080838        0x0 /home/liao/src/syslink/packages/ti/syslink/lib/syslink.a_release(OsalMutex.o)
 .bss           0x00080838        0x0 /home/liao/src/syslink/packages/ti/syslink/lib/syslink.a_release(OsalPrint.o)
 .bss           0x00080838       0x2c /home/liao/src/syslink/packages/ti/syslink/lib/syslink.a_release(ProcMgr.o)
                0x00080838                ProcMgr_state
 .bss           0x00080864        0x4 /home/liao/src/syslink/packages/ti/syslink/lib/syslink.a_release(ProcMgrDrvUsr.o)
 .bss           0x00080868        0x0 /home/liao/src/syslink/packages/ti/syslink/lib/syslink.a_release(FrameQ_common.o)
 .bss           0x00080868        0x4 /home/liao/src/syslink/packages/ti/syslink/lib/syslink.a_release(ListMP.o)
                0x00080868                ListMP_state
 .bss           0x0008086c        0x8 /home/liao/src/syslink/packages/ti/syslink/lib/syslink.a_release(ListMPDrv.o)
 .bss           0x00080874        0x4 syslinksamples.o_debug
                0x00080874                SysLinkSamples_oldTraceMask
 .bss           0x00080878        0x0 slaveloader.o_debug
 .bss           0x00080878        0x0 /opt/linux-devkit/bin/../arm-arago-linux-gnueabi/usr/lib/./libc_nonshared.a(elf-init.oS)
 .bss           0x00080878        0x0 /opt/linux-devkit/bin/../lib/gcc/arm-arago-linux-gnueabi/4.5.3/libgcc.a(_udivsi3.o)
 .bss           0x00080878        0x0 /opt/linux-devkit/bin/../lib/gcc/arm-arago-linux-gnueabi/4.5.3/libgcc.a(_dvmd_lnx.o)
 .bss           0x00080878        0x0 /opt/linux-devkit/bin/../lib/gcc/arm-arago-linux-gnueabi/4.5.3/crtend.o
 .bss           0x00080878        0x0 /opt/linux-devkit/bin/../arm-arago-linux-gnueabi/usr/lib/crtn.o
 *(COMMON)
 COMMON         0x00080878      0x17c bin/release/obj/syslink.ov5T
                0x00080878                syslink
 COMMON         0x000809f4        0x4 /home/liao/src/syslink/packages/ti/syslink/lib/syslink.a_release(NameServer.o)
                0x000809f4                NameServer_Object
 COMMON         0x000809f8       0x10 /home/liao/src/syslink/packages/ti/syslink/lib/syslink.a_release(MemoryOS.o)
                0x000809f8                MemoryOS_state
 COMMON         0x00080a08       0x28 syslinksamples.o_debug
                0x00080a08                SysLinkSamples_runProcIds
                0x00080a1c                SysLinkSamples_availableProcIds
                0x00080a30                . = ALIGN ((. != 0x0)?0x4:0x1)
                0x00080a30                _bss_end__ = .
                0x00080a30                __bss_end__ = .
                0x00080a30                . = ALIGN (0x4)
                0x00080a30                . = ALIGN (0x4)
                0x00080a30                __end__ = .
                0x00080a30                _end = .
                0x00080a30                PROVIDE (end, .)
                0x00080a30                . = DATA_SEGMENT_END (.)

.stab
 *(.stab)

.stabstr
 *(.stabstr)

.stab.excl
 *(.stab.excl)

.stab.exclstr
 *(.stab.exclstr)

.stab.index
 *(.stab.index)

.stab.indexstr
 *(.stab.indexstr)

.ARM.attributes
                0x00000000       0x29
 .ARM.attributes
                0x00000000       0x29 /opt/linux-devkit/bin/../arm-arago-linux-gnueabi/usr/lib/crt1.o
 .ARM.attributes
                0x00000029       0x2b /opt/linux-devkit/bin/../arm-arago-linux-gnueabi/usr/lib/crti.o
 .ARM.attributes
                0x00000054       0x32 /opt/linux-devkit/bin/../lib/gcc/arm-arago-linux-gnueabi/4.5.3/crtbegin.o
 .ARM.attributes
                0x00000086       0x2a bin/release/obj/main.ov5T
 .ARM.attributes
                0x000000b0       0x2a bin/release/obj/syslink.ov5T
 .ARM.attributes
                0x000000da       0x2a bin/release/obj/pseudo.ov5T
 .ARM.attributes
                0x00000104       0x32 /home/liao/src/syslink/packages/ti/syslink/lib/syslink.a_release(SharedRegion.o)
 .ARM.attributes
                0x00000136       0x32 /home/liao/src/syslink/packages/ti/syslink/lib/syslink.a_release(Notify.o)
 .ARM.attributes
                0x00000168       0x32 /home/liao/src/syslink/packages/ti/syslink/lib/syslink.a_release(MessageQ.o)
 .ARM.attributes
                0x0000019a       0x32 /home/liao/src/syslink/packages/ti/syslink/lib/syslink.a_release(Ipc.o)
 .ARM.attributes
                0x000001cc       0x32 /home/liao/src/syslink/packages/ti/syslink/lib/syslink.a_release(RingIO.o)
 .ARM.attributes
                0x000001fe       0x32 /home/liao/src/syslink/packages/ti/syslink/lib/syslink.a_release(RingIOShm.o)
 .ARM.attributes
                0x00000230       0x32 /home/liao/src/syslink/packages/ti/syslink/lib/syslink.a_release(FrameQ.o)
 .ARM.attributes
                0x00000262       0x32 /home/liao/src/syslink/packages/ti/syslink/lib/syslink.a_release(FrameQBufMgr.o)
 .ARM.attributes
                0x00000294       0x32 /home/liao/src/syslink/packages/ti/syslink/lib/syslink.a_release(ClientNotifyMgr.o)
 .ARM.attributes
                0x000002c6       0x32 /home/liao/src/syslink/packages/ti/syslink/lib/syslink.a_release(HeapMemMP.o)
 .ARM.attributes
                0x000002f8       0x32 /home/liao/src/syslink/packages/ti/syslink/lib/syslink.a_release(HeapBufMP.o)
 .ARM.attributes
                0x0000032a       0x32 /home/liao/src/syslink/packages/ti/syslink/lib/syslink.a_release(GateMP.o)
 .ARM.attributes
                0x0000035c       0x32 /home/liao/src/syslink/packages/ti/syslink/lib/syslink.a_release(SharedRegionDrv.o)
 .ARM.attributes
                0x0000038e       0x32 /home/liao/src/syslink/packages/ti/syslink/lib/syslink.a_release(NotifyDrvUsr.o)
 .ARM.attributes
                0x000003c0       0x32 /home/liao/src/syslink/packages/ti/syslink/lib/syslink.a_release(HeapBufMPDrv.o)
 .ARM.attributes
                0x000003f2       0x32 /home/liao/src/syslink/packages/ti/syslink/lib/syslink.a_release(MessageQDrv.o)
 .ARM.attributes
                0x00000424       0x32 /home/liao/src/syslink/packages/ti/syslink/lib/syslink.a_release(IpcDrv.o)
 .ARM.attributes
                0x00000456       0x32 /home/liao/src/syslink/packages/ti/syslink/lib/syslink.a_release(FrameQDrv.o)
 .ARM.attributes
                0x00000488       0x32 /home/liao/src/syslink/packages/ti/syslink/lib/syslink.a_release(FrameQBufMgrDrv.o)
 .ARM.attributes
                0x000004ba       0x32 /home/liao/src/syslink/packages/ti/syslink/lib/syslink.a_release(ClientNotifyMgrDrv.o)
 .ARM.attributes
                0x000004ec       0x32 /home/liao/src/syslink/packages/ti/syslink/lib/syslink.a_release(RingIODrv.o)
 .ARM.attributes
                0x0000051e       0x32 /home/liao/src/syslink/packages/ti/syslink/lib/syslink.a_release(RingIOShmDrv.o)
 .ARM.attributes
                0x00000550       0x32 /home/liao/src/syslink/packages/ti/syslink/lib/syslink.a_release(HeapMemMPDrv.o)
 .ARM.attributes
                0x00000582       0x32 /home/liao/src/syslink/packages/ti/syslink/lib/syslink.a_release(GateMPDrv.o)
 .ARM.attributes
                0x000005b4       0x32 /home/liao/src/syslink/packages/ti/syslink/lib/syslink.a_release(GateMutex.o)
 .ARM.attributes
                0x000005e6       0x32 /home/liao/src/syslink/packages/ti/syslink/lib/syslink.a_release(Memory.o)
 .ARM.attributes
                0x00000618       0x32 /home/liao/src/syslink/packages/ti/syslink/lib/syslink.a_release(List.o)
 .ARM.attributes
                0x0000064a       0x32 /home/liao/src/syslink/packages/ti/syslink/lib/syslink.a_release(String.o)
 .ARM.attributes
                0x0000067c       0x32 /home/liao/src/syslink/packages/ti/syslink/lib/syslink.a_release(Trace.o)
 .ARM.attributes
                0x000006ae       0x32 /home/liao/src/syslink/packages/ti/syslink/lib/syslink.a_release(NameServer.o)
 .ARM.attributes
                0x000006e0       0x32 /home/liao/src/syslink/packages/ti/syslink/lib/syslink.a_release(MultiProc.o)
 .ARM.attributes
                0x00000712       0x32 /home/liao/src/syslink/packages/ti/syslink/lib/syslink.a_release(Gate.o)
 .ARM.attributes
                0x00000744       0x32 /home/liao/src/syslink/packages/ti/syslink/lib/syslink.a_release(SysLink.o)
 .ARM.attributes
                0x00000776       0x32 /home/liao/src/syslink/packages/ti/syslink/lib/syslink.a_release(Cache.o)
 .ARM.attributes
                0x000007a8       0x32 /home/liao/src/syslink/packages/ti/syslink/lib/syslink.a_release(NameServerDrv.o)
 .ARM.attributes
                0x000007da       0x32 /home/liao/src/syslink/packages/ti/syslink/lib/syslink.a_release(MultiProcDrv.o)
 .ARM.attributes
                0x0000080c       0x32 /home/liao/src/syslink/packages/ti/syslink/lib/syslink.a_release(TraceDrv.o)
 .ARM.attributes
                0x0000083e       0x32 /home/liao/src/syslink/packages/ti/syslink/lib/syslink.a_release(CacheDrv.o)
 .ARM.attributes
                0x00000870       0x32 /home/liao/src/syslink/packages/ti/syslink/lib/syslink.a_release(MemoryOS.o)
 .ARM.attributes
                0x000008a2       0x32 /home/liao/src/syslink/packages/ti/syslink/lib/syslink.a_release(OsalDrv.o)
 .ARM.attributes
                0x000008d4       0x32 /home/liao/src/syslink/packages/ti/syslink/lib/syslink.a_release(OsalMutex.o)
 .ARM.attributes
                0x00000906       0x32 /home/liao/src/syslink/packages/ti/syslink/lib/syslink.a_release(OsalPrint.o)
 .ARM.attributes
                0x00000938       0x32 /home/liao/src/syslink/packages/ti/syslink/lib/syslink.a_release(ProcMgr.o)
 .ARM.attributes
                0x0000096a       0x32 /home/liao/src/syslink/packages/ti/syslink/lib/syslink.a_release(ProcMgrDrvUsr.o)
 .ARM.attributes
                0x0000099c       0x32 /home/liao/src/syslink/packages/ti/syslink/lib/syslink.a_release(FrameQ_common.o)
 .ARM.attributes
                0x000009ce       0x32 /home/liao/src/syslink/packages/ti/syslink/lib/syslink.a_release(ListMP.o)
 .ARM.attributes
                0x00000a00       0x32 /home/liao/src/syslink/packages/ti/syslink/lib/syslink.a_release(ListMPDrv.o)
 .ARM.attributes
                0x00000a32       0x32 syslinksamples.o_debug
 .ARM.attributes
                0x00000a64       0x32 slaveloader.o_debug
 .ARM.attributes
                0x00000a96       0x2b /opt/linux-devkit/bin/../arm-arago-linux-gnueabi/usr/lib/./libc_nonshared.a(elf-init.oS)
 .ARM.attributes
                0x00000ac1       0x18 /opt/linux-devkit/bin/../lib/gcc/arm-arago-linux-gnueabi/4.5.3/libgcc.a(_udivsi3.o)
 .ARM.attributes
                0x00000ad9       0x18 /opt/linux-devkit/bin/../lib/gcc/arm-arago-linux-gnueabi/4.5.3/libgcc.a(_dvmd_lnx.o)
 .ARM.attributes
                0x00000af1       0x32 /opt/linux-devkit/bin/../lib/gcc/arm-arago-linux-gnueabi/4.5.3/crtend.o
 .ARM.attributes
                0x00000b23       0x2b /opt/linux-devkit/bin/../arm-arago-linux-gnueabi/usr/lib/crtn.o

.comment        0x00000000       0x27
 *(.comment)
 .comment       0x00000000       0x27 /opt/linux-devkit/bin/../arm-arago-linux-gnueabi/usr/lib/crt1.o
                                 0x28 (size before relaxing)
 .comment       0x00000000       0x28 /opt/linux-devkit/bin/../arm-arago-linux-gnueabi/usr/lib/crti.o
 .comment       0x00000000       0x28 /opt/linux-devkit/bin/../lib/gcc/arm-arago-linux-gnueabi/4.5.3/crtbegin.o
 .comment       0x00000000       0x28 bin/release/obj/main.ov5T
 .comment       0x00000000       0x28 bin/release/obj/syslink.ov5T
 .comment       0x00000000       0x28 bin/release/obj/pseudo.ov5T
 .comment       0x00000000       0x28 /home/liao/src/syslink/packages/ti/syslink/lib/syslink.a_release(SharedRegion.o)
 .comment       0x00000000       0x28 /home/liao/src/syslink/packages/ti/syslink/lib/syslink.a_release(Notify.o)
 .comment       0x00000000       0x28 /home/liao/src/syslink/packages/ti/syslink/lib/syslink.a_release(MessageQ.o)
 .comment       0x00000000       0x28 /home/liao/src/syslink/packages/ti/syslink/lib/syslink.a_release(Ipc.o)
 .comment       0x00000000       0x28 /home/liao/src/syslink/packages/ti/syslink/lib/syslink.a_release(RingIO.o)
 .comment       0x00000000       0x28 /home/liao/src/syslink/packages/ti/syslink/lib/syslink.a_release(RingIOShm.o)
 .comment       0x00000000       0x28 /home/liao/src/syslink/packages/ti/syslink/lib/syslink.a_release(FrameQ.o)
 .comment       0x00000000       0x28 /home/liao/src/syslink/packages/ti/syslink/lib/syslink.a_release(FrameQBufMgr.o)
 .comment       0x00000000       0x28 /home/liao/src/syslink/packages/ti/syslink/lib/syslink.a_release(ClientNotifyMgr.o)
 .comment       0x00000000       0x28 /home/liao/src/syslink/packages/ti/syslink/lib/syslink.a_release(HeapMemMP.o)
 .comment       0x00000000       0x28 /home/liao/src/syslink/packages/ti/syslink/lib/syslink.a_release(HeapBufMP.o)
 .comment       0x00000000       0x28 /home/liao/src/syslink/packages/ti/syslink/lib/syslink.a_release(GateMP.o)
 .comment       0x00000000       0x28 /home/liao/src/syslink/packages/ti/syslink/lib/syslink.a_release(SharedRegionDrv.o)
 .comment       0x00000000       0x28 /home/liao/src/syslink/packages/ti/syslink/lib/syslink.a_release(NotifyDrvUsr.o)
 .comment       0x00000000       0x28 /home/liao/src/syslink/packages/ti/syslink/lib/syslink.a_release(HeapBufMPDrv.o)
 .comment       0x00000000       0x28 /home/liao/src/syslink/packages/ti/syslink/lib/syslink.a_release(MessageQDrv.o)
 .comment       0x00000000       0x28 /home/liao/src/syslink/packages/ti/syslink/lib/syslink.a_release(IpcDrv.o)
 .comment       0x00000000       0x28 /home/liao/src/syslink/packages/ti/syslink/lib/syslink.a_release(FrameQDrv.o)
 .comment       0x00000000       0x28 /home/liao/src/syslink/packages/ti/syslink/lib/syslink.a_release(FrameQBufMgrDrv.o)
 .comment       0x00000000       0x28 /home/liao/src/syslink/packages/ti/syslink/lib/syslink.a_release(ClientNotifyMgrDrv.o)
 .comment       0x00000000       0x28 /home/liao/src/syslink/packages/ti/syslink/lib/syslink.a_release(RingIODrv.o)
 .comment       0x00000000       0x28 /home/liao/src/syslink/packages/ti/syslink/lib/syslink.a_release(RingIOShmDrv.o)
 .comment       0x00000000       0x28 /home/liao/src/syslink/packages/ti/syslink/lib/syslink.a_release(HeapMemMPDrv.o)
 .comment       0x00000000       0x28 /home/liao/src/syslink/packages/ti/syslink/lib/syslink.a_release(GateMPDrv.o)
 .comment       0x00000000       0x28 /home/liao/src/syslink/packages/ti/syslink/lib/syslink.a_release(GateMutex.o)
 .comment       0x00000000       0x28 /home/liao/src/syslink/packages/ti/syslink/lib/syslink.a_release(Memory.o)
 .comment       0x00000000       0x28 /home/liao/src/syslink/packages/ti/syslink/lib/syslink.a_release(List.o)
 .comment       0x00000000       0x28 /home/liao/src/syslink/packages/ti/syslink/lib/syslink.a_release(String.o)
 .comment       0x00000000       0x28 /home/liao/src/syslink/packages/ti/syslink/lib/syslink.a_release(Trace.o)
 .comment       0x00000000       0x28 /home/liao/src/syslink/packages/ti/syslink/lib/syslink.a_release(NameServer.o)
 .comment       0x00000000       0x28 /home/liao/src/syslink/packages/ti/syslink/lib/syslink.a_release(MultiProc.o)
 .comment       0x00000000       0x28 /home/liao/src/syslink/packages/ti/syslink/lib/syslink.a_release(Gate.o)
 .comment       0x00000000       0x28 /home/liao/src/syslink/packages/ti/syslink/lib/syslink.a_release(SysLink.o)
 .comment       0x00000000       0x28 /home/liao/src/syslink/packages/ti/syslink/lib/syslink.a_release(Cache.o)
 .comment       0x00000000       0x28 /home/liao/src/syslink/packages/ti/syslink/lib/syslink.a_release(NameServerDrv.o)
 .comment       0x00000000       0x28 /home/liao/src/syslink/packages/ti/syslink/lib/syslink.a_release(MultiProcDrv.o)
 .comment       0x00000000       0x28 /home/liao/src/syslink/packages/ti/syslink/lib/syslink.a_release(TraceDrv.o)
 .comment       0x00000000       0x28 /home/liao/src/syslink/packages/ti/syslink/lib/syslink.a_release(CacheDrv.o)
 .comment       0x00000000       0x28 /home/liao/src/syslink/packages/ti/syslink/lib/syslink.a_release(MemoryOS.o)
 .comment       0x00000000       0x28 /home/liao/src/syslink/packages/ti/syslink/lib/syslink.a_release(OsalDrv.o)
 .comment       0x00000000       0x28 /home/liao/src/syslink/packages/ti/syslink/lib/syslink.a_release(OsalMutex.o)
 .comment       0x00000000       0x28 /home/liao/src/syslink/packages/ti/syslink/lib/syslink.a_release(OsalPrint.o)
 .comment       0x00000000       0x28 /home/liao/src/syslink/packages/ti/syslink/lib/syslink.a_release(ProcMgr.o)
 .comment       0x00000000       0x28 /home/liao/src/syslink/packages/ti/syslink/lib/syslink.a_release(ProcMgrDrvUsr.o)
 .comment       0x00000000       0x28 /home/liao/src/syslink/packages/ti/syslink/lib/syslink.a_release(FrameQ_common.o)
 .comment       0x00000000       0x28 /home/liao/src/syslink/packages/ti/syslink/lib/syslink.a_release(ListMP.o)
 .comment       0x00000000       0x28 /home/liao/src/syslink/packages/ti/syslink/lib/syslink.a_release(ListMPDrv.o)
 .comment       0x00000000       0x50 syslinksamples.o_debug
 .comment       0x00000000       0x28 slaveloader.o_debug
 .comment       0x00000000       0x28 /opt/linux-devkit/bin/../arm-arago-linux-gnueabi/usr/lib/./libc_nonshared.a(elf-init.oS)
 .comment       0x00000000       0x28 /opt/linux-devkit/bin/../lib/gcc/arm-arago-linux-gnueabi/4.5.3/crtend.o
 .comment       0x00000000       0x28 /opt/linux-devkit/bin/../arm-arago-linux-gnueabi/usr/lib/crtn.o

.debug
 *(.debug)

.line
 *(.line)

.debug_srcinfo
 *(.debug_srcinfo)

.debug_sfnames
 *(.debug_sfnames)

.debug_aranges  0x00000000       0xc0
 *(.debug_aranges)
 .debug_aranges
                0x00000000       0x40 syslinksamples.o_debug
 .debug_aranges
                0x00000040       0x20 slaveloader.o_debug
 .debug_aranges
                0x00000060       0x20 /opt/linux-devkit/bin/../arm-arago-linux-gnueabi/usr/lib/./libc_nonshared.a(elf-init.oS)
 .debug_aranges
                0x00000080       0x20 /opt/linux-devkit/bin/../lib/gcc/arm-arago-linux-gnueabi/4.5.3/libgcc.a(_udivsi3.o)
 .debug_aranges
                0x000000a0       0x20 /opt/linux-devkit/bin/../lib/gcc/arm-arago-linux-gnueabi/4.5.3/libgcc.a(_dvmd_lnx.o)

.debug_pubnames
                0x00000000      0x25c
 *(.debug_pubnames)
 .debug_pubnames
                0x00000000       0x25 /opt/linux-devkit/bin/../arm-arago-linux-gnueabi/usr/lib/crt1.o
 .debug_pubnames
                0x00000025      0x182 syslinksamples.o_debug
 .debug_pubnames
                0x000001a7       0x7b slaveloader.o_debug
 .debug_pubnames
                0x00000222       0x3a /opt/linux-devkit/bin/../arm-arago-linux-gnueabi/usr/lib/./libc_nonshared.a(elf-init.oS)

.debug_info     0x00000000     0x230f
 *(.debug_info .gnu.linkonce.wi.*)
 .debug_info    0x00000000       0x8e /opt/linux-devkit/bin/../arm-arago-linux-gnueabi/usr/lib/crt1.o
 .debug_info    0x0000008e      0x9c7 syslinksamples.o_debug