Archive member included because of file (symbol)

/home/liao/src/syslink/packages/ti/syslink/lib/syslink.a_release(SharedRegion.o)
                              bin/release/obj/syslink.ov5T (SharedRegion_getId)
/home/liao/src/syslink/packages/ti/syslink/lib/syslink.a_release(Notify.o)
                              bin/release/obj/syslink.ov5T (Notify_sendEvent)
/home/liao/src/syslink/packages/ti/syslink/lib/syslink.a_release(MessageQ.o)
                              bin/release/obj/syslink.ov5T (MessageQ_create)
/home/liao/src/syslink/packages/ti/syslink/lib/syslink.a_release(Ipc.o)
                              bin/release/obj/syslink.ov5T (Ipc_control)
/home/liao/src/syslink/packages/ti/syslink/lib/syslink.a_release(RingIO.o)
                              /home/liao/src/syslink/packages/ti/syslink/lib/syslink.a_release(Ipc.o) (RingIO_getConfig)
/home/liao/src/syslink/packages/ti/syslink/lib/syslink.a_release(RingIOShm.o)
                              /home/liao/src/syslink/packages/ti/syslink/lib/syslink.a_release(Ipc.o) (RingIOShm_getConfig)
/home/liao/src/syslink/packages/ti/syslink/lib/syslink.a_release(FrameQ.o)
                              /home/liao/src/syslink/packages/ti/syslink/lib/syslink.a_release(Ipc.o) (FrameQ_getConfig)
/home/liao/src/syslink/packages/ti/syslink/lib/syslink.a_release(FrameQBufMgr.o)
                              /home/liao/src/syslink/packages/ti/syslink/lib/syslink.a_release(Ipc.o) (FrameQBufMgr_getConfig)
/home/liao/src/syslink/packages/ti/syslink/lib/syslink.a_release(ClientNotifyMgr.o)
                              /home/liao/src/syslink/packages/ti/syslink/lib/syslink.a_release(RingIO.o) (ClientNotifyMgr_sharedMemReq)
/home/liao/src/syslink/packages/ti/syslink/lib/syslink.a_release(HeapMemMP.o)
                              /home/liao/src/syslink/packages/ti/syslink/lib/syslink.a_release(Ipc.o) (HeapMemMP_getConfig)
/home/liao/src/syslink/packages/ti/syslink/lib/syslink.a_release(HeapBufMP.o)
                              /home/liao/src/syslink/packages/ti/syslink/lib/syslink.a_release(Ipc.o) (HeapBufMP_getConfig)
/home/liao/src/syslink/packages/ti/syslink/lib/syslink.a_release(GateMP.o)
                              /home/liao/src/syslink/packages/ti/syslink/lib/syslink.a_release(ClientNotifyMgr.o) (GateMP_enter)
/home/liao/src/syslink/packages/ti/syslink/lib/syslink.a_release(SharedRegionDrv.o)
                              /home/liao/src/syslink/packages/ti/syslink/lib/syslink.a_release(SharedRegion.o) (SharedRegionDrv_open)
/home/liao/src/syslink/packages/ti/syslink/lib/syslink.a_release(NotifyDrvUsr.o)
                              /home/liao/src/syslink/packages/ti/syslink/lib/syslink.a_release(Notify.o) (NotifyDrvUsr_open)
/home/liao/src/syslink/packages/ti/syslink/lib/syslink.a_release(HeapBufMPDrv.o)
                              /home/liao/src/syslink/packages/ti/syslink/lib/syslink.a_release(HeapBufMP.o) (HeapBufMPDrv_open)
/home/liao/src/syslink/packages/ti/syslink/lib/syslink.a_release(MessageQDrv.o)
                              /home/liao/src/syslink/packages/ti/syslink/lib/syslink.a_release(MessageQ.o) (MessageQDrv_open)
/home/liao/src/syslink/packages/ti/syslink/lib/syslink.a_release(IpcDrv.o)
                              /home/liao/src/syslink/packages/ti/syslink/lib/syslink.a_release(Ipc.o) (IpcDrv_open)
/home/liao/src/syslink/packages/ti/syslink/lib/syslink.a_release(FrameQDrv.o)
                              /home/liao/src/syslink/packages/ti/syslink/lib/syslink.a_release(FrameQ.o) (FrameQDrv_open)
/home/liao/src/syslink/packages/ti/syslink/lib/syslink.a_release(FrameQBufMgrDrv.o)
                              /home/liao/src/syslink/packages/ti/syslink/lib/syslink.a_release(FrameQBufMgr.o) (FrameQBufMgrDrv_open)
/home/liao/src/syslink/packages/ti/syslink/lib/syslink.a_release(ClientNotifyMgrDrv.o)
                              /home/liao/src/syslink/packages/ti/syslink/lib/syslink.a_release(ClientNotifyMgr.o) (ClientNotifyMgrDrv_open)
/home/liao/src/syslink/packages/ti/syslink/lib/syslink.a_release(RingIODrv.o)
                              /home/liao/src/syslink/packages/ti/syslink/lib/syslink.a_release(RingIO.o) (RingIODrv_open)
/home/liao/src/syslink/packages/ti/syslink/lib/syslink.a_release(RingIOShmDrv.o)
                              /home/liao/src/syslink/packages/ti/syslink/lib/syslink.a_release(RingIOShm.o) (RingIOShmDrv_open)
/home/liao/src/syslink/packages/ti/syslink/lib/syslink.a_release(HeapMemMPDrv.o)
                              /home/liao/src/syslink/packages/ti/syslink/lib/syslink.a_release(HeapMemMP.o) (HeapMemMPDrv_open)
/home/liao/src/syslink/packages/ti/syslink/lib/syslink.a_release(GateMPDrv.o)
                              /home/liao/src/syslink/packages/ti/syslink/lib/syslink.a_release(GateMP.o) (GateMPDrv_open)
/home/liao/src/syslink/packages/ti/syslink/lib/syslink.a_release(GateMutex.o)
                              /home/liao/src/syslink/packages/ti/syslink/lib/syslink.a_release(SharedRegion.o) (GateMutex_create)
[...]
Memory Configuration

Name             Origin             Length             Attributes
*default*        0x00000000         0xffffffff

Linker script and memory map

LOAD /opt/linux-devkit/bin/../arm-arago-linux-gnueabi/usr/lib/crt1.o
LOAD /opt/linux-devkit/bin/../arm-arago-linux-gnueabi/usr/lib/crti.o
LOAD /opt/linux-devkit/bin/../lib/gcc/arm-arago-linux-gnueabi/4.5.3/crtbegin.o
LOAD bin/release/obj/main.ov5T
LOAD bin/release/obj/syslink.ov5T
LOAD bin/release/obj/pseudo.ov5T
LOAD /home/liao/src/syslink/packages/ti/syslink/lib/syslink.a_release
LOAD syslinksamples.o_debug
LOAD slaveloader.o_debug
LOAD /opt/linux-devkit/bin/../arm-arago-linux-gnueabi/usr/lib/libpthread.so
START GROUP
LOAD /opt/linux-devkit/bin/../arm-arago-linux-gnueabi/usr/lib/../../lib/libpthread.so.0
LOAD /opt/linux-devkit/bin/../arm-arago-linux-gnueabi/usr/lib/./libpthread_nonshared.a
END GROUP
LOAD /opt/linux-devkit/bin/../arm-arago-linux-gnueabi/usr/lib/libc.so
START GROUP
LOAD /opt/linux-devkit/bin/../arm-arago-linux-gnueabi/usr/lib/../../lib/libc.so.6
LOAD /opt/linux-devkit/bin/../arm-arago-linux-gnueabi/usr/lib/./libc_nonshared.a
LOAD /opt/linux-devkit/bin/../arm-arago-linux-gnueabi/usr/lib/../../lib/ld-linux.so.3
END GROUP
LOAD /opt/linux-devkit/bin/../arm-arago-linux-gnueabi/usr/lib/librt.so
LOAD /opt/linux-devkit/bin/../lib/gcc/arm-arago-linux-gnueabi/4.5.3/libgcc.a
LOAD /opt/linux-devkit/bin/../lib/gcc/arm-arago-linux-gnueabi/4.5.3/../../../../arm-arago-linux-gnueabi/lib/libgcc_s.so
START GROUP
LOAD /opt/linux-devkit/bin/../lib/gcc/arm-arago-linux-gnueabi/4.5.3/../../../../arm-arago-linux-gnueabi/lib/libgcc_s.so.1
LOAD /opt/linux-devkit/bin/../lib/gcc/arm-arago-linux-gnueabi/4.5.3/libgcc.a
END GROUP
LOAD /opt/linux-devkit/bin/../arm-arago-linux-gnueabi/usr/lib/libc.so
START GROUP
LOAD /opt/linux-devkit/bin/../arm-arago-linux-gnueabi/usr/lib/../../lib/libc.so.6
LOAD /opt/linux-devkit/bin/../arm-arago-linux-gnueabi/usr/lib/./libc_nonshared.a
LOAD /opt/linux-devkit/bin/../arm-arago-linux-gnueabi/usr/lib/../../lib/ld-linux.so.3
END GROUP
LOAD /opt/linux-devkit/bin/../lib/gcc/arm-arago-linux-gnueabi/4.5.3/libgcc.a
LOAD /opt/linux-devkit/bin/../lib/gcc/arm-arago-linux-gnueabi/4.5.3/../../../../arm-arago-linux-gnueabi/lib/libgcc_s.so
START GROUP
LOAD /opt/linux-devkit/bin/../lib/gcc/arm-arago-linux-gnueabi/4.5.3/../../../../arm-arago-linux-gnueabi/lib/libgcc_s.so.1
LOAD /opt/linux-devkit/bin/../lib/gcc/arm-arago-linux-gnueabi/4.5.3/libgcc.a
END GROUP
LOAD /opt/linux-devkit/bin/../lib/gcc/arm-arago-linux-gnueabi/4.5.3/crtend.o
LOAD /opt/linux-devkit/bin/../arm-arago-linux-gnueabi/usr/lib/crtn.o
                0x00008000                PROVIDE (__executable_start, 0x8000)
                0x00008134                . = (0x8000 + SIZEOF_HEADERS)

.interp         0x00008134       0x13
 *(.interp)
 .interp        0x00008134       0x13 /opt/linux-devkit/bin/../arm-arago-linux-gnueabi/usr/lib/crti.o

.note.ABI-tag   0x00008148       0x20
 .note.ABI-tag  0x00008148       0x20 /opt/linux-devkit/bin/../arm-arago-linux-gnueabi/usr/lib/crt1.o

.note.gnu.build-id
 *(.note.gnu.build-id)

.hash           0x00008168      0x188
 *(.hash)
 .hash          0x00008168      0x188 /opt/linux-devkit/bin/../arm-arago-linux-gnueabi/usr/lib/crti.o

.gnu.hash
 *(.gnu.hash)

.dynsym         0x000082f0      0x3b0
 *(.dynsym)
 .dynsym        0x000082f0      0x3b0 /opt/linux-devkit/bin/../arm-arago-linux-gnueabi/usr/lib/crti.o

.dynstr         0x000086a0      0x238
 *(.dynstr)
 .dynstr        0x000086a0      0x238 /opt/linux-devkit/bin/../arm-arago-linux-gnueabi/usr/lib/crti.o

.gnu.version    0x000088d8       0x76
 *(.gnu.version)
 .gnu.version   0x000088d8       0x76 /opt/linux-devkit/bin/../arm-arago-linux-gnueabi/usr/lib/crti.o

.gnu.version_d  0x00008950        0x0 load address 0x0000894e
 *(.gnu.version_d)
 .gnu.version_d
                0x00000000        0x0 /opt/linux-devkit/bin/../arm-arago-linux-gnueabi/usr/lib/crti.o

.gnu.version_r  0x00008950       0x40
 *(.gnu.version_r)
 .gnu.version_r
                0x00008950       0x40 /opt/linux-devkit/bin/../arm-arago-linux-gnueabi/usr/lib/crti.o

.rel.dyn        0x00008990       0x28
 *(.rel.init)
 *(.rel.text .rel.text.* .rel.gnu.linkonce.t.*)
 *(.rel.fini)
 *(.rel.rodata .rel.rodata.* .rel.gnu.linkonce.r.*)
 *(.rel.data.rel.ro* .rel.gnu.linkonce.d.rel.ro.*)
 *(.rel.data .rel.data.* .rel.gnu.linkonce.d.*)
 *(.rel.tdata .rel.tdata.* .rel.gnu.linkonce.td.*)
 *(.rel.tbss .rel.tbss.* .rel.gnu.linkonce.tb.*)
 *(.rel.ctors)
 *(.rel.dtors)
 *(.rel.got)
 .rel.got       0x00008990       0x28 /opt/linux-devkit/bin/../arm-arago-linux-gnueabi/usr/lib/crti.o
 *(.rel.bss .rel.bss.* .rel.gnu.linkonce.b.*)
 .rel.bss       0x00000000        0x0 /opt/linux-devkit/bin/../arm-arago-linux-gnueabi/usr/lib/crti.o
                0x000089b8                PROVIDE (__rel_iplt_start, .)
 *(.rel.iplt)
                0x000089b8                PROVIDE (__rel_iplt_end, .)
                0x000089b8                PROVIDE (__rela_iplt_start, .)
                0x000089b8                PROVIDE (__rela_iplt_end, .)

.rela.dyn       0x000089b8        0x0
 *(.rela.init)
 *(.rela.text .rela.text.* .rela.gnu.linkonce.t.*)
 *(.rela.fini)
 *(.rela.rodata .rela.rodata.* .rela.gnu.linkonce.r.*)
 *(.rela.data .rela.data.* .rela.gnu.linkonce.d.*)
 *(.rela.tdata .rela.tdata.* .rela.gnu.linkonce.td.*)
 *(.rela.tbss .rela.tbss.* .rela.gnu.linkonce.tb.*)
 *(.rela.ctors)
 *(.rela.dtors)
 *(.rela.got)
 *(.rela.bss .rela.bss.* .rela.gnu.linkonce.b.*)
                0x000089b8                PROVIDE (__rel_iplt_start, .)
                0x000089b8                PROVIDE (__rel_iplt_end, .)
                0x000089b8                PROVIDE (__rela_iplt_start, .)
 *(.rela.iplt)
                0x000089b8                PROVIDE (__rela_iplt_end, .)

.rel.plt        0x000089b8      0x1a8
 *(.rel.plt)
 .rel.plt       0x000089b8      0x1a8 /opt/linux-devkit/bin/../arm-arago-linux-gnueabi/usr/lib/crti.o

.rela.plt
 *(.rela.plt)

.init           0x00008b60        0xc
 *(.init)
 .init          0x00008b60        0x8 /opt/linux-devkit/bin/../arm-arago-linux-gnueabi/usr/lib/crti.o
                0x00008b60                _init
 .init          0x00008b68        0x4 /opt/linux-devkit/bin/../arm-arago-linux-gnueabi/usr/lib/crtn.o

.plt            0x00008b6c      0x290
 *(.plt)
 .plt           0x00008b6c      0x290 /opt/linux-devkit/bin/../arm-arago-linux-gnueabi/usr/lib/crti.o
                0x00008b80                open@@GLIBC_2.4
                0x00008b8c                mmap@@GLIBC_2.4
                0x00008b98                abort@@GLIBC_2.4
                0x00008ba4                pthread_exit@@GLIBC_2.4
                0x00008bb0                __libc_start_main@@GLIBC_2.4
                0x00008bc8                vsprintf@@GLIBC_2.4
                0x00008bd4                strncpy@@GLIBC_2.4
                0x00008be0                fclose@@GLIBC_2.4
                0x00008bec                fgets@@GLIBC_2.4
                0x00008bf8                getenv@@GLIBC_2.4
                0x00008c04                posix_openpt@@GLIBC_2.4
                0x00008c10                fopen@@GLIBC_2.4
                0x00008c1c                memset@@GLIBC_2.4
                0x00008c28                perror@@GLIBC_2.4
                0x00008c34                usleep@@GLIBC_2.4
                0x00008c40                free@@GLIBC_2.4
                0x00008c4c                read@@GLIBC_2.4
                0x00008c58                write@@GLIBC_2.4
                0x00008c64                tcgetattr@@GLIBC_2.4
                0x00008c70                pthread_mutex_unlock@@GLIBC_2.4
                0x00008c7c                tcflush@@GLIBC_2.4
                0x00008c88                ioctl@@GLIBC_2.4
                0x00008c94                pthread_mutex_lock@@GLIBC_2.4
                0x00008ca0                strlen@@GLIBC_2.4
                0x00008cac                strtoul@@GLIBC_2.4
                0x00008cb8                pthread_create@@GLIBC_2.4
                0x00008cc4                memcpy@@GLIBC_2.4
                0x00008cd0                strtol@@GLIBC_2.4
                0x00008cdc                pthread_sigmask@@GLIBC_2.4
                0x00008ce8                printf@@GLIBC_2.4
                0x00008cf4                raise@@GLIBC_2.4
                0x00008d00                pthread_mutex_init@@GLIBC_2.4
                0x00008d0c                close@@GLIBC_2.4
                0x00008d18                fwrite@@GLIBC_2.4
                0x00008d24                unlockpt@@GLIBC_2.4
                0x00008d30                malloc@@GLIBC_2.4
                0x00008d3c                cfsetospeed@@GLIBC_2.4
                0x00008d48                grantpt@@GLIBC_2.4
                0x00008d54                strtok@@GLIBC_2.4
                0x00008d60                sigfillset@@GLIBC_2.4
                0x00008d6c                puts@@GLIBC_2.4
                0x00008d78                tcsetattr@@GLIBC_2.4
                0x00008d84                getpid@@GLIBC_2.4
                0x00008d90                fcntl@@GLIBC_2.4
                0x00008d9c                ptsname@@GLIBC_2.4
                0x00008da8                munmap@@GLIBC_2.4
                0x00008db4                strncmp@@GLIBC_2.4
                0x00008dc0                strcmp@@GLIBC_2.4
                0x00008dcc                cfsetispeed@@GLIBC_2.4
                0x00008dd8                __errno_location@@GLIBC_2.4
                0x00008de4                pthread_join@@GLIBC_2.4
                0x00008df0                getpagesize@@GLIBC_2.4

.iplt
 *(.iplt)

.text           0x00008dfc    0x2e244
 *(.text.unlikely .text.*_unlikely)
 *(.text .stub .text.* .gnu.linkonce.t.*)
 .text          0x00008dfc       0x3c /opt/linux-devkit/bin/../arm-arago-linux-gnueabi/usr/lib/crt1.o
                0x00008dfc                _start
 .text          0x00008e38       0x24 /opt/linux-devkit/bin/../arm-arago-linux-gnueabi/usr/lib/crti.o
 .text          0x00008e5c       0x50 /opt/linux-devkit/bin/../lib/gcc/arm-arago-linux-gnueabi/4.5.3/crtbegin.o
 .text          0x00008eac       0xc4 bin/release/obj/main.ov5T
                0x00008eac                main
 .text          0x00008f70      0x658 bin/release/obj/syslink.ov5T
                0x00008f70                ReCATSyslinkRecv
                0x00009010                ReCATSyslinkSend
                0x000090ec                ReCATSyslinkInit
                0x00009478                ReCATSyslinkClear
                0x00009548                ReCATSyslinkReadBuffer
                0x00009584                ReCATSyslinkSendEvent
 .text          0x000095c8      0x32c bin/release/obj/pseudo.ov5T
                0x000095c8                ReCATSerialInit
                0x00009674                ReCATSeialConf
                0x000098ec                ReCATDataRecv
                0x000098f0                ReCATDataSend
 .text          0x000098f4     0x2d18 /home/liao/src/syslink/packages/ti/syslink/lib/syslink.a_release(SharedRegion.o)
                0x000098f4                SharedRegion_getConfig
                0x00009a14                SharedRegion_destroy
                0x00009c4c                SharedRegion_setup
                0x0000a068                SharedRegion_start
                0x0000a14c                SharedRegion_stop
                0x0000a230                SharedRegion_attach
                0x0000a344                SharedRegion_detach
                0x0000a460                SharedRegion_setEntry
                0x0000a700                SharedRegion_getId
                0x0000a8d0                SharedRegion_getPtr
                0x0000aaac                SharedRegion_getSRPtr
                0x0000ad68                SharedRegion_clearEntry
                0x0000b03c                SharedRegion_getHeap
                0x0000b1e8                SharedRegion_getIdByName
                0x0000b430                SharedRegion_getEntry
                0x0000b5e8                SharedRegion_getCacheLineSize
                0x0000b734                SharedRegion_isCacheEnabled
                0x0000b89c                SharedRegion_translateEnabled
                0x0000b8f0                SharedRegion_getNumRegions
                0x0000b944                SharedRegion_entryInit
                0x0000ba74                SharedRegion_invalidSRPtr
                0x0000ba7c                SharedRegion_reserveMemory
                0x0000bce4                SharedRegion_getNumOffsetBits
                0x0000bdb8                SharedRegion_checkOverlap
                0x0000bfe8                SharedRegion_clearReservedMemory
                0x0000c0c0                SharedRegion_getRegionInfo
                0x0000c250                _SharedRegion_setRegions
                0x0000c488                _SharedRegion_clearRegions
 .text          0x0000c60c     0x2164 /home/liao/src/syslink/packages/ti/syslink/lib/syslink.a_release(Notify.o)
                0x0000c60c                Notify_getConfig
                0x0000c748                Notify_setup
                0x0000c8b0                Notify_destroy
                0x0000c990                Notify_attach
                0x0000cae0                Notify_detach
                0x0000cbc8                Notify_sharedMemReq
                0x0000cd1c                Notify_eventAvailable
                0x0000cf48                Notify_intLineRegistered
                0x0000d11c                Notify_registerEventSingle
                0x0000d41c                Notify_registerEvent
                0x0000d724                Notify_unregisterEventSingle
                0x0000d9d4                Notify_unregisterEvent
                0x0000dca4                Notify_sendEvent
                0x0000df58                Notify_disable
                0x0000e0f0                Notify_restore
                0x0000e278                Notify_disableEvent
                0x0000e4f4                Notify_enableEvent
 .text          0x0000e770     0x1e18 /home/liao/src/syslink/packages/ti/syslink/lib/syslink.a_release(MessageQ.o)
                0x0000e770                MessageQ_getConfig
                0x0000e894                MessageQ_setup
                0x0000e9b4                MessageQ_destroy
                0x0000ea7c                MessageQ_Params_init
                0x0000ebc4                MessageQ_create
                0x0000ed90                MessageQ_delete
                0x0000ef78                MessageQ_open
                0x0000f158                MessageQ_close
                0x0000f2c8                MessageQ_put
                0x0000f4b0                MessageQ_get
                0x0000f6e4                MessageQ_count
                0x0000f87c                MessageQ_staticMsgInit
                0x0000f984                MessageQ_alloc
                0x0000faac                MessageQ_free
                0x0000fc3c                MessageQ_registerHeap
                0x0000fe08                MessageQ_unregisterHeap
                0x0000fef8                MessageQ_unblock
                0x00010044                MessageQ_setReplyQueue
                0x00010178                MessageQ_getQueueId
                0x00010238                MessageQ_setMsgTrace
                0x00010328                MessageQ_sharedMemReq
                0x000103f8                MessageQ_attach
                0x000104d0                MessageQ_detach
 .text          0x00010588      0xec4 /home/liao/src/syslink/packages/ti/syslink/lib/syslink.a_release(Ipc.o)
                0x00010588                Ipc_getConfig
                0x000106e8                Ipc_setup
                0x00010c00                Ipc_destroy
                0x0001115c                Ipc_control
                0x000112bc                Ipc_readConfig
                0x00011384                Ipc_writeConfig
 .text          0x0001144c     0x21d0 /home/liao/src/syslink/packages/ti/syslink/lib/syslink.a_release(RingIO.o)
                0x0001144c                RingIO_getConfig
                0x0001156c                RingIO_setup
                0x00011694                RingIO_destroy
                0x0001176c                RingIO_Params_init
                0x000118a4                RingIO_delete
                0x00011a70                RingIO_create
                0x00011e3c                RingIO_close
                0x00012014                RingIO_openByAddr
                0x000122d0                RingIO_open
                0x0001258c                RingIO_registerNotifier
                0x00012748                RingIO_unregisterNotifier
                0x00012884                RingIO_setNotifyType
                0x00012980                RingIO_getValidSize
                0x00012a14                RingIO_getEmptySize
                0x00012aa8                RingIO_getValidAttrSize
                0x00012b3c                RingIO_getEmptyAttrSize
                0x00012bd0                RingIO_getAcquiredOffset
                0x00012c64                RingIO_getAcquiredSize
                0x00012cf8                RingIO_getWaterMark
                0x00012d8c                RingIO_setWaterMark
                0x00012e28                RingIO_acquire
                0x00012f48                RingIO_release
                0x00012fe4                RingIO_cancel
                0x00013074                RingIO_getAttribute
                0x00013178                RingIO_getvAttribute
                0x00013230                RingIO_setAttribute
                0x0001333c                RingIO_setvAttribute
                0x000133fc                RingIO_flush
                0x000134b4                RingIO_sendNotify
                0x00013544                RingIO_sharedMemReq
 .text          0x0001361c      0x458 /home/liao/src/syslink/packages/ti/syslink/lib/syslink.a_release(RingIOShm.o)
                0x0001361c                RingIOShm_getConfig
                0x0001373c                RingIOShm_setup
                0x00013864                RingIOShm_destroy
                0x0001393c                RingIOShm_Params_init
 .text          0x00013a74     0x4364 /home/liao/src/syslink/packages/ti/syslink/lib/syslink.a_release(FrameQ.o)
                0x00013a74                FrameQ_getConfig
                0x00013ba0                FrameQ_setup
                0x00013d9c                FrameQ_destroy
                0x00013f0c                FrameQ_create
                0x00014660                FrameQ_delete
                0x000149c4                FrameQ_open
                0x000150a8                FrameQ_close
                0x000153f8                FrameQ_alloc
                0x0001560c                FrameQ_allocv
                0x0001585c                FrameQ_free
                0x00015a2c                FrameQ_freev
                0x00015c7c                FrameQ_put
                0x00015f08                FrameQ_putv
                0x00016210                FrameQ_get
                0x00016484                FrameQ_getv
                0x000167b4                FrameQ_registerNotifier
                0x00016b0c                FrameQ_unregisterNotifier
                0x00016d80                FrameQ_dup
                0x00016fac                FrameQ_sendNotify
                0x0001713c                FrameQ_getNumFrames
                0x0001731c                FrameQ_getvNumFrames
                0x00017510                FrameQ_getNumFreeFrames
                0x00017698                FrameQ_getvNumFreeFrames
                0x000178ac                FrameQ_control
                0x000179e4                FrameQ_ShMem_Params_init
                0x00017b34                FrameQ_Params_init
                0x00017c80                FrameQ_ShMem_sharedMemReq
 .text          0x00017dd8     0x44fc /home/liao/src/syslink/packages/ti/syslink/lib/syslink.a_release(FrameQBufMgr.o)
                0x00017dd8                FrameQBufMgr_getConfig
                0x00017f08                FrameQBufMgr_setup
                0x00018104                FrameQBufMgr_destroy
                0x0001828c                FrameQBufMgr_create
                0x00018904                FrameQBufMgr_delete
                0x00018bd8                FrameQBufMgr_open
                0x00019208                FrameQBufMgr_close
                0x0001935c                FrameQBufMgr_alloc
                0x00019588                FrameQBufMgr_allocv
                0x0001990c                FrameQBufMgr_free
                0x00019b50                FrameQBufMgr_freev
                0x00019e5c                FrameQBufMgr_dup
                0x0001a14c                FrameQBufMgr_dupv
                0x0001a444                FrameQBufMgr_registerNotifier
                0x0001a6b0                FrameQBufMgr_unregisterNotifier
                0x0001a8b4                FrameQBufMgr_add
                0x0001a9c8                FrameQBufMgr_remove
                0x0001ab14                FrameQBufMgr_writeBackHeaderBuf
                0x0001accc                FrameQBufMgr_invalidateHeaderBuf
                0x0001ae98                FrameQBufMgr_writeBackFrameBuf
                0x0001b0e0                FrameQBufMgr_invalidateFrameBuf
                0x0001b328                FrameQBufMgr_writeBack
                0x0001b548                FrameQBufMgr_invalidate
                0x0001b77c                FrameQBufMgr_translateAddr
                0x0001ba14                FrameQBufMgr_getId
                0x0001ba90                FrameQBufMgr_getHandle
                0x0001bb8c                FrameQBufMgr_getKnlHandle
                0x0001bc20                FrameQBufMgr_getNumFreeFrames
                0x0001bdac                FrameQBufMgr_getvNumFreeFrames
                0x0001bfc0                FrameQBufMgr_getBaseHeaderSize
                0x0001c000                FrameQBufMgr_isSupportedInterface
                0x0001c00c                FrameQBufMgr_isSupportedBufInterface
                0x0001c028                FrameQBufMgr_ShMem_Params_init
                0x0001c178                FrameQBufMgr_Params_init
 .text          0x0001c2d4     0x3084 /home/liao/src/syslink/packages/ti/syslink/lib/syslink.a_release(ClientNotifyMgr.o)
                0x0001c2d4                ClientNotifyMgr_callBack
                0x0001c700                ClientNotifyMgr_sharedMemModReq
                0x0001c744                ClientNotifyMgr_sharedMemReq
                0x0001c83c                ClientNotifyMgr_getConfig
                0x0001c970                ClientNotifyMgr_setup
                0x0001cb98                ClientNotifyMgr_destroy
                0x0001ccac                ClientNotifyMgr_Params_init
                0x0001cdfc                ClientNotifyMgr_create
                0x0001d464                ClientNotifyMgr_delete
                0x0001d7a4                ClientNotifyMgr_open
                0x0001d8b4                ClientNotifyMgr_close
                0x0001d964                ClientNotifyMgr_registerClient
                0x0001dd94                ClientNotifyMgr_unregisterClient
                0x0001e064                ClientNotifyMgr_enableNotification
                0x0001e264                ClientNotifyMgr_disableNotification
                0x0001e44c                ClientNotifyMgr_sendNotification
                0x0001e83c                ClientNotifyMgr_sendForceNotification
                0x0001eaec                ClientNotifyMgr_sendNotificationMulti
                0x0001f03c                ClientNotifyMgr_sendForceNotificationMulti
 .text          0x0001f358     0x1be4 /home/liao/src/syslink/packages/ti/syslink/lib/syslink.a_release(HeapMemMP.o)
                0x0001f358                HeapMemMP_getKnlHandle
                0x0001f4a4                HeapMemMP_getStats
                0x0001f660                HeapMemMP_free
                0x0001f834                HeapMemMP_alloc
                0x0001f9d4                HeapMemMP_getConfig
                0x0001faf4                HeapMemMP_setup
                0x0001fc0c                HeapMemMP_destroy
                0x0001fce0                HeapMemMP_Params_init
                0x0001fe24                HeapMemMP_delete
                0x0002001c                HeapMemMP_close
                0x00020214                HeapMemMP_getExtendedStats
                0x000203d0                HeapMemMP_sharedMemReq
                0x00020500                _HeapMemMP_create
                0x00020638                HeapMemMP_getUsrHandle
                0x000207a0                HeapMemMP_open
                0x000209d4                HeapMemMP_openByAddr
                0x00020c10                HeapMemMP_create
                0x00020e48                HeapMemMP_restore
 .text          0x00020f3c     0x1a7c /home/liao/src/syslink/packages/ti/syslink/lib/syslink.a_release(HeapBufMP.o)
                0x00020f3c                HeapBufMP_getKnlHandle
                0x00021090                HeapBufMP_isBlocking
                0x00021150                HeapBufMP_getStats
                0x00021310                HeapBufMP_free
                0x000214e8                HeapBufMP_alloc
                0x0002168c                HeapBufMP_getConfig
                0x000217ac                HeapBufMP_setup
                0x000218cc                HeapBufMP_destroy
                0x000219a8                HeapBufMP_Params_init
                0x00021af0                HeapBufMP_delete
                0x00021ce8                HeapBufMP_close
                0x00021ee0                HeapBufMP_getExtendedStats
                0x0002209c                HeapBufMP_sharedMemReq
                0x000221d0                _HeapBufMP_create
                0x00022310                HeapBufMP_open
                0x00022548                HeapBufMP_openByAddr
                0x0002278c                HeapBufMP_create
 .text          0x000229b8     0x198c /home/liao/src/syslink/packages/ti/syslink/lib/syslink.a_release(GateMP.o)
                0x000229b8                GateMP_enter
                0x00022b14                GateMP_leave
                0x00022c80                GateMP_getConfig
                0x00022db4                GateMP_setup
                0x00022f5c                GateMP_destroy
                0x000230a0                GateMP_Params_init
                0x000231f4                GateMP_Instance_init
                0x00023310                GateMP_Instance_finalize
                0x00023344                _GateMP_create
                0x00023410                GateMP_create
                0x00023684                GateMP_delete
                0x0002386c                GateMP_open
                0x00023a94                GateMP_openByAddr
                0x00023cc0                GateMP_close
                0x00023ef8                GateMP_sharedMemReq
                0x00023fd0                GateMP_getDefaultRemote
                0x00024084                GateMP_getSharedAddr
                0x0002412c                GateMP_setReserved
                0x000241b8                GateMP_getLocalProtect
                0x000241f8                GateMP_getRemoteProtect
                0x00024238                GateMP_getKnlHandle
 .text          0x00024344      0x398 /home/liao/src/syslink/packages/ti/syslink/lib/syslink.a_release(SharedRegionDrv.o)
                0x00024344                SharedRegionDrv_open
                0x00024464                SharedRegionDrv_close
                0x00024530                SharedRegionDrv_ioctl
 .text          0x000246dc      0x710 /home/liao/src/syslink/packages/ti/syslink/lib/syslink.a_release(NotifyDrvUsr.o)
                0x000246dc                _NotifyDrvUsr_eventWorker
                0x000247e4                NotifyDrvUsr_open
                0x00024adc                NotifyDrvUsr_close
                0x00024cf8                NotifyDrvUsr_ioctl
 .text          0x00024dec      0x2d8 /home/liao/src/syslink/packages/ti/syslink/lib/syslink.a_release(HeapBufMPDrv.o)
                0x00024dec                HeapBufMPDrv_open
                0x00024f10                HeapBufMPDrv_close
                0x00024fdc                HeapBufMPDrv_ioctl
 .text          0x000250c4      0x2d0 /home/liao/src/syslink/packages/ti/syslink/lib/syslink.a_release(MessageQDrv.o)
                0x000250c4                MessageQDrv_open
                0x000251e0                MessageQDrv_close
                0x000252ac                MessageQDrv_ioctl
 .text          0x00025394      0x2d8 /home/liao/src/syslink/packages/ti/syslink/lib/syslink.a_release(IpcDrv.o)
                0x00025394                IpcDrv_open
                0x000254b8                IpcDrv_close
                0x00025584                IpcDrv_ioctl
 .text          0x0002566c      0x2d0 /home/liao/src/syslink/packages/ti/syslink/lib/syslink.a_release(FrameQDrv.o)
                0x0002566c                FrameQDrv_open
                0x00025788                FrameQDrv_close
                0x00025854                FrameQDrv_ioctl
 .text          0x0002593c      0x2d0 /home/liao/src/syslink/packages/ti/syslink/lib/syslink.a_release(FrameQBufMgrDrv.o)
                0x0002593c                FrameQBufMgrDrv_open
                0x00025a58                FrameQBufMgrDrv_close
                0x00025b24                FrameQBufMgrDrv_ioctl
 .text          0x00025c0c      0x2d0 /home/liao/src/syslink/packages/ti/syslink/lib/syslink.a_release(ClientNotifyMgrDrv.o)
                0x00025c0c                ClientNotifyMgrDrv_open
                0x00025d28                ClientNotifyMgrDrv_close
                0x00025df4                ClientNotifyMgrDrv_ioctl
 .text          0x00025edc      0x2d0 /home/liao/src/syslink/packages/ti/syslink/lib/syslink.a_release(RingIODrv.o)
                0x00025edc                RingIODrv_open
                0x00025ff8                RingIODrv_close
                0x000260c4                RingIODrv_ioctl
 .text          0x000261ac      0x2d0 /home/liao/src/syslink/packages/ti/syslink/lib/syslink.a_release(RingIOShmDrv.o)
                0x000261ac                RingIOShmDrv_open
                0x000262c8                RingIOShmDrv_close
                0x00026394                RingIOShmDrv_ioctl
 .text          0x0002647c      0x2d8 /home/liao/src/syslink/packages/ti/syslink/lib/syslink.a_release(HeapMemMPDrv.o)
                0x0002647c                HeapMemMPDrv_open
                0x000265a0                HeapMemMPDrv_close
                0x0002666c                HeapMemMPDrv_ioctl
 .text          0x00026754      0x2d8 /home/liao/src/syslink/packages/ti/syslink/lib/syslink.a_release(GateMPDrv.o)
                0x00026754                GateMPDrv_open
                0x00026878                GateMPDrv_close
                0x00026944                GateMPDrv_ioctl
 .text          0x00026a2c      0x4c8 /home/liao/src/syslink/packages/ti/syslink/lib/syslink.a_release(GateMutex.o)
                0x00026a2c                GateMutex_leave
                0x00026ac4                GateMutex_enter
                0x00026b68                GateMutex_Instance_init
                0x00026c30                GateMutex_Instance_finalize
                0x00026ca0                GateMutex_create
                0x00026de4                GateMutex_delete
 .text          0x00026ef4      0x8d8 /home/liao/src/syslink/packages/ti/syslink/lib/syslink.a_release(Memory.o)
                0x00026ef4                Memory_alloc
                0x00027064                Memory_calloc
                0x000272a0                Memory_free
                0x000273b0                Memory_getStats
                0x000274a0                Memory_query
                0x00027594                Memory_getMaxDefaultTypeAlign
                0x0002759c                Memory_valloc
                0x0002775c                Memory_translate
 .text          0x000277cc     0x1194 /home/liao/src/syslink/packages/ti/syslink/lib/syslink.a_release(List.o)
                0x000277cc                List_Params_init
                0x00027870                List_create
                0x00027934                List_delete
                0x00027a60                List_construct
                0x00027b14                List_destruct
                0x00027bcc                List_elemClear
                0x00027c80                List_empty
                0x00027d48                List_get
                0x00027e64                List_put
                0x00027fd8                List_next
                0x000280b0                List_prev
                0x000281f4                List_insert
                0x00028368                List_remove
                0x0002849c                List_putHead
                0x00028610                List_dequeue
                0x000286e8                List_enqueue
                0x00028824                List_enqueueHead
 .text          0x00028960      0x390 /home/liao/src/syslink/packages/ti/syslink/lib/syslink.a_release(String.o)
                0x00028960                String_cat
                0x000289ac                String_cmp
                0x00028a70                String_ncmp
                0x00028ab8                String_cpy
                0x00028ad0                String_ncpy
                0x00028bac                String_len
                0x00028be0                String_hexToStr
                0x00028c6c                String_hash
 .text          0x00028cf0      0x368 /home/liao/src/syslink/packages/ti/syslink/lib/syslink.a_release(Trace.o)
                0x00028cf0                _GT_0trace
                0x00028d3c                _GT_1trace
                0x00028d8c                _GT_2trace
                0x00028de4                _GT_3trace
                0x00028e44                _GT_4trace
                0x00028eb4                _GT_5trace
                0x00028f28                _GT_6trace
                0x00028fa4                _GT_setFailureReason
                0x00028fe8                _GT_setTrace
 .text          0x00029058     0x2624 /home/liao/src/syslink/packages/ti/syslink/lib/syslink.a_release(NameServer.o)
                0x00029058                NameServer_getConfig
                0x000291a8                NameServer_setup
                0x000292b8                NameServer_destroy
                0x00029380                NameServer_Params_init
                0x000294cc                NameServer_create
                0x00029708                NameServer_delete
                0x000298d0                NameServer_open
                0x00029b14                NameServer_close
                0x00029cfc                NameServer_add
                0x00029fc8                NameServer_addUInt32
                0x0002a24c                NameServer_remove
                0x0002a420                NameServer_removeEntry
                0x0002a5ec                NameServer_get
                0x0002a930                NameServer_getLocal
                0x0002ac50                NameServer_getUInt32
                0x0002ae98                NameServer_getLocalUInt32
                0x0002b0dc                NameServer_match
                0x0002b33c                NameServer_getHandle
                0x0002b508                NameServer_isRegistered
 .text          0x0002b67c      0xa64 /home/liao/src/syslink/packages/ti/syslink/lib/syslink.a_release(MultiProc.o)
                0x0002b67c                MultiProc_getConfig
                0x0002b7cc                MultiProc_setup
                0x0002b904                MultiProc_destroy
                0x0002b9cc                MultiProc_setLocalId
                0x0002bb60                MultiProc_getId
                0x0002bd04                MultiProc_getName
                0x0002be34                MultiProc_getNumProcessors
                0x0002be88                MultiProc_self
                0x0002bee0                MultiProc_getSlot
 .text          0x0002c0e0      0x108 /home/liao/src/syslink/packages/ti/syslink/lib/syslink.a_release(Gate.o)
                0x0002c164                Gate_enterSystem
                0x0002c1a8                Gate_leaveSystem
 .text          0x0002c1e8       0x9c /home/liao/src/syslink/packages/ti/syslink/lib/syslink.a_release(SysLink.o)
                0x0002c1e8                SysLink_setup
                0x0002c240                SysLink_destroy
 .text          0x0002c284      0x368 /home/liao/src/syslink/packages/ti/syslink/lib/syslink.a_release(Cache.o)
                0x0002c284                Cache_inv
                0x0002c340                Cache_wb
                0x0002c3fc                Cache_wbInv
                0x0002c4b8                Cache_wait
                0x0002c544                Cache_setMode
 .text          0x0002c5ec      0x2d4 /home/liao/src/syslink/packages/ti/syslink/lib/syslink.a_release(NameServerDrv.o)
                0x0002c5ec                NameServerDrv_open
                0x0002c70c                NameServerDrv_close
                0x0002c7d8                NameServerDrv_ioctl
 .text          0x0002c8c0      0x2a4 /home/liao/src/syslink/packages/ti/syslink/lib/syslink.a_release(MultiProcDrv.o)
                0x0002c8c0                MultiProcDrv_open
                0x0002c9dc                MultiProcDrv_close
                0x0002caa8                MultiProcDrv_ioctl
 .text          0x0002cb64       0xf0 /home/liao/src/syslink/packages/ti/syslink/lib/syslink.a_release(TraceDrv.o)
                0x0002cb64                TraceDrv_ioctl
 .text          0x0002cc54       0xb8 /home/liao/src/syslink/packages/ti/syslink/lib/syslink.a_release(CacheDrv.o)
                0x0002cc54                CacheDrv_ioctl
 .text          0x0002cd0c     0x1268 /home/liao/src/syslink/packages/ti/syslink/lib/syslink.a_release(MemoryOS.o)
                0x0002cd0c                MemoryOS_destroy
                0x0002ce8c                MemoryOS_setup
                0x0002d014                MemoryOS_alloc
                0x0002d0f4                MemoryOS_calloc
                0x0002d260                MemoryOS_free
                0x0002d320                MemoryOS_map
                0x0002d738                MemoryOS_unmap
                0x0002da64                MemoryOS_copy
                0x0002dbd4                MemoryOS_set
                0x0002dd58                MemoryOS_translate
 .text          0x0002df74      0x5a0 /home/liao/src/syslink/packages/ti/syslink/lib/syslink.a_release(OsalDrv.o)
                0x0002df74                OsalDrv_open
                0x0002e0a8                OsalDrv_close
                0x0002e184                OsalDrv_map
                0x0002e39c                OsalDrv_unmap
                0x0002e418                OsalDrv_ioctl
 .text          0x0002e514      0x3e8 /home/liao/src/syslink/packages/ti/syslink/lib/syslink.a_release(OsalMutex.o)
                0x0002e514                OsalMutex_create
                0x0002e634                OsalMutex_delete
                0x0002e744                OsalMutex_enter
                0x0002e81c                OsalMutex_leave
 .text          0x0002e8fc       0x44 /home/liao/src/syslink/packages/ti/syslink/lib/syslink.a_release(OsalPrint.o)
                0x0002e8fc                Osal_printf
 .text          0x0002e940     0x4138 /home/liao/src/syslink/packages/ti/syslink/lib/syslink.a_release(ProcMgr.o)
                0x0002ef58                ProcMgr_getConfig
                0x0002f078                ProcMgr_setup
                0x0002f1b0                ProcMgr_Params_init
                0x0002f2c0                ProcMgr_create
                0x0002f5a0                ProcMgr_delete
                0x0002f7a0                ProcMgr_close
                0x0002faac                ProcMgr_destroy
                0x0002fd9c                ProcMgr_getAttachParams
                0x0002feac                ProcMgr_detach
                0x00030064                ProcMgr_load
                0x000302d0                ProcMgr_unload
                0x000303e4                ProcMgr_getStartParams
                0x000304ec                ProcMgr_start
                0x00030600                ProcMgr_stop
                0x00030700                ProcMgr_getState
                0x00030808                ProcMgr_read
                0x00030a20                ProcMgr_write
                0x00030c38                ProcMgr_control
                0x00030d58                ProcMgr_translateAddr
                0x000310bc                ProcMgr_getSymbolAddress
                0x000312c0                ProcMgr_map
                0x0003163c                ProcMgr_unmap
                0x00031c24                ProcMgr_registerNotify
                0x00031db4                ProcMgr_getMaxMemoryRegions
                0x00031e30                ProcMgr_getProcInfo
                0x00031fb4                ProcMgr_attach
                0x00032240                ProcMgr_open
                0x00032624                ProcMgr_getSectionInfo
                0x000327b8                ProcMgr_getSectionData
                0x0003297c                ProcMgr_getLoadedFileId
 .text          0x00032a78      0x45c /home/liao/src/syslink/packages/ti/syslink/lib/syslink.a_release(ProcMgrDrvUsr.o)
                0x00032a78                ProcMgrDrvUsr_open
                0x00032ba0                ProcMgrDrvUsr_close
                0x00032c74                ProcMgrDrvUsr_ioctl
 .text          0x00032ed4      0x730 /home/liao/src/syslink/packages/ti/syslink/lib/syslink.a_release(FrameQ_common.o)
                0x00032ed4                FrameQ_isSupportedInterface
                0x00032ee0                FrameQ_getExtendedHeaderPtr
                0x00032f24                FrameQ_getNumFrameBuffers
                0x00032fd4                FrameQ_getFrameBuffer
                0x000330d0                FrameQ_getFrameBufSize
                0x000331c8                FrameQ_getFrameBufValidSize
                0x000332cc                FrameQ_getFrameBufDataStartOffset
                0x000333cc                FrameQ_setFrameBufValidSize
                0x000334e8                FrameQ_setFrameBufDataStartOffset
 .text          0x00033604     0x2050 /home/liao/src/syslink/packages/ti/syslink/lib/syslink.a_release(ListMP.o)
                0x00033604                ListMP_getConfig
                0x00033724                ListMP_setup
                0x0003383c                ListMP_destroy
                0x00033914                ListMP_Params_init
                0x00033a5c                ListMP_create
                0x00033d10                ListMP_delete
                0x00033ef0                ListMP_sharedMemReq
                0x00034038                ListMP_open
                0x00034278                ListMP_openByAddr
                0x00034480                ListMP_close
                0x00034664                ListMP_empty
                0x000347cc                ListMP_getHead
                0x00034940                ListMP_getTail
                0x00034aa8                ListMP_putHead
                0x00034c7c                ListMP_putTail
                0x00034e58                ListMP_insert
                0x00035084                ListMP_remove
                0x00035260                ListMP_next
                0x000353f4                ListMP_prev
                0x00035588                _ListMP_create
                0x0003564c                ListMP_getGate
 .text          0x00035654      0x2d8 /home/liao/src/syslink/packages/ti/syslink/lib/syslink.a_release(ListMPDrv.o)
                0x00035654                ListMPDrv_open
                0x00035778                ListMPDrv_close
                0x00035844                ListMPDrv_ioctl
 .text          0x0003592c      0x3f8 syslinksamples.o_debug
                0x0003592c                SysLinkSamples_startup
                0x00035964                SysLinkSamples_shutdown
                0x0003599c                SysLinkSamples_setHiddenProcId
                0x000359b4                SysLinkSamples_isAvailableProcId
                0x000359c8                SysLinkSamples_setToRunProcIds
                0x00035b48                SysLinkSamples_toRunProcId
                0x00035b5c                SysLinkSamples_osStartup
                0x00035d04                SysLinkSamples_osShutdown
 .text          0x00035d24     0x1190 slaveloader.o_debug
                0x0003618c                SlaveLoader_startupArgs
                0x00036550                SlaveLoader_startup
                0x000368b4                SlaveLoader_shutdown
                0x00036b78                SlaveLoader_printStatus
 .text          0x00036eb4       0x64 /opt/linux-devkit/bin/../arm-arago-linux-gnueabi/usr/lib/./libc_nonshared.a(elf-init.oS)
                0x00036eb4                __libc_csu_init
                0x00036f14                __libc_csu_fini
 .text          0x00036f18      0x114 /opt/linux-devkit/bin/../lib/gcc/arm-arago-linux-gnueabi/4.5.3/libgcc.a(_udivsi3.o)
                0x00036f18                __udivsi3
                0x00036f18                __aeabi_uidiv
                0x0003700c                __aeabi_uidivmod
 .text          0x0003702c       0x14 /opt/linux-devkit/bin/../lib/gcc/arm-arago-linux-gnueabi/4.5.3/libgcc.a(_dvmd_lnx.o)
                0x0003702c                __aeabi_idiv0
                0x0003702c                __aeabi_ldiv0
 .text          0x00037040        0x0 /opt/linux-devkit/bin/../lib/gcc/arm-arago-linux-gnueabi/4.5.3/crtend.o
 .text          0x00037040        0x0 /opt/linux-devkit/bin/../arm-arago-linux-gnueabi/usr/lib/crtn.o
 *(.gnu.warning)
 *(.glue_7t)
 .glue_7t       0x00000000        0x0 linker stubs
 *(.glue_7)
 .glue_7        0x00000000        0x0 linker stubs
 *(.vfp11_veneer)
 .vfp11_veneer  0x00000000        0x0 linker stubs
 *(.v4_bx)
 .v4_bx         0x00000000        0x0 linker stubs

.fini           0x00037040        0x8
 *(.fini)
 .fini          0x00037040        0x4 /opt/linux-devkit/bin/../arm-arago-linux-gnueabi/usr/lib/crti.o
                0x00037040                _fini
 .fini          0x00037044        0x4 /opt/linux-devkit/bin/../arm-arago-linux-gnueabi/usr/lib/crtn.o
                0x00037048                PROVIDE (__etext, .)
                0x00037048                PROVIDE (_etext, .)
                0x00037048                PROVIDE (etext, .)

.rodata         0x00037048    0x13880
 *(.rodata .rodata.* .gnu.linkonce.r.*)
 .rodata.cst4   0x00037048        0x4 /opt/linux-devkit/bin/../arm-arago-linux-gnueabi/usr/lib/crt1.o
                0x00037048                _IO_stdin_used
 .rodata        0x0003704c        0xc bin/release/obj/main.ov5T
 .rodata.str1.4
                0x00037058       0x2f bin/release/obj/main.ov5T
                                 0x30 (size before relaxing)
 *fill*         0x00037087        0x1 00
 .rodata.str1.4
                0x00037088      0x246 bin/release/obj/syslink.ov5T
                                0x248 (size before relaxing)
 *fill*         0x000372ce        0x2 00
 .rodata.str1.4
                0x000372d0       0x53 bin/release/obj/pseudo.ov5T
                                 0x5c (size before relaxing)
 *fill*         0x00037323        0x1 00
 .rodata.str1.4
                0x00037324     0x12bc /home/liao/src/syslink/packages/ti/syslink/lib/syslink.a_release(SharedRegion.o)
                               0x12e8 (size before relaxing)
 .rodata.str1.4
                0x000385e0      0xbbc /home/liao/src/syslink/packages/ti/syslink/lib/syslink.a_release(Notify.o)
                                0xc38 (size before relaxing)
 .rodata.str1.4
                0x0003919c      0xea0 /home/liao/src/syslink/packages/ti/syslink/lib/syslink.a_release(MessageQ.o)
                                0xf54 (size before relaxing)
 .rodata.str1.4
                0x0003a03c      0x704 /home/liao/src/syslink/packages/ti/syslink/lib/syslink.a_release(Ipc.o)
                                0x794 (size before relaxing)
 .rodata.str1.4
                0x0003a740      0xffb /home/liao/src/syslink/packages/ti/syslink/lib/syslink.a_release(RingIO.o)
                               0x117c (size before relaxing)
 *fill*         0x0003b73b        0x1 00
 .rodata.str1.4
                0x0003b73c      0x287 /home/liao/src/syslink/packages/ti/syslink/lib/syslink.a_release(RingIOShm.o)
                                0x348 (size before relaxing)
 *fill*         0x0003b9c3        0x1 00
 .rodata.str1.4
                0x0003b9c4     0x197e /home/liao/src/syslink/packages/ti/syslink/lib/syslink.a_release(FrameQ.o)
                               0x1bf8 (size before relaxing)
 *fill*         0x0003d342        0x2 00
 .rodata.str1.4
                0x0003d344     0x1876 /home/liao/src/syslink/packages/ti/syslink/lib/syslink.a_release(FrameQBufMgr.o)
                               0x1f64 (size before relaxing)
 *fill*         0x0003ebba        0x2 00
 .rodata.str1.4
                0x0003ebbc     0x11d3 /home/liao/src/syslink/packages/ti/syslink/lib/syslink.a_release(ClientNotifyMgr.o)
                               0x133c (size before relaxing)
 *fill*         0x0003fd8f        0x1 00
 .rodata.str1.4
                0x0003fd90      0xb43 /home/liao/src/syslink/packages/ti/syslink/lib/syslink.a_release(HeapMemMP.o)
                                0xd08 (size before relaxing)
 *fill*         0x000408d3        0x1 00
 .rodata.str1.4
                0x000408d4      0x925 /home/liao/src/syslink/packages/ti/syslink/lib/syslink.a_release(HeapBufMP.o)
                                0xca8 (size before relaxing)
 *fill*         0x000411f9        0x3 00
 .rodata.str1.4
                0x000411fc      0x891 /home/liao/src/syslink/packages/ti/syslink/lib/syslink.a_release(GateMP.o)
                                0x9e0 (size before relaxing)
 *fill*         0x00041a8d        0x3 00
 .rodata.str1.4
                0x00041a90      0x2b6 /home/liao/src/syslink/packages/ti/syslink/lib/syslink.a_release(SharedRegionDrv.o)
                                0x2fc (size before relaxing)
 *fill*         0x00041d46        0x2 00
 .rodata.str1.4
                0x00041d48      0x36b /home/liao/src/syslink/packages/ti/syslink/lib/syslink.a_release(NotifyDrvUsr.o)
                                0x3f4 (size before relaxing)
 *fill*         0x000420b3        0x1 00
 .rodata.str1.4
                0x000420b4      0x22b /home/liao/src/syslink/packages/ti/syslink/lib/syslink.a_release(HeapBufMPDrv.o)
                                0x29c (size before relaxing)
 *fill*         0x000422df        0x1 00
 .rodata.str1.4
                0x000422e0      0x21e /home/liao/src/syslink/packages/ti/syslink/lib/syslink.a_release(MessageQDrv.o)
                                0x290 (size before relaxing)
 *fill*         0x000424fe        0x2 00
 .rodata.str1.4
                0x00042500      0x1d1 /home/liao/src/syslink/packages/ti/syslink/lib/syslink.a_release(IpcDrv.o)
                                0x244 (size before relaxing)
 *fill*         0x000426d1        0x3 00
 .rodata.str1.4
                0x000426d4      0x1f8 /home/liao/src/syslink/packages/ti/syslink/lib/syslink.a_release(FrameQDrv.o)
                                0x268 (size before relaxing)
 .rodata.str1.4
                0x000428cc      0x25a /home/liao/src/syslink/packages/ti/syslink/lib/syslink.a_release(FrameQBufMgrDrv.o)
                                0x2cc (size before relaxing)
 *fill*         0x00042b26        0x2 00
 .rodata.str1.4
                0x00042b28      0x285 /home/liao/src/syslink/packages/ti/syslink/lib/syslink.a_release(ClientNotifyMgrDrv.o)
                                0x2f8 (size before relaxing)
 *fill*         0x00042dad        0x3 00
 .rodata.str1.4
                0x00042db0      0x1f8 /home/liao/src/syslink/packages/ti/syslink/lib/syslink.a_release(RingIODrv.o)
                                0x268 (size before relaxing)
 .rodata.str1.4
                0x00042fa8      0x1b7 /home/liao/src/syslink/packages/ti/syslink/lib/syslink.a_release(RingIOShmDrv.o)
                                0x290 (size before relaxing)
 *fill*         0x0004315f        0x1 00
 .rodata.str1.4
                0x00043160      0x22b /home/liao/src/syslink/packages/ti/syslink/lib/syslink.a_release(HeapMemMPDrv.o)
                                0x29c (size before relaxing)
 *fill*         0x0004338b        0x1 00
 .rodata.str1.4
                0x0004338c      0x1f8 /home/liao/src/syslink/packages/ti/syslink/lib/syslink.a_release(GateMPDrv.o)
                                0x268 (size before relaxing)
 .rodata.str1.4
                0x00043584      0x209 /home/liao/src/syslink/packages/ti/syslink/lib/syslink.a_release(GateMutex.o)
                                0x228 (size before relaxing)
 *fill*         0x0004378d        0x3 00
 .rodata.str1.4
                0x00043790      0x43d /home/liao/src/syslink/packages/ti/syslink/lib/syslink.a_release(Memory.o)
                                0x4cc (size before relaxing)
 *fill*         0x00043bcd        0x3 00
 .rodata.str1.4
                0x00043bd0      0x7ad /home/liao/src/syslink/packages/ti/syslink/lib/syslink.a_release(List.o)
                                0x84c (size before relaxing)
 *fill*         0x0004437d        0x3 00
 .rodata        0x00044380      0x400 /home/liao/src/syslink/packages/ti/syslink/lib/syslink.a_release(String.o)
 .rodata.str1.4
                0x00044780       0x11 /home/liao/src/syslink/packages/ti/syslink/lib/syslink.a_release(String.o)
                                 0x14 (size before relaxing)
 *fill*         0x00044791        0x3 00
 .rodata.str1.4
                0x00044794       0x4f /home/liao/src/syslink/packages/ti/syslink/lib/syslink.a_release(Trace.o)
                                 0x50 (size before relaxing)
 *fill*         0x000447e3        0x1 00
 .rodata.str1.4
                0x000447e4      0xbc4 /home/liao/src/syslink/packages/ti/syslink/lib/syslink.a_release(NameServer.o)
                                0xdfc (size before relaxing)
 .rodata.str1.4
                0x000453a8      0x580 /home/liao/src/syslink/packages/ti/syslink/lib/syslink.a_release(MultiProc.o)
                                0x60c (size before relaxing)
 .rodata.str1.4
                0x00045928       0x4f /home/liao/src/syslink/packages/ti/syslink/lib/syslink.a_release(Gate.o)
                                 0x80 (size before relaxing)
 *fill*         0x00045977        0x1 00
 .rodata.str1.4
                0x00045978       0x65 /home/liao/src/syslink/packages/ti/syslink/lib/syslink.a_release(SysLink.o)
                                 0x68 (size before relaxing)
 *fill*         0x000459dd        0x3 00
 .rodata.str1.4
                0x000459e0      0x21b /home/liao/src/syslink/packages/ti/syslink/lib/syslink.a_release(Cache.o)
                                0x248 (size before relaxing)
 *fill*         0x00045bfb        0x1 00
 .rodata.str1.4
                0x00045bfc      0x250 /home/liao/src/syslink/packages/ti/syslink/lib/syslink.a_release(NameServerDrv.o)
                                0x2c0 (size before relaxing)
 .rodata.str1.4
                0x00045e4c      0x20f /home/liao/src/syslink/packages/ti/syslink/lib/syslink.a_release(MultiProcDrv.o)
                                0x250 (size before relaxing)
 *fill*         0x0004605b        0x1 00
 .rodata.str1.4
                0x0004605c       0xb8 /home/liao/src/syslink/packages/ti/syslink/lib/syslink.a_release(TraceDrv.o)
                                0x100 (size before relaxing)
 .rodata.str1.4
                0x00046114       0xb7 /home/liao/src/syslink/packages/ti/syslink/lib/syslink.a_release(CacheDrv.o)
                                 0xd0 (size before relaxing)
 *fill*         0x000461cb        0x1 00
 .rodata.str1.4
                0x000461cc      0x7e8 /home/liao/src/syslink/packages/ti/syslink/lib/syslink.a_release(MemoryOS.o)
                                0x8d0 (size before relaxing)
 .rodata.str1.4
                0x000469b4      0x2db /home/liao/src/syslink/packages/ti/syslink/lib/syslink.a_release(OsalDrv.o)
                                0x374 (size before relaxing)
 *fill*         0x00046c8f        0x1 00
 .rodata.str1.4
                0x00046c90      0x2e9 /home/liao/src/syslink/packages/ti/syslink/lib/syslink.a_release(OsalMutex.o)
                                0x328 (size before relaxing)
 *fill*         0x00046f79        0x3 00
 .rodata.str1.4
                0x00046f7c        0x3 /home/liao/src/syslink/packages/ti/syslink/lib/syslink.a_release(OsalPrint.o)
                                  0x4 (size before relaxing)
 *fill*         0x00046f7f        0x1 00
 .rodata.str1.4
                0x00046f80     0x1de4 /home/liao/src/syslink/packages/ti/syslink/lib/syslink.a_release(ProcMgr.o)
                               0x1f2c (size before relaxing)
 .rodata.str1.4
                0x00048d64      0x2e8 /home/liao/src/syslink/packages/ti/syslink/lib/syslink.a_release(ProcMgrDrvUsr.o)
                                0x358 (size before relaxing)
 .rodata.str1.4
                0x0004904c      0x5a6 /home/liao/src/syslink/packages/ti/syslink/lib/syslink.a_release(FrameQ_common.o)
                                0x5e8 (size before relaxing)
 *fill*         0x000495f2        0x2 00
 .rodata.str1.4
                0x000495f4      0x9da /home/liao/src/syslink/packages/ti/syslink/lib/syslink.a_release(ListMP.o)
                                0xbe8 (size before relaxing)
 *fill*         0x00049fce        0x2 00
 .rodata.str1.4
                0x00049fd0      0x1f8 /home/liao/src/syslink/packages/ti/syslink/lib/syslink.a_release(ListMPDrv.o)
                                0x268 (size before relaxing)
 .rodata.str1.4
                0x0004a1c8      0x180 syslinksamples.o_debug
 .rodata.str1.4
                0x0004a348      0x580 slaveloader.o_debug
                                0x5b8 (size before relaxing)

.rodata1
 *(.rodata1)

.ARM.extab      0x0004a8c8        0x0
 *(.ARM.extab* .gnu.linkonce.armextab.*)
 .ARM.extab     0x0004a8c8        0x0 /opt/linux-devkit/bin/../arm-arago-linux-gnueabi/usr/lib/crt1.o
                0x0004a8c8                __exidx_start = .

.ARM.exidx      0x0004a8c8        0x8
 *(.ARM.exidx* .gnu.linkonce.armexidx.*)
 .ARM.exidx     0x0004a8c8        0x8 /opt/linux-devkit/bin/../arm-arago-linux-gnueabi/usr/lib/crt1.o
                0x0004a8d0                __exidx_end = .

.eh_frame_hdr
 *(.eh_frame_hdr)

.eh_frame
 *(.eh_frame)

.gcc_except_table
 *(.gcc_except_table .gcc_except_table.*)
                0x0004a8d0                . = (ALIGN (0x8000) - ((0x8000 - .) & 0x7fff))
                0x00053000                . = (0x8000 DATA_SEGMENT_ALIGN 0x1000)

.eh_frame
 *(.eh_frame)

.gcc_except_table
 *(.gcc_except_table .gcc_except_table.*)

.tdata
 *(.tdata .tdata.* .gnu.linkonce.td.*)

.tbss
 *(.tbss .tbss.* .gnu.linkonce.tb.*)
 *(.tcommon)

.preinit_array  0x00053000        0x0
                0x00053000                PROVIDE (__preinit_array_start, .)
 *(.preinit_array)
                0x00053000                PROVIDE (__preinit_array_end, .)

.init_array     0x00053000        0x4
                0x00053000                PROVIDE (__init_array_start, .)
 *(SORT(.init_array.*))
 *(.init_array)
 .init_array    0x00053000        0x4 /opt/linux-devkit/bin/../lib/gcc/arm-arago-linux-gnueabi/4.5.3/crtbegin.o
                0x00053004                PROVIDE (__init_array_end, .)

.fini_array     0x00053004        0x4
                0x00053004                PROVIDE (__fini_array_start, .)
 *(.fini_array)
 .fini_array    0x00053004        0x4 /opt/linux-devkit/bin/../lib/gcc/arm-arago-linux-gnueabi/4.5.3/crtbegin.o
 *(SORT(.fini_array.*))
                0x00053008                PROVIDE (__fini_array_end, .)

.ctors
 *crtbegin.o(.ctors)
 *crtbegin?.o(.ctors)
 *(EXCLUDE_FILE(*crtend?.o *crtend.o) .ctors)
 *(SORT(.ctors.*))
 *(.ctors)

.dtors
 *crtbegin.o(.dtors)
 *crtbegin?.o(.dtors)
 *(EXCLUDE_FILE(*crtend?.o *crtend.o) .dtors)
 *(SORT(.dtors.*))
 *(.dtors)

.jcr            0x00053008        0x4
 *(.jcr)
 .jcr           0x00053008        0x0 /opt/linux-devkit/bin/../lib/gcc/arm-arago-linux-gnueabi/4.5.3/crtbegin.o
 .jcr           0x00053008        0x4 /opt/linux-devkit/bin/../lib/gcc/arm-arago-linux-gnueabi/4.5.3/crtend.o

.data.rel.ro
 *(.data.rel.ro.local* .gnu.linkonce.d.rel.ro.local.*)
 *(.data.rel.ro* .gnu.linkonce.d.rel.ro.*)

.dynamic        0x0005300c       0xf8
 *(.dynamic)
 .dynamic       0x0005300c       0xf8 /opt/linux-devkit/bin/../arm-arago-linux-gnueabi/usr/lib/crti.o
                0x0005300c                _DYNAMIC
                0x00053104                . = (. DATA_SEGMENT_RELRO_END 0x0)

.got            0x00053104       0xf4
 *(.got.plt)
 .got.plt       0x00053104       0xe0 /opt/linux-devkit/bin/../arm-arago-linux-gnueabi/usr/lib/crti.o
                0x00053104                _GLOBAL_OFFSET_TABLE_
 *(.igot.plt)
 *(.got)
 .got           0x000531e4       0x14 /opt/linux-devkit/bin/../arm-arago-linux-gnueabi/usr/lib/crti.o
 *(.igot)

.data           0x000531f8       0xdc
                0x000531f8                PROVIDE (__data_start, .)
 *(.data .data.* .gnu.linkonce.d.*)
 .data          0x000531f8        0x4 /opt/linux-devkit/bin/../arm-arago-linux-gnueabi/usr/lib/crt1.o
                0x000531f8                data_start
                0x000531f8                __data_start
 .data          0x000531fc        0x0 /opt/linux-devkit/bin/../arm-arago-linux-gnueabi/usr/lib/crti.o
 .data          0x000531fc        0x4 /opt/linux-devkit/bin/../lib/gcc/arm-arago-linux-gnueabi/4.5.3/crtbegin.o
                0x000531fc                __dso_handle
 .data          0x00053200        0x0 bin/release/obj/main.ov5T
 .data          0x00053200        0x0 bin/release/obj/syslink.ov5T
 .data          0x00053200       0x98 bin/release/obj/pseudo.ov5T
                0x00053200                baud_arr
                0x0005324c                baud_name
 .data          0x00053298        0x4 /home/liao/src/syslink/packages/ti/syslink/lib/syslink.a_release(SharedRegion.o)
                0x00053298                SharedRegion_module
 .data          0x0005329c        0x0 /home/liao/src/syslink/packages/ti/syslink/lib/syslink.a_release(Notify.o)
 .data          0x0005329c        0x4 /home/liao/src/syslink/packages/ti/syslink/lib/syslink.a_release(MessageQ.o)
                0x0005329c                MessageQ_module
 .data          0x000532a0        0x0 /home/liao/src/syslink/packages/ti/syslink/lib/syslink.a_release(Ipc.o)
 .data          0x000532a0        0x0 /home/liao/src/syslink/packages/ti/syslink/lib/syslink.a_release(RingIO.o)
 .data          0x000532a0        0x0 /home/liao/src/syslink/packages/ti/syslink/lib/syslink.a_release(RingIOShm.o)
 .data          0x000532a0        0x4 /home/liao/src/syslink/packages/ti/syslink/lib/syslink.a_release(FrameQ.o)
                0x000532a0                FrameQ_module
 .data          0x000532a4        0x4 /home/liao/src/syslink/packages/ti/syslink/lib/syslink.a_release(FrameQBufMgr.o)
                0x000532a4                FrameQBufMgr_module
 .data          0x000532a8        0x4 /home/liao/src/syslink/packages/ti/syslink/lib/syslink.a_release(ClientNotifyMgr.o)
                0x000532a8                ClientNotifyMgr_module
 .data          0x000532ac        0x0 /home/liao/src/syslink/packages/ti/syslink/lib/syslink.a_release(HeapMemMP.o)
 .data          0x000532ac        0x4 /home/liao/src/syslink/packages/ti/syslink/lib/syslink.a_release(HeapBufMP.o)
                0x000532ac                HeapBufMP_module
 .data          0x000532b0        0x0 /home/liao/src/syslink/packages/ti/syslink/lib/syslink.a_release(GateMP.o)
 .data          0x000532b0        0x0 /home/liao/src/syslink/packages/ti/syslink/lib/syslink.a_release(SharedRegionDrv.o)
 .data          0x000532b0        0x4 /home/liao/src/syslink/packages/ti/syslink/lib/syslink.a_release(NotifyDrvUsr.o)
 .data          0x000532b4        0x0 /home/liao/src/syslink/packages/ti/syslink/lib/syslink.a_release(HeapBufMPDrv.o)
 .data          0x000532b4        0x0 /home/liao/src/syslink/packages/ti/syslink/lib/syslink.a_release(MessageQDrv.o)
 .data          0x000532b4        0x0 /home/liao/src/syslink/packages/ti/syslink/lib/syslink.a_release(IpcDrv.o)
 .data          0x000532b4        0x0 /home/liao/src/syslink/packages/ti/syslink/lib/syslink.a_release(FrameQDrv.o)
 .data          0x000532b4        0x0 /home/liao/src/syslink/packages/ti/syslink/lib/syslink.a_release(FrameQBufMgrDrv.o)
 .data          0x000532b4        0x0 /home/liao/src/syslink/packages/ti/syslink/lib/syslink.a_release(ClientNotifyMgrDrv.o)
 .data          0x000532b4        0x0 /home/liao/src/syslink/packages/ti/syslink/lib/syslink.a_release(RingIODrv.o)
 .data          0x000532b4        0x0 /home/liao/src/syslink/packages/ti/syslink/lib/syslink.a_release(RingIOShmDrv.o)
 .data          0x000532b4        0x0 /home/liao/src/syslink/packages/ti/syslink/lib/syslink.a_release(HeapMemMPDrv.o)
 .data          0x000532b4        0x0 /home/liao/src/syslink/packages/ti/syslink/lib/syslink.a_release(GateMPDrv.o)
 .data          0x000532b4        0x0 /home/liao/src/syslink/packages/ti/syslink/lib/syslink.a_release(GateMutex.o)
 .data          0x000532b4        0x0 /home/liao/src/syslink/packages/ti/syslink/lib/syslink.a_release(Memory.o)
 .data          0x000532b4        0x0 /home/liao/src/syslink/packages/ti/syslink/lib/syslink.a_release(List.o)
 .data          0x000532b4        0x0 /home/liao/src/syslink/packages/ti/syslink/lib/syslink.a_release(String.o)
 .data          0x000532b4        0x0 /home/liao/src/syslink/packages/ti/syslink/lib/syslink.a_release(Trace.o)
 .data          0x000532b4        0x4 /home/liao/src/syslink/packages/ti/syslink/lib/syslink.a_release(NameServer.o)
                0x000532b4                NameServer_module
 .data          0x000532b8        0x4 /home/liao/src/syslink/packages/ti/syslink/lib/syslink.a_release(MultiProc.o)
                0x000532b8                MultiProc_module
 .data          0x000532bc        0xc /home/liao/src/syslink/packages/ti/syslink/lib/syslink.a_release(Gate.o)
                0x000532bc                Gate_systemObject
                0x000532c4                Gate_systemHandle
 .data          0x000532c8        0x0 /home/liao/src/syslink/packages/ti/syslink/lib/syslink.a_release(SysLink.o)
 .data          0x000532c8        0x0 /home/liao/src/syslink/packages/ti/syslink/lib/syslink.a_release(Cache.o)
 .data          0x000532c8        0x0 /home/liao/src/syslink/packages/ti/syslink/lib/syslink.a_release(NameServerDrv.o)
 .data          0x000532c8        0x0 /home/liao/src/syslink/packages/ti/syslink/lib/syslink.a_release(MultiProcDrv.o)
 .data          0x000532c8        0x0 /home/liao/src/syslink/packages/ti/syslink/lib/syslink.a_release(TraceDrv.o)
 .data          0x000532c8        0x0 /home/liao/src/syslink/packages/ti/syslink/lib/syslink.a_release(CacheDrv.o)
 .data          0x000532c8        0x0 /home/liao/src/syslink/packages/ti/syslink/lib/syslink.a_release(MemoryOS.o)
 .data          0x000532c8        0x4 /home/liao/src/syslink/packages/ti/syslink/lib/syslink.a_release(OsalDrv.o)
 .data          0x000532cc        0x0 /home/liao/src/syslink/packages/ti/syslink/lib/syslink.a_release(OsalMutex.o)
 .data          0x000532cc        0x0 /home/liao/src/syslink/packages/ti/syslink/lib/syslink.a_release(OsalPrint.o)
 .data          0x000532cc        0x0 /home/liao/src/syslink/packages/ti/syslink/lib/syslink.a_release(ProcMgr.o)
 .data          0x000532cc        0x4 /home/liao/src/syslink/packages/ti/syslink/lib/syslink.a_release(ProcMgrDrvUsr.o)
 .data          0x000532d0        0x0 /home/liao/src/syslink/packages/ti/syslink/lib/syslink.a_release(FrameQ_common.o)
 .data          0x000532d0        0x4 /home/liao/src/syslink/packages/ti/syslink/lib/syslink.a_release(ListMP.o)
                0x000532d0                ListMP_module
 .data          0x000532d4        0x0 /home/liao/src/syslink/packages/ti/syslink/lib/syslink.a_release(ListMPDrv.o)
 .data          0x000532d4        0x0 syslinksamples.o_debug
 .data          0x000532d4        0x0 slaveloader.o_debug
 .data          0x000532d4        0x0 /opt/linux-devkit/bin/../arm-arago-linux-gnueabi/usr/lib/./libc_nonshared.a(elf-init.oS)
 .data          0x000532d4        0x0 /opt/linux-devkit/bin/../lib/gcc/arm-arago-linux-gnueabi/4.5.3/libgcc.a(_udivsi3.o)
 .data          0x000532d4        0x0 /opt/linux-devkit/bin/../lib/gcc/arm-arago-linux-gnueabi/4.5.3/libgcc.a(_dvmd_lnx.o)
 .data          0x000532d4        0x0 /opt/linux-devkit/bin/../lib/gcc/arm-arago-linux-gnueabi/4.5.3/crtend.o
 .data          0x000532d4        0x0 /opt/linux-devkit/bin/../arm-arago-linux-gnueabi/usr/lib/crtn.o

.data1
 *(.data1)
                0x000532d4                _edata = .
                0x000532d4                PROVIDE (edata, .)
                0x000532d4                __bss_start = .
                0x000532d4                __bss_start__ = .

.bss            0x000532d4    0x2d75c
 *(.dynbss)
 .dynbss        0x00000000        0x0 /opt/linux-devkit/bin/../arm-arago-linux-gnueabi/usr/lib/crti.o
 *(.bss .bss.* .gnu.linkonce.b.*)
 .bss           0x000532d4        0x0 /opt/linux-devkit/bin/../arm-arago-linux-gnueabi/usr/lib/crt1.o
 .bss           0x000532d4        0x0 /opt/linux-devkit/bin/../arm-arago-linux-gnueabi/usr/lib/crti.o
 .bss           0x000532d4        0x1 /opt/linux-devkit/bin/../lib/gcc/arm-arago-linux-gnueabi/4.5.3/crtbegin.o
 .bss           0x000532d5        0x0 bin/release/obj/main.ov5T
 *fill*         0x000532d5        0x3 00
 .bss           0x000532d8        0x4 bin/release/obj/syslink.ov5T
 .bss           0x000532dc        0x0 bin/release/obj/pseudo.ov5T
 .bss           0x000532dc      0x120 /home/liao/src/syslink/packages/ti/syslink/lib/syslink.a_release(SharedRegion.o)
                0x000532dc                SharedRegion_state
 .bss           0x000533fc       0x14 /home/liao/src/syslink/packages/ti/syslink/lib/syslink.a_release(Notify.o)
                0x000533fc                Notify_state
 .bss           0x00053410        0x4 /home/liao/src/syslink/packages/ti/syslink/lib/syslink.a_release(MessageQ.o)
                0x00053410                MessageQ_state
 .bss           0x00053414       0x34 /home/liao/src/syslink/packages/ti/syslink/lib/syslink.a_release(Ipc.o)
                0x00053414                SysLinkCfg_sysMemMap
                0x0005341c                SysLink_params
                0x00053420                Ipc_state
 .bss           0x00053448        0xc /home/liao/src/syslink/packages/ti/syslink/lib/syslink.a_release(RingIO.o)
                0x00053448                RingIO_state
 .bss           0x00053454        0x8 /home/liao/src/syslink/packages/ti/syslink/lib/syslink.a_release(RingIOShm.o)
                0x00053454                RingIOShm_state
 .bss           0x0005345c       0x20 /home/liao/src/syslink/packages/ti/syslink/lib/syslink.a_release(FrameQ.o)
                0x0005345c                FrameQ_module_obj
 .bss           0x0005347c       0x20 /home/liao/src/syslink/packages/ti/syslink/lib/syslink.a_release(FrameQBufMgr.o)
                0x0005347c                FrameQBufMgr_module_obj
 .bss           0x0005349c    0x2d024 /home/liao/src/syslink/packages/ti/syslink/lib/syslink.a_release(ClientNotifyMgr.o)
                0x0005349c                ClientNotifyMgr_module_obj
 .bss           0x000804c0        0x4 /home/liao/src/syslink/packages/ti/syslink/lib/syslink.a_release(HeapMemMP.o)
                0x000804c0                HeapMemMP_state
 .bss           0x000804c4        0x4 /home/liao/src/syslink/packages/ti/syslink/lib/syslink.a_release(HeapBufMP.o)
                0x000804c4                HeapBufMP_state
 .bss           0x000804c8       0x1c /home/liao/src/syslink/packages/ti/syslink/lib/syslink.a_release(GateMP.o)
 .bss           0x000804e4        0x8 /home/liao/src/syslink/packages/ti/syslink/lib/syslink.a_release(SharedRegionDrv.o)
 .bss           0x000804ec        0xc /home/liao/src/syslink/packages/ti/syslink/lib/syslink.a_release(NotifyDrvUsr.o)
 .bss           0x000804f8        0x8 /home/liao/src/syslink/packages/ti/syslink/lib/syslink.a_release(HeapBufMPDrv.o)
 .bss           0x00080500        0x8 /home/liao/src/syslink/packages/ti/syslink/lib/syslink.a_release(MessageQDrv.o)
 .bss           0x00080508        0x8 /home/liao/src/syslink/packages/ti/syslink/lib/syslink.a_release(IpcDrv.o)
 .bss           0x00080510        0x8 /home/liao/src/syslink/packages/ti/syslink/lib/syslink.a_release(FrameQDrv.o)
 .bss           0x00080518        0x8 /home/liao/src/syslink/packages/ti/syslink/lib/syslink.a_release(FrameQBufMgrDrv.o)
 .bss           0x00080520        0x8 /home/liao/src/syslink/packages/ti/syslink/lib/syslink.a_release(ClientNotifyMgrDrv.o)
 .bss           0x00080528        0x8 /home/liao/src/syslink/packages/ti/syslink/lib/syslink.a_release(RingIODrv.o)
 .bss           0x00080530        0x8 /home/liao/src/syslink/packages/ti/syslink/lib/syslink.a_release(RingIOShmDrv.o)
 .bss           0x00080538        0x8 /home/liao/src/syslink/packages/ti/syslink/lib/syslink.a_release(HeapMemMPDrv.o)
 .bss           0x00080540        0x8 /home/liao/src/syslink/packages/ti/syslink/lib/syslink.a_release(GateMPDrv.o)
 .bss           0x00080548        0x4 /home/liao/src/syslink/packages/ti/syslink/lib/syslink.a_release(GateMutex.o)
 .bss           0x0008054c        0x0 /home/liao/src/syslink/packages/ti/syslink/lib/syslink.a_release(Memory.o)
 .bss           0x0008054c        0x0 /home/liao/src/syslink/packages/ti/syslink/lib/syslink.a_release(List.o)
 .bss           0x0008054c        0x0 /home/liao/src/syslink/packages/ti/syslink/lib/syslink.a_release(String.o)
 .bss           0x0008054c        0x4 /home/liao/src/syslink/packages/ti/syslink/lib/syslink.a_release(Trace.o)
                0x0008054c                curTrace
 .bss           0x00080550        0xc /home/liao/src/syslink/packages/ti/syslink/lib/syslink.a_release(NameServer.o)
                0x00080550                NameServer_state
 .bss           0x0008055c      0x298 /home/liao/src/syslink/packages/ti/syslink/lib/syslink.a_release(MultiProc.o)
                0x0008055c                MultiProc_state
 .bss           0x000807f4       0x18 /home/liao/src/syslink/packages/ti/syslink/lib/syslink.a_release(Gate.o)
                0x000807f4                staticMutex
 .bss           0x0008080c        0x0 /home/liao/src/syslink/packages/ti/syslink/lib/syslink.a_release(SysLink.o)
 .bss           0x0008080c        0x0 /home/liao/src/syslink/packages/ti/syslink/lib/syslink.a_release(Cache.o)
 .bss           0x0008080c        0x8 /home/liao/src/syslink/packages/ti/syslink/lib/syslink.a_release(NameServerDrv.o)
 .bss           0x00080814        0x8 /home/liao/src/syslink/packages/ti/syslink/lib/syslink.a_release(MultiProcDrv.o)
 .bss           0x0008081c        0x0 /home/liao/src/syslink/packages/ti/syslink/lib/syslink.a_release(TraceDrv.o)
 .bss           0x0008081c        0x0 /home/liao/src/syslink/packages/ti/syslink/lib/syslink.a_release(CacheDrv.o)
 .bss           0x0008081c       0x18 /home/liao/src/syslink/packages/ti/syslink/lib/syslink.a_release(MemoryOS.o)
 .bss           0x00080834        0x4 /home/liao/src/syslink/packages/ti/syslink/lib/syslink.a_release(OsalDrv.o)
 .bss           0x00080838        0x0 /home/liao/src/syslink/packages/ti/syslink/lib/syslink.a_release(OsalMutex.o)
 .bss           0x00080838        0x0 /home/liao/src/syslink/packages/ti/syslink/lib/syslink.a_release(OsalPrint.o)
 .bss           0x00080838       0x2c /home/liao/src/syslink/packages/ti/syslink/lib/syslink.a_release(ProcMgr.o)
                0x00080838                ProcMgr_state
 .bss           0x00080864        0x4 /home/liao/src/syslink/packages/ti/syslink/lib/syslink.a_release(ProcMgrDrvUsr.o)
 .bss           0x00080868        0x0 /home/liao/src/syslink/packages/ti/syslink/lib/syslink.a_release(FrameQ_common.o)
 .bss           0x00080868        0x4 /home/liao/src/syslink/packages/ti/syslink/lib/syslink.a_release(ListMP.o)
                0x00080868                ListMP_state
 .bss           0x0008086c        0x8 /home/liao/src/syslink/packages/ti/syslink/lib/syslink.a_release(ListMPDrv.o)
 .bss           0x00080874        0x4 syslinksamples.o_debug
                0x00080874                SysLinkSamples_oldTraceMask
 .bss           0x00080878        0x0 slaveloader.o_debug
 .bss           0x00080878        0x0 /opt/linux-devkit/bin/../arm-arago-linux-gnueabi/usr/lib/./libc_nonshared.a(elf-init.oS)
 .bss           0x00080878        0x0 /opt/linux-devkit/bin/../lib/gcc/arm-arago-linux-gnueabi/4.5.3/libgcc.a(_udivsi3.o)
 .bss           0x00080878        0x0 /opt/linux-devkit/bin/../lib/gcc/arm-arago-linux-gnueabi/4.5.3/libgcc.a(_dvmd_lnx.o)
 .bss           0x00080878        0x0 /opt/linux-devkit/bin/../lib/gcc/arm-arago-linux-gnueabi/4.5.3/crtend.o
 .bss           0x00080878        0x0 /opt/linux-devkit/bin/../arm-arago-linux-gnueabi/usr/lib/crtn.o
 *(COMMON)
 COMMON         0x00080878      0x17c bin/release/obj/syslink.ov5T
                0x00080878                syslink
 COMMON         0x000809f4        0x4 /home/liao/src/syslink/packages/ti/syslink/lib/syslink.a_release(NameServer.o)
                0x000809f4                NameServer_Object
 COMMON         0x000809f8       0x10 /home/liao/src/syslink/packages/ti/syslink/lib/syslink.a_release(MemoryOS.o)
                0x000809f8                MemoryOS_state
 COMMON         0x00080a08       0x28 syslinksamples.o_debug
                0x00080a08                SysLinkSamples_runProcIds
                0x00080a1c                SysLinkSamples_availableProcIds
                0x00080a30                . = ALIGN ((. != 0x0)?0x4:0x1)
                0x00080a30                _bss_end__ = .
                0x00080a30                __bss_end__ = .
                0x00080a30                . = ALIGN (0x4)
                0x00080a30                . = ALIGN (0x4)
                0x00080a30                __end__ = .
                0x00080a30                _end = .
                0x00080a30                PROVIDE (end, .)
                0x00080a30                . = DATA_SEGMENT_END (.)

.stab
 *(.stab)

.stabstr
 *(.stabstr)

.stab.excl
 *(.stab.excl)

.stab.exclstr
 *(.stab.exclstr)

.stab.index
 *(.stab.index)

.stab.indexstr
 *(.stab.indexstr)

.ARM.attributes
                0x00000000       0x29
 .ARM.attributes
                0x00000000       0x29 /opt/linux-devkit/bin/../arm-arago-linux-gnueabi/usr/lib/crt1.o
 .ARM.attributes
                0x00000029       0x2b /opt/linux-devkit/bin/../arm-arago-linux-gnueabi/usr/lib/crti.o
 .ARM.attributes
                0x00000054       0x32 /opt/linux-devkit/bin/../lib/gcc/arm-arago-linux-gnueabi/4.5.3/crtbegin.o
 .ARM.attributes
                0x00000086       0x2a bin/release/obj/main.ov5T
 .ARM.attributes
                0x000000b0       0x2a bin/release/obj/syslink.ov5T
 .ARM.attributes
                0x000000da       0x2a bin/release/obj/pseudo.ov5T
 .ARM.attributes
                0x00000104       0x32 /home/liao/src/syslink/packages/ti/syslink/lib/syslink.a_release(SharedRegion.o)
 .ARM.attributes
                0x00000136       0x32 /home/liao/src/syslink/packages/ti/syslink/lib/syslink.a_release(Notify.o)
 .ARM.attributes
                0x00000168       0x32 /home/liao/src/syslink/packages/ti/syslink/lib/syslink.a_release(MessageQ.o)
 .ARM.attributes
                0x0000019a       0x32 /home/liao/src/syslink/packages/ti/syslink/lib/syslink.a_release(Ipc.o)
 .ARM.attributes
                0x000001cc       0x32 /home/liao/src/syslink/packages/ti/syslink/lib/syslink.a_release(RingIO.o)
 .ARM.attributes
                0x000001fe       0x32 /home/liao/src/syslink/packages/ti/syslink/lib/syslink.a_release(RingIOShm.o)
 .ARM.attributes
                0x00000230       0x32 /home/liao/src/syslink/packages/ti/syslink/lib/syslink.a_release(FrameQ.o)
 .ARM.attributes
                0x00000262       0x32 /home/liao/src/syslink/packages/ti/syslink/lib/syslink.a_release(FrameQBufMgr.o)
 .ARM.attributes
                0x00000294       0x32 /home/liao/src/syslink/packages/ti/syslink/lib/syslink.a_release(ClientNotifyMgr.o)
 .ARM.attributes
                0x000002c6       0x32 /home/liao/src/syslink/packages/ti/syslink/lib/syslink.a_release(HeapMemMP.o)
 .ARM.attributes
                0x000002f8       0x32 /home/liao/src/syslink/packages/ti/syslink/lib/syslink.a_release(HeapBufMP.o)
 .ARM.attributes
                0x0000032a       0x32 /home/liao/src/syslink/packages/ti/syslink/lib/syslink.a_release(GateMP.o)
 .ARM.attributes
                0x0000035c       0x32 /home/liao/src/syslink/packages/ti/syslink/lib/syslink.a_release(SharedRegionDrv.o)
 .ARM.attributes
                0x0000038e       0x32 /home/liao/src/syslink/packages/ti/syslink/lib/syslink.a_release(NotifyDrvUsr.o)
 .ARM.attributes
                0x000003c0       0x32 /home/liao/src/syslink/packages/ti/syslink/lib/syslink.a_release(HeapBufMPDrv.o)
 .ARM.attributes
                0x000003f2       0x32 /home/liao/src/syslink/packages/ti/syslink/lib/syslink.a_release(MessageQDrv.o)
 .ARM.attributes
                0x00000424       0x32 /home/liao/src/syslink/packages/ti/syslink/lib/syslink.a_release(IpcDrv.o)
 .ARM.attributes
                0x00000456       0x32 /home/liao/src/syslink/packages/ti/syslink/lib/syslink.a_release(FrameQDrv.o)
 .ARM.attributes
                0x00000488       0x32 /home/liao/src/syslink/packages/ti/syslink/lib/syslink.a_release(FrameQBufMgrDrv.o)
 .ARM.attributes
                0x000004ba       0x32 /home/liao/src/syslink/packages/ti/syslink/lib/syslink.a_release(ClientNotifyMgrDrv.o)
 .ARM.attributes
                0x000004ec       0x32 /home/liao/src/syslink/packages/ti/syslink/lib/syslink.a_release(RingIODrv.o)
 .ARM.attributes
                0x0000051e       0x32 /home/liao/src/syslink/packages/ti/syslink/lib/syslink.a_release(RingIOShmDrv.o)
 .ARM.attributes
                0x00000550       0x32 /home/liao/src/syslink/packages/ti/syslink/lib/syslink.a_release(HeapMemMPDrv.o)
 .ARM.attributes
                0x00000582       0x32 /home/liao/src/syslink/packages/ti/syslink/lib/syslink.a_release(GateMPDrv.o)
 .ARM.attributes
                0x000005b4       0x32 /home/liao/src/syslink/packages/ti/syslink/lib/syslink.a_release(GateMutex.o)
 .ARM.attributes
                0x000005e6       0x32 /home/liao/src/syslink/packages/ti/syslink/lib/syslink.a_release(Memory.o)
 .ARM.attributes
                0x00000618       0x32 /home/liao/src/syslink/packages/ti/syslink/lib/syslink.a_release(List.o)
 .ARM.attributes
                0x0000064a       0x32 /home/liao/src/syslink/packages/ti/syslink/lib/syslink.a_release(String.o)
 .ARM.attributes
                0x0000067c       0x32 /home/liao/src/syslink/packages/ti/syslink/lib/syslink.a_release(Trace.o)
 .ARM.attributes
                0x000006ae       0x32 /home/liao/src/syslink/packages/ti/syslink/lib/syslink.a_release(NameServer.o)
 .ARM.attributes
                0x000006e0       0x32 /home/liao/src/syslink/packages/ti/syslink/lib/syslink.a_release(MultiProc.o)
 .ARM.attributes
                0x00000712       0x32 /home/liao/src/syslink/packages/ti/syslink/lib/syslink.a_release(Gate.o)
 .ARM.attributes
                0x00000744       0x32 /home/liao/src/syslink/packages/ti/syslink/lib/syslink.a_release(SysLink.o)
 .ARM.attributes
                0x00000776       0x32 /home/liao/src/syslink/packages/ti/syslink/lib/syslink.a_release(Cache.o)
 .ARM.attributes
                0x000007a8       0x32 /home/liao/src/syslink/packages/ti/syslink/lib/syslink.a_release(NameServerDrv.o)
 .ARM.attributes
                0x000007da       0x32 /home/liao/src/syslink/packages/ti/syslink/lib/syslink.a_release(MultiProcDrv.o)
 .ARM.attributes
                0x0000080c       0x32 /home/liao/src/syslink/packages/ti/syslink/lib/syslink.a_release(TraceDrv.o)
 .ARM.attributes
                0x0000083e       0x32 /home/liao/src/syslink/packages/ti/syslink/lib/syslink.a_release(CacheDrv.o)
 .ARM.attributes
                0x00000870       0x32 /home/liao/src/syslink/packages/ti/syslink/lib/syslink.a_release(MemoryOS.o)
 .ARM.attributes
                0x000008a2       0x32 /home/liao/src/syslink/packages/ti/syslink/lib/syslink.a_release(OsalDrv.o)
 .ARM.attributes
                0x000008d4       0x32 /home/liao/src/syslink/packages/ti/syslink/lib/syslink.a_release(OsalMutex.o)
 .ARM.attributes
                0x00000906       0x32 /home/liao/src/syslink/packages/ti/syslink/lib/syslink.a_release(OsalPrint.o)
 .ARM.attributes
                0x00000938       0x32 /home/liao/src/syslink/packages/ti/syslink/lib/syslink.a_release(ProcMgr.o)
 .ARM.attributes
                0x0000096a       0x32 /home/liao/src/syslink/packages/ti/syslink/lib/syslink.a_release(ProcMgrDrvUsr.o)
 .ARM.attributes
                0x0000099c       0x32 /home/liao/src/syslink/packages/ti/syslink/lib/syslink.a_release(FrameQ_common.o)
 .ARM.attributes
                0x000009ce       0x32 /home/liao/src/syslink/packages/ti/syslink/lib/syslink.a_release(ListMP.o)
 .ARM.attributes
                0x00000a00       0x32 /home/liao/src/syslink/packages/ti/syslink/lib/syslink.a_release(ListMPDrv.o)
 .ARM.attributes
                0x00000a32       0x32 syslinksamples.o_debug
 .ARM.attributes
                0x00000a64       0x32 slaveloader.o_debug
 .ARM.attributes
                0x00000a96       0x2b /opt/linux-devkit/bin/../arm-arago-linux-gnueabi/usr/lib/./libc_nonshared.a(elf-init.oS)
 .ARM.attributes
                0x00000ac1       0x18 /opt/linux-devkit/bin/../lib/gcc/arm-arago-linux-gnueabi/4.5.3/libgcc.a(_udivsi3.o)
 .ARM.attributes
                0x00000ad9       0x18 /opt/linux-devkit/bin/../lib/gcc/arm-arago-linux-gnueabi/4.5.3/libgcc.a(_dvmd_lnx.o)
 .ARM.attributes
                0x00000af1       0x32 /opt/linux-devkit/bin/../lib/gcc/arm-arago-linux-gnueabi/4.5.3/crtend.o
 .ARM.attributes
                0x00000b23       0x2b /opt/linux-devkit/bin/../arm-arago-linux-gnueabi/usr/lib/crtn.o

.comment        0x00000000       0x27
 *(.comment)
 .comment       0x00000000       0x27 /opt/linux-devkit/bin/../arm-arago-linux-gnueabi/usr/lib/crt1.o
                                 0x28 (size before relaxing)
 .comment       0x00000000       0x28 /opt/linux-devkit/bin/../arm-arago-linux-gnueabi/usr/lib/crti.o
 .comment       0x00000000       0x28 /opt/linux-devkit/bin/../lib/gcc/arm-arago-linux-gnueabi/4.5.3/crtbegin.o
 .comment       0x00000000       0x28 bin/release/obj/main.ov5T
 .comment       0x00000000       0x28 bin/release/obj/syslink.ov5T
 .comment       0x00000000       0x28 bin/release/obj/pseudo.ov5T
 .comment       0x00000000       0x28 /home/liao/src/syslink/packages/ti/syslink/lib/syslink.a_release(SharedRegion.o)
 .comment       0x00000000       0x28 /home/liao/src/syslink/packages/ti/syslink/lib/syslink.a_release(Notify.o)
 .comment       0x00000000       0x28 /home/liao/src/syslink/packages/ti/syslink/lib/syslink.a_release(MessageQ.o)
 .comment       0x00000000       0x28 /home/liao/src/syslink/packages/ti/syslink/lib/syslink.a_release(Ipc.o)
 .comment       0x00000000       0x28 /home/liao/src/syslink/packages/ti/syslink/lib/syslink.a_release(RingIO.o)
 .comment       0x00000000       0x28 /home/liao/src/syslink/packages/ti/syslink/lib/syslink.a_release(RingIOShm.o)
 .comment       0x00000000       0x28 /home/liao/src/syslink/packages/ti/syslink/lib/syslink.a_release(FrameQ.o)
 .comment       0x00000000       0x28 /home/liao/src/syslink/packages/ti/syslink/lib/syslink.a_release(FrameQBufMgr.o)
 .comment       0x00000000       0x28 /home/liao/src/syslink/packages/ti/syslink/lib/syslink.a_release(ClientNotifyMgr.o)
 .comment       0x00000000       0x28 /home/liao/src/syslink/packages/ti/syslink/lib/syslink.a_release(HeapMemMP.o)
 .comment       0x00000000       0x28 /home/liao/src/syslink/packages/ti/syslink/lib/syslink.a_release(HeapBufMP.o)
 .comment       0x00000000       0x28 /home/liao/src/syslink/packages/ti/syslink/lib/syslink.a_release(GateMP.o)
 .comment       0x00000000       0x28 /home/liao/src/syslink/packages/ti/syslink/lib/syslink.a_release(SharedRegionDrv.o)
 .comment       0x00000000       0x28 /home/liao/src/syslink/packages/ti/syslink/lib/syslink.a_release(NotifyDrvUsr.o)
 .comment       0x00000000       0x28 /home/liao/src/syslink/packages/ti/syslink/lib/syslink.a_release(HeapBufMPDrv.o)
 .comment       0x00000000       0x28 /home/liao/src/syslink/packages/ti/syslink/lib/syslink.a_release(MessageQDrv.o)
 .comment       0x00000000       0x28 /home/liao/src/syslink/packages/ti/syslink/lib/syslink.a_release(IpcDrv.o)
 .comment       0x00000000       0x28 /home/liao/src/syslink/packages/ti/syslink/lib/syslink.a_release(FrameQDrv.o)
 .comment       0x00000000       0x28 /home/liao/src/syslink/packages/ti/syslink/lib/syslink.a_release(FrameQBufMgrDrv.o)
 .comment       0x00000000       0x28 /home/liao/src/syslink/packages/ti/syslink/lib/syslink.a_release(ClientNotifyMgrDrv.o)
 .comment       0x00000000       0x28 /home/liao/src/syslink/packages/ti/syslink/lib/syslink.a_release(RingIODrv.o)
 .comment       0x00000000       0x28 /home/liao/src/syslink/packages/ti/syslink/lib/syslink.a_release(RingIOShmDrv.o)
 .comment       0x00000000       0x28 /home/liao/src/syslink/packages/ti/syslink/lib/syslink.a_release(HeapMemMPDrv.o)
 .comment       0x00000000       0x28 /home/liao/src/syslink/packages/ti/syslink/lib/syslink.a_release(GateMPDrv.o)
 .comment       0x00000000       0x28 /home/liao/src/syslink/packages/ti/syslink/lib/syslink.a_release(GateMutex.o)
 .comment       0x00000000       0x28 /home/liao/src/syslink/packages/ti/syslink/lib/syslink.a_release(Memory.o)
 .comment       0x00000000       0x28 /home/liao/src/syslink/packages/ti/syslink/lib/syslink.a_release(List.o)
 .comment       0x00000000       0x28 /home/liao/src/syslink/packages/ti/syslink/lib/syslink.a_release(String.o)
 .comment       0x00000000       0x28 /home/liao/src/syslink/packages/ti/syslink/lib/syslink.a_release(Trace.o)
 .comment       0x00000000       0x28 /home/liao/src/syslink/packages/ti/syslink/lib/syslink.a_release(NameServer.o)
 .comment       0x00000000       0x28 /home/liao/src/syslink/packages/ti/syslink/lib/syslink.a_release(MultiProc.o)
 .comment       0x00000000       0x28 /home/liao/src/syslink/packages/ti/syslink/lib/syslink.a_release(Gate.o)
 .comment       0x00000000       0x28 /home/liao/src/syslink/packages/ti/syslink/lib/syslink.a_release(SysLink.o)
 .comment       0x00000000       0x28 /home/liao/src/syslink/packages/ti/syslink/lib/syslink.a_release(Cache.o)
 .comment       0x00000000       0x28 /home/liao/src/syslink/packages/ti/syslink/lib/syslink.a_release(NameServerDrv.o)
 .comment       0x00000000       0x28 /home/liao/src/syslink/packages/ti/syslink/lib/syslink.a_release(MultiProcDrv.o)
 .comment       0x00000000       0x28 /home/liao/src/syslink/packages/ti/syslink/lib/syslink.a_release(TraceDrv.o)
 .comment       0x00000000       0x28 /home/liao/src/syslink/packages/ti/syslink/lib/syslink.a_release(CacheDrv.o)
 .comment       0x00000000       0x28 /home/liao/src/syslink/packages/ti/syslink/lib/syslink.a_release(MemoryOS.o)
 .comment       0x00000000       0x28 /home/liao/src/syslink/packages/ti/syslink/lib/syslink.a_release(OsalDrv.o)
 .comment       0x00000000       0x28 /home/liao/src/syslink/packages/ti/syslink/lib/syslink.a_release(OsalMutex.o)
 .comment       0x00000000       0x28 /home/liao/src/syslink/packages/ti/syslink/lib/syslink.a_release(OsalPrint.o)
 .comment       0x00000000       0x28 /home/liao/src/syslink/packages/ti/syslink/lib/syslink.a_release(ProcMgr.o)
 .comment       0x00000000       0x28 /home/liao/src/syslink/packages/ti/syslink/lib/syslink.a_release(ProcMgrDrvUsr.o)
 .comment       0x00000000       0x28 /home/liao/src/syslink/packages/ti/syslink/lib/syslink.a_release(FrameQ_common.o)
 .comment       0x00000000       0x28 /home/liao/src/syslink/packages/ti/syslink/lib/syslink.a_release(ListMP.o)
 .comment       0x00000000       0x28 /home/liao/src/syslink/packages/ti/syslink/lib/syslink.a_release(ListMPDrv.o)
 .comment       0x00000000       0x50 syslinksamples.o_debug
 .comment       0x00000000       0x28 slaveloader.o_debug
 .comment       0x00000000       0x28 /opt/linux-devkit/bin/../arm-arago-linux-gnueabi/usr/lib/./libc_nonshared.a(elf-init.oS)
 .comment       0x00000000       0x28 /opt/linux-devkit/bin/../lib/gcc/arm-arago-linux-gnueabi/4.5.3/crtend.o
 .comment       0x00000000       0x28 /opt/linux-devkit/bin/../arm-arago-linux-gnueabi/usr/lib/crtn.o

.debug
 *(.debug)

.line
 *(.line)

.debug_srcinfo
 *(.debug_srcinfo)

.debug_sfnames
 *(.debug_sfnames)

.debug_aranges  0x00000000       0xc0
 *(.debug_aranges)
 .debug_aranges
                0x00000000       0x40 syslinksamples.o_debug
 .debug_aranges
                0x00000040       0x20 slaveloader.o_debug
 .debug_aranges
                0x00000060       0x20 /opt/linux-devkit/bin/../arm-arago-linux-gnueabi/usr/lib/./libc_nonshared.a(elf-init.oS)
 .debug_aranges
                0x00000080       0x20 /opt/linux-devkit/bin/../lib/gcc/arm-arago-linux-gnueabi/4.5.3/libgcc.a(_udivsi3.o)
 .debug_aranges
                0x000000a0       0x20 /opt/linux-devkit/bin/../lib/gcc/arm-arago-linux-gnueabi/4.5.3/libgcc.a(_dvmd_lnx.o)

.debug_pubnames
                0x00000000      0x25c
 *(.debug_pubnames)
 .debug_pubnames
                0x00000000       0x25 /opt/linux-devkit/bin/../arm-arago-linux-gnueabi/usr/lib/crt1.o
 .debug_pubnames
                0x00000025      0x182 syslinksamples.o_debug
 .debug_pubnames
                0x000001a7       0x7b slaveloader.o_debug
 .debug_pubnames
                0x00000222       0x3a /opt/linux-devkit/bin/../arm-arago-linux-gnueabi/usr/lib/./libc_nonshared.a(elf-init.oS)

.debug_info     0x00000000     0x230f
 *(.debug_info .gnu.linkonce.wi.*)
 .debug_info    0x00000000       0x8e /opt/linux-devkit/bin/../arm-arago-linux-gnueabi/usr/lib/crt1.o